1337         com.google.android.gms.persistent
  Battery stats reset.
		total        used        free      shared     buffers
Mem:             5479        3860        1618           4           1
-/+ buffers/cache:           3859        1620
Swap:          309247           0      309247
Filename				Type		Size	Used	Priority
/dev/block/zram0                        partition	2097148	0	-2
/dev/nbd0                               partition	314572796	0	-3
Starting: Intent { cmp=com.google.android.apps.maps/com.google.android.maps.MapsActivity }
Status: ok
LaunchState: UNKNOWN (-1)
Activity: com.google.android.apps.maps/com.google.android.maps.MapsActivity
WaitTime: 685
Complete
end
		total        used        free      shared     buffers
Mem:             5479        4355        1123           8           4
-/+ buffers/cache:           4351        1127
Swap:          309247           0      309247
Filename				Type		Size	Used	Priority
/dev/block/zram0                        partition	2097148	0	-2
/dev/nbd0                               partition	314572796	0	-3
===========================
RssAnon:	   68780 kB
===========================
RssFile:	  326368 kB
===========================
===========================
        TOTAL   157470    58780    38460        0    60774    44787    15986
===========================
MemTotal:        5610772 kB
MemFree:         1168000 kB
MemAvailable:    2434320 kB
Cached:          1450392 kB
SwapCached:            0 kB
===========================
Starting: Intent { cmp=com.google.android.youtube/com.google.android.apps.youtube.app.WatchWhileActivity }
Status: ok
LaunchState: COLD
Activity: com.google.android.youtube/com.google.android.apps.youtube.app.WatchWhileActivity
TotalTime: 1058
WaitTime: 1059
Complete
end
		total        used        free      shared     buffers
Mem:             5479        4781         697           9           6
-/+ buffers/cache:           4775         703
Swap:          309247           0      309247
Filename				Type		Size	Used	Priority
/dev/block/zram0                        partition	2097148	0	-2
/dev/nbd0                               partition	314572796	0	-3
===========================
RssAnon:	   70896 kB
===========================
===========================
RssFile:	  330288 kB
===========================
===========================
        TOTAL   159473    60672    38332        0    62632    46883    15748
===========================
MemTotal:        5610772 kB
MemFree:          712068 kB
MemAvailable:    2176428 kB
Cached:          1645472 kB
SwapCached:            0 kB
===========================
Starting: Intent { cmp=com.king.candycrushsaga/.CandyCrushSagaActivity }
Status: ok
LaunchState: COLD
Activity: com.king.candycrushsaga/.CandyCrushSagaActivity
TotalTime: 588
WaitTime: 588
Complete
end
		total        used        free      shared     buffers
Mem:             5479        5396          83          10           6
-/+ buffers/cache:           5389          89
Swap:          309247           0      309247
Filename				Type		Size	Used	Priority
/dev/block/zram0                        partition	2097148	256	-2
/dev/nbd0                               partition	314572796	0	-3
===========================
RssAnon:	   72172 kB
===========================
===========================
RssFile:	  318188 kB
===========================
===========================
        TOTAL   193998    95792    39396        0    64158    48530    15627
===========================
MemTotal:        5610772 kB
MemFree:           86732 kB
MemAvailable:    1654948 kB
Cached:          1743964 kB
SwapCached:            0 kB
===========================
Starting: Intent { cmp=com.android.chrome/com.google.android.apps.chrome.Main }
Status: ok
LaunchState: WARM
Activity: com.android.chrome/com.google.android.apps.chrome.Main
TotalTime: 322
WaitTime: 322
Complete
end
		total        used        free      shared     buffers
Mem:             5479        5341         138          14           4
-/+ buffers/cache:           5337         142
Swap:          309247          69      309178
Filename				Type		Size	Used	Priority
/dev/block/zram0                        partition	2097148	71168	-2
/dev/nbd0                               partition	314572796	0	-3
===========================
RssAnon:	   75996 kB
===========================
===========================
RssFile:	  316172 kB
===========================
===========================
        TOTAL   198960   101148    40092        7    63928    48149    15778
===========================
MemTotal:        5610772 kB
MemFree:          146180 kB
MemAvailable:    1481176 kB
Cached:          1504972 kB
SwapCached:          404 kB
===========================
Starting: Intent { cmp=com.twitter.android/com.twitter.app.main.MainActivity }
Status: ok
LaunchState: COLD
Activity: com.twitter.android/com.twitter.app.main.MainActivity
TotalTime: 794
WaitTime: 794
Complete
end
		total        used        free      shared     buffers
Mem:             5479        5381          98          14           2
-/+ buffers/cache:           5378         100
Swap:          309247          89      309158
Filename				Type		Size	Used	Priority
/dev/block/zram0                        partition	2097148	91136	-2
/dev/nbd0                               partition	314572796	0	-3
===========================
RssAnon:	   75760 kB
===========================
===========================
RssFile:	  318260 kB
===========================
===========================
        TOTAL   197590   104716    34652        6    64261    48338    15922
===========================
MemTotal:        5610772 kB
MemFree:          101604 kB
MemAvailable:    1400372 kB
Cached:          1475196 kB
SwapCached:          968 kB
===========================
pgfault 8072512
pgmajfault 20390
pswpin 333
pswpout 22557
Starting: Intent { cmp=com.rovio.baba/com.unity3d.player.UnityPlayerActivity }
Status: ok
LaunchState: COLD
Activity: com.rovio.baba/com.unity3d.player.UnityPlayerActivity
TotalTime: 459
WaitTime: 460
Complete
end
		total        used        free      shared     buffers
Mem:             5479        5346         132          12           0
-/+ buffers/cache:           5345         133
Swap:          309247         237      309010
Filename				Type		Size	Used	Priority
/dev/block/zram0                        partition	2097148	242688	-2
/dev/nbd0                               partition	314572796	0	-3
pgfault 8599066
pgmajfault 23504
pswpin 1463
pswpout 61224
===========================
RssAnon:	   61176 kB
===========================
===========================
RssFile:	  263288 kB
===========================
===========================
        TOTAL   133287    55584    19056     6730    61048    45275    15772
===========================
MemTotal:        5610772 kB
MemFree:          106336 kB
MemAvailable:     911404 kB
Cached:           996196 kB
SwapCached:         3940 kB
===========================
Starting: Intent { cmp=com.google.android.gm/.ConversationListActivityGmail }
Status: ok
LaunchState: COLD
Activity: com.google.android.gm/.ConversationListActivityGmail
TotalTime: 770
WaitTime: 772
Complete
end
		total        used        free      shared     buffers
Mem:             5479        5399          79          12           0
-/+ buffers/cache:           5398          80
Swap:          309247         254      308993
Filename				Type		Size	Used	Priority
/dev/block/zram0                        partition	2097148	260352	-2
/dev/nbd0                               partition	314572796	0	-3
===========================
RssAnon:	   57528 kB
===========================
===========================
RssFile:	  262228 kB
===========================
===========================
        TOTAL   129435    51692    18988     7381    62121    45015    17105
===========================
MemTotal:        5610772 kB
MemFree:           82848 kB
MemAvailable:     843848 kB
Cached:           948472 kB
SwapCached:         5640 kB
===========================
Starting: Intent { cmp=com.instagram.android/.activity.MainTabActivity }
Status: ok
LaunchState: COLD
Activity: com.instagram.android/com.instagram.mainactivity.MainActivity
TotalTime: 1019
WaitTime: 1020
Complete
end
		total        used        free      shared     buffers
Mem:             5479        5392          86          12           0
-/+ buffers/cache:           5392          87
Swap:          309247         422      308825
Filename				Type		Size	Used	Priority
/dev/block/zram0                        partition	2097148	432128	-2
/dev/nbd0                               partition	314572796	0	-3
===========================
RssAnon:	   58540 kB
===========================
===========================
RssFile:	  241572 kB
===========================
===========================
        TOTAL   171643    85068    26948     8908    62476    46292    16183
===========================
MemTotal:        5610772 kB
MemFree:          102092 kB
MemAvailable:     558876 kB
Cached:           671464 kB
SwapCached:         7464 kB
===========================
Starting: Intent { cmp=com.supercell.clashroyale/com.supercell.titan.GameApp }
Status: ok
LaunchState: COLD
Activity: com.supercell.clashroyale/com.supercell.titan.GameApp
TotalTime: 939
WaitTime: 940
Complete
end
		total        used        free      shared     buffers
Mem:             5479        5414          64          13           1
-/+ buffers/cache:           5413          65
Swap:          309247         719      308528
Filename				Type		Size	Used	Priority
/dev/block/zram0                        partition	2097148	736768	-2
/dev/nbd0                               partition	314572796	0	-3
===========================
RssAnon:	   56648 kB
===========================
===========================
RssFile:	  226964 kB
===========================
===========================
        TOTAL   169790    87960    23016     9269    61700    45936    15763
===========================
MemTotal:        5610772 kB
MemFree:           61236 kB
MemAvailable:     359156 kB
Cached:           487264 kB
SwapCached:         8908 kB
===========================
