1338         com.google.android.gms.persistent
  		total        used        free      shared     buffers
Mem:             5447        4640         806           3           1
-/+ buffers/cache:           4638         808
Swap:            8191           0        8191
Starting: Intent { cmp=com.google.android.apps.maps/com.google.android.maps.MapsActivity }
Status: ok
LaunchState: UNKNOWN (-1)
Activity: com.google.android.apps.maps/com.google.android.maps.MapsActivity
WaitTime: 830
Complete
end
		total        used        free      shared     buffers
Mem:             5447        5109         338           8           1
-/+ buffers/cache:           5107         339
Swap:            8191           0        8191
===========================
RssAnon:	   73200 kB
===========================
===========================
RssFile:	  325852 kB
===========================
===========================
        TOTAL   161338    62920    38940        0    66521    50302    16218
===========================
===========================
MemTotal:        5578140 kB
MemFree:          353368 kB
MemAvailable:    1500216 kB
Cached:          1337844 kB
SwapCached:            0 kB
===========================
Starting: Intent { cmp=com.google.android.youtube/com.google.android.apps.youtube.app.WatchWhileActivity }
Status: ok
LaunchState: COLD
Activity: com.google.android.youtube/com.google.android.apps.youtube.app.WatchWhileActivity
TotalTime: 753
WaitTime: 754
Complete
end
		total        used        free      shared     buffers
Mem:             5447        5332         114           8           2
-/+ buffers/cache:           5330         116
Swap:            8191           0        8191
===========================
RssAnon:	   78968 kB
===========================
===========================
RssFile:	  329604 kB
===========================
===========================
        TOTAL   169257    70364    39148        0    68350    51351    16998
===========================
===========================
MemTotal:        5578140 kB
MemFree:          111072 kB
MemAvailable:    1419412 kB
Cached:          1495112 kB
SwapCached:            0 kB
===========================
Starting: Intent { cmp=com.king.candycrushsaga/.CandyCrushSagaActivity }
Status: ok
LaunchState: COLD
Activity: com.king.candycrushsaga/.CandyCrushSagaActivity
TotalTime: 583
WaitTime: 585
Complete
end
		total        used        free      shared     buffers
Mem:             5447        5365          82           9           4
-/+ buffers/cache:           5360          86
Swap:            8191          41        8150
===========================
RssAnon:	   75240 kB
===========================
===========================
RssFile:	  314056 kB
===========================
===========================
        TOTAL   199032    99320    41792        4    68265    52354    15910
===========================
===========================
MemTotal:        5578140 kB
MemFree:           69724 kB
MemAvailable:    1097556 kB
Cached:          1210548 kB
SwapCached:         3208 kB
===========================
Starting: Intent { cmp=com.android.chrome/com.google.android.apps.chrome.Main }
Status: ok
LaunchState: WARM
Activity: com.android.chrome/com.google.android.apps.chrome.Main
TotalTime: 330
WaitTime: 331
Complete
end
		total        used        free      shared     buffers
Mem:             5447        5367          80          27           0
-/+ buffers/cache:           5366          80
Swap:            8191          93        8098
===========================
RssAnon:	   74176 kB
===========================
===========================
RssFile:	  279680 kB
===========================
===========================
        TOTAL   184487    98396    33228        3    69846    53390    16455
===========================
===========================
MemTotal:        5578140 kB
MemFree:           86408 kB
MemAvailable:     841236 kB
Cached:           960380 kB
SwapCached:         2324 kB
===========================
Starting: Intent { cmp=com.twitter.android/com.twitter.app.main.MainActivity }
Status: ok
LaunchState: COLD
Activity: com.twitter.android/com.twitter.app.main.MainActivity
TotalTime: 900
WaitTime: 900
Complete
end
		total        used        free      shared     buffers
Mem:             5447        5318         128          14           0
-/+ buffers/cache:           5318         129
Swap:            8191         105        8086
===========================
RssAnon:	   79916 kB
===========================
===========================
RssFile:	  258864 kB
===========================
===========================
        TOTAL   143876    72400    18448        3    68909    52689    16219
===========================
===========================
MemTotal:        5578140 kB
MemFree:          127560 kB
MemAvailable:     863868 kB
Cached:           925728 kB
SwapCached:         2328 kB
===========================
pgfault 2814733
pgmajfault 18005
pswpin 708
pswpout 26565
Starting: Intent { cmp=com.rovio.baba/com.unity3d.player.UnityPlayerActivity }
Status: ok
LaunchState: COLD
Activity: com.rovio.baba/com.unity3d.player.UnityPlayerActivity
TotalTime: 547
WaitTime: 549
Complete
end
		total        used        free      shared     buffers
Mem:             5447        5375          72          14           0
-/+ buffers/cache:           5374          72
Swap:            8191         281        7910
pgfault 3128525
pgmajfault 23159
pswpin 1005
pswpout 71908
===========================
RssAnon:	   60108 kB
===========================
===========================
RssFile:	  234796 kB
===========================
===========================
        TOTAL   131082    54400    17492     9578    65788    49403    16384
===========================
===========================
MemTotal:        5578140 kB
MemFree:           65472 kB
MemAvailable:     449348 kB
Cached:           579076 kB
SwapCached:         3792 kB
===========================
Starting: Intent { cmp=com.google.android.gm/.ConversationListActivityGmail }
Status: ok
LaunchState: COLD
Activity: com.google.android.gm/.ConversationListActivityGmail
TotalTime: 1462
WaitTime: 1463
Complete
end
		total        used        free      shared     buffers
Mem:             5447        5386          61          14           0
-/+ buffers/cache:           5385          62
Swap:            8191         390        7801
===========================
RssAnon:	   55220 kB
===========================
===========================
RssFile:	  235036 kB
===========================
===========================
        TOTAL   129650    49768    17772    12018    64870    48419    16450
===========================
===========================
MemTotal:        5578140 kB
MemFree:           64168 kB
MemAvailable:     438480 kB
Cached:           568004 kB
SwapCached:         7984 kB
===========================
Starting: Intent { cmp=com.instagram.android/.activity.MainTabActivity }
Status: ok
LaunchState: COLD
Activity: com.instagram.android/com.instagram.mainactivity.MainActivity
TotalTime: 1317
WaitTime: 1318
Complete
end
		total        used        free      shared     buffers
Mem:             5447        5387          60          14           0
-/+ buffers/cache:           5386          61
Swap:            8191         497        7694
===========================
RssAnon:	   58032 kB
===========================
===========================
RssFile:	  237416 kB
===========================
===========================
        TOTAL   133245    52560    17988    12040    66178    49672    16505
===========================
===========================
MemTotal:        5578140 kB
MemFree:           62668 kB
MemAvailable:     405188 kB
Cached:           539072 kB
SwapCached:        15344 kB
===========================
Starting: Intent { cmp=com.supercell.clashroyale/com.supercell.titan.GameApp }
Status: ok
LaunchState: COLD
Activity: com.supercell.clashroyale/com.supercell.titan.GameApp
TotalTime: 878
WaitTime: 878
Complete
end
		total        used        free      shared     buffers
Mem:             5447        5382          65           6           0
-/+ buffers/cache:           5381          65
Swap:            8191         821        7370
===========================
RssAnon:	   55736 kB
===========================
===========================
RssFile:	  201996 kB
===========================
===========================
        TOTAL   129561    49760    17476    13472    65149    48218    16930
===========================
===========================
MemTotal:        5578140 kB
MemFree:           58960 kB
MemAvailable:     294140 kB
Cached:           424660 kB
SwapCached:        17580 kB
===========================
