1341         com.google.android.gms.persistent
  Battery stats reset.
		total        used        free      shared     buffers
Mem:             5479        3841        1637           3           1
-/+ buffers/cache:           3840        1638
Swap:          309247           0      309247
Filename				Type		Size	Used	Priority
/dev/block/zram0                        partition	2097148	0	-2
/dev/nbd0                               partition	314572796	0	-3
Starting: Intent { cmp=com.google.android.apps.maps/com.google.android.maps.MapsActivity }
Status: ok
LaunchState: UNKNOWN (-1)
Activity: com.google.android.apps.maps/com.google.android.maps.MapsActivity
WaitTime: 673
Complete
end
		total        used        free      shared     buffers
Mem:             5479        4357        1122           8           4
-/+ buffers/cache:           4353        1126
Swap:          309247           0      309247
Filename				Type		Size	Used	Priority
/dev/block/zram0                        partition	2097148	0	-2
/dev/nbd0                               partition	314572796	0	-3
===========================
RssAnon:	   68068 kB
===========================
RssFile:	  325652 kB
===========================
===========================
        TOTAL   156985    58240    38400        0    60078    44471    15606
===========================
MemTotal:        5610772 kB
MemFree:         1147180 kB
MemAvailable:    2413776 kB
Cached:          1450804 kB
SwapCached:            0 kB
===========================
Starting: Intent { cmp=com.google.android.youtube/com.google.android.apps.youtube.app.WatchWhileActivity }
Status: ok
LaunchState: COLD
Activity: com.google.android.youtube/com.google.android.apps.youtube.app.WatchWhileActivity
TotalTime: 1036
WaitTime: 1036
Complete
end
		total        used        free      shared     buffers
Mem:             5479        4864         615           9           6
-/+ buffers/cache:           4857         621
Swap:          309247           0      309247
Filename				Type		Size	Used	Priority
/dev/block/zram0                        partition	2097148	0	-2
/dev/nbd0                               partition	314572796	0	-3
===========================
RssAnon:	   69612 kB
===========================
===========================
RssFile:	  329664 kB
===========================
===========================
        TOTAL   159176    60744    38192        0    61268    46007    15260
===========================
MemTotal:        5610772 kB
MemFree:          629292 kB
MemAvailable:    2106240 kB
Cached:          1658320 kB
SwapCached:            0 kB
===========================
Starting: Intent { cmp=com.king.candycrushsaga/.CandyCrushSagaActivity }
Status: ok
LaunchState: COLD
Activity: com.king.candycrushsaga/.CandyCrushSagaActivity
TotalTime: 582
WaitTime: 582
Complete
end
		total        used        free      shared     buffers
Mem:             5479        5379         100           9           6
-/+ buffers/cache:           5373         106
Swap:          309247           4      309243
Filename				Type		Size	Used	Priority
/dev/block/zram0                        partition	2097148	4608	-2
/dev/nbd0                               partition	314572796	0	-3
===========================
RssAnon:	   68336 kB
===========================
===========================
RssFile:	  316928 kB
===========================
===========================
        TOTAL   191072    98320    34196        0    62907    47791    15115
===========================
MemTotal:        5610772 kB
MemFree:           99240 kB
MemAvailable:    1660444 kB
Cached:          1735972 kB
SwapCached:            0 kB
===========================
Starting: Intent { cmp=com.android.chrome/com.google.android.apps.chrome.Main }
Status: ok
LaunchState: WARM
Activity: com.android.chrome/com.google.android.apps.chrome.Main
TotalTime: 288
WaitTime: 289
Complete
end
		total        used        free      shared     buffers
Mem:             5479        5397          81          26           6
-/+ buffers/cache:           5391          87
Swap:          309247          58      309189
Filename				Type		Size	Used	Priority
/dev/block/zram0                        partition	2097148	60160	-2
/dev/nbd0                               partition	314572796	0	-3
===========================
RssAnon:	   76188 kB
===========================
===========================
RssFile:	  315220 kB
===========================
===========================
        TOTAL   198368   100536    40104        2    68081    52420    15660
===========================
MemTotal:        5610772 kB
MemFree:          107152 kB
MemAvailable:    1425808 kB
Cached:          1511512 kB
SwapCached:          568 kB
===========================
Starting: Intent { cmp=com.twitter.android/com.twitter.app.main.MainActivity }
Status: ok
LaunchState: COLD
Activity: com.twitter.android/com.twitter.app.main.MainActivity
TotalTime: 817
WaitTime: 818
Complete
end
		total        used        free      shared     buffers
Mem:             5479        5376         102          14           2
-/+ buffers/cache:           5374         104
Swap:          309247          96      309151
Filename				Type		Size	Used	Priority
/dev/block/zram0                        partition	2097148	98816	-2
/dev/nbd0                               partition	314572796	0	-3
===========================
RssAnon:	   75844 kB
===========================
===========================
RssFile:	  317288 kB
===========================
===========================
        TOTAL   198244   108228    31720        3    63310    47491    15818
===========================
MemTotal:        5610772 kB
MemFree:          114848 kB
MemAvailable:    1375952 kB
Cached:          1447836 kB
SwapCached:          692 kB
===========================
pgfault 8247245
pgmajfault 20287
pswpin 250
pswpout 24455
Starting: Intent { cmp=com.rovio.baba/com.unity3d.player.UnityPlayerActivity }
Status: ok
LaunchState: COLD
Activity: com.rovio.baba/com.unity3d.player.UnityPlayerActivity
TotalTime: 465
WaitTime: 465
Complete
end
		total        used        free      shared     buffers
Mem:             5479        5398          80          24           0
-/+ buffers/cache:           5397          81
Swap:          309247         273      308974
Filename				Type		Size	Used	Priority
/dev/block/zram0                        partition	2097148	279552	-2
/dev/nbd0                               partition	314572796	0	-3
pgfault 8844655
pgmajfault 24105
pswpin 1518
pswpout 71314
===========================
RssAnon:	   61604 kB
===========================
===========================
RssFile:	  260404 kB
===========================
===========================
        TOTAL   133754    55936    18952     7153    60486    44514    15971
===========================
MemTotal:        5610772 kB
MemFree:           77416 kB
MemAvailable:     747724 kB
Cached:           875100 kB
SwapCached:         2788 kB
===========================
Starting: Intent { cmp=com.google.android.gm/.ConversationListActivityGmail }
Status: ok
LaunchState: COLD
Activity: com.google.android.gm/.ConversationListActivityGmail
TotalTime: 916
WaitTime: 917
Complete
end
		total        used        free      shared     buffers
Mem:             5479        5413          65          24           1
-/+ buffers/cache:           5412          66
Swap:          309247         314      308933
Filename				Type		Size	Used	Priority
/dev/block/zram0                        partition	2097148	321792	-2
/dev/nbd0                               partition	314572796	0	-3
===========================
RssAnon:	   57892 kB
===========================
===========================
RssFile:	  255316 kB
===========================
===========================
        TOTAL   129283    52096    18084     8007    62446    44335    18110
===========================
MemTotal:        5610772 kB
MemFree:           66652 kB
MemAvailable:     731428 kB
Cached:           865156 kB
SwapCached:         5876 kB
===========================
Starting: Intent { cmp=com.instagram.android/.activity.MainTabActivity }
Status: ok
LaunchState: COLD
Activity: com.instagram.android/com.instagram.mainactivity.MainActivity
TotalTime: 1022
WaitTime: 1023
Complete
end
		total        used        free      shared     buffers
Mem:             5479        5379          99          23           0
-/+ buffers/cache:           5378         100
Swap:          309247         580      308667
Filename				Type		Size	Used	Priority
/dev/block/zram0                        partition	2097148	593920	-2
/dev/nbd0                               partition	314572796	0	-3
===========================
RssAnon:	   58200 kB
===========================
===========================
RssFile:	  239732 kB
===========================
===========================
        TOTAL   171033    84788    26844     8870    61408    45257    16150
===========================
MemTotal:        5610772 kB
MemFree:           91052 kB
MemAvailable:     469960 kB
Cached:           605260 kB
SwapCached:        11304 kB
===========================
Starting: Intent { cmp=com.supercell.clashroyale/com.supercell.titan.GameApp }
Status: ok
LaunchState: COLD
Activity: com.supercell.clashroyale/com.supercell.titan.GameApp
TotalTime: 983
WaitTime: 984
Complete
end
		total        used        free      shared     buffers
Mem:             5479        5420          58          15           1
-/+ buffers/cache:           5419          59
Swap:          309247         933      308314
Filename				Type		Size	Used	Priority
/dev/block/zram0                        partition	2097148	955904	-2
/dev/nbd0                               partition	314572796	0	-3
===========================
RssAnon:	   64888 kB
===========================
===========================
RssFile:	  249372 kB
===========================
===========================
        TOTAL   189896    95192    24520     8920    64692    48828    15863
===========================
MemTotal:        5610772 kB
MemFree:           62340 kB
MemAvailable:     393900 kB
Cached:           523780 kB
SwapCached:        17260 kB
===========================
