1338         com.google.android.gms.persistent
  Battery stats reset.
		total        used        free      shared     buffers
Mem:             5479        3837        1641           4           1
-/+ buffers/cache:           3836        1642
Swap:          309247           0      309247
Filename				Type		Size	Used	Priority
/dev/block/zram0                        partition	2097148	0	-2
/dev/nbd0                               partition	314572796	0	-3
Starting: Intent { cmp=com.google.android.apps.maps/com.google.android.maps.MapsActivity }
Status: ok
LaunchState: COLD
Activity: com.google.android.apps.maps/com.google.android.maps.MapsActivity
TotalTime: 673
WaitTime: 675
Complete
end
		total        used        free      shared     buffers
Mem:             5479        4342        1136           8           4
-/+ buffers/cache:           4338        1140
Swap:          309247           0      309247
Filename				Type		Size	Used	Priority
/dev/block/zram0                        partition	2097148	0	-2
/dev/nbd0                               partition	314572796	0	-3
===========================
RssAnon:	   72284 kB
===========================
RssFile:	  325964 kB
===========================
===========================
        TOTAL   161892    62764    39140        0    62143    47183    14959
===========================
MemTotal:        5610772 kB
MemFree:         1154792 kB
MemAvailable:    2405728 kB
Cached:          1435636 kB
SwapCached:            0 kB
===========================
Starting: Intent { cmp=com.google.android.youtube/com.google.android.apps.youtube.app.WatchWhileActivity }
Status: ok
LaunchState: COLD
Activity: com.google.android.youtube/com.google.android.apps.youtube.app.WatchWhileActivity
TotalTime: 1080
WaitTime: 1081
Complete
end
		total        used        free      shared     buffers
Mem:             5479        4805         673           9           6
-/+ buffers/cache:           4799         679
Swap:          309247           0      309247
Filename				Type		Size	Used	Priority
/dev/block/zram0                        partition	2097148	0	-2
/dev/nbd0                               partition	314572796	0	-3
===========================
RssAnon:	   68116 kB
===========================
===========================
RssFile:	  329832 kB
===========================
===========================
        TOTAL   157459    58736    38688        0    61990    46781    15208
===========================
MemTotal:        5610772 kB
MemFree:          684808 kB
MemAvailable:    2135472 kB
Cached:          1632644 kB
SwapCached:            0 kB
===========================
Starting: Intent { cmp=com.king.candycrushsaga/.CandyCrushSagaActivity }
Status: ok
LaunchState: COLD
Activity: com.king.candycrushsaga/.CandyCrushSagaActivity
TotalTime: 639
WaitTime: 639
Complete
end
		total        used        free      shared     buffers
Mem:             5479        5335         144          10           6
-/+ buffers/cache:           5329         150
Swap:          309247           0      309247
Filename				Type		Size	Used	Priority
/dev/block/zram0                        partition	2097148	0	-2
/dev/nbd0                               partition	314572796	0	-3
===========================
RssAnon:	   69268 kB
===========================
===========================
RssFile:	  343200 kB
===========================
===========================
        TOTAL   200793    96548    43616        0    63562    48814    14747
===========================
MemTotal:        5610772 kB
MemFree:          145300 kB
MemAvailable:    1850892 kB
Cached:          1882348 kB
SwapCached:            0 kB
===========================
Starting: Intent { dat=http://m.naver.com/... cmp=com.android.chrome/com.google.android.apps.chrome.Main }
Status: ok
LaunchState: WARM
Activity: com.android.chrome/com.google.android.apps.chrome.Main
TotalTime: 234
WaitTime: 235
Complete
end
		total        used        free      shared     buffers
Mem:             5479        5370         108          40           3
-/+ buffers/cache:           5367         112
Swap:          309247          96      309151
Filename				Type		Size	Used	Priority
/dev/block/zram0                        partition	2097148	98816	-2
/dev/nbd0                               partition	314572796	0	-3
===========================
RssAnon:	   70264 kB
===========================
===========================
RssFile:	  314328 kB
===========================
===========================
        TOTAL   193564    98528    37352       10    62986    47860    15125
===========================
MemTotal:        5610772 kB
MemFree:          122612 kB
MemAvailable:    1497476 kB
Cached:          1576240 kB
SwapCached:          284 kB
===========================
Starting: Intent { cmp=com.twitter.android/com.twitter.app.main.MainActivity }
Status: ok
LaunchState: COLD
Activity: com.twitter.android/com.twitter.app.main.MainActivity
TotalTime: 850
WaitTime: 850
Complete
end
		total        used        free      shared     buffers
Mem:             5479        5386          93          17           2
-/+ buffers/cache:           5384          95
Swap:          309247         136      309111
Filename				Type		Size	Used	Priority
/dev/block/zram0                        partition	2097148	139264	-2
/dev/nbd0                               partition	314572796	0	-3
===========================
RssAnon:	   68356 kB
===========================
===========================
RssFile:	  306348 kB
===========================
===========================
        TOTAL   150642    60196    32188       13    62222    47049    15172
===========================
MemTotal:        5610772 kB
MemFree:           90984 kB
MemAvailable:    1434192 kB
Cached:          1532904 kB
SwapCached:         2076 kB
===========================
pgfault 9482121
pgmajfault 21100
pswpin 829
pswpout 34709
Starting: Intent { cmp=com.rovio.baba/com.unity3d.player.UnityPlayerActivity }
Status: ok
LaunchState: COLD
Activity: com.rovio.baba/com.unity3d.player.UnityPlayerActivity
TotalTime: 464
WaitTime: 464
Complete
end
		total        used        free      shared     buffers
Mem:             5479        5342         136          16           1
-/+ buffers/cache:           5341         137
Swap:          309247         215      309032
Filename				Type		Size	Used	Priority
/dev/block/zram0                        partition	2097148	220416	-2
/dev/nbd0                               partition	314572796	0	-3
pgfault 9923503
pgmajfault 23641
pswpin 1728
pswpout 55367
===========================
RssAnon:	   67524 kB
===========================
===========================
RssFile:	  271108 kB
===========================
===========================
        TOTAL   140684    61248    20972     5620    62345    45703    16641
===========================
MemTotal:        5610772 kB
MemFree:          142292 kB
MemAvailable:    1072492 kB
Cached:          1122484 kB
SwapCached:         3888 kB
===========================
Starting: Intent { cmp=com.google.android.gm/.ConversationListActivityGmail }
Status: ok
LaunchState: COLD
Activity: com.google.android.gm/.ConversationListActivityGmail
TotalTime: 737
WaitTime: 738
Complete
end
		total        used        free      shared     buffers
Mem:             5479        5377         102          16           1
-/+ buffers/cache:           5376         103
Swap:          309247         243      309004
Filename				Type		Size	Used	Priority
/dev/block/zram0                        partition	2097148	249344	-2
/dev/nbd0                               partition	314572796	0	-3
===========================
RssAnon:	   60092 kB
===========================
===========================
RssFile:	  271484 kB
===========================
===========================
        TOTAL   134072    53480    21048     7043    62668    45524    17143
===========================
MemTotal:        5610772 kB
MemFree:           99896 kB
MemAvailable:     961152 kB
Cached:          1054824 kB
SwapCached:         6344 kB
===========================
Starting: Intent { cmp=com.instagram.android/.activity.MainTabActivity }
Status: ok
LaunchState: COLD
Activity: com.instagram.android/com.instagram.mainactivity.MainActivity
TotalTime: 1083
WaitTime: 1083
Complete
end
		total        used        free      shared     buffers
Mem:             5479        5390          88          17           0
-/+ buffers/cache:           5390          88
Swap:          309247         384      308863
Filename				Type		Size	Used	Priority
/dev/block/zram0                        partition	2097148	393472	-2
/dev/nbd0                               partition	314572796	0	-3
===========================
RssAnon:	   59592 kB
===========================
===========================
RssFile:	  258920 kB
===========================
===========================
        TOTAL   132147    53912    18200     8710    62124    46423    15700
===========================
MemTotal:        5610772 kB
MemFree:           77892 kB
MemAvailable:     610172 kB
Cached:           751752 kB
SwapCached:         8352 kB
===========================
Starting: Intent { cmp=com.supercell.clashroyale/com.supercell.titan.GameApp }
Status: ok
LaunchState: COLD
Activity: com.supercell.clashroyale/com.supercell.titan.GameApp
TotalTime: 794
WaitTime: 794
Complete
end
		total        used        free      shared     buffers
Mem:             5479        5412          66          17           0
-/+ buffers/cache:           5411          67
Swap:          309247         732      308515
Filename				Type		Size	Used	Priority
/dev/block/zram0                        partition	2097148	749568	-2
/dev/nbd0                               partition	314572796	0	-3
===========================
RssAnon:	   60940 kB
===========================
===========================
RssFile:	  250764 kB
===========================
===========================
        TOTAL   174243    95792    19280     9243    64145    48455    15689
===========================
MemTotal:        5610772 kB
MemFree:           68056 kB
MemAvailable:     427984 kB
Cached:           553964 kB
SwapCached:         9816 kB
===========================
