1338         com.google.android.gms.persistent
  		total        used        free      shared     buffers
Mem:             5447        4667         780           3           1
-/+ buffers/cache:           4665         781
Swap:            8191           0        8191
Starting: Intent { cmp=com.google.android.apps.maps/com.google.android.maps.MapsActivity }
Status: ok
LaunchState: UNKNOWN (-1)
Activity: com.google.android.apps.maps/com.google.android.maps.MapsActivity
WaitTime: 739
Complete
end
		total        used        free      shared     buffers
Mem:             5447        5264         183           8           4
-/+ buffers/cache:           5260         187
Swap:            8191           0        8191
===========================
RssAnon:	   78880 kB
===========================
===========================
RssFile:	  326308 kB
===========================
===========================
        TOTAL   167840    68740    38668        0    64202    48353    15848
===========================
else:  
===========================
MemTotal:        5578140 kB
MemFree:          205084 kB
MemAvailable:    1465004 kB
Cached:          1443676 kB
SwapCached:            0 kB
===========================
Starting: Intent { cmp=com.google.android.youtube/com.google.android.apps.youtube.app.WatchWhileActivity }
Status: ok
LaunchState: COLD
Activity: com.google.android.youtube/com.google.android.apps.youtube.app.WatchWhileActivity
TotalTime: 683
WaitTime: 684
Complete
end
		total        used        free      shared     buffers
Mem:             5447        5381          66           9           6
-/+ buffers/cache:           5375          72
Swap:            8191           3        8188
===========================
RssAnon:	   75520 kB
===========================
===========================
RssFile:	  303184 kB
===========================
===========================
        TOTAL   155695    65576    31824        0    65387    48714    16672
===========================
else:  
===========================
MemTotal:        5578140 kB
MemFree:           70976 kB
MemAvailable:    1309644 kB
Cached:          1419580 kB
SwapCached:           52 kB
===========================
Starting: Intent { cmp=com.king.candycrushsaga/.CandyCrushSagaActivity }
Status: ok
LaunchState: COLD
Activity: com.king.candycrushsaga/.CandyCrushSagaActivity
TotalTime: 627
WaitTime: 628
Complete
end
		total        used        free      shared     buffers
Mem:             5447        5351          96           9           1
-/+ buffers/cache:           5350          97
Swap:            8191          68        8123
===========================
RssAnon:	   79248 kB
===========================
===========================
RssFile:	  302164 kB
===========================
===========================
        TOTAL   193565   102172    33408        4    67877    50765    17111
===========================
else:  
===========================
MemTotal:        5578140 kB
MemFree:           99452 kB
MemAvailable:     968472 kB
Cached:          1055440 kB
SwapCached:          800 kB
===========================
Starting: Intent { cmp=com.android.chrome/com.google.android.apps.chrome.Main }
Status: ok
LaunchState: WARM
Activity: com.android.chrome/com.google.android.apps.chrome.Main
TotalTime: 414
WaitTime: 414
Complete
end
		total        used        free      shared     buffers
Mem:             5447        5369          78          39           0
-/+ buffers/cache:           5368          79
Swap:            8191         154        8037
===========================
RssAnon:	   72356 kB
===========================
===========================
RssFile:	  264292 kB
===========================
===========================
        TOTAL   176163   100820    23284       59    66082    49768    16313
===========================
else:  
===========================
MemTotal:        5578140 kB
MemFree:           99956 kB
MemAvailable:     643408 kB
Cached:           749136 kB
SwapCached:         1096 kB
===========================
Starting: Intent { cmp=com.twitter.android/com.twitter.app.main.MainActivity }
Status: ok
LaunchState: COLD
Activity: com.twitter.android/com.twitter.app.main.MainActivity
TotalTime: 1028
WaitTime: 1029
Complete
end
		total        used        free      shared     buffers
Mem:             5447        5331         115          15           0
-/+ buffers/cache:           5331         116
Swap:            8191         166        8025
===========================
RssAnon:	   70116 kB
===========================
===========================
RssFile:	  256324 kB
===========================
===========================
        TOTAL   137928    63904    18068     2922    66950    48393    18556
===========================
else:  
===========================
MemTotal:        5578140 kB
MemFree:          108912 kB
MemAvailable:     717896 kB
Cached:           803124 kB
SwapCached:         2604 kB
===========================
pgfault 19557472
pgmajfault 22176
pswpin 778
pswpout 42301
Starting: Intent { cmp=com.rovio.baba/com.unity3d.player.UnityPlayerActivity }
Status: ok
LaunchState: COLD
Activity: com.rovio.baba/com.unity3d.player.UnityPlayerActivity
TotalTime: 720
WaitTime: 721
Complete
end
		total        used        free      shared     buffers
Mem:             5447        5383          63          23           0
-/+ buffers/cache:           5382          64
Swap:            8191         521        7670
pgfault 20127814
pgmajfault 30642
pswpin 2191
pswpout 134016
===========================
RssAnon:	   65844 kB
===========================
===========================
RssFile:	  208564 kB
===========================
===========================
        TOTAL   139474    59556    17596    12196    65614    47106    18507
===========================
else:  
===========================
MemTotal:        5578140 kB
MemFree:           70996 kB
MemAvailable:     352900 kB
Cached:           484084 kB
SwapCached:         5264 kB
===========================
Starting: Intent { cmp=com.google.android.gm/.ConversationListActivityGmail }
Status: ok
LaunchState: COLD
Activity: com.google.android.gm/.ConversationListActivityGmail
TotalTime: 1954
WaitTime: 1954
Complete
end
		total        used        free      shared     buffers
Mem:             5447        5383          64          18           0
-/+ buffers/cache:           5382          64
Swap:            8191         632        7559
===========================
RssAnon:	   58200 kB
===========================
===========================
RssFile:	  237036 kB
===========================
===========================
        TOTAL   133470    51828    19524    10942    66406    46491    19914
===========================
else:  
===========================
MemTotal:        5578140 kB
MemFree:           61792 kB
MemAvailable:     422684 kB
Cached:           559784 kB
SwapCached:        24188 kB
===========================
Starting: Intent { cmp=com.instagram.android/.activity.MainTabActivity }
Status: ok
LaunchState: COLD
Activity: com.instagram.android/com.instagram.mainactivity.MainActivity
TotalTime: 1402
WaitTime: 1403
Complete
end
		total        used        free      shared     buffers
Mem:             5447        5355          92          17           0
-/+ buffers/cache:           5354          92
Swap:            8191         960        7231
===========================
RssAnon:	   54212 kB
===========================
===========================
RssFile:	  210760 kB
===========================
===========================
        TOTAL   131397    49948    17076    14535    65566    48112    17453
===========================
else:  
===========================
MemTotal:        5578140 kB
MemFree:           75604 kB
MemAvailable:     320464 kB
Cached:           439820 kB
SwapCached:        26752 kB
===========================
Starting: Intent { cmp=com.supercell.clashroyale/com.supercell.titan.GameApp }
Status: ok
LaunchState: COLD
Activity: com.supercell.clashroyale/com.supercell.titan.GameApp
TotalTime: 1094
WaitTime: 1094
Complete
end
		total        used        free      shared     buffers
Mem:             5447        5372          75          15           1
-/+ buffers/cache:           5371          76
Swap:            8191        1250        6941
===========================
RssAnon:	   55216 kB
===========================
===========================
RssFile:	  203768 kB
===========================
===========================
        TOTAL   131952    49604    17692    15660    64515    46940    17574
===========================
else: 3298316 589366
===========================
MemTotal:        5578140 kB
MemFree:           72204 kB
MemAvailable:     268052 kB
Cached:           392884 kB
SwapCached:        44000 kB
===========================
