1340         com.google.android.gms.persistent
  		total        used        free      shared     buffers
Mem:             5447        4665         782           3           0
-/+ buffers/cache:           4664         782
Swap:          307199           0      307199
Starting: Intent { cmp=com.google.android.apps.maps/com.google.android.maps.MapsActivity }
Status: ok
LaunchState: UNKNOWN (-1)
Activity: com.google.android.apps.maps/com.google.android.maps.MapsActivity
WaitTime: 774
Complete
end
		total        used        free      shared     buffers
Mem:             5447        5341         106           8           4
-/+ buffers/cache:           5337         110
Swap:          307199           0      307199
===========================
RssAnon:	   69724 kB
===========================
===========================
RssFile:	  320868 kB
===========================
===========================
        TOTAL   157073    59428    38228        0    63247    46486    16760
===========================
else:  
===========================
MemTotal:        5578140 kB
MemFree:          103336 kB
MemAvailable:    1242248 kB
Cached:          1322568 kB
SwapCached:            0 kB
===========================
Starting: Intent { cmp=com.google.android.youtube/com.google.android.apps.youtube.app.WatchWhileActivity }
Status: ok
LaunchState: COLD
Activity: com.google.android.youtube/com.google.android.apps.youtube.app.WatchWhileActivity
TotalTime: 1123
WaitTime: 1124
Complete
end
		total        used        free      shared     buffers
Mem:             5447        5383          63           9           6
-/+ buffers/cache:           5377          69
Swap:          307199          23      307176
===========================
RssAnon:	   75960 kB
===========================
===========================
RssFile:	  300656 kB
===========================
===========================
        TOTAL   155157    65512    31704        0    63848    47804    16043
===========================
else:  
===========================
MemTotal:        5578140 kB
MemFree:           79536 kB
MemAvailable:    1065320 kB
Cached:          1169344 kB
SwapCached:         1480 kB
===========================
Starting: Intent { cmp=com.king.candycrushsaga/.CandyCrushSagaActivity }
Status: ok
LaunchState: COLD
Activity: com.king.candycrushsaga/.CandyCrushSagaActivity
TotalTime: 666
WaitTime: 667
Complete
end
		total        used        free      shared     buffers
Mem:             5447        5344         103          10           0
-/+ buffers/cache:           5343         104
Swap:          307199          86      307113
===========================
RssAnon:	   73188 kB
===========================
===========================
RssFile:	  281756 kB
===========================
===========================
        TOTAL   178828    98464    25008        1    66143    49179    16963
===========================
else:  
===========================
MemTotal:        5578140 kB
MemFree:          101392 kB
MemAvailable:     841812 kB
Cached:           930700 kB
SwapCached:         2672 kB
===========================
Starting: Intent { cmp=com.android.chrome/com.google.android.apps.chrome.Main }
Status: ok
LaunchState: WARM
Activity: com.android.chrome/com.google.android.apps.chrome.Main
TotalTime: 323
WaitTime: 479
Complete
end
		total        used        free      shared     buffers
Mem:             5447        5335         111          27           0
-/+ buffers/cache:           5334         112
Swap:          307199         193      307006
===========================
RssAnon:	   68272 kB
===========================
===========================
RssFile:	  258880 kB
===========================
===========================
        TOTAL   176847   101764    17660     5869    66634    50773    15860
===========================
else:  
===========================
MemTotal:        5578140 kB
MemFree:          174984 kB
MemAvailable:     574848 kB
Cached:           606208 kB
SwapCached:         4404 kB
===========================
Starting: Intent { cmp=com.twitter.android/com.twitter.app.main.MainActivity }
Status: ok
LaunchState: COLD
Activity: com.twitter.android/com.twitter.app.main.MainActivity
TotalTime: 1607
WaitTime: 1607
Complete
end
		total        used        free      shared     buffers
Mem:             5447        5366          81          15           0
-/+ buffers/cache:           5365          82
Swap:          307199         197      307002
===========================
RssAnon:	   63652 kB
===========================
===========================
RssFile:	  252260 kB
===========================
===========================
        TOTAL   132733    55824    18316     6173    64630    46719    17910
===========================
else:  
===========================
MemTotal:        5578140 kB
MemFree:           91320 kB
MemAvailable:     641792 kB
Cached:           743964 kB
SwapCached:         2948 kB
===========================
pgfault 17838416
pgmajfault 23069
pswpin 934
pswpout 50639
Starting: Intent { cmp=com.rovio.baba/com.unity3d.player.UnityPlayerActivity }
Status: ok
LaunchState: COLD
Activity: com.rovio.baba/com.unity3d.player.UnityPlayerActivity
TotalTime: 606
WaitTime: 606
Complete
end
		total        used        free      shared     buffers
Mem:             5447        5372          74          19           1
-/+ buffers/cache:           5371          75
Swap:          307199         617      306582
pgfault 18443422
pgmajfault 36214
pswpin 4769
pswpout 160698
===========================
RssAnon:	   61280 kB
===========================
===========================
RssFile:	  222272 kB
===========================
===========================
        TOTAL   132825    54344    16756    11414    61920    44805    17114
===========================
else:  
===========================
MemTotal:        5578140 kB
MemFree:           71592 kB
MemAvailable:     361224 kB
Cached:           489400 kB
SwapCached:         9224 kB
===========================
Starting: Intent { cmp=com.google.android.gm/.ConversationListActivityGmail }
Status: ok
LaunchState: COLD
Activity: com.google.android.gm/.ConversationListActivityGmail
TotalTime: 4244
WaitTime: 4245
Complete
end
		total        used        free      shared     buffers
Mem:             5447        5371          75          18           0
-/+ buffers/cache:           5371          76
Swap:          307199         703      306496
===========================
RssAnon:	   58180 kB
===========================
===========================
RssFile:	  234112 kB
===========================
===========================
        TOTAL   131874    51564    17488    10757    63678    46340    17337
===========================
else:  
===========================
MemTotal:        5578140 kB
MemFree:           71832 kB
MemAvailable:     411984 kB
Cached:           539788 kB
SwapCached:        21884 kB
===========================
Starting: Intent { cmp=com.instagram.android/.activity.MainTabActivity }
Status: ok
LaunchState: COLD
Activity: com.instagram.android/com.instagram.mainactivity.MainActivity
TotalTime: 2353
WaitTime: 2354
Complete
end
		total        used        free      shared     buffers
Mem:             5447        5377          69          16           0
-/+ buffers/cache:           5377          70
Swap:          307199        1083      306116
===========================
RssAnon:	   53848 kB
===========================
===========================
RssFile:	  209564 kB
===========================
===========================
        TOTAL   128263    48804    16752    12862    62193    44396    17796
===========================
else:  
===========================
MemTotal:        5578140 kB
MemFree:          142952 kB
MemAvailable:     387852 kB
Cached:           443648 kB
SwapCached:        26884 kB
===========================
Starting: Intent { cmp=com.supercell.clashroyale/com.supercell.titan.GameApp }
Status: ok
LaunchState: COLD
Activity: com.supercell.clashroyale/com.supercell.titan.GameApp
TotalTime: 1355
WaitTime: 1356
Complete
end
		total        used        free      shared     buffers
Mem:             5447        3437        2010          14           0
-/+ buffers/cache:           3436        2011
Swap:          307199        1295      305904
===========================
RssAnon:	   60376 kB
===========================
===========================
RssFile:	  202208 kB
===========================
===========================
        TOTAL   134729    53652    19496    12135    61382    44853    16528
===========================
else: 1183171 544233
===========================
MemTotal:        5578140 kB
MemFree:         2044620 kB
MemAvailable:    2338780 kB
Cached:           484996 kB
SwapCached:        34372 kB
===========================
