1336         com.google.android.gms.persistent
  		total        used        free      shared     buffers
Mem:             5447        4602         845           3           1
-/+ buffers/cache:           4601         846
Swap:            2047           0        2047
Starting: Intent { cmp=com.google.android.apps.maps/com.google.android.maps.MapsActivity }
Status: ok
LaunchState: COLD
Activity: com.google.android.apps.maps/com.google.android.maps.MapsActivity
TotalTime: 1012
WaitTime: 1017
Complete
end
		total        used        free      shared     buffers
Mem:             5447        5104         343           8           1
-/+ buffers/cache:           5102         345
Swap:            2047           0        2047
===========================
RssAnon:	   75524 kB
===========================
===========================
RssFile:	  325248 kB
===========================
===========================
        TOTAL   163726    64968    38352        0    64440    48352    16087
===========================
else:  
===========================
MemTotal:        5578140 kB
MemFree:          382548 kB
MemAvailable:    1572796 kB
Cached:          1381452 kB
SwapCached:            0 kB
===========================
Starting: Intent { cmp=com.google.android.youtube/com.google.android.apps.youtube.app.WatchWhileActivity }
Status: ok
LaunchState: COLD
Activity: com.google.android.youtube/com.google.android.apps.youtube.app.WatchWhileActivity
TotalTime: 765
WaitTime: 765
Complete
end
		total        used        free      shared     buffers
Mem:             5447        5326         121           8           4
-/+ buffers/cache:           5322         125
Swap:            2047           0        2047
===========================
RssAnon:	   79620 kB
===========================
===========================
RssFile:	  339176 kB
===========================
===========================
        TOTAL   209212   103944    44500        0    67883    52096    15786
===========================
else:  
===========================
MemTotal:        5578140 kB
MemFree:          122608 kB
MemAvailable:    1486596 kB
Cached:          1545808 kB
SwapCached:            0 kB
===========================
Starting: Intent { cmp=com.king.candycrushsaga/.CandyCrushSagaActivity }
Status: ok
LaunchState: COLD
Activity: com.king.candycrushsaga/.CandyCrushSagaActivity
TotalTime: 606
WaitTime: 606
Complete
end
		total        used        free      shared     buffers
Mem:             5447        5375          71           9           6
-/+ buffers/cache:           5369          77
Swap:            2047          59        1988
===========================
RssAnon:	   71964 kB
===========================
===========================
RssFile:	  315416 kB
===========================
===========================
        TOTAL   195199    96528    39628        5    65132    48989    16142
===========================
else:  
===========================
MemTotal:        5578140 kB
MemFree:           65080 kB
MemAvailable:    1142160 kB
Cached:          1261984 kB
SwapCached:          624 kB
===========================
Starting: Intent { cmp=com.android.chrome/com.google.android.apps.chrome.Main }
Status: ok
LaunchState: WARM
Activity: com.android.chrome/com.google.android.apps.chrome.Main
TotalTime: 305
WaitTime: 306
Complete
end
		total        used        free      shared     buffers
Mem:             5447        5387          60          26           2
-/+ buffers/cache:           5384          62
Swap:            2047         131        1916
===========================
RssAnon:	   70336 kB
===========================
===========================
RssFile:	  285000 kB
===========================
===========================
        TOTAL   181842    93816    33644        4    66628    50349    16278
===========================
else:  
===========================
MemTotal:        5578140 kB
MemFree:           72392 kB
MemAvailable:     895412 kB
Cached:          1031008 kB
SwapCached:         1764 kB
===========================
Starting: Intent { cmp=com.twitter.android/com.twitter.app.main.MainActivity }
Status: ok
LaunchState: COLD
Activity: com.twitter.android/com.twitter.app.main.MainActivity
TotalTime: 882
WaitTime: 882
Complete
end
		total        used        free      shared     buffers
Mem:             5447        5318         128          17           2
-/+ buffers/cache:           5316         130
Swap:            2047         148        1899
===========================
RssAnon:	   70400 kB
===========================
===========================
RssFile:	  266408 kB
===========================
===========================
        TOTAL   136004    62504    19092       13    65388    48431    16956
===========================
else:  
===========================
MemTotal:        5578140 kB
MemFree:          160376 kB
MemAvailable:     902236 kB
Cached:           939236 kB
SwapCached:         1924 kB
===========================
pgfault 10742877
pgmajfault 18316
pswpin 1072
pswpout 37902
Starting: Intent { cmp=com.rovio.baba/com.unity3d.player.UnityPlayerActivity }
Status: ok
LaunchState: COLD
Activity: com.rovio.baba/com.unity3d.player.UnityPlayerActivity
TotalTime: 483
WaitTime: 484
Complete
end
		total        used        free      shared     buffers
Mem:             5447        5384          63          17           0
-/+ buffers/cache:           5383          63
Swap:            2047         289        1758
pgfault 11048008
pgmajfault 21502
pswpin 1453
pswpout 74272
===========================
RssAnon:	   61304 kB
===========================
===========================
RssFile:	  243640 kB
===========================
===========================
        TOTAL   134027    54436    18748    10193    64044    46168    17875
===========================
else:  
===========================
MemTotal:        5578140 kB
MemFree:           72484 kB
MemAvailable:     510792 kB
Cached:           638332 kB
SwapCached:         3288 kB
===========================
Starting: Intent { cmp=com.google.android.gm/.ConversationListActivityGmail }
Status: ok
LaunchState: COLD
Activity: com.google.android.gm/.ConversationListActivityGmail
TotalTime: 1045
WaitTime: 1045
Complete
end
		total        used        free      shared     buffers
Mem:             5447        5381          65          16           0
-/+ buffers/cache:           5381          65
Swap:            2047         363        1684
===========================
RssAnon:	   57712 kB
===========================
===========================
RssFile:	  239964 kB
===========================
===========================
        TOTAL   129902    49980    17928    11585    64414    46587    17826
===========================
else:  
===========================
MemTotal:        5578140 kB
MemFree:           59420 kB
MemAvailable:     447840 kB
Cached:           584440 kB
SwapCached:         7884 kB
===========================
Starting: Intent { cmp=com.instagram.android/.activity.MainTabActivity }
Status: ok
LaunchState: COLD
Activity: com.instagram.android/com.instagram.mainactivity.MainActivity
TotalTime: 1182
WaitTime: 1183
Complete
end
		total        used        free      shared     buffers
Mem:             5447        5389          57          16           0
-/+ buffers/cache:           5388          58
Swap:            2047         485        1562
===========================
RssAnon:	   56640 kB
===========================
===========================
RssFile:	  240032 kB
===========================
===========================
        TOTAL   132316    51088    17496    13077    65241    48024    17216
===========================
else:  
===========================
MemTotal:        5578140 kB
MemFree:           60836 kB
MemAvailable:     398080 kB
Cached:           533700 kB
SwapCached:         9760 kB
===========================
Starting: Intent { cmp=com.supercell.clashroyale/com.supercell.titan.GameApp }
Status: ok
LaunchState: COLD
Activity: com.supercell.clashroyale/com.supercell.titan.GameApp
TotalTime: 809
WaitTime: 809
Complete
end
		total        used        free      shared     buffers
Mem:             5447        5377          70           5           0
-/+ buffers/cache:           5376          70
Swap:            2047        1191         856
===========================
RssAnon:	   41772 kB
===========================
===========================
RssFile:	  207076 kB
===========================
===========================
        TOTAL   171934    71584    26892    24968    66267    50445    15821
===========================
else: 3299598 602008
===========================
MemTotal:        5578140 kB
MemFree:           61920 kB
MemAvailable:     262200 kB
Cached:           382012 kB
SwapCached:        13680 kB
===========================
