1339         com.google.android.gms.persistent
  		total        used        free      shared     buffers
Mem:             5447        2514        2932           3           1
-/+ buffers/cache:           2513        2933
Swap:            2047           0        2047
Starting: Intent { cmp=com.google.android.apps.maps/com.google.android.maps.MapsActivity }
Status: ok
LaunchState: COLD
Activity: com.google.android.apps.maps/com.google.android.maps.MapsActivity
TotalTime: 1127
WaitTime: 1128
Complete
end
		total        used        free      shared     buffers
Mem:             5447        3123        2324           8           1
-/+ buffers/cache:           3121        2326
Swap:            2047           0        2047
===========================
RssAnon:	   81944 kB
===========================
===========================
RssFile:	  347172 kB
===========================
===========================
        TOTAL   186345    71796    52760        0    66239    50653    15585
===========================
else:  
===========================
MemTotal:        5578140 kB
MemFree:         2418420 kB
MemAvailable:    3610096 kB
Cached:          1383568 kB
SwapCached:            0 kB
===========================
Starting: Intent { cmp=com.google.android.youtube/com.google.android.apps.youtube.app.WatchWhileActivity }
Status: ok
LaunchState: COLD
Activity: com.google.android.youtube/com.google.android.apps.youtube.app.WatchWhileActivity
TotalTime: 1036
WaitTime: 1037
Complete
end
		total        used        free      shared     buffers
Mem:             5447        3377        2070           8           4
-/+ buffers/cache:           3372        2074
Swap:            2047           0        2047
===========================
RssAnon:	   68296 kB
===========================
===========================
RssFile:	  330540 kB
===========================
===========================
        TOTAL   158257    58988    38820        0    64811    47587    17223
===========================
else:  
===========================
MemTotal:        5578140 kB
MemFree:         2118952 kB
MemAvailable:    3554092 kB
Cached:          1617164 kB
SwapCached:            0 kB
===========================
Starting: Intent { cmp=com.king.candycrushsaga/.CandyCrushSagaActivity }
Status: ok
LaunchState: COLD
Activity: com.king.candycrushsaga/.CandyCrushSagaActivity
TotalTime: 580
WaitTime: 581
Complete
end
		total        used        free      shared     buffers
Mem:             5447        4051        1395           9           6
-/+ buffers/cache:           4045        1401
Swap:            2047           0        2047
===========================
RssAnon:	   76364 kB
===========================
===========================
RssFile:	  343892 kB
===========================
===========================
        TOTAL   207444    98060    48412        0    65448    49297    16150
===========================
else:  
===========================
MemTotal:        5578140 kB
MemFree:         1426696 kB
MemAvailable:    3131776 kB
Cached:          1881172 kB
SwapCached:            0 kB
===========================
Starting: Intent { cmp=com.android.chrome/com.google.android.apps.chrome.Main }
Status: ok
LaunchState: WARM
Activity: com.android.chrome/com.google.android.apps.chrome.Main
TotalTime: 279
WaitTime: 279
Complete
end
		total        used        free      shared     buffers
Mem:             5447        4534         913          35           6
-/+ buffers/cache:           4528         919
Swap:            2047           0        2047
===========================
RssAnon:	   71160 kB
===========================
===========================
RssFile:	  344432 kB
===========================
===========================
        TOTAL   202302    93292    48176        0    64927    48919    16007
===========================
else:  
===========================
MemTotal:        5578140 kB
MemFree:          888200 kB
MemAvailable:    2769484 kB
Cached:          2066880 kB
SwapCached:            0 kB
===========================
Starting: Intent { cmp=com.twitter.android/com.twitter.app.main.MainActivity }
Status: ok
LaunchState: COLD
Activity: com.twitter.android/com.twitter.app.main.MainActivity
TotalTime: 809
WaitTime: 809
Complete
end
		total        used        free      shared     buffers
Mem:             5447        4790         657          15           6
-/+ buffers/cache:           4784         663
Swap:            2047           0        2047
===========================
RssAnon:	   70520 kB
===========================
===========================
RssFile:	  344512 kB
===========================
===========================
        TOTAL   200586    95644    44672        0    65320    49916    15403
===========================
else:  
===========================
MemTotal:        5578140 kB
MemFree:          664988 kB
MemAvailable:    2670740 kB
Cached:          2178888 kB
SwapCached:            0 kB
===========================
pgfault 10378595
pgmajfault 16757
pswpin 0
pswpout 0
Starting: Intent { cmp=com.rovio.baba/com.unity3d.player.UnityPlayerActivity }
Status: ok
LaunchState: COLD
Activity: com.rovio.baba/com.unity3d.player.UnityPlayerActivity
TotalTime: 429
WaitTime: 430
Complete
end
		total        used        free      shared     buffers
Mem:             5447        5257         190          14           6
-/+ buffers/cache:           5251         196
Swap:            2047           2        2045
pgfault 10689360
pgmajfault 17518
pswpin 0
pswpout 452
===========================
RssAnon:	   72412 kB
===========================
===========================
RssFile:	  303840 kB
===========================
===========================
        TOTAL   149634    62852    31764        0    64109    46797    17311
===========================
else:  
===========================
MemTotal:        5578140 kB
MemFree:          188952 kB
MemAvailable:    2309676 kB
Cached:          2291004 kB
SwapCached:            8 kB
===========================
Starting: Intent { cmp=com.google.android.gm/.ConversationListActivityGmail }
Status: ok
LaunchState: COLD
Activity: com.google.android.gm/.ConversationListActivityGmail
TotalTime: 617
WaitTime: 618
Complete
end
		total        used        free      shared     buffers
Mem:             5447        5362          85          14           6
-/+ buffers/cache:           5356          91
Swap:            2047           9        2038
===========================
RssAnon:	   74208 kB
===========================
===========================
RssFile:	  303936 kB
===========================
===========================
        TOTAL   151005    64760    31668        0    62680    46851    15828
===========================
else:  
===========================
MemTotal:        5578140 kB
MemFree:           86040 kB
MemAvailable:    2178472 kB
Cached:          2262520 kB
SwapCached:          112 kB
===========================
Starting: Intent { cmp=com.instagram.android/.activity.MainTabActivity }
Status: ok
LaunchState: COLD
Activity: com.instagram.android/com.instagram.mainactivity.MainActivity
TotalTime: 1025
WaitTime: 1027
Complete
end
		total        used        free      shared     buffers
Mem:             5447        5366          81          14           6
-/+ buffers/cache:           5359          87
Swap:            2047          33        2014
===========================
RssAnon:	   72360 kB
===========================
===========================
RssFile:	  315968 kB
===========================
===========================
        TOTAL   190097    93820    41276       72    65232    50006    15225
===========================
else:  
===========================
MemTotal:        5578140 kB
MemFree:           80392 kB
MemAvailable:    2038972 kB
Cached:          2126244 kB
SwapCached:          380 kB
===========================
Starting: Intent { cmp=com.supercell.clashroyale/com.supercell.titan.GameApp }
Status: ok
LaunchState: COLD
Activity: com.supercell.clashroyale/com.supercell.titan.GameApp
TotalTime: 703
WaitTime: 705
Complete
end
		total        used        free      shared     buffers
Mem:             5447        5363          84          14           0
-/+ buffers/cache:           5362          84
Swap:            2047         150        1897
===========================
RssAnon:	   71824 kB
===========================
===========================
RssFile:	  301480 kB
===========================
===========================
        TOTAL   183818    94264    34676        9    65871    50404    15466
===========================
else: 1630378 149255
===========================
MemTotal:        5578140 kB
MemFree:           91292 kB
MemAvailable:    1655596 kB
Cached:          1751788 kB
SwapCached:          640 kB
===========================
