restarting adbd as root
Swapspace size: 8388604k, UUID=78821551-4bab-4dd6-b01a-92e12410acdf
--lowmemorykiller driver disabled--
		total        used        free      shared     buffers
Mem:             5447        2444        3002           4           0
-/+ buffers/cache:           2443        3003
Swap:            8191           0        8191
Starting: Intent { cmp=com.google.android.apps.maps/com.google.android.maps.MapsActivity }
Status: ok
LaunchState: COLD
Activity: com.google.android.apps.maps/com.google.android.maps.MapsActivity
TotalTime: 622
WaitTime: 623
Complete
end
Starting: Intent { act=android.intent.action.MAIN cat=[android.intent.category.HOME] }
		total        used        free      shared     buffers
Mem:             5447        3098        2348           8           4
-/+ buffers/cache:           3094        2352
Swap:            8191           0        8191
		total        used        free      shared     buffers
Mem:             5447        3120        2326           1           6
-/+ buffers/cache:           3114        2332
Swap:            8191         691        7500
===========================
MemTotal:        5578140 kB
MemFree:         2405124 kB
MemAvailable:    3640844 kB
Buffers:            6344 kB
Cached:          1410760 kB
SwapCached:       494672 kB
Active:           469316 kB
Inactive:        1695472 kB
Active(anon):     316044 kB
Inactive(anon):   546564 kB
Active(file):     153272 kB
Inactive(file):  1148908 kB
Unevictable:      113832 kB
Mlocked:          113868 kB
SwapTotal:       8388604 kB
SwapFree:        7892476 kB
Dirty:                 8 kB
Writeback:             0 kB
AnonPages:        430824 kB
Mapped:          1136496 kB
Shmem:              2292 kB
Slab:             251812 kB
SReclaimable:      81076 kB
SUnreclaim:       170736 kB
KernelStack:       37376 kB
ShadowCallStack:    2338 kB
PageTables:        47796 kB
NFS_Unstable:          0 kB
Bounce:                0 kB
ION_heap:         199604 kB
ION_heap_pool:     86480 kB
WritebackTmp:          0 kB
CommitLimit:    11177672 kB
Committed_AS:   51828808 kB
VmallocTotal:   263061440 kB
VmallocUsed:       90456 kB
VmallocChunk:          0 kB
CmaTotal:         233472 kB
CmaFree:          182272 kB
===========================
Starting: Intent { cmp=com.google.android.apps.maps/com.google.android.maps.MapsActivity }
Warning: Activity not started, its current task has been brought to the front
Status: ok
LaunchState: HOT
Activity: com.google.android.apps.maps/com.google.android.maps.MapsActivity
TotalTime: 311
WaitTime: 320
Complete
end
		total        used        free      shared     buffers
Mem:             5447        3127        2320           2           6
-/+ buffers/cache:           3121        2326
Swap:            8191         454        7737
===========================
MemTotal:        5578140 kB
MemFree:         2419396 kB
MemAvailable:    3665288 kB
Buffers:            6344 kB
Cached:          1421208 kB
SwapCached:       423424 kB
Active:           515620 kB
Inactive:        1630684 kB
Active(anon):     357632 kB
Inactive(anon):   476096 kB
Active(file):     157988 kB
Inactive(file):  1154588 kB
Unevictable:      113836 kB
Mlocked:          113872 kB
SwapTotal:       8388604 kB
SwapFree:        7963900 kB
Dirty:               624 kB
Writeback:             0 kB
AnonPages:        468224 kB
Mapped:          1086944 kB
Shmem:              2376 kB
Slab:             250416 kB
SReclaimable:      80632 kB
SUnreclaim:       169784 kB
KernelStack:       36000 kB
ShadowCallStack:    2250 kB
PageTables:        44000 kB
NFS_Unstable:          0 kB
Bounce:                0 kB
ION_heap:         199604 kB
ION_heap_pool:     58652 kB
WritebackTmp:          0 kB
CommitLimit:    11177672 kB
Committed_AS:   46073300 kB
VmallocTotal:   263061440 kB
VmallocUsed:       89052 kB
VmallocChunk:          0 kB
CmaTotal:         233472 kB
CmaFree:          182272 kB
===========================
