restarting adbd as root
Swapspace size: 8388604k, UUID=2c263b80-16d7-4ead-b2f1-b7c66f92c961
--lowmemorykiller driver disabled--
		total        used        free      shared     buffers
Mem:             5447        2451        2996           3           1
-/+ buffers/cache:           2449        2997
Swap:            8191           0        8191
Starting: Intent { cmp=com.google.android.youtube/com.google.android.apps.youtube.app.WatchWhileActivity }
Status: ok
LaunchState: COLD
Activity: com.google.android.youtube/com.google.android.apps.youtube.app.WatchWhileActivity
TotalTime: 1068
WaitTime: 1068
Complete
end
Starting: Intent { act=android.intent.action.MAIN cat=[android.intent.category.HOME] }
		total        used        free      shared     buffers
Mem:             5447        3047        2399           8           4
-/+ buffers/cache:           3043        2403
Swap:            8191           0        8191
		total        used        free      shared     buffers
Mem:             5447        3079        2368           1           4
-/+ buffers/cache:           3074        2372
Swap:            8191         654        7537
===========================
MemTotal:        5578140 kB
MemFree:         2443524 kB
MemAvailable:    3711884 kB
Buffers:            4284 kB
Cached:          1443464 kB
SwapCached:       478308 kB
Active:           453436 kB
Inactive:        1722668 kB
Active(anon):     302980 kB
Inactive(anon):   540268 kB
Active(file):     150456 kB
Inactive(file):  1182400 kB
Unevictable:      113860 kB
Mlocked:          113860 kB
SwapTotal:       8388604 kB
SwapFree:        7909116 kB
Dirty:                36 kB
Writeback:             0 kB
AnonPages:        416248 kB
Mapped:          1191568 kB
Shmem:              2228 kB
Slab:             256664 kB
SReclaimable:      84612 kB
SUnreclaim:       172052 kB
KernelStack:       38112 kB
ShadowCallStack:    2384 kB
PageTables:        47992 kB
NFS_Unstable:          0 kB
Bounce:                0 kB
ION_heap:         171776 kB
ION_heap_pool:     58652 kB
WritebackTmp:          0 kB
CommitLimit:    11177672 kB
Committed_AS:   52288472 kB
VmallocTotal:   263061440 kB
VmallocUsed:       91220 kB
VmallocChunk:          0 kB
CmaTotal:         233472 kB
CmaFree:          182272 kB
===========================
Starting: Intent { cmp=com.google.android.youtube/com.google.android.apps.youtube.app.WatchWhileActivity }
Warning: Activity not started, its current task has been brought to the front
Status: ok
LaunchState: HOT
Activity: com.google.android.youtube/com.google.android.apps.youtube.app.watchwhile.WatchWhileActivity
TotalTime: 74
WaitTime: 81
Complete
end
		total        used        free      shared     buffers
Mem:             5447        3079        2368           2           4
-/+ buffers/cache:           3075        2372
Swap:            8191         448        7743
===========================
MemTotal:        5578140 kB
MemFree:         2478056 kB
MemAvailable:    3755168 kB
Buffers:            4284 kB
Cached:          1452680 kB
SwapCached:       412600 kB
Active:           490800 kB
Inactive:        1645216 kB
Active(anon):     326428 kB
Inactive(anon):   467584 kB
Active(file):     164372 kB
Inactive(file):  1177632 kB
Unevictable:      113864 kB
Mlocked:          113864 kB
SwapTotal:       8388604 kB
SwapFree:        7974396 kB
Dirty:               104 kB
Writeback:             0 kB
AnonPages:        435244 kB
Mapped:          1135496 kB
Shmem:              2312 kB
Slab:             253928 kB
SReclaimable:      83816 kB
SUnreclaim:       170112 kB
KernelStack:       36224 kB
ShadowCallStack:    2266 kB
PageTables:        43304 kB
NFS_Unstable:          0 kB
Bounce:                0 kB
ION_heap:         171776 kB
ION_heap_pool:     58652 kB
WritebackTmp:          0 kB
CommitLimit:    11177672 kB
Committed_AS:   45295676 kB
VmallocTotal:   263061440 kB
VmallocUsed:       89300 kB
VmallocChunk:          0 kB
CmaTotal:         233472 kB
CmaFree:          182272 kB
===========================
