restarting adbd as root
Swapspace size: 8388604k, UUID=2468c96b-71ab-4756-85d1-5525bfe9b298
--lowmemorykiller driver disabled--
		total        used        free      shared     buffers
Mem:             5447        2432        3014           3           1
-/+ buffers/cache:           2431        3016
Swap:            8191           0        8191
Starting: Intent { cmp=com.google.android.apps.maps/com.google.android.maps.MapsActivity }
Status: ok
LaunchState: COLD
Activity: com.google.android.apps.maps/com.google.android.maps.MapsActivity
TotalTime: 582
WaitTime: 583
Complete
end
Starting: Intent { cmp=com.google.android.youtube/com.google.android.apps.youtube.app.WatchWhileActivity }
Status: ok
LaunchState: COLD
Activity: com.google.android.youtube/com.google.android.apps.youtube.app.WatchWhileActivity
TotalTime: 1016
WaitTime: 1016
Complete
end
Starting: Intent { cmp=com.king.candycrushsaga/.CandyCrushSagaActivity }
Status: ok
LaunchState: COLD
Activity: com.king.candycrushsaga/.CandyCrushSagaActivity
TotalTime: 598
WaitTime: 600
Complete
end
Starting: Intent { cmp=com.android.chrome/com.google.android.apps.chrome.Main }
Status: ok
LaunchState: WARM
Activity: com.android.chrome/com.google.android.apps.chrome.Main
TotalTime: 239
WaitTime: 240
Complete
end
Starting: Intent { cmp=com.twitter.android/com.twitter.app.main.MainActivity }
Status: ok
LaunchState: COLD
Activity: com.twitter.android/com.twitter.app.main.MainActivity
TotalTime: 737
WaitTime: 737
Complete
end
Starting: Intent { cmp=com.rovio.baba/com.unity3d.player.UnityPlayerActivity }
Status: ok
LaunchState: COLD
Activity: com.rovio.baba/com.unity3d.player.UnityPlayerActivity
TotalTime: 438
WaitTime: 439
Complete
end
Starting: Intent { cmp=com.google.android.gm/.ConversationListActivityGmail }
Status: ok
LaunchState: COLD
Activity: com.google.android.gm/.ConversationListActivityGmail
TotalTime: 656
WaitTime: 659
Complete
end
Starting: Intent { cmp=com.instagram.android/.activity.MainTabActivity }
Status: ok
LaunchState: COLD
Activity: com.instagram.android/com.instagram.mainactivity.MainActivity
TotalTime: 970
WaitTime: 971
Complete
end
Starting: Intent { cmp=com.supercell.clashroyale/com.supercell.titan.GameApp }
Status: ok
LaunchState: COLD
Activity: com.supercell.clashroyale/com.supercell.titan.GameApp
TotalTime: 656
WaitTime: 656
Complete
end
Starting: Intent { act=android.intent.action.MAIN cat=[android.intent.category.HOME] }
		total        used        free      shared     buffers
Mem:             5447        5380          66          16           0
-/+ buffers/cache:           5379          67
Swap:            8191          91        8100
restarting adbd as root
		total        used        free      shared     buffers
Mem:             5447        3987        1459           3           8
-/+ buffers/cache:           3979        1467
Swap:            2047         529        1518
===========================
MemTotal:        5578140 kB
MemFree:         1361352 kB
MemAvailable:    3988468 kB
Buffers:            8568 kB
Cached:          2760308 kB
SwapCached:        47884 kB
Active:           933060 kB
Inactive:        2274120 kB
Active(anon):     419332 kB
Inactive(anon):   135060 kB
Active(file):     513728 kB
Inactive(file):  2139060 kB
Unevictable:      113900 kB
Mlocked:          113916 kB
SwapTotal:       2097148 kB
SwapFree:        1719548 kB
Dirty:               312 kB
Writeback:             0 kB
AnonPages:        552384 kB
Mapped:          1212672 kB
Shmem:              3452 kB
Slab:             302924 kB
SReclaimable:     123708 kB
SUnreclaim:       179216 kB
KernelStack:       38160 kB
ShadowCallStack:    2387 kB
PageTables:        47048 kB
NFS_Unstable:          0 kB
Bounce:                0 kB
ION_heap:         122624 kB
ION_heap_pool:     30308 kB
WritebackTmp:          0 kB
CommitLimit:     4886216 kB
Committed_AS:   51114308 kB
VmallocTotal:   263061440 kB
VmallocUsed:       89676 kB
VmallocChunk:          0 kB
CmaTotal:         233472 kB
CmaFree:           43072 kB
===========================
Starting: Intent { cmp=com.rovio.baba/com.unity3d.player.UnityPlayerActivity }
Status: ok
LaunchState: COLD
Activity: com.rovio.baba/com.unity3d.player.UnityPlayerActivity
TotalTime: 356
WaitTime: 358
Complete
end
		total        used        free      shared     buffers
Mem:             5447        5178         268           8           8
-/+ buffers/cache:           5170         277
Swap:            2047         323        1724
===========================
MemTotal:        5578140 kB
MemFree:          282552 kB
MemAvailable:    3217736 kB
Buffers:            8604 kB
Cached:          3068064 kB
SwapCached:        57340 kB
Active:          1519496 kB
Inactive:        2519068 kB
Active(anon):     894420 kB
Inactive(anon):   188396 kB
Active(file):     625076 kB
Inactive(file):  2330672 kB
Unevictable:      113964 kB
Mlocked:          113980 kB
SwapTotal:       2097148 kB
SwapFree:        1769724 kB
Dirty:               388 kB
Writeback:             0 kB
AnonPages:       1074012 kB
Mapped:          1588240 kB
Shmem:              8280 kB
Slab:             314700 kB
SReclaimable:     128780 kB
SUnreclaim:       185920 kB
KernelStack:       43024 kB
ShadowCallStack:    2691 kB
PageTables:        56128 kB
NFS_Unstable:          0 kB
Bounce:                0 kB
ION_heap:         168224 kB
ION_heap_pool:     60600 kB
WritebackTmp:          0 kB
CommitLimit:     4886216 kB
Committed_AS:   59239112 kB
VmallocTotal:   263061440 kB
VmallocUsed:       94836 kB
VmallocChunk:          0 kB
CmaTotal:         233472 kB
CmaFree:              92 kB
===========================
