restarting adbd as root
Swapspace size: 8388604k, UUID=9da2878a-94b2-4836-8620-4ba117a5c3b9
--lowmemorykiller driver disabled--
		total        used        free      shared     buffers
Mem:             5447        2451        2996           3           0
-/+ buffers/cache:           2450        2997
Swap:            8191           0        8191
Starting: Intent { cmp=com.google.android.apps.maps/com.google.android.maps.MapsActivity }
Status: ok
LaunchState: COLD
Activity: com.google.android.apps.maps/com.google.android.maps.MapsActivity
TotalTime: 635
WaitTime: 636
Complete
end
Starting: Intent { cmp=com.google.android.youtube/com.google.android.apps.youtube.app.WatchWhileActivity }
Status: ok
LaunchState: COLD
Activity: com.google.android.youtube/com.google.android.apps.youtube.app.WatchWhileActivity
TotalTime: 1022
WaitTime: 1022
Complete
end
Starting: Intent { cmp=com.king.candycrushsaga/.CandyCrushSagaActivity }
Status: ok
LaunchState: COLD
Activity: com.king.candycrushsaga/.CandyCrushSagaActivity
TotalTime: 582
WaitTime: 582
Complete
end
Starting: Intent { cmp=com.android.chrome/com.google.android.apps.chrome.Main }
Status: ok
LaunchState: WARM
Activity: com.android.chrome/com.google.android.apps.chrome.Main
TotalTime: 252
WaitTime: 253
Complete
end
Starting: Intent { cmp=com.twitter.android/com.twitter.app.main.MainActivity }
Status: ok
LaunchState: COLD
Activity: com.twitter.android/com.twitter.app.main.MainActivity
TotalTime: 747
WaitTime: 748
Complete
end
Starting: Intent { cmp=com.rovio.baba/com.unity3d.player.UnityPlayerActivity }
Status: ok
LaunchState: COLD
Activity: com.rovio.baba/com.unity3d.player.UnityPlayerActivity
TotalTime: 401
WaitTime: 401
Complete
end
Starting: Intent { cmp=com.google.android.gm/.ConversationListActivityGmail }
Status: ok
LaunchState: COLD
Activity: com.google.android.gm/.ConversationListActivityGmail
TotalTime: 632
WaitTime: 633
Complete
end
Starting: Intent { cmp=com.instagram.android/.activity.MainTabActivity }
Status: ok
LaunchState: COLD
Activity: com.instagram.android/com.instagram.mainactivity.MainActivity
TotalTime: 979
WaitTime: 980
Complete
end
Starting: Intent { cmp=com.supercell.clashroyale/com.supercell.titan.GameApp }
Status: ok
LaunchState: COLD
Activity: com.supercell.clashroyale/com.supercell.titan.GameApp
TotalTime: 698
WaitTime: 698
Complete
end
Starting: Intent { act=android.intent.action.MAIN cat=[android.intent.category.HOME] }
		total        used        free      shared     buffers
Mem:             5447        5353          93          14           2
-/+ buffers/cache:           5351          95
Swap:            8191          82        8109
restarting adbd as root
		total        used        free      shared     buffers
Mem:             5447        3996        1450           3           8
-/+ buffers/cache:           3988        1458
Swap:            2047         493        1554
===========================
MemTotal:        5578140 kB
MemFree:         1370356 kB
MemAvailable:    4001852 kB
Buffers:            8576 kB
Cached:          2764452 kB
SwapCached:        38920 kB
Active:          1038688 kB
Inactive:        2169536 kB
Active(anon):     427844 kB
Inactive(anon):   123404 kB
Active(file):     610844 kB
Inactive(file):  2046132 kB
Unevictable:      113776 kB
Mlocked:          113776 kB
SwapTotal:       2097148 kB
SwapFree:        1744124 kB
Dirty:               344 kB
Writeback:             0 kB
AnonPages:        548072 kB
Mapped:          1226284 kB
Shmem:              3536 kB
Slab:             302460 kB
SReclaimable:     123908 kB
SUnreclaim:       178552 kB
KernelStack:       37872 kB
ShadowCallStack:    2369 kB
PageTables:        46396 kB
NFS_Unstable:          0 kB
Bounce:                0 kB
ION_heap:         122728 kB
ION_heap_pool:     35056 kB
WritebackTmp:          0 kB
CommitLimit:     4886216 kB
Committed_AS:   51044496 kB
VmallocTotal:   263061440 kB
VmallocUsed:       89340 kB
VmallocChunk:          0 kB
CmaTotal:         233472 kB
CmaFree:           33528 kB
===========================
Starting: Intent { cmp=com.king.candycrushsaga/.CandyCrushSagaActivity }
Status: ok
LaunchState: COLD
Activity: com.king.candycrushsaga/.CandyCrushSagaActivity
TotalTime: 568
WaitTime: 569
Complete
end
		total        used        free      shared     buffers
Mem:             5447        4912         535           9           8
-/+ buffers/cache:           4903         543
Swap:            2047         305        1742
===========================
MemTotal:        5578140 kB
MemFree:          570020 kB
MemAvailable:    3418460 kB
Buffers:            8612 kB
Cached:          2979564 kB
SwapCached:        45252 kB
Active:          1389260 kB
Inactive:        2306672 kB
Active(anon):     660176 kB
Inactive(anon):   169104 kB
Active(file):     729084 kB
Inactive(file):  2137568 kB
Unevictable:      113852 kB
Mlocked:          113852 kB
SwapTotal:       2097148 kB
SwapFree:        1789180 kB
Dirty:               372 kB
Writeback:             0 kB
AnonPages:        819784 kB
Mapped:          1504680 kB
Shmem:              9004 kB
Slab:             318452 kB
SReclaimable:     131056 kB
SUnreclaim:       187396 kB
KernelStack:       43264 kB
ShadowCallStack:    2706 kB
PageTables:        54532 kB
NFS_Unstable:          0 kB
Bounce:                0 kB
ION_heap:         322248 kB
ION_heap_pool:     22560 kB
WritebackTmp:          0 kB
CommitLimit:     4886216 kB
Committed_AS:   58122396 kB
VmallocTotal:   263061440 kB
VmallocUsed:       94912 kB
VmallocChunk:          0 kB
CmaTotal:         233472 kB
CmaFree:             104 kB
===========================
