restarting adbd as root
Swapspace size: 8388604k, UUID=e230be3d-f4e1-492d-bf39-143fd65bd796
--lowmemorykiller driver disabled--
		total        used        free      shared     buffers
Mem:             5447        2422        3024           3           1
-/+ buffers/cache:           2421        3026
Swap:            8191           0        8191
Starting: Intent { cmp=com.google.android.apps.maps/com.google.android.maps.MapsActivity }
Status: ok
LaunchState: COLD
Activity: com.google.android.apps.maps/com.google.android.maps.MapsActivity
TotalTime: 649
WaitTime: 651
Complete
end
Starting: Intent { cmp=com.google.android.youtube/com.google.android.apps.youtube.app.WatchWhileActivity }
Status: ok
LaunchState: COLD
Activity: com.google.android.youtube/com.google.android.apps.youtube.app.WatchWhileActivity
TotalTime: 992
WaitTime: 993
Complete
end
Starting: Intent { cmp=com.king.candycrushsaga/.CandyCrushSagaActivity }
Status: ok
LaunchState: COLD
Activity: com.king.candycrushsaga/.CandyCrushSagaActivity
TotalTime: 556
WaitTime: 557
Complete
end
Starting: Intent { cmp=com.android.chrome/com.google.android.apps.chrome.Main }
Status: ok
LaunchState: WARM
Activity: com.android.chrome/com.google.android.apps.chrome.Main
TotalTime: 243
WaitTime: 243
Complete
end
Starting: Intent { cmp=com.twitter.android/com.twitter.app.main.MainActivity }
Status: ok
LaunchState: COLD
Activity: com.twitter.android/com.twitter.app.main.MainActivity
TotalTime: 750
WaitTime: 750
Complete
end
Starting: Intent { cmp=com.rovio.baba/com.unity3d.player.UnityPlayerActivity }
Status: ok
LaunchState: COLD
Activity: com.rovio.baba/com.unity3d.player.UnityPlayerActivity
TotalTime: 399
WaitTime: 400
Complete
end
Starting: Intent { cmp=com.google.android.gm/.ConversationListActivityGmail }
Status: ok
LaunchState: COLD
Activity: com.google.android.gm/.ConversationListActivityGmail
TotalTime: 697
WaitTime: 698
Complete
end
Starting: Intent { cmp=com.instagram.android/.activity.MainTabActivity }
Status: ok
LaunchState: COLD
Activity: com.instagram.android/com.instagram.mainactivity.MainActivity
TotalTime: 980
WaitTime: 980
Complete
end
Starting: Intent { cmp=com.supercell.clashroyale/com.supercell.titan.GameApp }
Status: ok
LaunchState: COLD
Activity: com.supercell.clashroyale/com.supercell.titan.GameApp
TotalTime: 694
WaitTime: 696
Complete
end
Starting: Intent { act=android.intent.action.MAIN cat=[android.intent.category.HOME] }
		total        used        free      shared     buffers
Mem:             5447        5361          85          14           1
-/+ buffers/cache:           5360          86
Swap:            8191          85        8106
restarting adbd as root
		total        used        free      shared     buffers
Mem:             5447        3993        1453           3           8
-/+ buffers/cache:           3985        1462
Swap:            2047         523        1524
===========================
MemTotal:        5578140 kB
MemFree:         1353664 kB
MemAvailable:    3986252 kB
Buffers:            8568 kB
Cached:          2766040 kB
SwapCached:        38892 kB
Active:          1035684 kB
Inactive:        2187884 kB
Active(anon):     442084 kB
Inactive(anon):   122956 kB
Active(file):     593600 kB
Inactive(file):  2064928 kB
Unevictable:      113888 kB
Mlocked:          113888 kB
SwapTotal:       2097148 kB
SwapFree:        1750012 kB
Dirty:                92 kB
Writeback:             0 kB
AnonPages:        561968 kB
Mapped:          1261736 kB
Shmem:              3448 kB
Slab:             300812 kB
SReclaimable:     123440 kB
SUnreclaim:       177372 kB
KernelStack:       38416 kB
ShadowCallStack:    2401 kB
PageTables:        46268 kB
NFS_Unstable:          0 kB
Bounce:                0 kB
ION_heap:         122772 kB
ION_heap_pool:     30456 kB
WritebackTmp:          0 kB
CommitLimit:     4886216 kB
Committed_AS:   51710072 kB
VmallocTotal:   263061440 kB
VmallocUsed:       89868 kB
VmallocChunk:          0 kB
CmaTotal:         233472 kB
CmaFree:           31432 kB
===========================
Starting: Intent { cmp=com.android.chrome/com.google.android.apps.chrome.Main }
Status: ok
LaunchState: COLD
Activity: com.android.chrome/com.google.android.apps.chrome.Main
TotalTime: 200
WaitTime: 201
Complete
end
		total        used        free      shared     buffers
Mem:             5447        4660         786          36           8
-/+ buffers/cache:           4652         795
Swap:            2047         310        1737
===========================
MemTotal:        5578140 kB
MemFree:          843104 kB
MemAvailable:    3623680 kB
Buffers:            8580 kB
Cached:          2926596 kB
SwapCached:        43648 kB
Active:          1196876 kB
Inactive:        2351924 kB
Active(anon):     579440 kB
Inactive(anon):   170140 kB
Active(file):     617436 kB
Inactive(file):  2181784 kB
Unevictable:      113932 kB
Mlocked:          113932 kB
SwapTotal:       2097148 kB
SwapFree:        1783548 kB
Dirty:               896 kB
Writeback:             0 kB
AnonPages:        726288 kB
Mapped:          1458608 kB
Shmem:             23324 kB
Slab:             314652 kB
SReclaimable:     130720 kB
SUnreclaim:       183932 kB
KernelStack:       41824 kB
ShadowCallStack:    2614 kB
PageTables:        53196 kB
NFS_Unstable:          0 kB
Bounce:                0 kB
ION_heap:         159608 kB
ION_heap_pool:     29500 kB
WritebackTmp:          0 kB
CommitLimit:     4886216 kB
Committed_AS:   59308856 kB
VmallocTotal:   263061440 kB
VmallocUsed:       93448 kB
VmallocChunk:          0 kB
CmaTotal:         233472 kB
CmaFree:              72 kB
===========================
