restarting adbd as root
Swapspace size: 8388604k, UUID=afe136ca-ad8b-4473-ad22-d889c3afcb17
--lowmemorykiller driver disabled--
		total        used        free      shared     buffers
Mem:             5447        2457        2989           3           1
-/+ buffers/cache:           2456        2991
Swap:            8191           0        8191
Starting: Intent { cmp=com.google.android.apps.maps/com.google.android.maps.MapsActivity }
Status: ok
LaunchState: COLD
Activity: com.google.android.apps.maps/com.google.android.maps.MapsActivity
TotalTime: 568
WaitTime: 569
Complete
end
Starting: Intent { cmp=com.google.android.youtube/com.google.android.apps.youtube.app.WatchWhileActivity }
Status: ok
LaunchState: COLD
Activity: com.google.android.youtube/com.google.android.apps.youtube.app.WatchWhileActivity
TotalTime: 1066
WaitTime: 1066
Complete
end
Starting: Intent { cmp=com.king.candycrushsaga/.CandyCrushSagaActivity }
Status: ok
LaunchState: COLD
Activity: com.king.candycrushsaga/.CandyCrushSagaActivity
TotalTime: 545
WaitTime: 546
Complete
end
Starting: Intent { cmp=com.android.chrome/com.google.android.apps.chrome.Main }
Status: ok
LaunchState: WARM
Activity: com.android.chrome/com.google.android.apps.chrome.Main
TotalTime: 249
WaitTime: 249
Complete
end
Starting: Intent { cmp=com.twitter.android/com.twitter.app.main.MainActivity }
Status: ok
LaunchState: COLD
Activity: com.twitter.android/com.twitter.app.main.MainActivity
TotalTime: 743
WaitTime: 744
Complete
end
Starting: Intent { cmp=com.rovio.baba/com.unity3d.player.UnityPlayerActivity }
Status: ok
LaunchState: COLD
Activity: com.rovio.baba/com.unity3d.player.UnityPlayerActivity
TotalTime: 395
WaitTime: 396
Complete
end
Starting: Intent { cmp=com.google.android.gm/.ConversationListActivityGmail }
Status: ok
LaunchState: COLD
Activity: com.google.android.gm/.ConversationListActivityGmail
TotalTime: 645
WaitTime: 645
Complete
end
Starting: Intent { cmp=com.instagram.android/.activity.MainTabActivity }
Status: ok
LaunchState: COLD
Activity: com.instagram.android/com.instagram.mainactivity.MainActivity
TotalTime: 977
WaitTime: 978
Complete
end
Starting: Intent { cmp=com.supercell.clashroyale/com.supercell.titan.GameApp }
Status: ok
LaunchState: COLD
Activity: com.supercell.clashroyale/com.supercell.titan.GameApp
TotalTime: 742
WaitTime: 743
Complete
end
Starting: Intent { act=android.intent.action.MAIN cat=[android.intent.category.HOME] }
		total        used        free      shared     buffers
Mem:             5447        5365          82          14           0
-/+ buffers/cache:           5364          82
Swap:            8191          86        8105
restarting adbd as root
		total        used        free      shared     buffers
Mem:             5447        3975        1471           3           8
-/+ buffers/cache:           3967        1480
Swap:            2047         491        1556
===========================
MemTotal:        5578140 kB
MemFree:         1377664 kB
MemAvailable:    4007252 kB
Buffers:            8568 kB
Cached:          2762484 kB
SwapCached:        37372 kB
Active:          1013432 kB
Inactive:        2186248 kB
Active(anon):     430368 kB
Inactive(anon):   114360 kB
Active(file):     583064 kB
Inactive(file):  2071888 kB
Unevictable:      113896 kB
Mlocked:          113896 kB
SwapTotal:       2097148 kB
SwapFree:        1743612 kB
Dirty:               444 kB
Writeback:             0 kB
AnonPages:        542664 kB
Mapped:          1218820 kB
Shmem:              3456 kB
Slab:             302088 kB
SReclaimable:     123996 kB
SUnreclaim:       178092 kB
KernelStack:       37712 kB
ShadowCallStack:    2359 kB
PageTables:        46256 kB
NFS_Unstable:          0 kB
Bounce:                0 kB
ION_heap:         122688 kB
ION_heap_pool:     30372 kB
WritebackTmp:          0 kB
CommitLimit:     4886216 kB
Committed_AS:   51699516 kB
VmallocTotal:   263061440 kB
VmallocUsed:       89196 kB
VmallocChunk:          0 kB
CmaTotal:         233472 kB
CmaFree:           29164 kB
===========================
Starting: Intent { cmp=com.supercell.clashroyale/com.supercell.titan.GameApp }
Status: ok
LaunchState: COLD
Activity: com.supercell.clashroyale/com.supercell.titan.GameApp
TotalTime: 588
WaitTime: 589
Complete
end
		total        used        free      shared     buffers
Mem:             5447        5048         399           7           8
-/+ buffers/cache:           5040         407
Swap:            2047         305        1742
===========================
MemTotal:        5578140 kB
MemFree:          422912 kB
MemAvailable:    3466632 kB
Buffers:            8580 kB
Cached:          3176164 kB
SwapCached:        45840 kB
Active:          1175140 kB
Inactive:        2628472 kB
Active(anon):     576196 kB
Inactive(anon):   163324 kB
Active(file):     598944 kB
Inactive(file):  2465148 kB
Unevictable:      113932 kB
Mlocked:          113932 kB
SwapTotal:       2097148 kB
SwapFree:        1789436 kB
Dirty:               208 kB
Writeback:             0 kB
AnonPages:        731064 kB
Mapped:          1627244 kB
Shmem:              8004 kB
Slab:             311372 kB
SReclaimable:     128956 kB
SUnreclaim:       182416 kB
KernelStack:       41200 kB
ShadowCallStack:    2575 kB
PageTables:        52272 kB
NFS_Unstable:          0 kB
Bounce:                0 kB
ION_heap:         142056 kB
ION_heap_pool:     28828 kB
WritebackTmp:          0 kB
CommitLimit:     4886216 kB
Committed_AS:   57868752 kB
VmallocTotal:   263061440 kB
VmallocUsed:       93284 kB
VmallocChunk:          0 kB
CmaTotal:         233472 kB
CmaFree:               0 kB
===========================
