restarting adbd as root
Swapspace size: 8388604k, UUID=f524556c-5232-4d8f-95fa-0252e30a2a32
--lowmemorykiller driver disabled--
		total        used        free      shared     buffers
Mem:             5447        2399        3047           3           0
-/+ buffers/cache:           2398        3048
Swap:            8191           0        8191
Starting: Intent { cmp=com.google.android.apps.maps/com.google.android.maps.MapsActivity }
Status: ok
LaunchState: COLD
Activity: com.google.android.apps.maps/com.google.android.maps.MapsActivity
TotalTime: 572
WaitTime: 576
Complete
end
Starting: Intent { cmp=com.google.android.youtube/com.google.android.apps.youtube.app.WatchWhileActivity }
Status: ok
LaunchState: COLD
Activity: com.google.android.youtube/com.google.android.apps.youtube.app.WatchWhileActivity
TotalTime: 1072
WaitTime: 1072
Complete
end
Starting: Intent { cmp=com.king.candycrushsaga/.CandyCrushSagaActivity }
Status: ok
LaunchState: COLD
Activity: com.king.candycrushsaga/.CandyCrushSagaActivity
TotalTime: 569
WaitTime: 570
Complete
end
Starting: Intent { cmp=com.android.chrome/com.google.android.apps.chrome.Main }
Status: ok
LaunchState: WARM
Activity: com.android.chrome/com.google.android.apps.chrome.Main
TotalTime: 255
WaitTime: 258
Complete
end
Starting: Intent { cmp=com.twitter.android/com.twitter.app.main.MainActivity }
Status: ok
LaunchState: COLD
Activity: com.twitter.android/com.twitter.app.main.MainActivity
TotalTime: 747
WaitTime: 748
Complete
end
Starting: Intent { cmp=com.rovio.baba/com.unity3d.player.UnityPlayerActivity }
Status: ok
LaunchState: COLD
Activity: com.rovio.baba/com.unity3d.player.UnityPlayerActivity
TotalTime: 370
WaitTime: 370
Complete
end
Starting: Intent { cmp=com.google.android.gm/.ConversationListActivityGmail }
Status: ok
LaunchState: COLD
Activity: com.google.android.gm/.ConversationListActivityGmail
TotalTime: 651
WaitTime: 652
Complete
end
Starting: Intent { cmp=com.instagram.android/.activity.MainTabActivity }
Status: ok
LaunchState: COLD
Activity: com.instagram.android/com.instagram.mainactivity.MainActivity
TotalTime: 1004
WaitTime: 1005
Complete
end
Starting: Intent { cmp=com.supercell.clashroyale/com.supercell.titan.GameApp }
Status: ok
LaunchState: COLD
Activity: com.supercell.clashroyale/com.supercell.titan.GameApp
TotalTime: 716
WaitTime: 717
Complete
end
Starting: Intent { act=android.intent.action.MAIN cat=[android.intent.category.HOME] }
		total        used        free      shared     buffers
Mem:             5447        5396          50          13           1
-/+ buffers/cache:           5395          51
Swap:            8191          77        8114
restarting adbd as root
		total        used        free      shared     buffers
Mem:             5447        3971        1475           3           8
-/+ buffers/cache:           3963        1484
Swap:            2047         509        1538
===========================
MemTotal:        5578136 kB
MemFree:         1380892 kB
MemAvailable:    4014940 kB
Buffers:            8568 kB
Cached:          2767616 kB
SwapCached:        37468 kB
Active:          1005520 kB
Inactive:        2190264 kB
Active(anon):     416592 kB
Inactive(anon):   118996 kB
Active(file):     588928 kB
Inactive(file):  2071268 kB
Unevictable:      113820 kB
Mlocked:          113880 kB
SwapTotal:       2097148 kB
SwapFree:        1741820 kB
Dirty:               516 kB
Writeback:             0 kB
AnonPages:        533612 kB
Mapped:          1202968 kB
Shmem:              3424 kB
Slab:             301136 kB
SReclaimable:     123220 kB
SUnreclaim:       177916 kB
KernelStack:       37712 kB
ShadowCallStack:    2359 kB
PageTables:        46660 kB
NFS_Unstable:          0 kB
Bounce:                0 kB
ION_heap:         122660 kB
ION_heap_pool:     34988 kB
WritebackTmp:          0 kB
CommitLimit:     4886216 kB
Committed_AS:   51048068 kB
VmallocTotal:   263061440 kB
VmallocUsed:       89180 kB
VmallocChunk:          0 kB
CmaTotal:         233472 kB
CmaFree:           36924 kB
===========================
Starting: Intent { cmp=com.google.android.gm/.ConversationListActivityGmail }
Status: ok
LaunchState: WARM
Activity: com.google.android.gm/.ConversationListActivityGmail
TotalTime: 205
WaitTime: 207
Complete
end
		total        used        free      shared     buffers
Mem:             5447        4338        1109           7           8
-/+ buffers/cache:           4329        1117
Swap:            2047         310        1737
===========================
MemTotal:        5578136 kB
MemFree:         1146440 kB
MemAvailable:    3820368 kB
Buffers:            8580 kB
Cached:          2809988 kB
SwapCached:        44680 kB
Active:          1094532 kB
Inactive:        2262384 kB
Active(anon):     494316 kB
Inactive(anon):   164512 kB
Active(file):     600216 kB
Inactive(file):  2097872 kB
Unevictable:      113836 kB
Mlocked:          113896 kB
SwapTotal:       2097148 kB
SwapFree:        1784828 kB
Dirty:                44 kB
Writeback:             0 kB
AnonPages:        650956 kB
Mapped:          1277776 kB
Shmem:              7916 kB
Slab:             305512 kB
SReclaimable:     125196 kB
SUnreclaim:       180316 kB
KernelStack:       40128 kB
ShadowCallStack:    2508 kB
PageTables:        50584 kB
NFS_Unstable:          0 kB
Bounce:                0 kB
ION_heap:         172368 kB
ION_heap_pool:     63888 kB
WritebackTmp:          0 kB
CommitLimit:     4886216 kB
Committed_AS:   55143012 kB
VmallocTotal:   263061440 kB
VmallocUsed:       91556 kB
VmallocChunk:          0 kB
CmaTotal:         233472 kB
CmaFree:           34016 kB
===========================
