restarting adbd as root
Swapspace size: 8388604k, UUID=0a84a751-01bc-4403-873e-c237e76a1293
--lowmemorykiller driver disabled--
		total        used        free      shared     buffers
Mem:             5447        2444        3002           3           1
-/+ buffers/cache:           2443        3003
Swap:            8191           0        8191
Starting: Intent { cmp=com.google.android.apps.maps/com.google.android.maps.MapsActivity }
Status: ok
LaunchState: COLD
Activity: com.google.android.apps.maps/com.google.android.maps.MapsActivity
TotalTime: 607
WaitTime: 608
Complete
end
Starting: Intent { cmp=com.google.android.youtube/com.google.android.apps.youtube.app.WatchWhileActivity }
Status: ok
LaunchState: COLD
Activity: com.google.android.youtube/com.google.android.apps.youtube.app.WatchWhileActivity
TotalTime: 1129
WaitTime: 1130
Complete
end
Starting: Intent { cmp=com.king.candycrushsaga/.CandyCrushSagaActivity }
Status: ok
LaunchState: COLD
Activity: com.king.candycrushsaga/.CandyCrushSagaActivity
TotalTime: 574
WaitTime: 576
Complete
end
Starting: Intent { cmp=com.android.chrome/com.google.android.apps.chrome.Main }
Status: ok
LaunchState: WARM
Activity: com.android.chrome/com.google.android.apps.chrome.Main
TotalTime: 245
WaitTime: 245
Complete
end
Starting: Intent { cmp=com.twitter.android/com.twitter.app.main.MainActivity }
Status: ok
LaunchState: COLD
Activity: com.twitter.android/com.twitter.app.main.MainActivity
TotalTime: 756
WaitTime: 756
Complete
end
Starting: Intent { cmp=com.rovio.baba/com.unity3d.player.UnityPlayerActivity }
Status: ok
LaunchState: COLD
Activity: com.rovio.baba/com.unity3d.player.UnityPlayerActivity
TotalTime: 416
WaitTime: 416
Complete
end
Starting: Intent { cmp=com.google.android.gm/.ConversationListActivityGmail }
Status: ok
LaunchState: COLD
Activity: com.google.android.gm/.ConversationListActivityGmail
TotalTime: 670
WaitTime: 671
Complete
end
Starting: Intent { cmp=com.instagram.android/.activity.MainTabActivity }
Status: ok
LaunchState: COLD
Activity: com.instagram.android/com.instagram.mainactivity.MainActivity
TotalTime: 1004
WaitTime: 1005
Complete
end
Starting: Intent { cmp=com.supercell.clashroyale/com.supercell.titan.GameApp }
Status: ok
LaunchState: COLD
Activity: com.supercell.clashroyale/com.supercell.titan.GameApp
TotalTime: 733
WaitTime: 733
Complete
end
Starting: Intent { act=android.intent.action.MAIN cat=[android.intent.category.HOME] }
		total        used        free      shared     buffers
Mem:             5447        5384          63          15           0
-/+ buffers/cache:           5383          63
Swap:            8191          92        8099
restarting adbd as root
		total        used        free      shared     buffers
Mem:             5447        3991        1455           3           8
-/+ buffers/cache:           3983        1464
Swap:            2047         485        1562
===========================
MemTotal:        5578140 kB
MemFree:         1381068 kB
MemAvailable:    4008056 kB
Buffers:            8576 kB
Cached:          2761028 kB
SwapCached:        36552 kB
Active:          1012236 kB
Inactive:        2187388 kB
Active(anon):     429608 kB
Inactive(anon):   116452 kB
Active(file):     582628 kB
Inactive(file):  2070936 kB
Unevictable:      113904 kB
Mlocked:          113904 kB
SwapTotal:       2097148 kB
SwapFree:        1747196 kB
Dirty:               132 kB
Writeback:             0 kB
AnonPages:        544156 kB
Mapped:          1221448 kB
Shmem:              3408 kB
Slab:             300200 kB
SReclaimable:     122828 kB
SUnreclaim:       177372 kB
KernelStack:       37824 kB
ShadowCallStack:    2366 kB
PageTables:        46196 kB
NFS_Unstable:          0 kB
Bounce:                0 kB
ION_heap:         122628 kB
ION_heap_pool:     30312 kB
WritebackTmp:          0 kB
CommitLimit:     4886216 kB
Committed_AS:   51030500 kB
VmallocTotal:   263061440 kB
VmallocUsed:       89276 kB
VmallocChunk:          0 kB
CmaTotal:         233472 kB
CmaFree:           28624 kB
===========================
Starting: Intent { cmp=com.google.android.apps.maps/com.google.android.maps.MapsActivity }
Status: ok
LaunchState: COLD
Activity: com.google.android.apps.maps/com.google.android.maps.MapsActivity
TotalTime: 396
WaitTime: 396
Complete
end
		total        used        free      shared     buffers
Mem:             5447        4376        1070           7           8
-/+ buffers/cache:           4368        1078
Swap:            2047         303        1744
===========================
MemTotal:        5578140 kB
MemFree:         1082780 kB
MemAvailable:    3765720 kB
Buffers:            8588 kB
Cached:          2818708 kB
SwapCached:        42912 kB
Active:          1156504 kB
Inactive:        2270364 kB
Active(anon):     561044 kB
Inactive(anon):   159020 kB
Active(file):     595460 kB
Inactive(file):  2111344 kB
Unevictable:      113928 kB
Mlocked:          113928 kB
SwapTotal:       2097148 kB
SwapFree:        1789948 kB
Dirty:               680 kB
Writeback:             0 kB
AnonPages:        712784 kB
Mapped:          1344068 kB
Shmem:              7832 kB
Slab:             306124 kB
SReclaimable:     125524 kB
SUnreclaim:       180600 kB
KernelStack:       41136 kB
ShadowCallStack:    2573 kB
PageTables:        50776 kB
NFS_Unstable:          0 kB
Bounce:                0 kB
ION_heap:         151472 kB
ION_heap_pool:     20344 kB
WritebackTmp:          0 kB
CommitLimit:     4886216 kB
Committed_AS:   56363720 kB
VmallocTotal:   263061440 kB
VmallocUsed:       92648 kB
VmallocChunk:          0 kB
CmaTotal:         233472 kB
CmaFree:               0 kB
===========================
