restarting adbd as root
Swapspace size: 8388604k, UUID=dcb3176b-a343-42d7-a0f5-09af2b05bd64
--lowmemorykiller driver disabled--
		total        used        free      shared     buffers
Mem:             5447        2392        3054           3           0
-/+ buffers/cache:           2391        3055
Swap:            8191           0        8191
Starting: Intent { cmp=com.google.android.apps.maps/com.google.android.maps.MapsActivity }
Status: ok
LaunchState: COLD
Activity: com.google.android.apps.maps/com.google.android.maps.MapsActivity
TotalTime: 682
WaitTime: 683
Complete
end
Starting: Intent { cmp=com.google.android.youtube/com.google.android.apps.youtube.app.WatchWhileActivity }
Status: ok
LaunchState: COLD
Activity: com.google.android.youtube/com.google.android.apps.youtube.app.WatchWhileActivity
TotalTime: 1056
WaitTime: 1058
Complete
end
Starting: Intent { cmp=com.king.candycrushsaga/.CandyCrushSagaActivity }
Status: ok
LaunchState: COLD
Activity: com.king.candycrushsaga/.CandyCrushSagaActivity
TotalTime: 570
WaitTime: 570
Complete
end
Starting: Intent { cmp=com.android.chrome/com.google.android.apps.chrome.Main }
Status: ok
LaunchState: WARM
Activity: com.android.chrome/com.google.android.apps.chrome.Main
TotalTime: 242
WaitTime: 242
Complete
end
Starting: Intent { cmp=com.twitter.android/com.twitter.app.main.MainActivity }
Status: ok
LaunchState: COLD
Activity: com.twitter.android/com.twitter.app.main.MainActivity
TotalTime: 768
WaitTime: 769
Complete
end
Starting: Intent { cmp=com.rovio.baba/com.unity3d.player.UnityPlayerActivity }
Status: ok
LaunchState: COLD
Activity: com.rovio.baba/com.unity3d.player.UnityPlayerActivity
TotalTime: 439
WaitTime: 440
Complete
end
Starting: Intent { cmp=com.google.android.gm/.ConversationListActivityGmail }
Status: ok
LaunchState: COLD
Activity: com.google.android.gm/.ConversationListActivityGmail
TotalTime: 653
WaitTime: 654
Complete
end
Starting: Intent { cmp=com.instagram.android/.activity.MainTabActivity }
Status: ok
LaunchState: COLD
Activity: com.instagram.android/com.instagram.mainactivity.MainActivity
TotalTime: 993
WaitTime: 994
Complete
end
Starting: Intent { cmp=com.supercell.clashroyale/com.supercell.titan.GameApp }
Status: ok
LaunchState: COLD
Activity: com.supercell.clashroyale/com.supercell.titan.GameApp
TotalTime: 661
WaitTime: 664
Complete
end
Starting: Intent { act=android.intent.action.MAIN cat=[android.intent.category.HOME] }
		total        used        free      shared     buffers
Mem:             5447        5381          66          14           2
-/+ buffers/cache:           5378          68
Swap:            8191          92        8099
restarting adbd as root
		total        used        free      shared     buffers
Mem:             5447        3952        1494           3           8
-/+ buffers/cache:           3944        1503
Swap:            2047         572        1475
===========================
MemTotal:        5578140 kB
MemFree:         1388032 kB
MemAvailable:    4015368 kB
Buffers:            8576 kB
Cached:          2761456 kB
SwapCached:        47992 kB
Active:           965644 kB
Inactive:        2218436 kB
Active(anon):     391624 kB
Inactive(anon):   138532 kB
Active(file):     574020 kB
Inactive(file):  2079904 kB
Unevictable:      113860 kB
Mlocked:          113860 kB
SwapTotal:       2097148 kB
SwapFree:        1718780 kB
Dirty:                84 kB
Writeback:             0 kB
AnonPages:        527072 kB
Mapped:          1224544 kB
Shmem:              3496 kB
Slab:             301020 kB
SReclaimable:     122800 kB
SUnreclaim:       178220 kB
KernelStack:       37856 kB
ShadowCallStack:    2368 kB
PageTables:        46228 kB
NFS_Unstable:          0 kB
Bounce:                0 kB
ION_heap:         122664 kB
ION_heap_pool:     34992 kB
WritebackTmp:          0 kB
CommitLimit:     4886216 kB
Committed_AS:   51035472 kB
VmallocTotal:   263061440 kB
VmallocUsed:       89372 kB
VmallocChunk:          0 kB
CmaTotal:         233472 kB
CmaFree:           43016 kB
===========================
Starting: Intent { cmp=com.twitter.android/com.twitter.app.main.MainActivity }
Status: ok
LaunchState: WARM
Activity: com.twitter.android/com.twitter.app.main.MainActivity
TotalTime: 268
WaitTime: 270
Complete
end
		total        used        free      shared     buffers
Mem:             5447        4395        1051          10           8
-/+ buffers/cache:           4387        1059
Swap:            2047         315        1732
===========================
MemTotal:        5578140 kB
MemFree:         1085700 kB
MemAvailable:    3837468 kB
Buffers:            8588 kB
Cached:          2886816 kB
SwapCached:        47112 kB
Active:          1090820 kB
Inactive:        2326812 kB
Active(anon):     473812 kB
Inactive(anon):   171788 kB
Active(file):     617008 kB
Inactive(file):  2155024 kB
Unevictable:      113896 kB
Mlocked:          113896 kB
SwapTotal:       2097148 kB
SwapFree:        1779708 kB
Dirty:                80 kB
Writeback:             0 kB
AnonPages:        634736 kB
Mapped:          1315316 kB
Shmem:             10764 kB
Slab:             311132 kB
SReclaimable:     129112 kB
SUnreclaim:       182020 kB
KernelStack:       40208 kB
ShadowCallStack:    2513 kB
PageTables:        50208 kB
NFS_Unstable:          0 kB
Bounce:                0 kB
ION_heap:         162648 kB
ION_heap_pool:     54168 kB
WritebackTmp:          0 kB
CommitLimit:     4886216 kB
Committed_AS:   54659972 kB
VmallocTotal:   263061440 kB
VmallocUsed:       91684 kB
VmallocChunk:          0 kB
CmaTotal:         233472 kB
CmaFree:             232 kB
===========================
