restarting adbd as root
Swapspace size: 8388604k, UUID=f9004cf0-37b7-4fec-bd1b-5e4e2df77fef
--lowmemorykiller driver disabled--
		total        used        free      shared     buffers
Mem:             5447        2425        3021           3           0
-/+ buffers/cache:           2424        3022
Swap:            8191           0        8191
Starting: Intent { cmp=com.google.android.apps.maps/com.google.android.maps.MapsActivity }
Status: ok
LaunchState: COLD
Activity: com.google.android.apps.maps/com.google.android.maps.MapsActivity
TotalTime: 547
WaitTime: 547
Complete
end
Starting: Intent { cmp=com.google.android.youtube/com.google.android.apps.youtube.app.WatchWhileActivity }
Status: ok
LaunchState: COLD
Activity: com.google.android.youtube/com.google.android.apps.youtube.app.WatchWhileActivity
TotalTime: 1009
WaitTime: 1010
Complete
end
Starting: Intent { cmp=com.king.candycrushsaga/.CandyCrushSagaActivity }
Status: ok
LaunchState: COLD
Activity: com.king.candycrushsaga/.CandyCrushSagaActivity
TotalTime: 607
WaitTime: 608
Complete
end
Starting: Intent { cmp=com.android.chrome/com.google.android.apps.chrome.Main }
Status: ok
LaunchState: WARM
Activity: com.android.chrome/com.google.android.apps.chrome.Main
TotalTime: 240
WaitTime: 240
Complete
end
Starting: Intent { cmp=com.twitter.android/com.twitter.app.main.MainActivity }
Status: ok
LaunchState: COLD
Activity: com.twitter.android/com.twitter.app.main.MainActivity
TotalTime: 747
WaitTime: 748
Complete
end
Starting: Intent { cmp=com.rovio.baba/com.unity3d.player.UnityPlayerActivity }
Status: ok
LaunchState: COLD
Activity: com.rovio.baba/com.unity3d.player.UnityPlayerActivity
TotalTime: 433
WaitTime: 433
Complete
end
Starting: Intent { cmp=com.google.android.gm/.ConversationListActivityGmail }
Status: ok
LaunchState: COLD
Activity: com.google.android.gm/.ConversationListActivityGmail
TotalTime: 671
WaitTime: 671
Complete
end
Starting: Intent { cmp=com.instagram.android/.activity.MainTabActivity }
Status: ok
LaunchState: COLD
Activity: com.instagram.android/com.instagram.mainactivity.MainActivity
TotalTime: 992
WaitTime: 992
Complete
end
Starting: Intent { cmp=com.supercell.clashroyale/com.supercell.titan.GameApp }
Status: ok
LaunchState: COLD
Activity: com.supercell.clashroyale/com.supercell.titan.GameApp
TotalTime: 712
WaitTime: 713
Complete
end
Starting: Intent { act=android.intent.action.MAIN cat=[android.intent.category.HOME] }
		total        used        free      shared     buffers
Mem:             5447        5352          95          14           0
-/+ buffers/cache:           5351          96
Swap:            8191          90        8101
restarting adbd as root
		total        used        free      shared     buffers
Mem:             5447        3992        1454           3           8
-/+ buffers/cache:           3984        1462
Swap:            2047         518        1529
===========================
MemTotal:        5578140 kB
MemFree:         1363676 kB
MemAvailable:    3988556 kB
Buffers:            8568 kB
Cached:          2758736 kB
SwapCached:        41036 kB
Active:          1005880 kB
Inactive:        2198212 kB
Active(anon):     427884 kB
Inactive(anon):   125420 kB
Active(file):     577996 kB
Inactive(file):  2072792 kB
Unevictable:      113832 kB
Mlocked:          113836 kB
SwapTotal:       2097148 kB
SwapFree:        1727740 kB
Dirty:                72 kB
Writeback:             0 kB
AnonPages:        550780 kB
Mapped:          1276096 kB
Shmem:              3940 kB
Slab:             302168 kB
SReclaimable:     123488 kB
SUnreclaim:       178680 kB
KernelStack:       38880 kB
ShadowCallStack:    2432 kB
PageTables:        47128 kB
NFS_Unstable:          0 kB
Bounce:                0 kB
ION_heap:         122656 kB
ION_heap_pool:     34984 kB
WritebackTmp:          0 kB
CommitLimit:     4886216 kB
Committed_AS:   51829540 kB
VmallocTotal:   263061440 kB
VmallocUsed:       90364 kB
VmallocChunk:          0 kB
CmaTotal:         233472 kB
CmaFree:           31004 kB
===========================
Starting: Intent { cmp=com.google.android.youtube/com.google.android.apps.youtube.app.WatchWhileActivity }
Status: ok
LaunchState: WARM
Activity: com.google.android.youtube/com.google.android.apps.youtube.app.WatchWhileActivity
TotalTime: 419
WaitTime: 420
Complete
end
		total        used        free      shared     buffers
Mem:             5447        4331        1116           8           8
-/+ buffers/cache:           4322        1124
Swap:            2047         328        1719
===========================
MemTotal:        5578140 kB
MemFree:         1153860 kB
MemAvailable:    3818084 kB
Buffers:            8580 kB
Cached:          2800896 kB
SwapCached:        47240 kB
Active:          1086312 kB
Inactive:        2264576 kB
Active(anon):     497824 kB
Inactive(anon):   164440 kB
Active(file):     588488 kB
Inactive(file):  2100136 kB
Unevictable:      113860 kB
Mlocked:          113864 kB
SwapTotal:       2097148 kB
SwapFree:        1764604 kB
Dirty:               180 kB
Writeback:             0 kB
AnonPages:        653716 kB
Mapped:          1324988 kB
Shmem:              8280 kB
Slab:             305500 kB
SReclaimable:     124988 kB
SUnreclaim:       180512 kB
KernelStack:       41168 kB
ShadowCallStack:    2574 kB
PageTables:        50532 kB
NFS_Unstable:          0 kB
Bounce:                0 kB
ION_heap:         161680 kB
ION_heap_pool:     53200 kB
WritebackTmp:          0 kB
CommitLimit:     4886216 kB
Committed_AS:   55837432 kB
VmallocTotal:   263061440 kB
VmallocUsed:       92628 kB
VmallocChunk:          0 kB
CmaTotal:         233472 kB
CmaFree:           30292 kB
===========================
