1343         com.google.android.gms.persistent
  		total        used        free      shared     buffers
Mem:             5447        4601         846           3           1
-/+ buffers/cache:           4600         847
Swap:            2047           0        2047
Starting: Intent { cmp=com.google.android.apps.maps/com.google.android.maps.MapsActivity }
Status: ok
LaunchState: COLD
Activity: com.google.android.apps.maps/com.google.android.maps.MapsActivity
TotalTime: 1310
WaitTime: 1311
Complete
end
		total        used        free      shared     buffers
Mem:             5447        5085         361           8           1
-/+ buffers/cache:           5084         363
Swap:            2047           0        2047
===========================
RssAnon:	   83548 kB
===========================
===========================
RssFile:	  346168 kB
===========================
===========================
        TOTAL   187071    72772    53064        0    68914    53120    15793
===========================
===========================
MemTotal:        5578140 kB
MemFree:          377656 kB
MemAvailable:    1589128 kB
Cached:          1403028 kB
SwapCached:            0 kB
===========================
Starting: Intent { cmp=com.google.android.youtube/com.google.android.apps.youtube.app.WatchWhileActivity }
Status: ok
LaunchState: COLD
Activity: com.google.android.youtube/com.google.android.apps.youtube.app.WatchWhileActivity
TotalTime: 758
WaitTime: 758
Complete
end
		total        used        free      shared     buffers
Mem:             5447        5330         117           8           2
-/+ buffers/cache:           5328         119
Swap:            2047           0        2047
===========================
RssAnon:	   82676 kB
===========================
===========================
RssFile:	  338952 kB
===========================
===========================
        TOTAL   212439   104544    47880        0    70511    54295    16215
===========================
===========================
MemTotal:        5578140 kB
MemFree:          148136 kB
MemAvailable:    1514672 kB
Cached:          1555712 kB
SwapCached:            0 kB
===========================
Starting: Intent { cmp=com.king.candycrushsaga/.CandyCrushSagaActivity }
Status: ok
LaunchState: COLD
Activity: com.king.candycrushsaga/.CandyCrushSagaActivity
TotalTime: 552
WaitTime: 552
Complete
end
		total        used        free      shared     buffers
Mem:             5447        5386          60           9           4
-/+ buffers/cache:           5382          64
Swap:            2047          63        1984
===========================
RssAnon:	   77468 kB
===========================
===========================
RssFile:	  311936 kB
===========================
===========================
        TOTAL   199990   101440    40108        5    68470    51739    16730
===========================
===========================
MemTotal:        5578140 kB
MemFree:           74976 kB
MemAvailable:    1098048 kB
Cached:          1205580 kB
SwapCached:         1072 kB
===========================
Starting: Intent { cmp=com.android.chrome/com.google.android.apps.chrome.Main }
Status: ok
LaunchState: WARM
Activity: com.android.chrome/com.google.android.apps.chrome.Main
TotalTime: 266
WaitTime: 267
Complete
end
		total        used        free      shared     buffers
Mem:             5447        5368          78          29           0
-/+ buffers/cache:           5368          79
Swap:            2047         137        1910
===========================
RssAnon:	   72240 kB
===========================
===========================
RssFile:	  279044 kB
===========================
===========================
        TOTAL   181875    95744    33196        5    67749    51856    15892
===========================
===========================
MemTotal:        5578140 kB
MemFree:           76212 kB
MemAvailable:     850248 kB
Cached:           986260 kB
SwapCached:         2132 kB
===========================
Starting: Intent { cmp=com.twitter.android/com.twitter.app.main.MainActivity }
Status: ok
LaunchState: COLD
Activity: com.twitter.android/com.twitter.app.main.MainActivity
TotalTime: 831
WaitTime: 831
Complete
end
		total        used        free      shared     buffers
Mem:             5447        5326         121          18           0
-/+ buffers/cache:           5325         121
Swap:            2047         146        1901
===========================
RssAnon:	   79964 kB
===========================
===========================
RssFile:	  260388 kB
===========================
===========================
        TOTAL   141934    70400    18412       11    67054    50742    16311
===========================
===========================
MemTotal:        5578140 kB
MemFree:          151584 kB
MemAvailable:     879924 kB
Cached:           928276 kB
SwapCached:         2832 kB
===========================
pgfault 2647137
pgmajfault 18070
pswpin 1155
pswpout 37493
Starting: Intent { cmp=com.rovio.baba/com.unity3d.player.UnityPlayerActivity }
Status: ok
LaunchState: COLD
Activity: com.rovio.baba/com.unity3d.player.UnityPlayerActivity
TotalTime: 509
WaitTime: 510
Complete
end
		total        used        free      shared     buffers
Mem:             5447        5366          80          17           0
-/+ buffers/cache:           5366          81
Swap:            2047         346        1701
pgfault 2965891
pgmajfault 23319
pswpin 2441
pswpout 89459
===========================
RssAnon:	   62432 kB
===========================
===========================
RssFile:	  215268 kB
===========================
===========================
        TOTAL   134877    55184    19092    11145    63583    46677    16905
===========================
===========================
MemTotal:        5578140 kB
MemFree:           79100 kB
MemAvailable:     516324 kB
Cached:           635396 kB
SwapCached:         5708 kB
===========================
Starting: Intent { cmp=com.google.android.gm/.ConversationListActivityGmail }
Status: ok
LaunchState: COLD
Activity: com.google.android.gm/.ConversationListActivityGmail
TotalTime: 1317
WaitTime: 1317
Complete
end
		total        used        free      shared     buffers
Mem:             5447        5379          68          17           0
-/+ buffers/cache:           5378          68
Swap:            2047         461        1586
===========================
RssAnon:	   55584 kB
===========================
===========================
RssFile:	  238656 kB
===========================
===========================
        TOTAL   129073    48248    17892    12224    63311    46867    16443
===========================
===========================
MemTotal:        5578140 kB
MemFree:           64188 kB
MemAvailable:     462904 kB
Cached:           596324 kB
SwapCached:        10892 kB
===========================
Starting: Intent { cmp=com.instagram.android/.activity.MainTabActivity }
Status: ok
LaunchState: COLD
Activity: com.instagram.android/com.instagram.mainactivity.MainActivity
TotalTime: 1142
WaitTime: 1142
Complete
end
		total        used        free      shared     buffers
Mem:             5447        5366          81          17           0
-/+ buffers/cache:           5365          82
Swap:            2047         595        1452
===========================
RssAnon:	   53152 kB
===========================
===========================
RssFile:	  238492 kB
===========================
===========================
        TOTAL   128354    47348    17204    12909    64578    47776    16801
===========================
===========================
MemTotal:        5578140 kB
MemFree:           62920 kB
MemAvailable:     406092 kB
Cached:           543836 kB
SwapCached:        12188 kB
===========================
Starting: Intent { cmp=com.supercell.clashroyale/com.supercell.titan.GameApp }
Status: ok
LaunchState: COLD
Activity: com.supercell.clashroyale/com.supercell.titan.GameApp
TotalTime: 764
WaitTime: 764
Complete
end
		total        used        free      shared     buffers
Mem:             5447        5385          62           9           0
-/+ buffers/cache:           5384          62
Swap:            2047        1125         922
===========================
RssAnon:	   43688 kB
===========================
===========================
RssFile:	  211256 kB
===========================
===========================
        TOTAL   166759    72376    26800    18536    64913    49070    15842
===========================
===========================
MemTotal:        5578140 kB
MemFree:           67352 kB
MemAvailable:     284400 kB
Cached:           409600 kB
SwapCached:        13436 kB
===========================
