[    0.000000] Booting Linux on physical CPU 0x0
[    0.000000] Linux version 4.14.170-00004-g55f1ab182e56-dirty_audio (root@user-desktop) (Android (5484270 based on r353983c) clang version 9.0.3 (https://android.googlesource.com/toolchain/clang 745b335211bb9eadfa6aa6301f84715cee4b37c5) (https://android.googlesource.com/toolchain/llvm 60cf23e54e46c807513f7a36d0a7b777920b5881) (based on LLVM 9.0.3svn)) #1 SMP PREEMPT Wed Dec 22 15:03:14 KST 2021
[    0.000000] Boot CPU: AArch64 Processor [51df805e]
[    0.000000] Machine: Qualcomm Technologies, Inc. SM8150 V2 PM8150 Google Inc. MSM sm8150 Flame
[    0.000000] OF: reserved mem: OVERLAP DETECTED!\x0adisp_rdump_region (0x000000009c400000--0x000000009e800000) overlaps with cont_splash_region (0x000000009c400000--0x000000009e800000)
[    0.000000] Reserved memory: created CMA memory pool at 0x00000001fdc00000, size 36 MiB
[    0.000000] OF: reserved mem: initialized node mem_dump_region, compatible id shared-dma-pool
[    0.000000] Reserved memory: created CMA memory pool at 0x00000000fec00000, size 16 MiB
[    0.000000] OF: reserved mem: initialized node qseecom_ta_region, compatible id shared-dma-pool
[    0.000000] Reserved memory: created CMA memory pool at 0x00000000fdc00000, size 16 MiB
[    0.000000] OF: reserved mem: initialized node adsp_region, compatible id shared-dma-pool
[    0.000000] Reserved memory: created CMA memory pool at 0x00000000f8000000, size 92 MiB
[    0.000000] OF: reserved mem: initialized node secure_display_region, compatible id shared-dma-pool
[    0.000000] Reserved memory: created CMA memory pool at 0x00000000f5800000, size 40 MiB
[    0.000000] OF: reserved mem: initialized node linux,cma, compatible id shared-dma-pool
[    0.000000] Reserved memory: created CMA memory pool at 0x00000000f5000000, size 8 MiB
[    0.000000] OF: reserved mem: initialized node sp_region, compatible id shared-dma-pool
[    0.000000] Reserved memory: created CMA memory pool at 0x00000000f4c00000, size 4 MiB
[    0.000000] OF: reserved mem: initialized node cdsp_region, compatible id shared-dma-pool
[    0.000000] Reserved memory: created CMA memory pool at 0x00000000f3c00000, size 16 MiB
[    0.000000] OF: reserved mem: initialized node user_contig_region, compatible id shared-dma-pool
[    0.000000] Removed memory: created DMA memory pool at 0x000000008b700000, size 5 MiB
[    0.000000] OF: reserved mem: initialized node camera_region, compatible id removed-dma-pool
[    0.000000] Removed memory: created DMA memory pool at 0x000000008bc00000, size 1 MiB
[    0.000000] OF: reserved mem: initialized node pil_wlan_fw_region, compatible id removed-dma-pool
[    0.000000] Removed memory: created DMA memory pool at 0x000000008bd80000, size 0 MiB
[    0.000000] OF: reserved mem: initialized node pil_npu_region, compatible id removed-dma-pool
[    0.000000] Removed memory: created DMA memory pool at 0x000000008be00000, size 30 MiB
[    0.000000] OF: reserved mem: initialized node pil_adsp_region, compatible id removed-dma-pool
[    0.000000] Removed memory: created DMA memory pool at 0x000000008dc00000, size 180 MiB
[    0.000000] OF: reserved mem: initialized node modem_region, compatible id removed-dma-pool
[    0.000000] Removed memory: created DMA memory pool at 0x0000000099000000, size 5 MiB
[    0.000000] OF: reserved mem: initialized node pil_video_region, compatible id removed-dma-pool
[    0.000000] Removed memory: created DMA memory pool at 0x0000000099500000, size 20 MiB
[    0.000000] OF: reserved mem: initialized node cdsp_regions, compatible id removed-dma-pool
[    0.000000] Removed memory: created DMA memory pool at 0x000000009a900000, size 0 MiB
[    0.000000] OF: reserved mem: initialized node pil_ipa_fw_region, compatible id removed-dma-pool
[    0.000000] Removed memory: created DMA memory pool at 0x000000009a910000, size 0 MiB
[    0.000000] OF: reserved mem: initialized node pil_ipa_gsi_region, compatible id removed-dma-pool
[    0.000000] Removed memory: created DMA memory pool at 0x000000009a915000, size 0 MiB
[    0.000000] OF: reserved mem: initialized node pil_gpu_region, compatible id removed-dma-pool
[    0.000000] Removed memory: created DMA memory pool at 0x000000009aa00000, size 1 MiB
[    0.000000] OF: reserved mem: initialized node pil_spss_region, compatible id removed-dma-pool
[    0.000000] Removed memory: created DMA memory pool at 0x000000009ab00000, size 24 MiB
[    0.000000] OF: reserved mem: initialized node pil_slpi_region, compatible id removed-dma-pool
[    0.000000] Reserved memory: created DMA memory pool at 0x000000009e800000, size 20 MiB
[    0.000000] OF: reserved mem: initialized node qseecom_region, compatible id shared-dma-pool
[    0.000000] Removed memory: created DMA memory pool at 0x00000000a47ef000, size 0 MiB
[    0.000000] OF: reserved mem: initialized node debug_info@A47EF000, compatible id removed-dma-pool
[    0.000000] Removed memory: created DMA memory pool at 0x00000000a47ff000, size 2 MiB
[    0.000000] OF: reserved mem: initialized node ramoops_region@A47FF000, compatible id removed-dma-pool
[    0.000000] Removed memory: created DMA memory pool at 0x00000000a49ff000, size 2 MiB
[    0.000000] OF: reserved mem: initialized node alt_ramoops_region@A49FF000, compatible id removed-dma-pool
[    0.000000] Removed memory: created DMA memory pool at 0x00000000a4bff000, size 0 MiB
[    0.000000] OF: reserved mem: initialized node ramoops_meta_region@0xA4BFF000, compatible id removed-dma-pool
[    0.000000] Removed memory: created DMA memory pool at 0x00000000a8800000, size 32 MiB
[    0.000000] OF: reserved mem: initialized node pil_faceauth_fw_mem@a8800000, compatible id removed-dma-pool
[    0.000000] Removed memory: created DMA memory pool at 0x00000000aa800000, size 32 MiB
[    0.000000] OF: reserved mem: initialized node pil_faceauth_fw_mem@aa800000, compatible id removed-dma-pool
[    0.000000] On node 0 totalpages: 1450136
[    0.000000] DMA zone: 7843 pages used for memmap
[    0.000000] DMA zone: 0 pages reserved
[    0.000000] DMA zone: 401560 pages, LIFO batch:31
[    0.000000] Normal zone: 20480 pages used for memmap
[    0.000000] Normal zone: 1048576 pages, LIFO batch:31
[    0.000000] psci: probing for conduit method from DT.
[    0.000000] psci: PSCIv1.1 detected in firmware.
[    0.000000] psci: Using standard PSCI v0.2 function IDs
[    0.000000] psci: MIGRATE_INFO_TYPE not supported.
[    0.000000] psci: SMC Calling Convention v1.1
[    0.000000] random: fast init done
[    0.000000] random: get_random_bytes called from start_kernel+0x9c/0x480 with crng_init=1
[    0.000000] percpu: Embedded 22 pages/cpu s51480 r8192 d30440 u90112
[    0.000000] pcpu-alloc: s51480 r8192 d30440 u90112 alloc=22*4096
[    0.000000] pcpu-alloc: [0] 0 [0] 1 [0] 2 [0] 3 [0] 4 [0] 5 [0] 6 [0] 7 
[    0.000000] CPU features: kernel page table isolation disabled by kernel configuration
[    0.000000] Built 1 zonelists, mobility grouping on.  Total pages: 1421813
[    0.000000] Kernel command line: rcupdate.rcu_expedited=1 rcu_nocbs=0-7 cgroup.memory=nokmem,nosocket rootwait ro init=/init androidboot.bootdevice=1d84000.ufshc androidboot.baseband=sdm androidboot.keymaster=1 msm_drm.dsi_display0=dsi_nt37280_2b8t_cmd_display:config0 androidboot.force_normal_boot=1 androidboot.serialno=9B051FFAZ009LS androidboot.slot_suffix=_a androidboot.hardware.platform=sm8150 androidboot.hardware=flame androidboot.revision=MP1.0 androidboot.bootloader=c2f2-0.2-6374983 androidboot.hardware.sku=G020I androidboot.hardware.radio.subtype=0 androidboot.hardware.dsds=0 androidboot.secure_boot=PRODUCTION androidboot.cdt_hwid=0x05062800 androidboot.dtb_idx=0 androidboot.dtbo_idx=11 androidboot.bootreason=reboot androidboot.hardware.ddr=6GB,Hynix,LPDDR4X androidboot.ddr_info=Hynix androidboot.ddr_size=6GB androidboot.hardware.ufs=64GB,Micron androidboot.cid=00000000 androidboot.boottime=0BLE:68,1BLL:33,1BLE:576,2BLL:139,2BLE:900,SW:10037,KL:0,KD:67,ODT:218,AVB:55 androidboot
[    0.000000] PID hash table entries: 4096 (order: 3, 32768 bytes)
[    0.000000] Dentry cache hash table entries: 1048576 (order: 11, 8388608 bytes)
[    0.000000] Inode-cache hash table entries: 524288 (order: 10, 4194304 bytes)
[    0.000000] software IO TLB: mapped [mem 0xf3800000-0xf3c00000] (4MB)
[    0.000000] Memory: 5333672K/5800544K available (17342K kernel code, 2444K rwdata, 7120K rodata, 4672K init, 9628K bss, 233400K reserved, 233472K cma-reserved)
[    0.000000] Virtual kernel memory layout:
[    0.000000] modules : 0xffffff8000000000 - 0xffffff8008000000   (   128 MB)
[    0.000000] vmalloc : 0xffffff8008000000 - 0xffffffbdbfff0000   (   246 GB)
[    0.000000] .text : 0x        (ptrval) - 0x        (ptrval)   ( 17344 KB)
[    0.000000] .rodata : 0x        (ptrval) - 0x        (ptrval)   (  7168 KB)
[    0.000000] .init : 0x        (ptrval) - 0x        (ptrval)   (  4672 KB)
[    0.000000] .data : 0x        (ptrval) - 0x        (ptrval)   (  2444 KB)
[    0.000000] .bss : 0x        (ptrval) - 0x        (ptrval)   (  9629 KB)
[    0.000000] fixed   : 0xffffffbdfe7fd000 - 0xffffffbdfec00000   (  4108 KB)
[    0.000000] PCI I/O : 0xffffffbdfee00000 - 0xffffffbdffe00000   (    16 MB)
[    0.000000] vmemmap : 0xffffffbe00000000 - 0xffffffc000000000   (     8 GB maximum)
[    0.000000] 0xffffffbefdc00000 - 0xffffffbf05400000   (   120 MB actual)
[    0.000000] memory  : 0xfffffff2c0000000 - 0xfffffff440000000   (  6144 MB)
[    0.000000] SLUB: HWalign=64, Order=0-3, MinObjects=0, CPUs=8, Nodes=1
[    0.000000] Preemptible hierarchical RCU implementation.
[    0.000000] \x09RCU dyntick-idle grace-period acceleration is enabled.
[    0.000000] \x09All grace periods are expedited (rcu_expedited).
[    0.000000] \x09Tasks RCU enabled.
[    0.000000] NR_IRQS: 64, nr_irqs: 64, preallocated irqs: 0
[    0.000000] GICv3: no VLPI support, no direct LPI support
[    0.000000] GICv3: CPU0: found redistributor 0 region 0:0x0000000017a60000
[    0.000000] PDC SM8150 initialized
[    0.000000] \x09Offload RCU callbacks from CPUs: 0-7.
[    0.000000] arch_timer: cp15 and mmio timer(s) running at 19.20MHz (virt/virt).
[    0.000000] clocksource: arch_sys_counter: mask: 0xffffffffffffff max_cycles: 0x46d987e47, max_idle_ns: 440795202767 ns
[    0.000003] sched_clock: 56 bits at 19MHz, resolution 52ns, wraps every 4398046511078ns
[    0.000018] clocksource: Switched to clocksource arch_sys_counter
[    0.002478] Calibrating delay loop (skipped), value calculated using timer frequency.. 38.00 BogoMIPS (lpj=64000)
[    0.002500] pid_max: default: 32768 minimum: 301
[    0.002609] Security Framework initialized
[    0.002625] SELinux:  Initializing.
[    0.002677] SELinux:  Starting in permissive mode
[    0.002715] Mount-cache hash table entries: 16384 (order: 5, 131072 bytes)
[    0.002734] Mountpoint-cache hash table entries: 16384 (order: 5, 131072 bytes)
[    0.007059] NOHZ: local_softirq_pending 02
[    0.009153] ASID allocator initialised with 65536 entries
[    0.010231] NOHZ: local_softirq_pending 02
[    0.011238] Hierarchical SRCU implementation.
[    0.022447] MSM Memory Dump base table set up
[    0.022476] MSM Memory Dump apps data table set up
[    0.025086] smp: Bringing up secondary CPUs ...
[    0.034567] GICv3: CPU1: found redistributor 100 region 0:0x0000000017a80000
[    0.034619] CPU1: Booted secondary processor [51df805e]
[    0.044027] GICv3: CPU2: found redistributor 200 region 0:0x0000000017aa0000
[    0.044057] CPU2: Booted secondary processor [51df805e]
[    0.053509] GICv3: CPU3: found redistributor 300 region 0:0x0000000017ac0000
[    0.053539] CPU3: Booted secondary processor [51df805e]
[    0.063512] SSBD disabled by kernel configuration
[    0.063521] CPU features: enabling workaround for Speculative Store Bypass Disable
[    0.063544] CPU features: Unsupported CPU feature variation detected.
[    0.063567] GICv3: CPU4: found redistributor 400 region 0:0x0000000017ae0000
[    0.063612] CPU4: Booted secondary processor [51df804e]
[    0.073400] GICv3: CPU5: found redistributor 500 region 0:0x0000000017b00000
[    0.073432] CPU5: Booted secondary processor [51df804e]
[    0.083184] GICv3: CPU6: found redistributor 600 region 0:0x0000000017b20000
[    0.083215] CPU6: Booted secondary processor [51df804e]
[    0.093480] GICv3: CPU7: found redistributor 700 region 0:0x0000000017b40000
[    0.093509] CPU7: Booted secondary processor [51df804e]
[    0.093589] smp: Brought up 1 node, 8 CPUs
[    0.093644] SMP: Total of 8 processors activated.
[    0.093650] CPU features: detected: GIC system register CPU interface
[    0.093654] CPU features: detected: Privileged Access Never
[    0.093659] CPU features: detected: LSE atomic instructions
[    0.093663] CPU features: detected: User Access Override
[    0.093667] CPU features: detected: 32-bit EL0 Support
[    0.093728] CPU: All CPU(s) started at EL1
[    0.093763] alternatives: patching kernel code
[    0.097641] scm_enable_mem_protection: SCM call failed
[    0.097752] CPU7: update max cpu_capacity 1024
[    0.100385] CPU0: update max cpu_capacity 416
[    0.169623] Registered cp15_barrier emulation handler
[    0.169644] Registered setend emulation handler
[    0.169804] CPU4: update max cpu_capacity 1024
[    0.169983] PM: Init ksuspend_mon thread
[    0.170008] clocksource: jiffies: mask: 0xffffffff max_cycles: 0xffffffff, max_idle_ns: 6370867519511994 ns
[    0.170036] futex hash table entries: 2048 (order: 6, 262144 bytes)
[    0.175083] pinctrl core: initialized pinctrl subsystem
[    0.175626] NET: Registered protocol family 16
[    0.177013] schedtune: configured to support 6 boost groups
[    0.177557] cpuidle: using governor menu
[    0.177580] cpuidle: using governor qcom
[    0.177655] NET: Registered protocol family 42
[    0.182760] vdso32: 3 pages (2 code @         (ptrval), 1 data @         (ptrval))
[    0.182770] vdso: 2 pages (1 code @         (ptrval), 1 data @         (ptrval))
[    0.182778] hw-breakpoint: found 6 breakpoint and 4 watchpoint registers.
[    0.183410] DMA: preallocated 256 KiB pool for atomic allocations
[    0.183980] exit: IPA_USB init success!
[    0.190333] set_restart_msg: set restart msg = `Unknown'\x0d
[    0.191405] unable to find DT imem DLOAD mode node
[    0.192334] unable to find DT imem EDLOAD mode node
[    0.194186] spmi spmi-0: PMIC arbiter version v5 (0x50000000)
[    0.198644] platform 4080000.qcom,mss: assigned reserved memory node modem_region
[    0.198737] platform 17300000.qcom,lpass: assigned reserved memory node pil_adsp_region
[    0.198822] platform 5c00000.qcom,ssc: assigned reserved memory node pil_slpi_region
[    0.198916] platform 188101c.qcom,spss: assigned reserved memory node pil_spss_region
[    0.199042] msm_watchdog 17c10000.qcom,wdt: wdog absent resource not present
[    0.199767] msm_watchdog 17c10000.qcom,wdt: MSM Watchdog Initialized
[    0.199806] platform 9800000.qcom,npu: assigned reserved memory node pil_npu_region
[    0.199902] platform 8300000.qcom,turing: assigned reserved memory node cdsp_regions
[    0.199959] platform aae0000.qcom,venus: assigned reserved memory node pil_video_region
[    0.200676] sps:sps is ready.
[    0.201164] platform soc:qcom,msm-adsprpc-mem: assigned reserved memory node adsp_region
[    0.208070] platform 87900000.qseecom: assigned reserved memory node qseecom_region
[    0.208390] platform soc:mem_dump: assigned reserved memory node mem_dump_region
[    0.229986] msm-dcc 10a2000.dcc_v2: DCC list passed 3
[    0.231385] msm-dcc 10a2000.dcc_v2: All values written to enable
[    0.233466] platform soc:qcom,ipa_fws: assigned reserved memory node pil_ipa_fw_region
[    0.233961] platform 88a7000.msm_tspp: assigned reserved memory node qseecom_region
[    0.234160] sm8150-pinctrl 3000000.pinctrl: invalid resource
[    0.240590] rpmh_regulator_allocate_vreg: ldoa13: could not find any regulator subnodes
[    0.240598] rpmh_regulator_probe: ldoa13: failed to allocate regulator subnode array, rc=-19
[    0.243124] pm8150l_s6_level: supplied by pm8150l_s4_level
[    0.243241] pm8150l_s6_level_ao: supplied by pm8150l_s4_level_ao
[    0.245921] rpmh_regulator_allocate_vreg: ldoc9: could not find any regulator subnodes
[    0.245929] rpmh_regulator_probe: ldoc9: failed to allocate regulator subnode array, rc=-19
[    0.246971] rpmh_regulator_probe: smpf2: could not find RPMh address for resource
[    0.247082] rpmh_regulator_probe: ldof2: could not find RPMh address for resource
[    0.247190] rpmh_regulator_probe: ldof5: could not find RPMh address for resource
[    0.247297] rpmh_regulator_probe: ldof6: could not find RPMh address for resource
[    0.259997] platform soc:qcom,faceauth_fws: assigned reserved memory node pil_faceauth_fw_mem@a8800000
[    0.260060] platform soc:qcom,faceauth_fws_b: assigned reserved memory node pil_faceauth_fw_mem@aa800000
[    0.260190] platform a47ef000.bootloader_log: assigned reserved memory node debug_info@A47EF000
[    0.260241] platform soc:ramoops: assigned reserved memory node ramoops_region@A47FF000
[    0.260422] pstore: using zlib compression
[    0.261188] console [pstore-1] enabled
[    0.261236] pstore: Registered ramoops as persistent store backend
[    0.261269] ramoops: attached 0x200000@0xa47ff000, ecc: 0/0
[    0.262231] bldr_log_parser: bldr_log invalid in         (ptrval)
[    0.262277] platform soc:access_ramoops@0: assigned reserved memory node ramoops_meta_region@0xA4BFF000
[    0.262339] platform soc:access_ramoops@1: assigned reserved memory node alt_ramoops_region@A49FF000
[    0.271387] gpu_cx_gdsc: supplied by pm8150l_s6_level
[    0.271624] gpu_gx_gdsc: supplied by pm8150l_s2_level
[    0.272971] clk: add_opp: Set OPP pair (300000000 Hz, 620000 uv) on cpu0
[    0.273280] clk: add_opp: Set OPP pair (1785600000 Hz, 824000 uv) on cpu0
[    0.273314] clk: add_opp: Set OPP pair (300000000 Hz, 620000 uv) on cpu1
[    0.273646] clk: add_opp: Set OPP pair (1785600000 Hz, 824000 uv) on cpu1
[    0.273685] clk: add_opp: Set OPP pair (300000000 Hz, 620000 uv) on cpu2
[    0.273990] clk: add_opp: Set OPP pair (1785600000 Hz, 824000 uv) on cpu2
[    0.274024] clk: add_opp: Set OPP pair (300000000 Hz, 620000 uv) on cpu3
[    0.274322] clk: add_opp: Set OPP pair (1785600000 Hz, 824000 uv) on cpu3
[    0.274352] clk: add_opp: Set OPP pair (710400000 Hz, 756000 uv) on cpu4
[    0.274644] clk: add_opp: Set OPP pair (2419200000 Hz, 1048000 uv) on cpu4
[    0.274675] clk: add_opp: Set OPP pair (710400000 Hz, 756000 uv) on cpu5
[    0.274949] clk: add_opp: Set OPP pair (2419200000 Hz, 1048000 uv) on cpu5
[    0.274986] clk: add_opp: Set OPP pair (710400000 Hz, 756000 uv) on cpu6
[    0.275262] clk: add_opp: Set OPP pair (2419200000 Hz, 1048000 uv) on cpu6
[    0.275293] clk: add_opp: Set OPP pair (825600000 Hz, 756000 uv) on cpu7
[    0.275613] clk: add_opp: Set OPP pair (2841600000 Hz, 1032000 uv) on cpu7
[    0.275774] clk: add_opp: Set OPP pair (300000000 Hz, 620000 uv) on soc:qcom,cpu0-cpu-l3-lat
[    0.275780] clk: add_opp: Set OPP pair (300000000 Hz, 620000 uv) on soc:qcom,cpu4-cpu-l3-lat
[    0.275786] clk: add_opp: Set OPP pair (300000000 Hz, 620000 uv) on soc:qcom,cdsp-cdsp-l3-lat
[    0.275792] clk: add_opp: Set OPP pair (300000000 Hz, 620000 uv) on soc:qcom,cpu7-cpu-l3-lat
[    0.276751] clk: add_opp: Set OPP pair (1612800000 Hz, 840000 uv) on soc:qcom,cpu0-cpu-l3-lat
[    0.276757] clk: add_opp: Set OPP pair (1612800000 Hz, 840000 uv) on soc:qcom,cpu4-cpu-l3-lat
[    0.276763] clk: add_opp: Set OPP pair (1612800000 Hz, 840000 uv) on soc:qcom,cdsp-cdsp-l3-lat
[    0.276769] clk: add_opp: Set OPP pair (1612800000 Hz, 840000 uv) on soc:qcom,cpu7-cpu-l3-lat
[    0.277221] sched-energy: Sched-energy-costs installed from DT
[    0.277468] cpufreq: driver osm-cpufreq up and running
[    0.277472] clk: clk_cpu_osm_driver_probe: OSM CPUFreq driver inited
[    0.278082] qmp-aop-clk soc:qcom,aopclk: Registered clocks with AOP
[    0.279455] clk-rpmh soc:qcom,rpmhclk: Registered RPMh clocks
[    0.280037] CPU2: update max cpu_capacity 261
[    0.280056] CPU4: update max cpu_capacity 871
[    0.280094] CPU7: update max cpu_capacity 1024
[    0.285113] gcc-sm8150 100000.qcom,gcc: Registered GCC clocks
[    0.285439] gpu_cc_gmu_clk_src: set OPP pair(19200000 Hz: 49 uV) on 2c6a000.qcom,gmu
[    0.285465] gpu_cc_gmu_clk_src: set OPP pair(500000000 Hz: 129 uV) on 2c6a000.qcom,gmu
[    0.285503] gpu_cc-sm8150 2c90000.qcom,gpucc: Registered GPU CC clocks
[    0.285760] AXI: msm_bus_scale_register_client(): msm_bus_scale_register_client: Bus driver not ready.
[    0.285762] video_cc-sm8150 ab00000.qcom,videocc: Unable to register for bw voting
[    0.287473] KPI: Bootloader start count = 1222692149
[    0.287476] KPI: Bootloader end count = 3584606855
[    0.287479] KPI: Bootloader display count = 3970876833
[    0.287481] KPI: Bootloader load kernel count = 496609799
[    0.287486] KPI: Kernel MPM timestamp = 417572
[    0.287489] KPI: Kernel MPM Clock frequency = 32768
[    0.287499] socinfo_print: v0.15, id=339, ver=2.2, raw_id=165, raw_ver=3, hw_plat=5, hw_plat_ver=393256\x0a accessory_chip=0, hw_plat_subtype=0, pmic_model=65566, pmic_die_revision=196608 foundry_id=1 serial_number=1989890305 num_pmics=3 chip_family=0x56 raw_device_family=0x6 raw_device_number=0x3 nproduct_id=0x404 num_clusters=0x1 ncluster_array_offset=0xb0 num_defective_parts=0xc ndefective_parts_array_offset=0xb4 nmodem_supported=0xff
[    0.287541] msm_bus_fabric_rpmh_init_driver
[    0.287610] msm_bus: Probe started
[    0.287850] msm_bus_device 16e0000.ad-hoc-bus: Bus type is missing
[    0.287872] msm_bus_device 16e0000.ad-hoc-bus: Bus type is missing
[    0.287878] msm_bus_device 16e0000.ad-hoc-bus: Bus type is missing
[    0.287894] msm_bus_device 16e0000.ad-hoc-bus: Bus type is missing
[    0.288461] msm_bus: DT Parsing complete
[    0.291022] msm_bus_fab_init_noc_ops: Invalid Bus type
[    0.291073] msm_bus_fab_init_noc_ops: Invalid Bus type
[    0.291084] msm_bus_fab_init_noc_ops: Invalid Bus type
[    0.291121] msm_bus_fab_init_noc_ops: Invalid Bus type
[    0.296409] register_client_adhoc:find path.src 161 dest 627
[    0.296469] register_client_adhoc:Client handle 1 apps_smmu
[    0.296561] arm-smmu 15000000.apps-smmu: \x09non-coherent table walk
[    0.296567] arm-smmu 15000000.apps-smmu: \x09(IDR0.CTTW overridden by FW configuration)
[    0.296571] arm-smmu 15000000.apps-smmu: \x09stream matching with 94 register groups
[    0.297357] register_client_adhoc:find path.src 161 dest 627
[    0.297400] register_client_adhoc:Client handle 2 apps_smmu
[    0.297457] register_client_adhoc:find path.src 161 dest 627
[    0.297493] register_client_adhoc:Client handle 3 apps_smmu
[    0.297542] register_client_adhoc:find path.src 22 dest 773
[    0.297565] register_client_adhoc:Client handle 4 mnoc_hf_1_tbu
[    0.297600] register_client_adhoc:find path.src 154 dest 10070
[    0.297617] register_client_adhoc:Client handle 5 apps_smmu
[    0.297663] register_client_adhoc:find path.src 22 dest 773
[    0.297683] register_client_adhoc:Client handle 6 mnoc_hf_0_tbu
[    0.297717] register_client_adhoc:find path.src 154 dest 10070
[    0.297730] register_client_adhoc:Client handle 7 apps_smmu
[    0.297773] register_client_adhoc:find path.src 161 dest 627
[    0.297812] register_client_adhoc:Client handle 8 apps_smmu
[    0.297865] register_client_adhoc:find path.src 161 dest 627
[    0.297902] register_client_adhoc:Client handle 9 apps_smmu
[    0.297955] register_client_adhoc:find path.src 137 dest 772
[    0.297975] register_client_adhoc:Client handle 10 mnoc_sf_0_tbu
[    0.298488] arm-smmu 2ca0000.kgsl-smmu: \x09non-coherent table walk
[    0.298493] arm-smmu 2ca0000.kgsl-smmu: \x09(IDR0.CTTW overridden by FW configuration)
[    0.298496] arm-smmu 2ca0000.kgsl-smmu: \x09stream matching with 6 register groups
[    0.298992] vgaarb: loaded
[    0.299116] SCSI subsystem initialized
[    0.299149] usbcore: registered new interface driver usbfs
[    0.299156] usbcore: registered new interface driver hub
[    0.299202] usbcore: registered new device driver usb
[    0.299377] usb_phy_generic soc:usb_nop_phy: soc:usb_nop_phy supply vcc not found, using dummy regulator
[    0.299517] qcom,qpnp-power-on c440000.qcom,spmi:qcom,pm8150@0:qcom,power-on@800: PMIC@SID0 Power-on reason: Triggered from Hard Reset and 'cold' boot
[    0.299536] qcom,qpnp-power-on c440000.qcom,spmi:qcom,pm8150@0:qcom,power-on@800: PMIC@SID0: Power-off reason: Triggered from PS_HOLD (PS_HOLD/MSM Controlled Shutdown)
[    0.299608] input: qpnp_pon as /devices/platform/soc/c440000.qcom,spmi/spmi-0/spmi0-00/c440000.qcom,spmi:qcom,pm8150@0:qcom,power-on@800/input/input0
[    0.299808] qcom,qpnp-power-on c440000.qcom,spmi:qcom,pm8150b@2:qcom,power-on@800: PMIC@SID2 Power-on reason: Triggered from CBL (External Power Supply) and 'cold' boot
[    0.299827] qcom,qpnp-power-on c440000.qcom,spmi:qcom,pm8150b@2:qcom,power-on@800: PMIC@SID2: Power-off reason: Triggered from SOFT (Software)
[    0.299891] qcom,qpnp-power-on c440000.qcom,spmi:qcom,pm8150l@4:qcom,power-on@800: PMIC@SID4 Power-on reason: Triggered from PON1 (Secondary PMIC) and 'cold' boot
[    0.299910] qcom,qpnp-power-on c440000.qcom,spmi:qcom,pm8150l@4:qcom,power-on@800: PMIC@SID4: Power-off reason: Triggered from SOFT (Software)
[    0.300029] media: Linux media interface: v0.10
[    0.300037] Linux video capture interface: v2.00
[    0.301246] missing polling-delay-passive property
[    0.301249] failed to build thermal zone bcl-virtual-sensor: -22
[    0.302433] virt zone: sensor[gpuss-1-usr] read error:-22
[    0.302438] thermal thermal_zone32: failed to read out thermal zone (-22)
[    0.303594] EDAC MC: Ver: 3.0.0
[    0.304412] platform soc:qcom,ion:qcom,ion-heap@22: assigned reserved memory node adsp_region
[    0.304451] platform soc:qcom,ion:qcom,ion-heap@26: assigned reserved memory node user_contig_region
[    0.304501] platform soc:qcom,ion:qcom,ion-heap@27: assigned reserved memory node qseecom_region
[    0.304551] platform soc:qcom,ion:qcom,ion-heap@19: assigned reserved memory node qseecom_ta_region
[    0.304577] platform soc:qcom,ion:qcom,ion-heap@13: assigned reserved memory node sp_region
[    0.304622] platform soc:qcom,ion:qcom,ion-heap@10: assigned reserved memory node secure_display_region
[    0.304683] ION heap system created
[    0.304718] iommu: Adding device 8c0000.qcom,qupv3_0_geni_se:qcom,iommu_qupv3_0_geni_se_cb to group 0
[    0.304791] ION heap adsp created at 0x00000000fdc00000 with size 1000000
[    0.304795] ION heap user_contig created at 0x00000000f3c00000 with size 1000000
[    0.304797] ION heap qsecom created at 0x000000009e800000 with size 1400000
[    0.304799] ION heap qsecom_ta created at 0x00000000fec00000 with size 1000000
[    0.304802] ION heap spss created at 0x00000000f5000000 with size 800000
[    0.304805] ION heap secure_display created at 0x00000000f8000000 with size 5c00000
[    0.304808] ION heap secure_heap created
[    0.304865] iommu: Adding device ac0000.qcom,qupv3_1_geni_se:qcom,iommu_qupv3_1_geni_se_cb to group 1
[    0.305000] iommu: Adding device cc0000.qcom,qupv3_2_geni_se:qcom,iommu_qupv3_2_geni_se_cb to group 2
[    0.305135] iommu: Adding device 26c0000.qcom,qupv3_3_geni_se:qcom,iommu_qupv3_3_geni_se_cb to group 3
[    0.305296] PMIC@SID2: PM8150B v2.0 options: 0, 0, 0, 0
[    0.305368] PMIC@SID4: PM8150A v2.0 options: 0, 0, 0, 0
[    0.305951] register_client_adhoc:find path.src 90 dest 512
[    0.306071] register_client_adhoc:find path.src 90 dest 585
[    0.306109] register_client_adhoc:find path.src 1 dest 676
[    0.306172] register_client_adhoc:find path.src 143 dest 777
[    0.306195] register_client_adhoc:Client handle 11 ipa
[    0.308400] ipa ipa3_smp2p_probe:7745 fail to get smp2p clk resp bit -517
[    0.308669] iommu: Adding device soc:ipa_smmu_ap to group 4
[    0.308835] iommu: Adding device soc:ipa_smmu_wlan to group 5
[    0.308971] iommu: Adding device soc:ipa_smmu_uc to group 6
[    0.309467] ipa ipa3_smp2p_probe:7745 fail to get smp2p clk resp bit -517
[    0.311014] SDAM base=0xb100 size=128 registered successfully
[    0.311377] Advanced Linux Sound Architecture Driver Initialized.
[    0.311727] Bluetooth: Core ver 2.22
[    0.311748] NET: Registered protocol family 31
[    0.311755] Bluetooth: HCI device and connection manager initialized
[    0.311768] Bluetooth: HCI socket layer initialized
[    0.311777] Bluetooth: L2CAP socket layer initialized
[    0.311798] Bluetooth: SCO socket layer initialized
[    0.312034] NetLabel: Initializing
[    0.312041] NetLabel:  domain hash size = 128
[    0.312047] NetLabel:  protocols = UNLABELED CIPSOv4 CALIPSO
[    0.312084] NetLabel:  unlabeled traffic allowed by default
[    0.312128] pcie:pcie_init.
[    0.314995] pci-msm 1c08000.qcom,pcie: could not find pctldev for node /soc/qcom,spmi@c440000/qcom,pm8150l@4/pinctrl@c000/pcie1_pm8150l_perst_default, deferring probe
[    0.315435] register_client_adhoc:find path.src 1 dest 590
[    0.315743] register_client_adhoc:find path.src 1 dest 589
[    0.315805] register_client_adhoc:find path.src 1 dest 596
[    0.315876] register_client_adhoc:Client handle 12 bus-proxy-client
[    0.316570] sched-energy energy-costs: cpu=0 eff=1024 [freq=300000 cap=45 power_d0=24] -> [freq=1785600 cap=263 power_d0=128]
[    0.316585] sched-energy energy-costs: cpu=1 eff=1024 [freq=300000 cap=45 power_d0=24] -> [freq=1785600 cap=263 power_d0=128]
[    0.316593] sched-energy energy-costs: cpu=2 eff=1024 [freq=300000 cap=45 power_d0=24] -> [freq=1785600 cap=263 power_d0=128]
[    0.316601] sched-energy energy-costs: cpu=3 eff=1024 [freq=300000 cap=45 power_d0=24] -> [freq=1785600 cap=263 power_d0=128]
[    0.316608] sched-energy energy-costs: cpu=4 eff=2515 [freq=710400 cap=257 power_d0=165] -> [freq=2419200 cap=872 power_d0=1022]
[    0.316617] sched-energy energy-costs: cpu=5 eff=2515 [freq=710400 cap=257 power_d0=165] -> [freq=2419200 cap=872 power_d0=1022]
[    0.316626] sched-energy energy-costs: cpu=6 eff=2515 [freq=710400 cap=257 power_d0=165] -> [freq=2419200 cap=872 power_d0=1022]
[    0.316636] sched-energy energy-costs: cpu=7 eff=2515 [freq=825600 cap=298 power_d0=227] -> [freq=2956800 cap=1024 power_d0=1670]
[    0.316642] sched-energy energy-costs: Sched-energy-costs capacity updated
[    0.316950] register_client_adhoc:find path.src 1 dest 589
[    0.317096] register_client_adhoc:Client handle 13 bps_gdsc_ahb
[    0.317396] bps_gdsc: supplied by pm8150l_s5_level
[    0.317843] register_client_adhoc:find path.src 1 dest 589
[    0.317930] register_client_adhoc:Client handle 14 ipe_0_gdsc_ahb
[    0.318165] ipe_0_gdsc: supplied by pm8150l_s5_level
[    0.318396] register_client_adhoc:find path.src 1 dest 589
[    0.318476] register_client_adhoc:Client handle 15 ipe_1_gdsc_ahb
[    0.318698] ipe_1_gdsc: supplied by pm8150l_s5_level
[    0.318872] register_client_adhoc:find path.src 1 dest 589
[    0.318944] register_client_adhoc:Client handle 16 ife_0_gdsc_ahb
[    0.319158] ife_0_gdsc: supplied by pm8150l_s5_level
[    0.319338] register_client_adhoc:find path.src 1 dest 589
[    0.319394] register_client_adhoc:Client handle 17 ife_1_gdsc_ahb
[    0.319604] ife_1_gdsc: supplied by pm8150l_s5_level
[    0.319749] register_client_adhoc:find path.src 1 dest 589
[    0.319814] register_client_adhoc:Client handle 18 titan_top_gdsc_ahb
[    0.320040] titan_top_gdsc: supplied by pm8150l_s5_level
[    0.320190] register_client_adhoc:find path.src 1 dest 590
[    0.320256] register_client_adhoc:Client handle 19 mdss_core_gdsc_ahb
[    0.320383] mdss_core_gdsc: supplied by pm8150l_s5_level
[    0.320598] register_client_adhoc:find path.src 1 dest 596
[    0.320658] register_client_adhoc:Client handle 20 mvsc_gdsc_ahb
[    0.320884] mvsc_gdsc: supplied by pm8150l_s5_level
[    0.321045] register_client_adhoc:find path.src 1 dest 596
[    0.321108] register_client_adhoc:Client handle 21 mvs0_gdsc_ahb
[    0.321312] mvs0_gdsc: supplied by pm8150l_s5_level
[    0.321454] register_client_adhoc:find path.src 1 dest 596
[    0.321516] register_client_adhoc:Client handle 22 mvs1_gdsc_ahb
[    0.321724] mvs1_gdsc: supplied by pm8150l_s5_level
[    0.322110] register_client_adhoc:find path.src 1 dest 589
[    0.322170] register_client_adhoc:Client handle 23 clk_camcc_debugfs
[    0.322709] cam_cc_bps_clk_src: set OPP pair(19200000 Hz: 49 uV) on ac6f000.qcom,bps
[    0.322833] cam_cc_bps_clk_src: set OPP pair(600000000 Hz: 257 uV) on ac6f000.qcom,bps
[    0.322952] cam_cc_cci_0_clk_src: set OPP pair(19200000 Hz: 49 uV) on ac4a000.qcom,cci
[    0.322973] cam_cc_cci_0_clk_src: set OPP pair(37500000 Hz: 65 uV) on ac4a000.qcom,cci
[    0.323067] cam_cc_cci_1_clk_src: set OPP pair(19200000 Hz: 49 uV) on ac4b000.qcom,cci
[    0.323087] cam_cc_cci_1_clk_src: set OPP pair(37500000 Hz: 65 uV) on ac4b000.qcom,cci
[    0.323213] cam_cc_csi0phytimer_clk_src: set OPP pair(19200000 Hz: 49 uV) on ac65000.qcom,csiphy
[    0.323249] cam_cc_csi0phytimer_clk_src: set OPP pair(300000000 Hz: 65 uV) on ac65000.qcom,csiphy
[    0.323326] cam_cc_csi1phytimer_clk_src: set OPP pair(19200000 Hz: 49 uV) on ac66000.qcom,csiphy
[    0.323364] cam_cc_csi1phytimer_clk_src: set OPP pair(300000000 Hz: 65 uV) on ac66000.qcom,csiphy
[    0.323442] cam_cc_csi2phytimer_clk_src: set OPP pair(19200000 Hz: 49 uV) on ac67000.qcom,csiphy
[    0.323480] cam_cc_csi2phytimer_clk_src: set OPP pair(300000000 Hz: 65 uV) on ac67000.qcom,csiphy
[    0.323552] cam_cc_csi3phytimer_clk_src: set OPP pair(19200000 Hz: 49 uV) on ac68000.qcom,csiphy
[    0.323572] cam_cc_csi3phytimer_clk_src: set OPP pair(300000000 Hz: 65 uV) on ac68000.qcom,csiphy
[    0.323855] cam_cc_icp_clk_src: set OPP pair(19200000 Hz: 49 uV) on ac00000.qcom,a5
[    0.323895] cam_cc_icp_clk_src: set OPP pair(600000000 Hz: 193 uV) on ac00000.qcom,a5
[    0.323993] cam_cc_ife_0_clk_src: set OPP pair(19200000 Hz: 49 uV) on acaf000.qcom,vfe0
[    0.324115] cam_cc_ife_0_clk_src: set OPP pair(950000000 Hz: 385 uV) on acaf000.qcom,vfe0
[    0.324364] cam_cc_ife_0_csid_clk_src: set OPP pair(19200000 Hz: 49 uV) on acb3000.qcom,csid0
[    0.324454] cam_cc_ife_0_csid_clk_src: set OPP pair(600000000 Hz: 257 uV) on acb3000.qcom,csid0
[    0.324569] cam_cc_ife_1_clk_src: set OPP pair(19200000 Hz: 49 uV) on acb6000.qcom,vfe1
[    0.324699] cam_cc_ife_1_clk_src: set OPP pair(950000000 Hz: 385 uV) on acb6000.qcom,vfe1
[    0.324793] cam_cc_ife_1_csid_clk_src: set OPP pair(19200000 Hz: 49 uV) on acba000.qcom,csid1
[    0.324888] cam_cc_ife_1_csid_clk_src: set OPP pair(600000000 Hz: 257 uV) on acba000.qcom,csid1
[    0.325002] cam_cc_ife_lite_0_clk_src: set OPP pair(19200000 Hz: 49 uV) on acc4000.qcom,vfe-lite0
[    0.325099] cam_cc_ife_lite_0_clk_src: set OPP pair(600000000 Hz: 257 uV) on acc4000.qcom,vfe-lite0
[    0.325198] cam_cc_ife_lite_0_csid_clk_src: set OPP pair(19200000 Hz: 49 uV) on acc8000.qcom,csid-lite0
[    0.325276] cam_cc_ife_lite_0_csid_clk_src: set OPP pair(600000000 Hz: 257 uV) on acc8000.qcom,csid-lite0
[    0.325363] cam_cc_ife_lite_1_clk_src: set OPP pair(19200000 Hz: 49 uV) on accb000.qcom,vfe-lite1
[    0.325466] cam_cc_ife_lite_1_clk_src: set OPP pair(600000000 Hz: 257 uV) on accb000.qcom,vfe-lite1
[    0.325564] cam_cc_ife_lite_1_csid_clk_src: set OPP pair(19200000 Hz: 49 uV) on accf000.qcom,csid-lite1
[    0.325638] cam_cc_ife_lite_1_csid_clk_src: set OPP pair(600000000 Hz: 257 uV) on accf000.qcom,csid-lite1
[    0.325816] cam_cc_ipe_0_clk_src: set OPP pair(19200000 Hz: 49 uV) on ac87000.qcom,ipe0
[    0.325915] cam_cc_ipe_0_clk_src: set OPP pair(600000000 Hz: 257 uV) on ac87000.qcom,ipe0
[    0.327000] cam_cc-sm8150 ad00000.qcom,camcc: Registered CAM CC clocks
[    0.327241] register_client_adhoc:find path.src 1 dest 590
[    0.327325] register_client_adhoc:Client handle 24 clk_dispcc_debugfs
[    0.327350] PLL is already enabled. Skipping configuration.
[    0.329350] disp_cc-sm8150 af00000.qcom,dispcc: Registered Display CC clocks
[    0.331059] npu_cc-sm8150 9910000.qcom,npucc: Registered NPU CC clocks
[    0.331195] register_client_adhoc:find path.src 1 dest 596
[    0.331277] register_client_adhoc:Client handle 25 clk_videocc_debugfs
[    0.331619] video_cc-sm8150 ab00000.qcom,videocc: Registered Video CC clocks
[    0.331739] ipa ipa3_smp2p_probe:7745 fail to get smp2p clk resp bit -517
[    0.331899] pci-msm 1c08000.qcom,pcie: could not find pctldev for node /soc/qcom,spmi@c440000/qcom,pm8150l@4/pinctrl@c000/pcie1_pm8150l_perst_default, deferring probe
[    0.332291] clocksource: Switched to clocksource arch_sys_counter
[    0.356828] VFS: Disk quotas dquot_6.6.0
[    0.356910] VFS: Dquot-cache hash table entries: 512 (order 0, 4096 bytes)
[    0.357222] mdss_pll_probe: MDSS pll label = MDSS DSI 0 PLL
[    0.357229] mdss_pll_probe: mdss_pll_probe: label=MDSS DSI 0 PLL PLL SSC enabled
[    0.357635] mdss_pll ae94900.qcom,mdss_dsi_pll: Failed to create debugfs directory
[    0.357643] mdss_pll ae94900.qcom,mdss_dsi_pll: Failed to create debugfs directory
[    0.357653] mdss_pll ae94900.qcom,mdss_dsi_pll: Failed to create debugfs directory
[    0.357662] mdss_pll ae94900.qcom,mdss_dsi_pll: Failed to create debugfs directory
[    0.357671] mdss_pll ae94900.qcom,mdss_dsi_pll: Failed to create debugfs directory
[    0.358356] dsi_pll_clock_register_7nm: Registered DSI PLL ndx=0, clocks successfully
[    0.358411] mdss_pll_probe: MDSS pll label = MDSS DSI 1 PLL
[    0.358417] mdss_pll_probe: mdss_pll_probe: label=MDSS DSI 1 PLL PLL SSC enabled
[    0.358515] mdss_pll ae96900.qcom,mdss_dsi_pll: Failed to create debugfs directory
[    0.358526] mdss_pll ae96900.qcom,mdss_dsi_pll: Failed to create debugfs directory
[    0.358534] mdss_pll ae96900.qcom,mdss_dsi_pll: Failed to create debugfs directory
[    0.358546] mdss_pll ae96900.qcom,mdss_dsi_pll: Failed to create debugfs directory
[    0.358551] mdss_pll ae96900.qcom,mdss_dsi_pll: Failed to create debugfs directory
[    0.363945] dsi_pll_clock_register_7nm: Registered DSI PLL ndx=1, clocks successfully
[    0.363981] mdss_pll_probe: MDSS pll label = MDSS DP PLL
[    0.363992] mdss_pll_util_parse_dt_supply: no supply entry present
[    0.367778] NET: Registered protocol family 2
[    0.368183] TCP established hash table entries: 65536 (order: 7, 524288 bytes)
[    0.368367] TCP bind hash table entries: 65536 (order: 8, 1048576 bytes)
[    0.369300] TCP: Hash tables configured (established 65536 bind 65536)
[    0.369458] UDP hash table entries: 4096 (order: 5, 131072 bytes)
[    0.369506] UDP-Lite hash table entries: 4096 (order: 5, 131072 bytes)
[    0.369681] NET: Registered protocol family 1
[    0.369712] PCI: CLS 0 bytes, default 128
[    0.369910] ipa ipa3_smp2p_probe:7745 fail to get smp2p clk resp bit -517
[    0.370079] pci-msm 1c08000.qcom,pcie: could not find pctldev for node /soc/qcom,spmi@c440000/qcom,pm8150l@4/pinctrl@c000/pcie1_pm8150l_perst_default, deferring probe
[    0.370335] Trying to unpack rootfs image as initramfs...
[    0.502519] Freeing initrd memory: 10416K
[    0.504163] hw perfevents: enabled with armv8_pmuv3 PMU driver, 7 counters available
[    0.508464] audit: initializing netlink subsys (disabled)
[    0.508623] audit: type=2000 audit(0.506:1): state=initialized audit_enabled=0 res=1
[    0.508996] workingset: timestamp_bits=45 max_order=21 bucket_order=0
[    0.510862] Registering sdcardfs 0.1
[    0.510973] fuse init (API version 7.26)
[    0.511203] SELinux:  Registering netfilter hooks
[    0.511475] pfk_ext4 [pfk_ext4_init]: PFK EXT4 inited successfully
[    0.511482] pfk_f2fs [pfk_f2fs_init]: PFK F2FS inited successfully
[    0.511490] pfk [pfk_init]: Driver initialized successfully
[    0.514001] io scheduler noop registered
[    0.514008] io scheduler deadline registered
[    0.514118] io scheduler cfq registered (default)
[    0.514123] io scheduler mq-deadline registered
[    0.514128] io scheduler kyber registered
[    0.523754] iommu: Adding device 800000.qcom,gpi-dma to group 7
[    0.527245] iommu: Adding device a00000.qcom,gpi-dma to group 8
[    0.530580] iommu: Adding device c00000.qcom,gpi-dma to group 9
[    0.536631] iommu: Adding device 18800000.qcom,icnss to group 10
[    0.536672] register_client_adhoc:find path.src 125 dest 512
[    0.536975] register_client_adhoc:Client handle 26 scm_pas
[    0.537506] minidump-id not found for adsp
[    0.537761] minidump-id not found for slpi
[    0.538021] minidump-id not found for spss
[    0.538163] minidump-id not found for npu
[    0.538175] subsys-pil-tz 9800000.qcom,npu: for npu segments only will be dumped.
[    0.538189] subsys-pil-tz 9800000.qcom,npu: for md_npu segments only will be dumped.
[    0.538322] register_client_adhoc:find path.src 154 dest 10070
[    0.538356] register_client_adhoc:Client handle 27 pil-cdsp
[    0.538368] minidump-id not found for cdsp
[    0.538664] register_client_adhoc:find path.src 63 dest 512
[    0.538749] register_client_adhoc:Client handle 28 pil-venus
[    0.538758] minidump-id not found for venus
[    0.538973] minidump-id not found for ipa_fws
[    0.538986] subsys-pil-tz soc:qcom,ipa_fws: for ipa_fws segments only will be dumped.
[    0.539002] subsys-pil-tz soc:qcom,ipa_fws: for md_ipa_fws segments only will be dumped.
[    0.539216] minidump-id not found for a640_zap
[    0.539225] subsys-pil-tz soc:qcom,kgsl-hyp: for a640_zap segments only will be dumped.
[    0.539239] subsys-pil-tz soc:qcom,kgsl-hyp: for md_a640_zap segments only will be dumped.
[    0.539318] minidump-id not found for faceauth
[    0.539327] subsys-pil-tz soc:qcom,faceauth_fws: for faceauth segments only will be dumped.
[    0.539342] subsys-pil-tz soc:qcom,faceauth_fws: for md_faceauth segments only will be dumped.
[    0.539403] minidump-id not found for faceauth_b
[    0.539411] subsys-pil-tz soc:qcom,faceauth_fws_b: for faceauth_b segments only will be dumped.
[    0.539432] subsys-pil-tz soc:qcom,faceauth_fws_b: for md_faceauth_b segments only will be dumped.
[    0.539533] spcom: spcom_init: spcom driver version 2.1 23-April-2018.
[    0.542147] smp2p_sleepstate soc:qcom,smp2p_sleepstate: got smp2p-sleepstate-in irq 540
[    0.544671] modemsmem soc:modemsmem: Get modem_flag node failed
[    0.546676] msm_geni_serial a90000.qcom,qup_uart: Serial port0 added.FifoSize 64 is_console1
[    0.546774] a90000.qcom,qup_uart: ttyMSM0 at MMIO 0xa90000 (irq = 492, base_baud = 0) is a MSM
[    0.547675] msm_geni_serial c8c000.qcom,qup_uart: Wakeup byte 0xfd
[    0.547759] msm_geni_serial c8c000.qcom,qup_uart: Serial port0 added.FifoSize 64 is_console0
[    0.548076] c8c000.qcom,qup_uart: ttyHS0 at MMIO 0xc8c000 (irq = 493, base_baud = 0) is a MSM
[    0.548285] msm_geni_serial_init: Driver initialized
[    0.548625] register_client_adhoc:find path.src 1 dest 618
[    0.548740] register_client_adhoc:Client handle 29 msm-rng-noc
[    0.553059] random: crng init done
[    0.553649] icnss 18800000.qcom,icnss: for wcss_msa0 segments only will be dumped.
[    0.553808] icnss: Platform driver probed successfully
[    0.554151] diag: MUX: unable to register pcie operations for proc: 0, err: -22
[    0.554158] diag: MUX: unable to register PCIe operations, continuing with USB registrations for proc: 0, err: -22
[    0.579100] diag: Unable to initialize POOL_COPY mempool, itemsize: 0 poolsize: 0
[    0.579163] diag: MUX: unable to register pcie operations for proc: 1, err: -22
[    0.579170] diag: MUX: unable to register PCIe operations, continuing with USB registrations for proc: 1, err: -22
[    0.580235] register_client_adhoc:find path.src 20003 dest 20515
[    0.580351] register_client_adhoc:find path.src 20004 dest 20515
[    0.580383] register_client_adhoc:Client handle 30 disp_rsc_mnoc
[    0.580400] register_client_adhoc:find path.src 20001 dest 20513
[    0.580437] register_client_adhoc:Client handle 31 disp_rsc_llcc
[    0.580452] register_client_adhoc:find path.src 20000 dest 20512
[    0.580480] register_client_adhoc:Client handle 32 disp_rsc_ebi
[    0.580780] [sde_rsc_hw:rsc_hw_init:781]: sde rsc init successfully done
[    0.580822] [sde_rsc:sde_rsc_probe:1492]: sde rsc index:0 probed successfully
[    0.581484] dsi_phy ae94400.qcom,mdss_dsi_phy0: failed to get memory resource: dyn_refresh_base
[    0.581588] dsi_phy ae94400.qcom,mdss_dsi_phy0: ae94400.qcom,mdss_dsi_phy0 supply gdsc not found, using dummy regulator
[    0.581657] msm-dsi-phy:[dsi_phy_driver_probe] Probe successful for dsi-phy-0
[    0.581675] dsi_phy ae96400.qcom,mdss_dsi_phy0: failed to get memory resource: dyn_refresh_base
[    0.581691] dsi_phy ae96400.qcom,mdss_dsi_phy0: ae96400.qcom,mdss_dsi_phy0 supply gdsc not found, using dummy regulator
[    0.581731] msm-dsi-phy:[dsi_phy_driver_probe] Probe successful for dsi-phy-1
[    0.582053] AXI: get_pdata(): Error: Client name not found
[    0.582060] AXI: msm_bus_cl_get_pdata(): client has to provide missing entry for successful registration
[    0.582069] dsi-ctrl:[dsi_ctrl_dev_probe] Probe successful for dsi-ctrl-0
[    0.582143] AXI: get_pdata(): Error: Client name not found
[    0.582148] AXI: msm_bus_cl_get_pdata(): client has to provide missing entry for successful registration
[    0.582154] dsi-ctrl:[dsi_ctrl_dev_probe] Probe successful for dsi-ctrl-1
[    0.582547] OF: graph: no port node found in /soc/qcom,dsi-display-primary
[    0.582608] msm-dsi-panel:[dsi_panel_parse_qsync_caps:1418] [nt37280 amoled 5.68 cmd mode panel] qsync min fps not defined rc:-22
[    0.582618] msm-dsi-panel:[dsi_panel_get:3328] failed to parse qsync features, rc=-22
[    0.582643] msm-dsi-panel:[dsi_panel_parse_reset_sequence:2089] RESET SEQ LENGTH = 24
[    0.582682] dsi_panel_bl_parse_hbm:1307: Unable to parse optional dsi-hbm-exit-command
[    0.582695] dsi_panel_bl_parse_hbm_node:1045: Unable to parse optional dsi-hbm-range-entry-command
[    0.582706] msm-dsi-panel:[dsi_panel_parse_misc_features:2141] dsi_panel_parse_misc_features: ulps feature disabled
[    0.582713] msm-dsi-panel:[dsi_panel_parse_misc_features:2147] dsi_panel_parse_misc_features: ulps during suspend feature disabled
[    0.583231] iommu: Adding device ae00000.qcom,mdss_mdp to group 11
[    0.584512] register_client_adhoc:find path.src 1 dest 590
[    0.584991] register_client_adhoc:Client handle 33 mdss_reg
[    0.585043] register_client_adhoc:find path.src 22 dest 512
[    0.585349] register_client_adhoc:find path.src 23 dest 512
[    0.585650] register_client_adhoc:Client handle 34 mdss_sde
[    0.585843] [drm:sde_dbg_init:5193] evtlog_status: enable:0, panic:1, dump:2
[    0.585934] msm_drm ae00000.qcom,mdss_mdp: bound af20000.qcom,sde_rscc (ops sde_rsc_comp_ops)
[    0.585935] iommu: Adding device 2c6a000.qcom,gmu:gmu_user to group 12
[    0.585961] msm_drm ae00000.qcom,mdss_mdp: bound soc:qcom,wb-display@0 (ops sde_wb_comp_ops)
[    0.586544] iommu: Adding device 2c6a000.qcom,gmu:gmu_kernel to group 13
[    0.587387] msm-dsi-display:[dsi_display_bind] Successfully bind display panel 'dsi_nt37280_2b8t_cmd_display'
[    0.588084] genirq: irq_chip msmgpio-dc did not update eff. affinity mask of irq 185
[    0.588160] msm_drm ae00000.qcom,mdss_mdp: bound soc:qcom,dsi-display-primary (ops dsi_display_comp_ops)
[    0.588216] [drm] mapped mdp address space @ffffff800ce00000
[    0.588263] msm_drm ae00000.qcom,mdss_mdp: failed to get memory resource: vbif_nrt_phys
[    0.588326] [drm:_sde_kms_get_splash_data:3431] splash mem num_regions:1
[    0.588367] [drm:_sde_kms_get_splash_data:3466] splash mem for disp:1 add:9c400000 size:2400000
[    0.588871] brd: module loaded
[    0.589654] [drm:sde_kms_hw_init:3599] sde hardware revision:0x50000001
[    0.591155] [drm] Created domain mdp_ns [20000,fffe0000] secure=0
[    0.593846] loop: module loaded
[    0.593973] zram: Added device: zram0
[    0.598592] iommu: Adding device ae00000.qcom,mdss_mdp:qcom,smmu_sde_sec_cb to group 14
[    0.598688] [drm] probing device qcom,smmu_sde_sec
[    0.598713] [drm] Created domain mdp_s [20000,fffe0000] secure=1
[    0.598895] abc,airbrush-sm soc:abc-sm: Could not get pmic_soc_pwrgood gpio (-517), PMIC driver may not be probed yet
[    0.600715] register_client_adhoc:find path.src 26 dest 512
[    0.600869] register_client_adhoc:Client handle 35 grp3d
[    0.600885] register_client_adhoc:find path.src 26 dest 10036
[    0.600978] register_client_adhoc:Client handle 36 cnoc
[    0.600989] query_client_usecase_all: query_start
[    0.601014] query_client_usecase_all: query_start
[    0.602039] iommu: Adding device 2ca0000.qcom,kgsl-iommu:gfx3d_user to group 15
[    0.602068] Allocated Major device number 507
[    0.602169] iommu: Adding device 2ca0000.qcom,kgsl-iommu:gfx3d_secure to group 16
[    0.602396] Allocated Major device number 506
[    0.603258] QSEECOM: qseecom_probe: qseecom.qsee_version = 0x1400000
[    0.607084] QSEECOM: qseecom_retrieve_ce_data: Device does not support PFE
[    0.607090] QSEECOM: qseecom_probe: no-clock-support=0x1
[    0.607096] QSEECOM: qseecom_probe: qseecom.qsee_reentrancy_support = 2
[    0.607237] QSEECOM: qseecom_probe: qseecom.whitelist_support = 1
[    0.607947] misc access-metadata: registered 'metadata' 10:58, (1000@0x00000000a4bff000)
[    0.607986] misc access-ramoops: registered 'ramoops' 10:57, (200000@0x00000000a49ff000)
[    0.608323] st21nfc_dev_init: Loading st21nfc driver (version 2.0.14)
[    0.608555] iommu: Adding device 1de0000.qcedev to group 17
[    0.608707] register_client_adhoc:find path.src 125 dest 512
[    0.608986] register_client_adhoc:Client handle 37 qcedev-noc
[    0.609292] QCE50: __qce_get_device_tree_data: CE operating frequency is not defined, setting to default 100MHZ
[    0.610657] qce 1de0000.qcedev: QTI Crypto 5.4.2 device found @0x1de0000
[    0.610964] sps:BAM 0x0000000001dc4000 is registered.
[    0.611152] sps:BAM 0x0000000001dc4000 (va:0xffffff800de80000) enabled: ver:0x27, number of pipes:16
[    0.611433] QCE50: qce_sps_init:  QTI MSM CE-BAM at 0x0000000001dc4000 irq 115
[    0.612044] iommu: Adding device 1de0000.qcedev:qcom_cedev_ns_cb to group 18
[    0.612922] qcedev_setup_context_bank Attached 1de0000.qcedev:qcom_cedev_ns_cb and create mapping
[    0.612930] qcedev_setup_context_bank Context Bank name:ns_context, is_secure:0, start_addr:0x60000000
[    0.613051] iommu: Adding device 1de0000.qcedev:qcom_cedev_s_cb to group 19
[    0.615500] [drm] Supports vblank timestamp caching Rev 2 (21.10.2013).
[    0.615513] [drm] No driver support for vblank timestamp query.
[    0.615598] qcedev_setup_context_bank Attached 1de0000.qcedev:qcom_cedev_s_cb and create mapping
[    0.615605] qcedev_setup_context_bank Context Bank name:secure_context, is_secure:1, start_addr:0xa0000000
[    0.617239] [drm] Initialized msm_drm 1.2.0 20130625 for ae00000.qcom,mdss_mdp on minor 0
[    0.617426] msm-dsi-panel:[dsi_panel_parse_timing:684] qcom,mdss-dsi-h-sync-skew is not defined, rc=-22
[    0.617486] msm-dsi-panel:[dsi_panel_parse_topology:2770] override topology: cfg:0 lm:2 comp_enc:2 intf:1
[    0.617631] msm-dsi-panel:[dsi_panel_parse_partial_update_caps:2892] partial update num_rois=1 enabled=1
[    0.617651] msm-dsi-panel:[dsi_panel_parse_roi_alignment:2846] roi alignment: [1080, 1080, 20, 20, 1080, 20]
[    0.617678] msm-dsi-panel:[dsi_panel_parse_timing:684] qcom,mdss-dsi-h-sync-skew is not defined, rc=-22
[    0.617715] msm-dsi-panel:[dsi_panel_parse_topology:2792] default topology: lm: 2 comp_enc:2 intf: 1
[    0.617752] iommu: Adding device 1de0000.qcrypto to group 20
[    0.617802] msm-dsi-panel:[dsi_panel_parse_partial_update_caps:2892] partial update num_rois=1 enabled=1
[    0.617815] msm-dsi-panel:[dsi_panel_parse_roi_alignment:2846] roi alignment: [1080, 1080, 20, 20, 1080, 20]
[    0.617862] register_client_adhoc:find path.src 125 dest 512
[    0.618117] register_client_adhoc:Client handle 38 qcrypto-noc
[    0.618270] dsi-ctrl:[_dsi_ctrl_setup_isr] [DSI_0] IRQ 541 registered
[    0.618326] QCE50: __qce_get_device_tree_data: CE operating frequency is not defined, setting to default 100MHZ
[    0.619606] qcrypto 1de0000.qcrypto: QTI Crypto 5.4.2 device found @0x1de0000
[    0.619995] QCE50: qce_sps_init:  QTI MSM CE-BAM at 0x0000000001dc4000 irq 115
[    0.620339] qcrypto 1de0000.qcrypto: qcrypto-ecb-aes
[    0.620411] qcrypto 1de0000.qcrypto: qcrypto-cbc-aes
[    0.620493] qcrypto 1de0000.qcrypto: qcrypto-ctr-aes
[    0.620534] qcrypto 1de0000.qcrypto: qcrypto-ecb-des
[    0.620587] qcrypto 1de0000.qcrypto: qcrypto-cbc-des
[    0.620643] qcrypto 1de0000.qcrypto: qcrypto-ecb-3des
[    0.620692] qcrypto 1de0000.qcrypto: qcrypto-cbc-3des
[    0.620740] qcrypto 1de0000.qcrypto: qcrypto-xts-aes
[    0.620788] qcrypto 1de0000.qcrypto: qcrypto-sha1
[    0.620838] qcrypto 1de0000.qcrypto: qcrypto-sha256
[    0.620885] qcrypto 1de0000.qcrypto: qcrypto-aead-hmac-sha1-cbc-aes
[    0.620930] qcrypto 1de0000.qcrypto: qcrypto-aead-hmac-sha1-cbc-des
[    0.620977] qcrypto 1de0000.qcrypto: qcrypto-aead-hmac-sha1-cbc-3des
[    0.621062] qcrypto 1de0000.qcrypto: qcrypto-aead-hmac-sha256-cbc-aes
[    0.621141] qcrypto 1de0000.qcrypto: qcrypto-aead-hmac-sha256-cbc-des
[    0.621218] qcrypto 1de0000.qcrypto: qcrypto-aead-hmac-sha256-cbc-3des
[    0.621288] qcrypto 1de0000.qcrypto: qcrypto-hmac-sha1
[    0.621362] qcrypto 1de0000.qcrypto: qcrypto-hmac-sha256
[    0.621503] qcrypto 1de0000.qcrypto: qcrypto-aes-ccm
[    0.621571] qcrypto 1de0000.qcrypto: qcrypto-rfc4309-aes-ccm
[    0.622764] ufshcd-qcom 1d84000.ufshc: ufshcd_populate_vreg: Unable to find vccq-supply regulator, assuming enabled
[    0.622777] ufshcd-qcom 1d84000.ufshc: no vccq2-voltage-level property.
[    0.624982] qcom_ice_get_pdevice: found ice device fffffff42ffc7c00
[    0.624987] qcom_ice_get_pdevice: matching platform device fffffff4339a1000
[    0.625136] register_client_adhoc:find path.src 123 dest 512
[    0.625359] register_client_adhoc:find path.src 1 dest 757
[    0.625445] register_client_adhoc:Client handle 39 ufshc_mem
[    0.628410] scsi host0: ufshcd
[    0.632970] qcom_ice 1d90000.ufsice: QC ICE 3.1.79 device found @0xffffff80114d0000
[    0.642253] qcom-spmi-gpio c440000.qcom,spmi:qcom,pm8150@0:pinctrl@c000: function 'gpio' not supported
[    0.642261] qcom-spmi-gpio c440000.qcom,spmi:qcom,pm8150@0:pinctrl@c000: invalid function gpio in map table
[    0.644226] iaxxx-spi spi5.0: sensor-port: 1
[    0.644243] iaxxx-spi spi5.0: iaxxx_populate_ext_clock_pdata: Got iaxxx_clk from pmic -50764338304
[    0.660261] ufshcd-qcom 1d84000.ufshc: ufshcd_print_pwr_info:[RX, TX]: gear=[1, 1], lane[1, 1], pwr[SLOWAUTO_MODE, SLOWAUTO_MODE], rate = 0
[    0.664692] iaxxx-spi spi5.0: iaxxx_ext_clk_ctl: mclk_en 1, cancel 0
[    0.664701] iaxxx-spi spi5.0: iaxxx_populate_dt_regulator() property adnc,vdd-io-supply not found.
[    0.665835] iaxxx_dfs_add_regmap:597: Adding register map debugfs for spi5.0
[    0.665840] iaxxx_dfs_create_fs:523: Creating IAxxx debugfs file-system
[    0.667212] Ethernet Channel Bonding Driver: v3.7.1 (April 27, 2011)
[    0.669072] libphy: Fixed MDIO Bus: probed
[    0.669080] tun: Universal TUN/TAP device driver, 1.6
[    0.669115] PPP generic driver version 2.4.2
[    0.669152] PPP BSD Compression module registered
[    0.669161] PPP Deflate Compression module registered
[    0.669210] PPP MPPE Compression module registered
[    0.669218] NET: Registered protocol family 24
[    0.669236] PPTP driver version 0.8.5
[    0.669804] CLD80211: Initializing
[    0.669930] usbcore: registered new interface driver rtl8150
[    0.669946] usbcore: registered new interface driver r8152
[    0.669960] usbcore: registered new interface driver asix
[    0.669972] usbcore: registered new interface driver ax88179_178a
[    0.669982] usbcore: registered new interface driver cdc_ether
[    0.669996] usbcore: registered new interface driver cdc_ncm
[    0.675468] msm_sharedmem: msm_sharedmem_probe: Device created for client 'rmtfs'
[    0.676656] msm-usb-ssphy-qmp 88e8000.ssphy: failed to get phandle for msm_ssphy_qmp
[    0.677702] iommu: Adding device a600000.ssusb to group 21
[    0.680954] dwc3 a600000.dwc3: changing max_speed on rev 00000000
[    0.682156] msm-dwc3 a600000.ssusb: unable to get ssphy device
[    0.684592] usbcore: registered new interface driver usb-storage
[    0.684613] usbcore: registered new interface driver usb_ehset_test
[    0.684624] usbcore: registered new interface driver lvs
[    0.687486] logbuffer:  id:usbpd registered
[    0.687574] usbpd0: Can't find vbus-supply
[    0.687663] logbuffer:  id:usbpd unregistered
[    0.687672] qpnp-pdphy c440000.qcom,spmi:qcom,pm8150b@2:qcom,usb-pdphy@1700: usbpd_create failed: -517
[    0.688202] usbcore: registered new interface driver xpad
[    0.688210] [sec_input] sec_ts_init
[    0.688668] keydebug_parse_dt: DT:key_down_delay=7000 dbg_fn_delay=2500 keys_down num_keys=1
[    0.688674] keydebug_parse_dt: DT:keys_down=116
[    0.689453] qcom,qpnp-rtc c440000.qcom,spmi:qcom,pm8150@0:qcom,pm8150_rtc: rtc core: registered qpnp_rtc as rtc0
[    0.689625] i2c /dev entries driver
[    0.690131] sde_mdp_parse_dt_prop_len: <SDEROT_INFO> prop qcom,mdss-inline-rot-qos-lut : doesn't exist in device tree
[    0.690136] sde_mdp_parse_dt_prop_len: <SDEROT_INFO> prop qcom,mdss-inline-rot-danger-lut : doesn't exist in device tree
[    0.690141] sde_mdp_parse_dt_prop_len: <SDEROT_INFO> prop qcom,mdss-inline-rot-safe-lut : doesn't exist in device tree
[    0.690237] register_client_adhoc:find path.src 1 dest 590
[    0.690459] register_client_adhoc:Client handle 40 sde_reg
[    0.690784] register_client_adhoc:find path.src 25 dest 512
[    0.690883] register_client_adhoc:Client handle 41 mdss_rotator
[    0.690891] register_client_adhoc:find path.src 1 dest 590
[    0.690969] register_client_adhoc:Client handle 42 mdss_rot_reg
[    0.691362] No change in context(0==0), skip
[    0.692417] sde_rotator_evtlog_create_debugfs: evtlog_status: enable:0, panic:1, dump:2
[    0.693230] sde_rotator ae00000.qcom,mdss_rotator: <SDEROT_INFO> SDE v4l2 rotator probe success
[    0.694218] iommu: Adding device ae00000.qcom,mdss_rotator:qcom,smmu_rot_unsec_cb to group 22
[    0.694282] sde_smmu_probe: <SDEROT_INFO> iommu v2 domain[0] mapping and clk register successful!
[    0.694312] iommu: Adding device ae00000.qcom,mdss_rotator:qcom,smmu_rot_sec_cb to group 23
[    0.694341] sde_smmu_probe: <SDEROT_INFO> iommu v2 domain[1] mapping and clk register successful!
[    0.694462] iommu: Adding device 9800000.qcom,msm_npu to group 24
[    0.694599] msm_npu: unable to get qfprom_physical resource
[    0.698417] iommu: Adding device aa00000.qcom,vidc:non_secure_cb to group 25
[    0.699012] iommu: Adding device aa00000.qcom,vidc:secure_non_pixel_cb to group 26
[    0.701308] iommu: Adding device aa00000.qcom,vidc:secure_bitstream_cb to group 27
[    0.702738] iommu: Adding device aa00000.qcom,vidc:secure_pixel_cb to group 28
[    0.704213] platform aa00000.qcom,vidc:qcom,msm-vidc,mem_cdsp: assigned reserved memory node cdsp_region
[    0.705906] iommu: Adding device soc:qcom,cam_smmu:msm_cam_smmu_ife to group 29
[    0.706015] iommu: Adding device soc:qcom,cam_smmu:msm_cam_smmu_jpeg to group 30
[    0.706023] cs40l2x 4-0043: 4-0043 supply VA not found, using dummy regulator
[    0.706056] cs40l2x 4-0043: 4-0043 supply VP not found, using dummy regulator
[    0.706059] platform soc:qcom,cam_smmu:msm_cam_icp_fw: assigned reserved memory node camera_region
[    0.706190] iommu: Adding device soc:qcom,cam_smmu:msm_cam_smmu_icp to group 31
[    0.706390] iommu: Adding device soc:qcom,cam_smmu:msm_cam_smmu_cpas_cdm to group 32
[    0.706507] iommu: Adding device soc:qcom,cam_smmu:msm_cam_smmu_fd to group 33
[    0.706584] iommu: Adding device soc:qcom,cam_smmu:msm_cam_smmu_lrme to group 34
[    0.708509] register_client_adhoc:find path.src 1 dest 589
[    0.708727] register_client_adhoc:Client handle 43 cam_ahb
[    0.708892] register_client_adhoc:find path.src 136 dest 512
[    0.708966] register_client_adhoc:Client handle 44 cam_hf_1_mnoc
[    0.709082] register_client_adhoc:find path.src 146 dest 778
[    0.709105] register_client_adhoc:Client handle 45 cam_hf_1_camnoc
[    0.709191] register_client_adhoc:find path.src 145 dest 512
[    0.709257] register_client_adhoc:Client handle 46 cam_hf_2_mnoc
[    0.709368] register_client_adhoc:find path.src 147 dest 778
[    0.709387] register_client_adhoc:Client handle 47 cam_hf_2_camnoc
[    0.709467] register_client_adhoc:find path.src 137 dest 512
[    0.709545] register_client_adhoc:Client handle 48 cam_sf_1_mnoc
[    0.709644] register_client_adhoc:find path.src 148 dest 778
[    0.709664] register_client_adhoc:Client handle 49 cam_sf_1_camnoc
[    0.710845] spi_geni a8c000.spi: proto 1
[    0.711658] spi_geni a8c000.spi: tx_fifo 16 rx_fifo 32 tx_width 32
[    0.715648] CAM_INFO: CAM-CPAS: cam_cpas_hw_start: 1019 AXI client=[17][cpas-cdm][0] comp[1024], comp_ab[1024], uncomp[1024]
[    0.717892] CAM_WARN: CAM-ISP: cam_vfe_top_ver2_init: 850 Invalid mux type: 0
[    0.717960] CAM_ERR: CAM-ISP: cam_vfe_bus_rd_ver1_init: 1082 Inval_prms soc_info:fffffff429dec050 hw_intf:fffffff42b3cec80 hw_info0000000000000000
[    0.717968] CAM_ERR: CAM-ISP: cam_vfe_bus_rd_ver1_init: 1083 controller: fffffff429df2200
[    0.717974] CAM_ERR: CAM-ISP: cam_vfe_core_init: 860 Error! RD cam_vfe_bus_init failed
[    0.718127] CAM_INFO: CAM-CPAS: cam_cpas_hw_start: 1019 AXI client=[10][ife][0] comp[10640000000], comp_ab[10640000000], uncomp[10640000000]
[    0.720315] CAM_WARN: CAM-ISP: cam_vfe_top_ver2_init: 850 Invalid mux type: 0
[    0.720351] CAM_ERR: CAM-ISP: cam_vfe_bus_rd_ver1_init: 1082 Inval_prms soc_info:fffffff429ded050 hw_intf:fffffff42a510a80 hw_info0000000000000000
[    0.720355] CAM_ERR: CAM-ISP: cam_vfe_bus_rd_ver1_init: 1083 controller: fffffff429df2f00
[    0.720359] CAM_ERR: CAM-ISP: cam_vfe_core_init: 860 Error! RD cam_vfe_bus_init failed
[    0.720447] CAM_INFO: CAM-CPAS: cam_cpas_hw_start: 1019 AXI client=[11][ife][1] comp[10640000000], comp_ab[10640000000], uncomp[10640000000]
[    0.722462] CAM_ERR: CAM-UTIL: cam_soc_util_get_option_clk_by_name: 525 No clk named ife_dsp_clk found. Dev vfe2
[    0.722464] CAM_WARN: CAM-ISP: cam_vfe_init_soc_resources: 109 Option clk get failed with rc -14
[    0.722523] CAM_WARN: CAM-ISP: cam_vfe_top_ver2_init: 850 Invalid mux type: 0
[    0.722526] CAM_WARN: CAM-ISP: cam_vfe_top_ver2_init: 850 Invalid mux type: 0
[    0.722636] CAM_INFO: CAM-CPAS: cam_cpas_hw_start: 1019 AXI client=[12][ife][2] comp[10640000000], comp_ab[10640000000], uncomp[10640000000]
[    0.724046] CAM_ERR: CAM-UTIL: cam_soc_util_get_option_clk_by_name: 525 No clk named ife_dsp_clk found. Dev vfe3
[    0.724049] CAM_WARN: CAM-ISP: cam_vfe_init_soc_resources: 109 Option clk get failed with rc -14
[    0.724087] CAM_WARN: CAM-ISP: cam_vfe_top_ver2_init: 850 Invalid mux type: 0
[    0.724089] CAM_WARN: CAM-ISP: cam_vfe_top_ver2_init: 850 Invalid mux type: 0
[    0.724194] CAM_INFO: CAM-CPAS: cam_cpas_hw_start: 1019 AXI client=[13][ife][3] comp[10640000000], comp_ab[10640000000], uncomp[10640000000]
[    0.726607] CAM_INFO: CAM-ISP: cam_isp_dev_probe: 197 Camera ISP probe complete
[    0.727920] lm36011 ac4a000.qcom,cci:qcom,cam-led-laser-flood@64: wait for cci driver probe
[    0.728043] lm36011 ac4a000.qcom,cci:qcom,cam-led-laser-dot@64: wait for cci driver probe
[    0.728098] CAM_INFO: CAM: cam_res_mgr_probe: 690 Disable shared gpio support.
[    0.730589] CAM_ERR: CAM-CCI: cam_cci_platform_probe: 406 Device Type :0
[    0.730995] vd6281 ac4b000.qcom,cci:st,rainbow@20: wait for cci driver probe
[    0.731047] CAM_INFO: CAM: cam_res_mgr_probe: 690 Disable shared gpio support.
[    0.731507] CAM_ERR: CAM-CCI: cam_cci_platform_probe: 406 Device Type :1
[    0.731822] cs40l2x 4-0043: Cirrus Logic CS40L25A revision B1
[    0.732578] CAM_INFO: CAM-ACTUATOR: cam_actuator_parse_dt: 69 No GPIO found
[    0.732598] CAM_INFO: CAM-ACTUATOR: cam_actuator_parse_dt: 69 No GPIO found
[    0.733743] CAM_INFO: CAM-OIS: cam_ois_get_dt_data: 58 ois version 2
[    0.733748] CAM_INFO: CAM-OIS: cam_ois_get_dt_data: 61 No GPIO found
[    0.733763] CAM_INFO: CAM-OIS: cam_ois_get_dt_data: 58 ois version 2
[    0.733769] CAM_INFO: CAM-OIS: cam_ois_get_dt_data: 61 No GPIO found
[    0.736992] i2c_geni c84000.i2c: Bus frequency not specified, default to 400KHz.
[    0.737568] CAM_INFO: CAM-JPEG: cam_jpeg_dev_probe: 170 Camera JPEG probe complete
[    0.738307] CAM_INFO: CAM-CPAS: cam_cpas_hw_start: 1019 AXI client=[22][fd][0] comp[7200000], comp_ab[7200000], uncomp[7200000]
[    0.742040] CAM_INFO: CAM-CPAS: cam_cpas_hw_start: 1019 AXI client=[23][lrmecpas][0] comp[7200000], comp_ab[7200000], uncomp[7200000]
[    0.742886] CAM_INFO: CAM-CPAS: cam_cpas_hw_start: 1019 AXI client=[16][cam-cdm-intf][0] comp[1024], comp_ab[1024], uncomp[1024]
[    0.744602] Couldn't parse device tree rc=-517
[    0.744749] google_charger: charging profile in the battery
[    0.745167] max1720x 2-0036: device gauge_type: 0 shadow_override=1
[    0.745219] logbuffer:  id:pps registered
[    0.745431] power_supply battery: Not all required supplies found, defer probe
[    0.745441] google,battery soc:google,battery: Couldn't register as power supply, ret=-517
[    0.745584] (NULL device *): hwmon_device_register() is deprecated. Please convert the driver to use hwmon_device_register_with_info().
[    0.745665] sm8150_bms: bias_code[0]: 0x169c
[    0.745697] sm8150_bms: bias_code[1]: 0x387f
[    0.745727] sm8150_bms: bias_code[2]: 0x56eb
[    0.745733] sm8150_bms: bias_id: 1 bias_code: 0x387f
[    0.745738] sm8150_bms: batt_id = 100100
[    0.745754] sm8150_bms: node qpnp,fg PMIC subtype 32 Digital major 2
[    0.745877] (NULL device *): hwmon_device_register() is deprecated. Please convert the driver to use hwmon_device_register_with_info().
[    0.745884] logbuffer:  id:batt_ce registered
[    0.747093] sm8150_bms: BMS driver probed successfully
[    0.747679] p9221 1-0061: enable gpio:1273
[    0.747687] p9221 1-0061: WLC_BPP_EPP_SLCT gpio:149 value=1
[    0.747696] p9221 1-0061: gpio:1266, gpio_irq:46
[    0.747705] p9221 1-0061: det gpio:150, det gpio_irq:319
[    0.747713] p9221 1-0061: dt fod: ab 29 8f 2e 99 1b 9d 13 a5 e9 b9 be 12 02 9a 12  (16)
[    0.747721] p9221 1-0061: dt fod_epp: b1 28 90 40 87 53 90 32 96 1b 9b 06 17 12 01 40  (16)
[    0.747728] p9221 1-0061: dt q_value:42
[    0.747734] p9221 1-0061: dt epp_rp_value: 22
[    0.747740] p9221 1-0061: dt needs_dcin_reset: 2
[    0.747748] p9221 1-0061: dt google,alignment_frequencies size = 5
[    0.747755] p9221 1-0061: google,alignment_hysteresis set to: 5000
[    0.747896] p9221 1-0061: Could not find DC_ICL votable
[    0.748072] i2c_geni 880000.i2c: i2c error :-107
[    0.748078] p9221 1-0061: i2c read error, reg:0, ret:-107 (-19)
[    0.748084] p9221 1-0061: Could not vote DC_ICL - no votable
[    0.748965] logbuffer:  id:wireless registered
[    0.748971] p9221 1-0061: P9221 Charger Driver Loaded
[    0.749747] max1720x 2-0036: device battery RID: 100100 kohm
[    0.752270] ufshcd-qcom 1d84000.ufshc: ufshcd_print_pwr_info:[RX, TX]: gear=[3, 3], lane[2, 2], pwr[FAST MODE, FAST MODE], rate = 2
[    0.753064] scsi 0:0:0:49488: Well-known LUN    MICRON   64GB-UFS-MT      8QSP PQ: 0 ANSI: 6
[    0.753499] sm8150_bms: MSC_PCS chg_state=1f410b701030011 [0x11:1:3:4279:500] chg=u
[    0.754077] scsi 0:0:0:49456: Well-known LUN    MICRON   64GB-UFS-MT      8QSP PQ: 0 ANSI: 6
[    0.754694] scsi 0:0:0:49476: Well-known LUN    MICRON   64GB-UFS-MT      8QSP PQ: 0 ANSI: 6
[    0.754809] bcl_pmic5:bcl_parse_devicetree_virtual_data Thermal zone not available yet
[    0.754813] max1720x 2-0036: max1720x maxim,nconvgcfg-temp-hysteresis = 10
[    0.754862] bcl_pmic5:bcl_parse_devicetree_virtual_data Thermal zone not available yet
[    0.755088] max1720x 2-0036: RSense value 5000 micro Ohm
[    0.755275] max1720x 2-0036: Config: 0x7214
[    0.755389] device-mapper: uevent: version 1.0.3
[    0.755405] scsi 0:0:0:0: Direct-Access     MICRON   64GB-UFS-MT      8QSP PQ: 0 ANSI: 6
[    0.755443] device-mapper: ioctl: 4.37.0-ioctl (2017-09-20) initialised: dm-devel@redhat.com
[    0.755466] max1720x 2-0036: IChgTerm: 140000
[    0.755656] max1720x 2-0036: VEmpty: VE=3200mV VR=3880mV
[    0.756037] max1720x 2-0036: cnts=0,0 dc=2800 cap_sta=5 cap_fad=4000 rcomp0=0x1078 tempco=0x223c
[    0.756044] scsi 0:0:0:1: Direct-Access     MICRON   64GB-UFS-MT      8QSP PQ: 0 ANSI: 6
[    0.756568] scsi 0:0:0:2: Direct-Access     MICRON   64GB-UFS-MT      8QSP PQ: 0 ANSI: 6
[    0.756669] bt_dt_parse_vreg_info: qca,bt-vdd-vl: is not provided in device tree
[    0.756674] bt_dt_parse_vreg_info: qca,bt-vdd-vm: is not provided in device tree
[    0.756677] bt_dt_parse_vreg_info: qca,bt-vdd-5c: is not provided in device tree
[    0.756693] bt_dt_parse_vreg_info: qca,bt-vdd-vh: is not provided in device tree
[    0.756696] bt_dt_parse_vreg_info: qca,bt-vdd-io: is not provided in device tree
[    0.756698] bt_dt_parse_vreg_info: qca,bt-vdd-xtal: is not provided in device tree
[    0.756706] bt_dt_parse_vreg_info: qca,bt-chip-pwd: is not provided in device tree
[    0.756711] bt_power_populate_dt_pinfo: bt-reset-gpio not provided in device tree
[    0.756715] bt_dt_parse_clk_info: clocks is not provided in device tree
[    0.756718] bt_power_populate_dt_pinfo: clock not provided in device tree
[    0.756782] max1720x 2-0036: Capacity restored to 2843
[    0.756785] max1720x 2-0036: QH value restored to 2252
[    0.756913] EDAC DEVICE0: Giving out device to module soc:kryo-erp controller cache: DEV soc:kryo-erp (INTERRUPT)
[    0.757160] qcom_llcc_erp 9200000.qcom,llcc:qcom,llcc-erp: No ECC IRQ; defaulting to polling mode
[    0.757169] EDAC DEVICE1: Giving out device to module 9200000.qcom,llcc:qcom,llcc-erp controller llcc: DEV 9200000.qcom,llcc:qcom,llcc-erp (POLLED)
[    0.757171] scsi 0:0:0:3: Direct-Access     MICRON   64GB-UFS-MT      8QSP PQ: 0 ANSI: 6
[    0.757360] usbcore: registered new interface driver usbhid
[    0.757363] usbhid: USB HID core driver
[    0.757400] ashmem: initialized
[    0.757678] scsi 0:0:0:4: Direct-Access     MICRON   64GB-UFS-MT      8QSP PQ: 0 ANSI: 6
[    0.758181] scsi 0:0:0:5: Direct-Access     MICRON   64GB-UFS-MT      8QSP PQ: 0 ANSI: 6
[    0.758704] sd 0:0:0:0: [sda] physical block alignment offset: 131072
[    0.758803] sd 0:0:0:1: [sdb] physical block alignment offset: 131072
[    0.758908] sd 0:0:0:2: [sdc] physical block alignment offset: 131072
[    0.759168] sd 0:0:0:0: [sda] 67108864-byte physical blocks
[    0.759272] sd 0:0:0:2: [sdc] 67108864-byte physical blocks
[    0.759289] sd 0:0:0:1: [sdb] 67108864-byte physical blocks
[    0.759503] sd 0:0:0:2: [sdc] Test WP failed, assume Write Enabled
[    0.759522] sd 0:0:0:0: [sda] Test WP failed, assume Write Enabled
[    0.759563] sd 0:0:0:1: [sdb] Test WP failed, assume Write Enabled
[    0.759747] sd 0:0:0:2: [sdc] Optimal transfer size 131072 bytes not a multiple of physical block size (67108864 bytes)
[    0.759783] sd 0:0:0:0: [sda] Optimal transfer size 131072 bytes not a multiple of physical block size (67108864 bytes)
[    0.759877] sd 0:0:0:1: [sdb] Optimal transfer size 131072 bytes not a multiple of physical block size (67108864 bytes)
[    0.761175] sd 0:0:0:3: [sdd] Test WP failed, assume Write Enabled
[    0.761394] sd 0:0:0:4: [sde] Test WP failed, assume Write Enabled
[    0.761437] sd 0:0:0:5: [sdf] Test WP failed, assume Write Enabled
[    0.761526] sd 0:0:0:3: [sdd] Optimal transfer size 131072 bytes
[    0.761743] sd 0:0:0:4: [sde] Optimal transfer size 131072 bytes
[    0.761998] sd 0:0:0:5: [sdf] Optimal transfer size 131072 bytes
[    0.762516] sdc: sdc1 sdc2
[    0.762694] sdb: sdb1 sdb2
[    0.763092] sda: sda1 sda2 sda3 sda4 sda5 sda6 sda7 sda8 sda9 sda10 sda11 sda12 sda13 sda14 sda15
[    0.763591] s2mpg01 5-0066: ID: 0x0C
[    0.763824] s2mpg01 5-0066: s2mpg01_print_status: Status: 0x00, 0x01, 0x00
[    0.764808] sdd: sdd1 sdd2 sdd3
[    0.764823] sde: sde1 sde2 sde3 sde4 sde5 sde6 sde7 sde8 sde9 sde10 sde11 sde12 sde13 sde14 sde15 sde16 sde17 sde18 sde19 sde20 sde21 sde22 sde23 sde24 sde25 sde26 sde27 sde28 sde29 sde30 sde31 sde32 sde33 sde34 sde35 sde36 sde37 sde38 sde39 sde40 sde41
[    0.766012] sdf: sdf1 sdf2 sdf3 sdf4 sdf5
[    0.770172] (NULL device *): hwmon_device_register() is deprecated. Please convert the driver to use hwmon_device_register_with_info().
[    0.772406] ipa_ut ipa_ut_module_init:1043 Loading IPA test module...
[    0.772571] bimc-bwmon 90b6400.qcom,cpu-cpu-llcc-bwmon: BW HWmon governor registered.
[    0.772586] bimc-bwmon 90cd000.qcom,cpu-llcc-ddr-bwmon: BW HWmon governor registered.
[    0.772601] bimc-bwmon 9960300.qcom,npu-npu-ddr-bwmon: BW HWmon governor registered.
[    0.772752] arm-memlat-mon soc:qcom,cpu0-cpu-l3-latmon: Memory Latency governor registered.
[    0.772766] arm-memlat-mon soc:qcom,cpu4-cpu-l3-latmon: Memory Latency governor registered.
[    0.772777] arm-memlat-mon soc:qcom,cpu7-cpu-l3-latmon: Memory Latency governor registered.
[    0.772791] arm-memlat-mon soc:qcom,cpu0-cpu-llcc-latmon: Memory Latency governor registered.
[    0.772804] arm-memlat-mon soc:qcom,cpu4-cpu-llcc-latmon: Memory Latency governor registered.
[    0.772816] arm-memlat-mon soc:qcom,cpu0-llcc-ddr-latmon: Memory Latency governor registered.
[    0.772830] arm-memlat-mon soc:qcom,cpu4-llcc-ddr-latmon: Memory Latency governor registered.
[    0.772843] arm-memlat-mon soc:qcom,cpu4-computemon: Compute governor registered.
[    0.773281] register_client_adhoc:find path.src 1 dest 770
[    0.773342] register_client_adhoc:Client handle 51 soc:qcom,cpu-cpu-llcc-bw
[    0.773819] register_client_adhoc:find path.src 129 dest 512
[    0.773842] register_client_adhoc:Client handle 50 soc:qcom,cpu-llcc-ddr-bw
[    0.774485] register_client_adhoc:find path.src 154 dest 512
[    0.774541] register_client_adhoc:Client handle 52 soc:qcom,npu-npu-ddr-bw
[    0.774698] register_client_adhoc:find path.src 1 dest 770
[    0.774718] register_client_adhoc:Client handle 53 soc:qcom,cpu0-cpu-llcc-lat
[    0.774845] register_client_adhoc:find path.src 1 dest 770
[    0.774862] register_client_adhoc:Client handle 54 soc:qcom,cpu4-cpu-llcc-lat
[    0.775009] register_client_adhoc:find path.src 129 dest 512
[    0.775029] register_client_adhoc:Client handle 55 soc:qcom,cpu0-llcc-ddr-lat
[    0.775183] register_client_adhoc:find path.src 129 dest 512
[    0.775201] register_client_adhoc:Client handle 56 soc:qcom,cpu4-llcc-ddr-lat
[    0.775353] register_client_adhoc:find path.src 129 dest 512
[    0.775371] register_client_adhoc:Client handle 57 soc:qcom,cpu4-cpu-ddr-latfloor
[    0.775469] register_client_adhoc:find path.src 1 dest 627
[    0.775531] register_client_adhoc:Client handle 58 soc:qcom,snoc_cnoc_keepalive
[    0.775643] register_client_adhoc:find path.src 154 dest 10070
[    0.775657] register_client_adhoc:Client handle 59 soc:qcom,cdsp_keepalive
[    0.775861] register_client_adhoc:find path.src 26 dest 512
[    0.775901] register_client_adhoc:Client handle 60 soc:qcom,gpubw
[    0.776738] qcom-llcc-pmu 90cc000.llcc-pmu: Registered llcc_pmu, type: 7
[    0.777060] usbcore: registered new interface driver snd-usb-audio
[    0.777131] iommu: Adding device soc:usb_audio_qmi_dev to group 35
[    0.778697] GACT probability NOT on
[    0.778704] Mirror/redirect action on
[    0.778709] netem: version 1.3
[    0.778711] u32 classifier
[    0.778713] Actions configured
[    0.778719] Netfilter messages via NETLINK v0.30.
[    0.778841] nf_conntrack version 0.5.0 (65536 buckets, 262144 max)
[    0.778872] ctnetlink v0.93: registering with nfnetlink.
[    0.778983] xt_time: kernel timezone is -0000
[    0.779023] gre: GRE over IPv4 demultiplexor driver
[    0.779025] IPv4 over IPsec tunneling driver
[    0.779134] ip_tables: (C) 2000-2006 Netfilter Core Team
[    0.779239] arp_tables: arp_tables: (C) 2002 David S. Miller
[    0.779257] Initializing XFRM netlink socket
[    0.779261] IPsec XFRM device driver
[    0.779319] NET: Registered protocol family 10
[    0.779544] Segment Routing with IPv6
[    0.779561] mip6: Mobile IPv6
[    0.779566] ip6_tables: (C) 2000-2006 Netfilter Core Team
[    0.779694] sit: IPv6, IPv4 and MPLS over IPv4 tunneling driver
[    0.779807] NET: Registered protocol family 17
[    0.779812] NET: Registered protocol family 15
[    0.779818] Ebtables v2.0 registered
[    0.779900] l2tp_core: L2TP core driver, V2.0
[    0.779903] l2tp_ppp: PPPoL2TP kernel driver, V2.0
[    0.779905] l2tp_ip: L2TP IP encapsulation support (L2TPv3)
[    0.779910] l2tp_netlink: L2TP netlink interface
[    0.779916] l2tp_eth: L2TP ethernet pseudowire support (L2TPv3)
[    0.779918] l2tp_ip6: L2TP IP encapsulation support for IPv6 (L2TPv3)
[    0.779939] Key type dns_resolver registered
[    0.780296] pci-msm 1c08000.qcom,pcie: 1c08000.qcom,pcie supply vreg-3.3 not found, using dummy regulator
[    0.780357] pci-msm 1c08000.qcom,pcie: 1c08000.qcom,pcie supply gdsc-smmu not found, using dummy regulator
[    0.780448] register_client_adhoc:find path.src 100 dest 512
[    0.780524] register_client_adhoc:Client handle 61 pcie1
[    0.780588] msm_pcie_get_resources: PCIe: RC1 can't get tcsr resource.
[    0.780611] msm_pcie_probe: PCIe: RC1 could not get pinctrl sleep state
[    0.782434] abc,airbrush-sm soc:abc-sm: ab_sm_init: done
[    0.782565] msm-usb-ssphy-qmp 88e8000.ssphy: failed to get phandle for msm_ssphy_qmp
[    0.782674] abc,airbrush-sm soc:abc-sm: Successfully registered EL2 notification
[    0.784335] dwc3 a600000.dwc3: changing max_speed on rev 00000000
[    0.785829] usb_bam_init: setting SPS_BAM_SMMU_EN flag with (a704000.qcom,usbbam)
[    0.785886] sps:BAM 0x000000000a704000 is registered.
[    0.785957] msm-dwc3 a600000.ssusb: unable to get ssphy device
[    0.787106] logbuffer:  id:usbpd registered
[    0.787131] usbpd0: Can't find vbus-supply
[    0.787155] logbuffer:  id:usbpd unregistered
[    0.787159] qpnp-pdphy c440000.qcom,spmi:qcom,pm8150b@2:qcom,usb-pdphy@1700: usbpd_create failed: -517
[    0.787331] lm36011 ac4a000.qcom,cci:qcom,cam-led-laser-flood@64: hw version: 5
[    0.793809] CAM_INFO: CAM-CPAS: cam_cpas_hw_start: 1019 AXI client=[4][cci][0] comp[1024], comp_ab[1024], uncomp[1024]
[    0.806078] lm36011 ac4a000.qcom,cci:qcom,cam-led-laser-flood@64: Silego state: 0xc0
[    0.809508] lm36011 ac4a000.qcom,cci:qcom,cam-led-laser-flood@64: probe success, device id 0x1 rc = 0
[    0.809606] lm36011 ac4a000.qcom,cci:qcom,cam-led-laser-dot@64: hw version: 5
[    0.815985] CAM_INFO: CAM-CPAS: cam_cpas_hw_start: 1019 AXI client=[4][cci][0] comp[1024], comp_ab[1024], uncomp[1024]
[    0.826071] lm36011 ac4a000.qcom,cci:qcom,cam-led-laser-dot@64: Silego state: 0xc0
[    0.829498] lm36011 ac4a000.qcom,cci:qcom,cam-led-laser-dot@64: probe success, device id 0x1 rc = 0
[    0.835213] CAM_INFO: CAM-CPAS: cam_cpas_hw_start: 1019 AXI client=[5][cci][1] comp[1024], comp_ab[1024], uncomp[1024]
[    0.836641] vd6281 ac4b000.qcom,cci:st,rainbow@20: probe success, device id 0x70 rc = 0
[    0.836766] logbuffer:  id:smblib registered
[    0.838605] (NULL device *): hwmon_device_register() is deprecated. Please convert the driver to use hwmon_device_register_with_info().
[    0.838642] Requested disable of battery power supply
[    0.839018] qcom,qpnp-smb5 c440000.qcom,spmi:qcom,pm8150b@2:qcom,qpnp-smb5: typec_attach_detach_irq_handler lpd_stage=2 lpd_reason=0
[    0.839953] Couldn't get temp USB port thermal zone rc=-22
[    0.842755] SMB5 status - usb:present=1 type=4 batt:present = 1 health = 1 charge = 1
[    0.842762] QPNP SMB5 probed successfully
[    0.842834] power_supply battery: battery: Found supply : maxfg
[    0.842837] power_supply battery: battery: Found supply : charger
[    0.842883] (NULL device *): hwmon_device_register() is deprecated. Please convert the driver to use hwmon_device_register_with_info().
[    0.842972] logbuffer:  id:ssoc registered
[    0.846140] virt zone: sensor[pm8150b-vbat-lvl0] read error:-22
[    0.846144] thermal thermal_zone82: failed to read out thermal zone (-22)
[    0.846153] virt zone: sensor[pm8150b-vbat-lvl0] read error:-22
[    0.846155] thermal thermal_zone82: failed to read out thermal zone (-22)
[    0.846162] virt zone: sensor[pm8150b-vbat-lvl1] read error:-22
[    0.846165] thermal thermal_zone83: failed to read out thermal zone (-22)
[    0.846168] virt zone: sensor[pm8150b-vbat-lvl1] read error:-22
[    0.846170] thermal thermal_zone83: failed to read out thermal zone (-22)
[    0.847616] qcom,qpnp-smb5 c440000.qcom,spmi:qcom,pm8150b@2:qcom,qpnp-smb5: Couldn't get VOLTAGE_NOW, rc=-19
[    0.847629] qcom,qpnp-smb5 c440000.qcom,spmi:qcom,pm8150b@2:qcom,qpnp-smb5: Couldn't get VOLTAGE_MAX, rc=-19
[    0.847632] qcom,qpnp-smb5 c440000.qcom,spmi:qcom,pm8150b@2:qcom,qpnp-smb5: Couldn't get POWER_SUPPLY_PROP_VOLTAGE_REGULATION, rc=-22
[    0.847654] QCOM-BATT: handle_main_charge_type: Couldn't get batt charge type rc=-11
[    0.847665] QCOM-BATT: handle_settled_icl_change: Couldn't get aicl settled value rc=-11
[    0.847669] Couldn't get temp USB port thermal zone rc=-22
[    0.847671] failed to get POWER_SUPPLY_PROP_TEMP from 'usb', ret=-61
[    0.848003] Couldn't get temp USB port thermal zone rc=-22
[    0.850023] bcl_soc:bcl_read_soc battery percentage read error:-11
[    0.850037] QCOM-BATT: handle_main_charge_type: Couldn't get batt charge type rc=-11
[    0.850048] QCOM-BATT: handle_settled_icl_change: Couldn't get aicl settled value rc=-11
[    0.861265] msm-usb-ssphy-qmp 88e8000.ssphy: failed to get phandle for msm_ssphy_qmp
[    0.861964] dwc3 a600000.dwc3: changing max_speed on rev 00000000
[    0.862443] usb_bam_init: setting SPS_BAM_SMMU_EN flag with (a704000.qcom,usbbam)
[    0.862496] sps:BAM 0x000000000a704000 is registered.
[    0.862567] msm-dwc3 a600000.ssusb: unable to get ssphy device
[    0.863755] logbuffer:  id:usbpd registered
[    0.864400] msm-usb-ssphy-qmp 88e8000.ssphy: No separate ID extcon device
[    0.864435] qcom,qpnp-smb5 c440000.qcom,spmi:qcom,pm8150b@2:qcom,qpnp-smb5: typec_attach_detach_irq_handler lpd_stage=2 lpd_reason=0
[    0.864575] sm8150_bms: MSC_PCS chg_state=10b701030001 [0x1:1:3:4279:0] chg= 
[    0.865122] dwc3 a600000.dwc3: changing max_speed on rev 00000000
[    0.865655] usb_bam_init: setting SPS_BAM_SMMU_EN flag with (a704000.qcom,usbbam)
[    0.865698] sps:BAM 0x000000000a704000 is registered.
[    0.865770] register_client_adhoc:find path.src 61 dest 512
[    0.865876] register_client_adhoc:find path.src 61 dest 676
[    0.865931] register_client_adhoc:find path.src 1 dest 583
[    0.865995] register_client_adhoc:Client handle 62 usb0
[    0.866361] registered taskstats version 1
[    0.866793] niap_test_hash: hmac(sha512) passed
[    0.866800] niap_test_hash: sha256 passed
[    0.867024] niap_test_cipher: cbc(aes) encryption passed
[    0.867030] niap_test_cipher: cbc(aes) decryption passed
[    0.867360] Please check if `measure` clk is registered.
[    0.871839] spss_utils [spss_init]: spss-utils driver Ver 3.0 18-Feb-2018.
[    0.872039] spss_utils [spss_probe]: Initialization completed ok, firmware_name [spss2p].
[    0.874485] iommu: Adding device soc:qcom,msm_fastrpc:qcom,msm_fastrpc_compute_cb1 to group 36
[    0.874775] iommu: Adding device soc:qcom,msm_fastrpc:qcom,msm_fastrpc_compute_cb4 to group 37
[    0.875048] iommu: Adding device soc:qcom,msm_fastrpc:qcom,msm_fastrpc_compute_cb5 to group 38
[    0.875304] iommu: Adding device soc:qcom,msm_fastrpc:qcom,msm_fastrpc_compute_cb6 to group 39
[    0.875554] iommu: Adding device soc:qcom,msm_fastrpc:qcom,msm_fastrpc_compute_cb7 to group 40
[    0.875809] iommu: Adding device soc:qcom,msm_fastrpc:qcom,msm_fastrpc_compute_cb8 to group 41
[    0.876060] iommu: Adding device soc:qcom,msm_fastrpc:qcom,msm_fastrpc_compute_cb2 to group 42
[    0.876311] iommu: Adding device soc:qcom,msm_fastrpc:qcom,msm_fastrpc_compute_cb3 to group 43
[    0.876561] iommu: Adding device soc:qcom,msm_fastrpc:qcom,msm_fastrpc_compute_cb9 to group 44
[    0.877302] iommu: Adding device soc:qcom,msm_fastrpc:qcom,msm_fastrpc_compute_cb10 to group 45
[    0.877577] iommu: Adding device soc:qcom,msm_fastrpc:qcom,msm_fastrpc_compute_cb11 to group 46
[    0.877824] iommu: Adding device soc:qcom,msm_fastrpc:qcom,msm_fastrpc_compute_cb12 to group 47
[    0.878072] iommu: Adding device soc:qcom,msm_fastrpc:qcom,msm_fastrpc_compute_cb13 to group 48
[    0.878317] iommu: Adding device soc:qcom,msm_fastrpc:qcom,msm_fastrpc_compute_cb14 to group 49
[    0.878562] iommu: Adding device soc:qcom,msm_fastrpc:qcom,msm_fastrpc_compute_cb15 to group 50
[    0.879551] iommu: Adding device 17240000.slim:qcom,iommu_slim_ctrl_cb to group 51
[    0.880438] input: gpio-keys as /devices/platform/soc/soc:gpio_keys/input/input1
[    0.880522] qcom,qpnp-rtc c440000.qcom,spmi:qcom,pm8150@0:qcom,pm8150_rtc: setting system clock to 1970-09-16 20:44:36 UTC (22365876)
[    0.880960] lpm_levels: register_cluster_lpm_stats()
[    0.881001] lpm_levels: register_cluster_lpm_stats()
[    0.882712] rmnet_ipa3 started initialization
[    0.882816] RNDIS_IPA module is loaded.
[    0.883549] msm_bus_late_init: Remove handoff bw requests
[    0.884116] usb30_prim_gdsc: disabling
[    0.884125] hlos1_vote_aggre_noc_mmu_audio_tbu_gdsc: disabling
[    0.884233] hlos1_vote_aggre_noc_mmu_tbu1_gdsc: disabling
[    0.884340] hlos1_vote_aggre_noc_mmu_tbu2_gdsc: disabling
[    0.884448] hlos1_vote_aggre_noc_mmu_pcie_tbu_gdsc: disabling
[    0.888878] regulator_proxy_consumer_remove_all: removing regulator proxy consumer requests
[    0.888927] ALSA device list:
[    0.888930] No soundcards found.
[    0.888948] Warning: unable to open an initial console.
[    0.889753] Freeing unused kernel memory: 4672K
[    0.896205] init: init first stage started!
[    0.896293] init: Switching root to '/first_stage_ramdisk'
[    0.896421] init: [libfs_mgr]ReadFstabFromDt(): failed to read fstab from dt
[    0.896808] init: Using Android DT directory /proc/device-tree/firmware/android/
[    0.905248] max1720x 2-0036: s=0->4 c=290312 avg_c=0 ichgt=140000 vfsoc=98 soc=99 fullsocthr=90
[    0.907630] max1720x 2-0036: updating nConvgcfg to 0x1140 as temp is 206 (idx:13)
[    0.930039] init: [libfs_mgr]Created logical partition system_a on device /dev/block/dm-0
[    0.930306] init: [libfs_mgr]Created logical partition system_b on device /dev/block/dm-1
[    0.930533] init: [libfs_mgr]Created logical partition vendor_a on device /dev/block/dm-2
[    0.930539] init: [libfs_mgr]Skipping zero-length logical partition: vendor_b
[    0.930758] init: [libfs_mgr]Created logical partition product_a on device /dev/block/dm-3
[    0.930763] init: [libfs_mgr]Skipping zero-length logical partition: product_b
[    0.931987] init: [libfs_mgr]Created logical partition scratch on device /dev/block/dm-4
[    0.932679] init: [libfs_mgr]superblock s_max_mnt_count:65535,/dev/block/by-name/metadata
[    0.936689] EXT4-fs (sda11): mounted filesystem with ordered data mode. Opts: discard
[    0.936707] init: [libfs_mgr]__mount(source=/dev/block/by-name/metadata,target=/metadata,type=ext4)=0: Success
[    0.937149] init: GSI not detected, proceeding with normal boot
[    0.938853] init: [libfs_avb]Returning avb_handle with status: HashtreeDisabled
[    0.938861] init: [libfs_avb]AVB HASHTREE disabled on: /system
[    0.939174] init: [libfs_mgr]superblock s_max_mnt_count:65535,/dev/block/dm-0
[    0.940724] EXT4-fs (dm-0): mounted filesystem without journal. Opts: barrier=1
[    0.940738] init: [libfs_mgr]__mount(source=/dev/block/dm-0,target=/system,type=ext4)=0: Success
[    0.940805] init: Switching root to '/system'
[    0.942702] init: [libfs_avb]AVB HASHTREE disabled on: /vendor
[    0.942963] init: [libfs_mgr]superblock s_max_mnt_count:65535,/dev/block/dm-2
[    0.946700] p9221 1-0061: Notifier work: on:0 dc:1 np:0 det:0
[    0.946801] i2c_geni 880000.i2c: i2c error :-107
[    0.946807] p9221 1-0061: p9221_reg_write_n: i2c write error, reg: 0x83, n: 1 ret: -107 (-19)
[    0.946810] p9221 1-0061: cannot write Q=42 (-19)
[    0.946897] i2c_geni 880000.i2c: i2c error :-107
[    0.946899] p9221 1-0061: p9221_reg_write_n: i2c write error, reg: 0x8d, n: 1 ret: -107 (-19)
[    0.946902] p9221 1-0061: cannot write to EPP_NEG_POWER=22 (-19)
[    0.946987] i2c_geni 880000.i2c: i2c error :-107
[    0.946990] p9221 1-0061: i2c read error, reg:40, ret:-107 (-19)
[    0.947010] p9221 1-0061: dc status is 0
[    0.947090] i2c_geni 880000.i2c: i2c error :-107
[    0.947093] p9221 1-0061: i2c read error, reg:42, ret:-107 (-19)
[    0.947097] p9221 1-0061: trigger wc changed on:0 in:0
[    0.947209] EXT4-fs (dm-2): mounted filesystem without journal. Opts: barrier=1
[    0.947224] init: [libfs_mgr]__mount(source=/dev/block/dm-2,target=/vendor,type=ext4)=0: Success
[    0.947308] init: [libfs_avb]AVB HASHTREE disabled on: /product
[    0.947515] init: [libfs_mgr]superblock s_max_mnt_count:65535,/dev/block/dm-3
[    0.948722] EXT4-fs (dm-3): mounted filesystem without journal. Opts: barrier=1
[    0.948735] init: [libfs_mgr]__mount(source=/dev/block/dm-3,target=/product,type=ext4)=0: Success
[    0.954555] F2FS-fs (dm-4): recover fsync data on readonly fs
[    0.954697] F2FS-fs (dm-4): Mounted with checkpoint version = 1f8ab88e
[    0.954716] init: [libfs_mgr]__mount(source=/dev/block/dm-4,target=/mnt/scratch,type=f2fs)=0: Success
[    0.955553] init: [libfs_mgr]umount(/mnt/scratch)
[    0.960574] F2FS-fs (dm-4): Mounted with checkpoint version = 1f8ab88e
[    0.960591] init: [libfs_mgr]__mount(source=/dev/block/dm-4,target=/mnt/scratch,type=f2fs)=0: Success
[    0.961934] init: [libfs_mgr]__mount(source=overlay,target=/system,type=overlay,upperdir=/mnt/scratch/overlay/system/upper)=0
[    0.962690] init: [libfs_mgr]__mount(source=overlay,target=/vendor,type=overlay,upperdir=/mnt/scratch/overlay/vendor/upper)=0
[    0.963432] init: [libfs_mgr]__mount(source=overlay,target=/product,type=overlay,upperdir=/mnt/scratch/overlay/product/upper)=0
[    0.965408] init: Skipped setting INIT_AVB_VERSION (not in recovery mode)
[    1.013912] sm8150_bms: CHARGE_DISABLE : disable=0 -> val=1 (0)
[    1.014165] google_charger: WLC overrides FCC
[    1.014170] google_charger: failed to get POWER_SUPPLY_PROP_DEAD_BATTERY from 'battery', ret=-11
[    1.014172] google_charger: dead battery mode
[    1.014176] google_charger: google_charger_init_work done
[    1.014179] google_charger: failed to get POWER_SUPPLY_PROP_PRESENT from 'battery', ret=-11
[    1.026126] init: Loading SELinux policy
[    1.034913] SELinux: 16384 avtab hash slots, 36196 rules.
[    1.039660] SELinux: 16384 avtab hash slots, 36196 rules.
[    1.039663] SELinux:  1 users, 4 roles, 2103 types, 0 bools, 1 sens, 1024 cats
[    1.039666] SELinux:  97 classes, 36196 rules
[    1.040550] SELinux:  Permission nlmsg_readpriv in class netlink_route_socket not defined in policy.
[    1.040620] SELinux: the above unknown classes and permissions will be denied
[    1.040627] SELinux:  policy capability network_peer_controls=1
[    1.040629] SELinux:  policy capability open_perms=1
[    1.040632] SELinux:  policy capability extended_socket_class=1
[    1.040634] SELinux:  policy capability always_check_network=0
[    1.040636] SELinux:  policy capability cgroup_seclabel=0
[    1.040638] SELinux:  policy capability nnp_nosuid_transition=1
[    1.040640] SELinux:  Completing initialization.
[    1.040641] SELinux:  Setting up existing superblocks.
[    1.080979] audit: type=1403 audit(22365876.696:2): policy loaded auid=4294967295 ses=4294967295
[    1.081070] selinux: SELinux: Loaded policy from /vendor/etc/selinux/precompiled_sepolicy\x0a
[    1.081257] audit: type=1404 audit(22365876.696:3): enforcing=1 old_enforcing=0 auid=4294967295 ses=4294967295
[    1.084700] selinux: SELinux: Loaded file_contexts\x0a
[    1.093265] init: init second stage started!
[    1.094172] google_battery: successfully read charging profile:
[    1.094176] google_battery: Profile constant charge limits:
[    1.094178] google_battery: |T \x5c V  4200  4300  4400
[    1.094181] google_battery: | 0:10   850   275     0
[    1.094183] google_battery: |10:20  1400   850   850
[    1.094185] google_battery: |20:42  2825  1975  1400
[    1.094187] google_battery: |42:46  2250  1400  1400
[    1.094190] google_battery: |46:48  1400  1400     0
[    1.094192] google_battery: |48:55   850     0     0
[    1.096107] max1720x_battery: max17x0x_reg_dump  8E:0032 8F:0032 B2:012C B4:003C C4:003C C5:0043 CD:004F CE:005A D7:0098 DF:084D
[    1.096553] google_battery: RES: req:0, sample:0[0], filt_cnt:4, res_avg:1495
[    1.096557] google_battery: init_work done
[    1.098498] google_charger: MSC_CHG battery present
[    1.098501] google_charger: dead battery cleared uptime=1
[    1.098505] google_charger: MSC_CHG no power source, disabling charging
[    1.098531] sm8150_bms: CHARGE_DISABLE : disable=1 -> val=0 (0)
[    1.098536] google_battery: MSC_DIN chg_state=0 f=0x0 chg_s=Unknown chg_t=Unknown vchg=0 icl=0
[    1.099303] google_battery: RES: req:0, sample:0[0], filt_cnt:4, res_avg:1495
[    1.100114] google_battery: MSC_VOTE fv_uv=-1 cc_max=0 update_interval=-1
[    1.101971] init: Using Android DT directory /proc/device-tree/firmware/android/
[    1.103644] selinux: SELinux: Loaded file_contexts\x0a
[    1.103653] init: Running restorecon...
[    1.110561] init: Overriding previous 'ro.' property 'ro.postinstall.fstab.prefix':'/system' with new value '/product'
[    1.110626] init: Couldn't load property file '/product_services/build.prop': open() failed: No such file or directory: No such file or directory
[    1.110637] init: Couldn't load property file '/factory/factory.prop': open() failed: No such file or directory: No such file or directory
[    1.111117] init: Setting product property ro.product.brand to 'Android' (from ro.product.product.brand)
[    1.111125] init: Setting product property ro.product.device to 'flame' (from ro.product.product.device)
[    1.111139] init: Setting product property ro.product.manufacturer to 'Google' (from ro.product.product.manufacturer)
[    1.111146] init: Setting product property ro.product.model to 'AOSP on flame' (from ro.product.product.model)
[    1.111153] init: Setting product property ro.product.name to 'aosp_flame' (from ro.product.product.name)
[    1.111165] init: Setting property 'ro.build.fingerprint' to 'Android/aosp_flame/flame:10/QQ3A.200805.001/eng.root.20210824.135607:userdebug/test-keys'
[    1.111480] init: Created socket '/dev/socket/property_service', mode 666, user 0, group 0
[    1.111611] init: SetupMountNamespaces done
[    1.111910] init: Forked subcontext for 'u:r:vendor_init:s0' with pid 533
[    1.112159] init: Forked subcontext for 'u:r:vendor_init:s0' with pid 534
[    1.112237] init: Parsing file /init.rc...
[    1.113124] init: Added '/init.environ.rc' to import list
[    1.113131] init: Added '/init.usb.rc' to import list
[    1.113139] init: Added '/init.flame.rc' to import list
[    1.113147] init: Added '/vendor/etc/init/hw/init.flame.rc' to import list
[    1.113151] init: Added '/init.usb.configfs.rc' to import list
[    1.113158] init: Added '/init.zygote64_32.rc' to import list
[    1.113705] init: Parsing file /init.environ.rc...
[    1.113979] init: Parsing file /init.usb.rc...
[    1.114265] init: Parsing file /init.flame.rc...
[    1.114275] init: Unable to read config file '/init.flame.rc': open() failed: No such file or directory
[    1.115456] init: Parsing file /vendor/etc/init/hw/init.flame.rc...
[    1.115616] init: Added '/vendor/etc/init/hw/init.sm8150.rc' to import list
[    1.115641] init: Parsing file /vendor/etc/init/hw/init.sm8150.rc...
[    1.116220] init: Added '/vendor/etc/init/hw/init.sm8150.usb.rc' to import list
[    1.116228] init: Added '/vendor/etc/init/hw/init.sm8150.diag.rc' to import list
[    1.116233] init: Added '/vendor/etc/init/hw/init.sm8150.logging.rc' to import list
[    1.116240] init: Added '/vendor/etc/init/hw/init.sm8150.mpssrfs.rc' to import list
[    1.116245] init: Added '/vendor/etc/init/hw/init.sm8150.power.rc' to import list
[    1.117668] init: Parsing file /vendor/etc/init/hw/init.sm8150.usb.rc...
[    1.117994] init: Parsing file /vendor/etc/init/hw/init.sm8150.diag.rc...
[    1.118298] init: Parsing file /vendor/etc/init/hw/init.sm8150.logging.rc...
[    1.118518] init: Parsing file /vendor/etc/init/hw/init.sm8150.mpssrfs.rc...
[    1.118737] init: Parsing file /vendor/etc/init/hw/init.sm8150.power.rc...
[    1.119123] init: Parsing file /init.usb.configfs.rc...
[    1.119443] init: Parsing file /init.zygote64_32.rc...
[    1.119632] init: Parsing directory /system/etc/init...
[    1.119710] init: Parsing file /system/etc/init/android.hidl.allocator@1.0-service.rc...
[    1.119903] init: Parsing file /system/etc/init/android.system.suspend@1.0-service.rc...
[    1.120089] init: Parsing file /system/etc/init/apexd.rc...
[    1.120272] init: Parsing file /system/etc/init/art_apex_boot_integrity.rc...
[    1.120450] init: Parsing file /system/etc/init/ashmemd.rc...
[    1.120636] init: Parsing file /system/etc/init/atrace.rc...
[    1.121020] init: Parsing file /system/etc/init/atrace_userdebug.rc...
[    1.121205] init: Parsing file /system/etc/init/audioserver.rc...
[    1.121409] init: Parsing file /system/etc/init/blank_screen.rc...
[    1.121594] init: Parsing file /system/etc/init/bootanim.rc...
[    1.121795] init: Parsing file /system/etc/init/bootstat-debug.rc...
[    1.121970] init: Parsing file /system/etc/init/bootstat.rc...
[    1.122217] init: Parsing file /system/etc/init/bpfloader.rc...
[    1.122399] init: Parsing file /system/etc/init/cameraserver.rc...
[    1.122649] init: Parsing file /system/etc/init/cppreopts.rc...
[    1.122897] init: Parsing file /system/etc/init/drmserver.rc...
[    1.123129] init: Parsing file /system/etc/init/dumpstate.rc...
[    1.123425] init: Parsing file /system/etc/init/flags_health_check.rc...
[    1.123658] init: Parsing file /system/etc/init/gatekeeperd.rc...
[    1.123890] init: Parsing file /system/etc/init/gpuservice.rc...
[    1.124120] init: Parsing file /system/etc/init/gsid.rc...
[    1.124351] init: Parsing file /system/etc/init/heapprofd.rc...
[    1.124604] init: Parsing file /system/etc/init/hwservicemanager.rc...
[    1.124848] init: Parsing file /system/etc/init/idmap2d.rc...
[    1.125089] init: Parsing file /system/etc/init/incidentd.rc...
[    1.125333] init: Parsing file /system/etc/init/init-debug.rc...
[    1.125561] init: Parsing file /system/etc/init/installd.rc...
[    1.125900] init: Parsing file /system/etc/init/iorapd.rc...
[    1.126124] init: Parsing file /system/etc/init/keystore.rc...
[    1.126334] init: Parsing file /system/etc/init/llkd-debuggable.rc...
[    1.126553] init: Parsing file /system/etc/init/llkd.rc...
[    1.126789] init: Parsing file /system/etc/init/lmkd.rc...
[    1.127002] init: Parsing file /system/etc/init/logcatd.rc...
[    1.127241] init: Parsing file /system/etc/init/logd.rc...
[    1.127475] init: Parsing file /system/etc/init/logtagd.rc...
[    1.127673] init: Parsing file /system/etc/init/lpdumpd.rc...
[    1.127890] init: Parsing file /system/etc/init/mdnsd.rc...
[    1.128102] init: Parsing file /system/etc/init/mediadrmserver.rc...
[    1.128305] init: Parsing file /system/etc/init/mediaextractor.rc...
[    1.128510] init: Parsing file /system/etc/init/mediametrics.rc...
[    1.128717] init: Parsing file /system/etc/init/mediaserver.rc...
[    1.128928] init: Parsing file /system/etc/init/mtpd.rc...
[    1.129134] init: Parsing file /system/etc/init/netd.rc...
[    1.129345] init: Parsing file /system/etc/init/otapreopt.rc...
[    1.129526] init: Parsing file /system/etc/init/perfetto.rc...
