1343         com.google.android.gms.persistent
  Battery stats reset.
		total        used        free      shared     buffers
Mem:             5479        4103        1375           3           1
-/+ buffers/cache:           4102        1376
Swap:          309247           0      309247
Filename				Type		Size	Used	Priority
/dev/block/zram0                        partition	2097148	0	-2
/dev/nbd0                               partition	314572796	0	-3
Starting: Intent { cmp=com.google.android.apps.maps/com.google.android.maps.MapsActivity }
Status: ok
LaunchState: COLD
Activity: com.google.android.apps.maps/com.google.android.maps.MapsActivity
TotalTime: 672
WaitTime: 674
Complete
end
		total        used        free      shared     buffers
Mem:             5479        4484         994           8           1
-/+ buffers/cache:           4483         995
Swap:          309247           0      309247
Filename				Type		Size	Used	Priority
/dev/block/zram0                        partition	2097148	0	-2
/dev/nbd0                               partition	314572796	0	-3
===========================
RssAnon:	   71020 kB
===========================
RssFile:	  324600 kB
===========================
===========================
        TOTAL   159002    61156    38732        0    67171    51118    16052
===========================
MemTotal:        5610772 kB
MemFree:         1034580 kB
MemAvailable:    2187936 kB
Cached:          1344680 kB
SwapCached:            0 kB
===========================
Starting: Intent { cmp=com.google.android.youtube/com.google.android.apps.youtube.app.WatchWhileActivity }
Status: ok
LaunchState: COLD
Activity: com.google.android.youtube/com.google.android.apps.youtube.app.WatchWhileActivity
TotalTime: 1030
WaitTime: 1030
Complete
end
		total        used        free      shared     buffers
Mem:             5479        4732         746           8           1
-/+ buffers/cache:           4730         748
Swap:          309247           0      309247
Filename				Type		Size	Used	Priority
/dev/block/zram0                        partition	2097148	0	-2
/dev/nbd0                               partition	314572796	0	-3
===========================
RssAnon:	   80520 kB
===========================
===========================
RssFile:	  334400 kB
===========================
===========================
        TOTAL   174928    70680    44440        0    71840    54692    17147
===========================
MemTotal:        5610772 kB
MemFree:          742048 kB
MemAvailable:    2103412 kB
Cached:          1551664 kB
SwapCached:            0 kB
===========================
Starting: Intent { cmp=com.king.candycrushsaga/.CandyCrushSagaActivity }
Status: ok
LaunchState: COLD
Activity: com.king.candycrushsaga/.CandyCrushSagaActivity
TotalTime: 583
WaitTime: 583
Complete
end
		total        used        free      shared     buffers
Mem:             5479        5304         175           8           4
-/+ buffers/cache:           5300         179
Swap:          309247           0      309247
Filename				Type		Size	Used	Priority
/dev/block/zram0                        partition	2097148	0	-2
/dev/nbd0                               partition	314572796	0	-3
===========================
RssAnon:	   73068 kB
===========================
===========================
RssFile:	  342004 kB
===========================
===========================
        TOTAL   204119    95316    48396        0    69463    53470    15992
===========================
MemTotal:        5610772 kB
MemFree:           72220 kB
MemAvailable:    1634984 kB
Cached:          1749216 kB
SwapCached:            0 kB
===========================
Starting: Intent { dat=http://m.naver.com/... cmp=com.android.chrome/com.google.android.apps.chrome.Main }
Status: ok
LaunchState: WARM
Activity: com.android.chrome/com.google.android.apps.chrome.Main
TotalTime: 314
WaitTime: 315
Complete
end
		total        used        free      shared     buffers
Mem:             5479        5322         156          29           4
-/+ buffers/cache:           5318         161
Swap:          309247          43      309204
Filename				Type		Size	Used	Priority
/dev/block/zram0                        partition	2097148	44800	-2
/dev/nbd0                               partition	314572796	0	-3
===========================
RssAnon:	   72436 kB
===========================
===========================
RssFile:	  314428 kB
===========================
===========================
        TOTAL   195945    96848    41040        4    70682    55216    15465
===========================
MemTotal:        5610772 kB
MemFree:          138348 kB
MemAvailable:    1371628 kB
Cached:          1434312 kB
SwapCached:          856 kB
===========================
Starting: Intent { cmp=com.twitter.android/com.twitter.app.main.MainActivity }
Status: ok
LaunchState: COLD
Activity: com.twitter.android/com.twitter.app.main.MainActivity
TotalTime: 893
WaitTime: 893
Complete
end
		total        used        free      shared     buffers
Mem:             5479        5367         111          20           4
-/+ buffers/cache:           5363         115
Swap:          309247          69      309178
Filename				Type		Size	Used	Priority
/dev/block/zram0                        partition	2097148	70656	-2
/dev/nbd0                               partition	314572796	0	-3
===========================
RssAnon:	   80488 kB
===========================
===========================
RssFile:	  304396 kB
===========================
===========================
        TOTAL   161931    72224    32056        5    71415    54619    16795
===========================
MemTotal:        5610772 kB
MemFree:          146336 kB
MemAvailable:    1369016 kB
Cached:          1417596 kB
SwapCached:         1260 kB
===========================
pgfault 2539085
pgmajfault 20089
pswpin 406
pswpout 17455
Starting: Intent { cmp=com.rovio.baba/com.unity3d.player.UnityPlayerActivity }
Status: ok
LaunchState: COLD
Activity: com.rovio.baba/com.unity3d.player.UnityPlayerActivity
TotalTime: 426
WaitTime: 426
Complete
end
		total        used        free      shared     buffers
Mem:             5479        5405          73          20           0
-/+ buffers/cache:           5405          73
Swap:          309247         200      309047
Filename				Type		Size	Used	Priority
/dev/block/zram0                        partition	2097148	205312	-2
/dev/nbd0                               partition	314572796	0	-3
pgfault 2860829
pgmajfault 22125
pswpin 968
pswpout 51348
===========================
RssAnon:	   64692 kB
===========================
===========================
RssFile:	  254852 kB
===========================
===========================
        TOTAL   133180    58500    18616     5082    67338    49765    17572
===========================
MemTotal:        5610772 kB
MemFree:           60416 kB
MemAvailable:     871148 kB
Cached:          1014548 kB
SwapCached:         2640 kB
===========================
Starting: Intent { cmp=com.google.android.gm/.ConversationListActivityGmail }
Status: ok
LaunchState: COLD
Activity: com.google.android.gm/.ConversationListActivityGmail
TotalTime: 769
WaitTime: 770
Complete
end
		total        used        free      shared     buffers
Mem:             5479        5405          73          20           0
-/+ buffers/cache:           5404          74
Swap:          309247         247      309000
Filename				Type		Size	Used	Priority
/dev/block/zram0                        partition	2097148	253696	-2
/dev/nbd0                               partition	314572796	0	-3
===========================
RssAnon:	   60440 kB
===========================
===========================
RssFile:	  255616 kB
===========================
===========================
        TOTAL   133148    54496    20344     7794    66787    49671    17115
===========================
MemTotal:        5610772 kB
MemFree:           76576 kB
MemAvailable:     751924 kB
Cached:           878888 kB
SwapCached:         5256 kB
===========================
Starting: Intent { cmp=com.instagram.android/.activity.MainTabActivity }
Status: ok
LaunchState: COLD
Activity: com.instagram.android/com.instagram.mainactivity.MainActivity
TotalTime: 1054
WaitTime: 1054
Complete
end
		total        used        free      shared     buffers
Mem:             5479        5389          89          20           0
-/+ buffers/cache:           5388          90
Swap:          309247         306      308941
Filename				Type		Size	Used	Priority
/dev/block/zram0                        partition	2097148	314112	-2
/dev/nbd0                               partition	314572796	0	-3
===========================
RssAnon:	   67744 kB
===========================
===========================
RssFile:	  263068 kB
===========================
===========================
        TOTAL   182694    93544    29504     9106    68387    52842    15544
===========================
MemTotal:        5610772 kB
MemFree:           79324 kB
MemAvailable:     607932 kB
Cached:           753420 kB
SwapCached:         5984 kB
===========================
Starting: Intent { cmp=com.supercell.clashroyale/com.supercell.titan.GameApp }
Status: ok
LaunchState: COLD
Activity: com.supercell.clashroyale/com.supercell.titan.GameApp
TotalTime: 820
WaitTime: 821
Complete
end
		total        used        free      shared     buffers
Mem:             5479        5407          71          20           0
-/+ buffers/cache:           5407          72
Swap:          309247         592      308655
Filename				Type		Size	Used	Priority
/dev/block/zram0                        partition	2097148	606976	-2
/dev/nbd0                               partition	314572796	0	-3
===========================
RssAnon:	   62288 kB
===========================
===========================
RssFile:	  220824 kB
===========================
===========================
        TOTAL   135705    56500    17140    13125    66385    50771    15613
===========================
MemTotal:        5610772 kB
MemFree:           61032 kB
MemAvailable:     327932 kB
Cached:           470864 kB
SwapCached:        10392 kB
===========================
