Oops#1 Part1
<4>[  383.910136] c4   6377 lowmem_reserve[]: 0 0 0
<4>[  383.910139] c4   6377 DMA: 2728*4kB (UMEC) 2174*8kB (UMEC) 1626*16kB (UMEC) 1054*32kB (UMEC) 581*64kB (UMEC) 241*128kB (UMC) 97*256kB (UMC) 40*512kB (UMEC) 6*1024kB (MC) 1*2048kB (U) 263*4096kB (M) = 1286832kB
<4>[  383.910150] c4   6377 Normal: 8501*4kB (UME) 4461*8kB (UME) 2404*16kB (UME) 670*32kB (UME) 176*64kB (UME) 21*128kB (UME) 3*256kB (UM) 1*512kB (M) 0*1024kB 0*2048kB 0*4096kB = 144828kB
<4>[  383.910160] c4   6377 413857 total pagecache pages
<4>[  383.910198] c4   6377 769 pages in swap cache
<4>[  383.910201] c4   6377 Swap cache stats: add 58609, delete 57843, find 2185/19672
<4>[  383.910203] c4   6377 Free swap  = 316580108kB
<4>[  383.910205] c4   6377 Total swap = 316669944kB
<4>[  383.910207] c4   6377 1450136 pages RAM
<4>[  383.910209] c4   6377 0 pages HighMem/MovableOnly
<4>[  383.910211] c4   6377 47911 pages reserved
<4>[  383.910213] c4   6377 58368 pages cma reserved
<6>[  383.910218] c4   6377 cma: cma-0 pages: => 8398 used of 9216 total pages
<6>[  383.910221] c4   6377 cma: cma-1 pages: => 0 used of 4096 total pages
<6>[  383.910223] c4   6377 cma: cma-2 pages: => 512 used of 4096 total pages
<6>[  383.910227] c4   6377 cma: cma-3 pages: => 0 used of 23552 total pages
<6>[  383.910229] c4   6377 cma: cma-4 pages: => 2132 used of 10240 total pages
<6>[  383.910232] c4   6377 cma: cma-5 pages: => 0 used of 2048 total pages
<6>[  383.910234] c4   6377 cma: cma-6 pages: => 768 used of 1024 total pages
<6>[  383.910236] c4   6377 cma: cma-7 pages: => 0 used of 4096 total pages
<6>[  383.910238] c4   6377 [ pid ]   uid  tgid total_vm      rss nr_ptes nr_pmds swapents oom_score_adj name
<6>[  383.910268] c4   6377 [  534]     0   534     9875     1894      17       3        0         -1000 init
<6>[  383.910279] c4   6377 [  535]     0   535     9714     1769      17       3        0         -1000 init
<6>[  383.910289] c4   6377 [  537]     0   537     9716     1870      18       3        0         -1000 ueventd
<6>[  383.910300] c4   6377 [  558]  1036   558    45197     1990      24       3        0         -1000 logd
<6>[  383.910310] c4   6377 [  559]  1000   559     8890      952      13       3        0         -1000 servicemanager
<6>[  383.910320] c4   6377 [  560]  1000   560    10724     1548      18       3        0         -1000 hwservicemanage
<6>[  383.910330] c4   6377 [  561]  1000   561     9054     1035      14       3        0         -1000 vndservicemanag
<6>[  383.910341] c4   6377 [  563]  1000   563    55231     1670      30       3        0         -1000 qseecomd
<6>[  383.910351] c4   6377 [  564]  1000   564     9803     1552      17       3        0         -1000 keymaster@4.0-s
<6>[  383.910361] c4   6377 [  565]  1064   565    23990     1463      21       3        0         -1000 citadeld
<6>[  383.910372] c4   6377 [  567]  1064   567    11129     2285      20       3        0         -1000 keymaster@4.0-s
<6>[  383.910378] c4   6377 [  578]     0   578    29036     2075      25       3        0         -1000 Binder:578_2
<6>[  383.910387] c4   6377 [  599]     0   599     9368     1263      16       3        0         -1000 boot@1.0-servic
<6>[  383.910395] c4   6377 [  600]  1000   600     9465     1328      16       3        0         -1000 gatekeeper@1.0-
<6>[  383.910398] c4   6377 [  602]  1000   602    92963    10508      62       4        0         -1000 surfaceflinger
<6>[  383.910400] c4   6377 [  604]  1000   604    54920     5742      41       3        0         -1000 composer@2.3-se
<6>[  383.910403] c4   6377 [  606]  1000   606    19142     1375      19       3        0         -1000 configstore@1.1
<6>[  383.910406] c4   6377 [  607]  1000   607    23980     1702      22       3        0         -1000 allocator-servi
<6>[  383.910408] c4   6377 [  608]  1000   608     9370     1281      16       3        0         -1000 light@1.1-servi
<6>[  383.910413] c4   6377 [  675]  1000   675    45510     1137      22       3        0         -1000 time_daemon
<6>[  383.910416] c4   6377 [  692]     0   692    19889     1866      20       3        0         -1000 apexd
<6>[  383.910421] c4   6377 [  775]     0   775     8815      729      14       3        0         -1000 subsystem_ramdu
<6>[  383.910424] c4   6377 [  776]  1005   776     2173      590       8       2        0         -1000 crash_event_log
<6>[  383.910427] c4   6377 [  790]     0   790    68909     2331      31       3        0         -1000 Binder:790_3
<6>[  383.910429] c4   6377 [  791]     0   791  1352470    39024     215       8     1219         -1000 main
<6>[  383.910432] c4   6377 [  792]     0   792   431771    36229     166       3        0         -1000 main
<6>[  383.910435] c4   6377 [  800]  1000   800     9082     1014      14       3        0         -1000 allocator@1.0-s
<6>[  383.910438] c4   6377 [  801]  1000   801    24121     1725      21       3        0         -1000 suspend@1.0-ser
<6>[  383.910441] c4   6377 [  802]  1041   802    14275     5439      38       2        0         -1000 audio@2.0-servi
<6>[  383.910443] c4   6377 [  803]  1064   803    10938     2238      20       3        0         -1000 authsecret@1.0-
<6>[  383.910446] c4   6377 [  804]  1002   804    46411     1657      26       3        0         -1000 bluetooth@1.0-s
<6>[  383.910449] c4   6377 [  805]  1000   805   172845    33149     147       4        0         -1000 provider@2.4-se
<6>[  383.910452] c4   6377 [  806]  1013   806     3742     1228      12       2        0         -1000 cas@1.1-service
<6>[  383.910455] c4   6377 [  807]  9999   807    10959     2386      20       3        0         -1000 confirmationui@
<6>[  383.910457] c4   6377 [  808]  1000   808   540566     1261      21       4        0         -1000 contexthub@1.0-
<6>[  383.910460] c4   6377 [  809]  1013   809    19690     1738      20       3        0         -1000 drm@1.0-service
<6>[  383.910463] c4   6377 [  810]  1013   810    15530     1812      20       3        0         -1000 drm@1.2-service
<6>[  383.910466] c4   6377 [  811]  1013   811    20477     2126      22       3        0         -1000 drm@1.2-service
<6>[  383.910468] c4   6377 [  812]  1021   812    52367     2777      35       3        0         -1000 gnss@2.0-servic
<6>[  383.910471] c4   6377 [  813]  1000   813     9487     1297      15       3        0         -1000 health@2.0-serv
<6>[  383.910474] c4   6377 [  814]  1000   814     9324     1247      15       3        0         -1000 memtrack@1.0-se
<6>[  383.910476] c4   6377 [  815]  1000   815    73149     4494      41       3        0         -1000 neuralnetworks@
<6>[  383.910479] c4   6377 [  816]  1000   816    20559     3892      30       3        0         -1000 neuralnetworks@
<6>[  383.910482] c4   6377 [  817]  1027   817    23709     1520      19       3        0         -1000 nfc@1.2-service
<6>[  383.910485] c4   6377 [  818]  1064   818    10673     2144      19       3        0         -1000 oemlock@1.0-ser
<6>[  383.910488] c4   6377 [  819]  1000   819    19522     1512      20       3        0         -1000 stats@1.0-servi
<6>[  383.910490] c4   6377 [  820]     0   820    19219     1412      20       3        0         -1000 power@1.3-servi
<6>[  383.910493] c4   6377 [  821]  1068   821     9394     1287      15       3        0         -1000 secure_element@
<6>[  383.910496] c4   6377 [  822]  1000   822    78458     2893      35       3        0         -1000 sensors@2.0-ser
<6>[  383.910499] c4   6377 [  823]  1000   823    14800     1353      18       3        0         -1000 thermal@2.0-ser
<6>[  383.910501] c4   6377 [  824]     0   824    23633     1416      20       3        0         -1000 usb@1.2-service
<6>[  383.910504] c4   6377 [  825]  1000   825     9413     1338      16       3        0         -1000 vibrator@1.3-se
<6>[  383.910507] c4   6377 [  827]  1064   827    10668     2145      19       3        0         -1000 weaver@1.0-serv
<6>[  383.910510] c4   6377 [  828]  1000   828    19295     1188      19       3        0         -1000 pixelstats-vend
<6>[  383.910512] c4   6377 [  829]  1000   829    23307     1176      18       3        0         -1000 rlsservice
<6>[  383.910515] c4   6377 [  830]  2907   830    33266     2050      23       3        0         -1000 vendor.google.a
<6>[  383.910518] c4   6377 [  832]  1010   832    22449     4218      28       3        0         -1000 wifi_ext@1.0-se
<6>[  383.910520] c4   6377 [  833]  1000   833    14798     1347      18       3        0         -1000 wireless_charge
<6>[  383.910523] c4   6377 [  834]  1000   834    14843     1412      18       3        0         -1000 qteeconnector@1
<6>[  383.910526] c4   6377 [  835]  1000   835     9210     1268      15       3        0         -1000 tui_comm@1.0-se
<6>[  383.910528] c4   6377 [  836]  1046   836    10337     3347      31       2        0         -1000 vendor.qti.medi
<6>[  383.910531] c4   6377 [  837]  1000   837    33369     1623      23       3        0         -1000 sensors.qti
<6>[  383.910534] c4   6377 [  838]  1000   838    19342     1729      19       3        0         -1000 sscrpcd
<6>[  383.910537] c4   6377 [  839]  1000   839    19342     1722      19       3        0         -1000 sscrpcd
<6>[  383.910539] c4   6377 [  840]  2906   840     8523      750      12       3        0         -1000 qrtr-ns
<6>[  383.910542] c4   6377 [  842]  9999   842    27804     1062      20       3        0         -1000 rmt_storage
<6>[  383.910545] c4   6377 [  843]  2903   843     9685      914      15       3        0         -1000 tftp_server
<6>[  383.910548] c4   6377 [  844]     0   844     8809     1000      14       3        0         -1000 msm_irqbalance
<6>[  383.910551] c4   6377 [  845]  1000   845    14993     1146      19       3        0         -1000 pd-mapper
<6>[  383.910553] c4   6377 [  846]  9999   846     8968      994      14       3        0         -1000 ashmemd
<6>[  383.910556] c4   6377 [  847]  1041   847   681374     7397      69       4        0         -1000 audioserver
<6>[  383.910559] c4   6377 [  848]  1072   848    14943     1637      20       3        0         -1000 Binder:848_2
<6>[  383.910561] c4   6377 [  849]  1069   849     8649      621      13       3        0         -1000 lmkd
<6>[  383.910564] c4   6377 [  855]  1000   855    45861     1254      25       3        0         -1000 pm-service
<6>[  383.910567] c4   6377 [  858]  2000   858    36482     1068      20       3        0         -1000 diag_mdlog
<6>[  383.910569] c4   6377 [  860]  1036   860     9237      907      14       3        0          -600 logcatd
<6>[  383.910572] c4   6377 [  862]  9999   862    13073      929      13       3        0         -1000 traced
<6>[  383.910575] c4   6377 [  864]  9999   864    13073      943      13       3        0         -1000 traced_probes
<6>[  383.910577] c4   6377 [  873]  1001   873   422577     2995     122       4        0         -1000 netmgrd
<6>[  383.910581] c4   6377 [  875]  1001   875    18150      757      16       3        0         -1000 port-bridge
<6>[  383.910583] c4   6377 [  876]     0   876   227409     1381      59       3        0         -1000 thermal-engine
<6>[  383.910586] c4   6377 [  877]     0   877    22884      985      17       3        0         -1000 adsprpcd
<6>[  383.910589] c4   6377 [  878]  1013   878    18462      971      15       3        0         -1000 adsprpcd
<6>[  383.910591] c4   6377 [  879]  1000   879    22884      939      17       3        0         -1000 cdsprpcd
<6>[  383.910594] c4   6377 [  880]  1001   880    15000     1202      18       3        0         -1000 imsqmidaemon
<6>[  383.910597] c4   6377 [  883]  1000   883   593519     3017      37       4        0         -1000 cnd
<6>[  383.910600] c4   6377 [  888]  1047   888     9935     3788      32       2        0         -1000 cameraserver
<6>[  383.910602] c4   6377 [  889]  1019   889     6065     2674      22       2        0         -1000 drmserver
<6>[  383.910605] c4   6377 [  899]  1067   899    19097     1408      19       3        0         -1000 Binder:899_2
<6>[  383.910608] c4   6377 [  900]     0   900    27967     1608      20       3        0         -1000 Binder:900_2
<6>[  383.910611] c4   6377 [  902]  1017   902   540250     2273      24       4        0         -1000 keystore
<6>[  383.910614] c4   6377 [  903]  1013   903   539570     1905      22       4        0         -1000 mediadrmserver
<6>[  383.910617] c4   6377 [  906]  1040   906 67679707     6480     142      98        0         -1000 mediaextractor
<6>[  383.910619] c4   6377 [  910]  1013   910   552898     3388      33       4        0         -1000 mediametrics
<6>[  383.910622] c4   6377 [  911]  1013   911    19289     4944      44       2        0         -1000 mediaserver
<6>[  383.910624] c4   6377 [  912]  1066   912    45995     1858      28       3        0         -1000 Binder:912_2
<6>[  383.910627] c4   6377 [  914]     0   914    23859     1555      20       3        0         -1000 storaged
<6>[  383.910630] c4   6377 [  915]  1010   915     9677     1350      16       3        0         -1000 wificond
<6>[  383.910633] c4   6377 [  916]  1046   916     6150     2505      22       2        0         -1000 omx@1.0-service
<6>[  383.910635] c4   6377 [  917]  1001   917    28268     1799      21       3        0         -1000 ipacm
<6>[  383.910638] c4   6377 [  920]  1001   920   331610    11952     105       3        0         -1000 main
<6>[  383.910641] c4   6377 [  925]  1046   925 67715436     6064     163      92        0         -1000 mediaswcodec
<6>[  383.910643] c4   6377 [  928]  1000   928    37114     1702      21       3        0         -1000 chre
<6>[  383.910646] c4   6377 [  929]  1000   929    42086     1557      28       3        0         -1000 cnss-daemon
<6>[  383.910649] c4   6377 [  930]  1021   930    18588     1081      17       3        0         -1000 loc_launcher
<6>[  383.910651] c4   6377 [  931]  1000   931   534548     1556      20       4        0         -1000 gatekeeperd
<6>[  383.910654] c4   6377 [  932]  1058   932     8465      573      12       3        0         -1000 tombstoned
<6>[  383.910657] c4   6377 [  933]     0   933    11109     2216      21       3        0         -1000 update_engine
<6>[  383.910660] c4   6377 [  934]  1000   934   572704     8240      56       4        0         -1000 face@1.0-servic
<6>[  383.910662] c4   6377 [  941]  1000   941    18920     1157      18       3        0         -1000 pm-proxy
<6>[  383.910666] c4   6377 [  963]  1070   963     8515      927      12       3        0         -1000 llkd
<6>[  383.910668] c4   6377 [  969]  1001   969   580018     2343      33       4        0         -1000 imsdatadaemon
<6>[  383.910671] c4   6377 [ 1019]  1021  1019   570254     1475      29       4        0         -1000 lowi-server
<6>[  383.910674] c4   6377 [ 1020]  1021  1020    37877     2118      26       3        0         -1000 xtra-daemon
<6>[  383.910677] c4   6377 [ 1050]     0  1050     8494      801      13       3        0         -1000 iptables-restor
<6>[  383.910679] c4   6377 [ 1051]     0  1051     8496      803      13       3        0         -1000 ip6tables-resto
<6>[  383.910682] c4   6377 [ 1055]  1000  1055    14898      996      27       3        0         -1000 android.hardwar
<6>[  383.910686] c4   6377 [ 1347]  1000  1347  1996886   101966     497      11     1116          -900 system_server
<6>[  383.910689] c4   6377 [ 1498]  9999  1498    10479     2122      17       3        0         -1000 classifier@1.0-
<6>[  383.910692] c4   6377 [ 1628] 10106  1628  1438159    53336     299      10     1160          -800 ndroid.systemui
<6>[  383.910696] c4   6377 [ 1713]  1073  1713  1284501    25540     183       8     1216          -800 id.networkstack
<6>[  383.910698] c4   6377 [ 1740]  1001  1740  1320824    23045     190       9     1222          -800 qtidataservices
<6>[  383.910701] c4   6377 [ 1811]  1053  1811   433127    14140     133       3        0         -1000 webview_zygote
<6>[  383.910704] c4   6377 [ 1826]  1001  1826  1249697    22369     166       8     1221          -800 elephonyservice
<6>[  383.910706] c4   6377 [ 1848]  1001  1848  1397338    33288     224       9     1211          -800 m.android.phone
<6>[  383.910709] c4   6377 [ 1914] 10068  1914  1264810    23234     177       8     1224           100 id.ext.services
<6>[  383.910712] c4   6377 [ 1956] 10098  1956  1322435    37035     240       9     1177           100 droid.launcher3
<6>[  383.910715] c4   6377 [ 2200] 10052  2200  1544443    81723     403      10     1164           100 .gms.persistent
<6>[  383.910718] c4   6377 [ 2318]  1001  2318    47792     2401      31       3        0         -1000 ims_rtp_daemon
<6>[  383.910721] c4   6377 [ 2392] 10052  2392  1616631    96782     471      11     1218           100 gle.android.gms
<6>[  383.910724] c4   6377 [ 2446]  1027  2446  1292771    30080     206       8     1223          -800 com.android.nfc
<6>[  383.910726] c4   6377 [ 2459]  1068  2459  1248703    18721     173       8     1223          -800 com.android.se
<6>[  383.910729] c4   6377 [ 2495]  1001  2495  1262444    21465     178       8     1222          -800 .ims.rcsservice
<6>[  383.910732] c4   6377 [ 2523] 10073  2523  1239605    17932     166       8     1224           100 android.smspush
<6>[  383.910734] c4   6377 [ 2532] 10052  2532  1276534    23894     185       8     1213           915 ocess.gservices
<6>[  383.910737] c4   6377 [ 2753]  1001  2753  1248755    20659     170       8     1228           100 .qcrilmsgtunnel
<6>[  383.910740] c4   6377 [ 2909] 10048  2909  1495275    47362     299       9     1134           100 android.vending
<6>[  383.910743] c4   6377 [ 2952]  1010  2952   535427     2796      21       4        0         -1000 wpa_supplicant
<6>[  383.910746] c4   6377 [ 3143]  1001  3143    34319     2433      27       3        0         -1000 imsrcsd
<6>[  383.910748] c4   6377 [ 3145] 10052  3145  1258947    22954     184       8     1217           905 e.process.gapps
<6>[  383.910751] c4   6377 [ 4004] 10117  4004  1264695    25989     203       8     1223           945 putmethod.latin
<6>[  383.910754] c4   6377 [ 4869] 10052  4869  1360836    46923     328       9     1236           925 id.gms.unstable
<6>[  383.910757] c4   6377 [ 5660] 10064  5660  1268367    25984     203       8     1226           925 roid.apps.turbo
<6>[  383.910760] c4   6377 [ 5866]     0  5866    29334     1428      23       3        0         -1000 adbd
<6>[  383.910763] c4   6377 [ 5909]     0  5909     1917       91       7       2        0          -950 nbd-client
<6>[  383.910766] c4   6377 [ 5948]  1002  5948  1340613    26357     239       9     1220          -700 droid.bluetooth
<6>[  383.910769] c4   6377 [ 6030] 10155  6030  1532457    39023     313       9     1219           200 roid.smartboard
<6>[  383.910771] c4   6377 [ 6073] 10137  6073  1715306    56648     362      10     1211           945 facebook.katana
<6>[  383.910774] c4   6377 [ 6323] 10128  6323  1863193    87595     572      12    22300             0 .candycrushsaga
<6>[  383.910777] c4   6377 [ 6570] 99002  6570   334952    36601     272       3        0             0 ProcessService0
<6>[  383.910779] c4   6377 [ 6609] 10124  6609   299785    25193     152       3        0           935 .android.chrome
<6>[  383.910782] c4   6377 [ 6728] 99003  6728   312505    30523     227       3        0             0 ProcessService0
<6>[  383.910785] c4   6377 [ 6801] 10126  6801  1786349    60501     362      10     1199           915 android.youtube
<6>[  383.910788] c4   6377 [ 7025] 10064  7025  1273910    25140     208       8     1141           935 .apps.turbo:aab
<6>[  383.910790] c4   6377 [ 7225] 10045  7225  1237161    20050     192       8     1166           905 oadcastreceiver
<6>[  383.910794] c4   6377 [ 7433]     0  7433     8374      599      12       3        0          -950 sh
<6>[  383.910796] c4   6377 [ 7435]     0  7435     8374      605      12       3        0          -950 am
<6>[  383.910799] c4   6377 [ 7436]     0  7436    19054     1168      18       3        0          -950 cmd
<3>[  383.910801] c4   6377 Out of memory: Kill process 6073 (facebook.katana) score 945 or sacrifice child
<3>[  383.910947] c4   6377 Killed process 6073 (facebook.katana) total-vm:6861224kB, anon-rss:63324kB, file-rss:162892kB, shmem-rss:376kB
<6>[  383.917563] c0   6203 binder: 6073:6203 ioctl c0306201 7eae302b18 returned -14
<6>[  383.920848] c0   6491 binder: 6073:6491 ioctl c0306201 7ea89c5a38 returned -14
<6>[  383.931677] c4   6377 oom_reaper: reaped process 6073 (facebook.katana), now anon-rss:0kB, file-rss:96kB, shmem-rss:152kB
<4>[  383.931697] c4   6377 GLThread 439 invoked oom-killer: gfp_mask=0x0(), nodemask=(null),  order=0, oom_score_adj=0
<6>[  383.931703] c4   6377 GLThread 439 cpuset=top-app mems_allowed=0
<4>[  383.931709] c4   6377 CPU: 4 PID: 6377 Comm: GLThread 439 Tainted: G S         O    4.14.170_audio #8
<4>[  383.931712] c4   6377 Hardware name: Qualcomm Technologies, Inc. SM8150 V2 PM8150 Google Inc. MSM sm8150 Flame (DT)
<4>[  383.931714] c4   6377 Call trace:
<4>[  383.931722] c4   6377  dump_backtrace+0x0/0x1e4
<4>[  383.931725] c4   6377  show_stack+0x18/0x24
<4>[  383.931731] c4   6377  dump_stack+0xbc/0xf8
<4>[  383.931736] c4   6377  dump_header+0x84/0xd0
<4>[  383.931739] c4   6377  oom_kill_process+0xa8/0x568
<4>[  383.931741] c4   6377  out_of_memory+0x1dc/0x2b0
<4>[  383.931744] c4   6377  pagefault_out_of_memory+0x50/0x84
<4>[  383.931746] c4   6377  do_page_fault+0x360/0x3bc
<4>[  383.931749] c4   6377  do_translation_fault+0x48/0xa0
<4>[  383.931751] c4   6377  do_mem_abort+0x50/0xd8
<4>[  383.931753] c4   6377  el0_da+0x20/0x24
<4>[  383.931756] c4   6377 Mem-Info:
<4>[  383.931762] c4   6377 active_anon:193233 inactive_anon:4644 isolated_anon:0
<4>[  383.931762] c4   6377  active_file:70645 inactive_file:311942 isolated_file:0
<4>[  383.931762] c4   6377  unevictable:28470 dirty:68 writeback:0 unstable:0
<4>[  383.931762] c4   6377  slab_reclaimable:21469 slab_unreclaimable:46730
<4>[  383.931762] c4   6377  mapped:324587 shmem:2392 pagetables:12181 bounce:0
<4>[  383.931762] c4   6377  free:370137 free_pcp:1281 free_cma:28664
<4>[  383.931769] c4   6377 Node 0 active_anon:772932kB inactive_anon:18576kB active_file:282580kB inactive_file:1247768kB unevictable:113880kB isolated(anon):0kB isolated(file):0kB mapped:1298348kB dirty:272kB writeback:0kB shmem:9568kB writeback_tmp:0kB unstable:0kB all_unreclaimable? no
<4>[  383.931774] c4   6377 DMA free:1286740kB min:2524kB low:11784kB high:13312kB active_anon:28340kB inactive_anon:96kB active_file:380kB inactive_file:50816kB unevictable:188kB writepending:8kB present:1606240kB managed:1530056kB mlocked:188kB kernel_stack:784kB shadow_call_stack:64kB pagetables:1248kB bounce:0kB free_pcp:1520kB local_pcp:0kB free_cma:114656kB
<4>[  383.931776] c4   6377 lowmem_reserve[]: 0 3947 3947
<4>[  383.931797] c4   6377 Normal free:193808kB min:6732kB low:31420kB high:35496kB active_anon:744548kB inactive_anon:18480kB active_file:282200kB inactive_file:1196952kB unevictable:113692kB writepending:184kB present:4194304kB managed:4078844kB mlocked:113744kB kernel_stack:36584kB shadow_call_stack:2353kB pagetables:47476kB bounce:0kB free_pcp:3604kB local_pcp:88kB free_cma:0kB
<4>[  383.931804] c4   6377 lowmem_reserve[]: 0 0 0
<4>[  383.931824] c4   6377 DMA: 2728*4kB (UMEC) 2174*8kB (UMEC) 1629*16kB (UMEC) 1054*32kB (UMEC) 581*64kB (UMEC) 241*128kB (UMC) 97*256kB (UMC) 40*512kB (UMEC) 6*1024kB (MC) 1*2048kB (U) 263*4096kB (M) = 1286880kB
<4>[  383.931898] c4   6377 Normal: 10641*4kB (UME) 7233*8kB (UME) 3167*16kB (UME) 739*32kB (UME) 237*64kB (UME) 22*128kB (UME) 3*256kB (UM) 1*512kB (M) 0*1024kB 0*2048kB 0*4096kB = 194012kB
<4>[  383.931908] c4   6377 413857 total pagecache pages
<4>[  383.931953] c4   6377 770 pages in swap cache
<4>[  383.931955] c4   6377 Swap cache stats: add 58610, delete 57843, find 2194/19925
<4>[  383.931957] c4   6377 Free swap  = 316580108kB
<4>[  383.931959] c4   6377 Total swap = 316669944kB
<4>[  383.931961] c4   6377 1450136 pages RAM
<4>[  383.931963] c4   6377 0 pages HighMem/MovableOnly
<4>[  383.931965] c4   6377 47911 pages reserved
<4>[  383.931967] c4   6377 58368 pages cma reserved
<6>[  383.931972] c4   6377 cma: cma-0 pages: => 8398 used of 9216 total pages
<6>[  383.931974] c4   6377 cma: cma-1 pages: => 0 used of 4096 total pages
<6>[  383.931977] c4   6377 cma: cma-2 pages: => 512 used of 4096 total pages
<6>[  383.931980] c4   6377 cma: cma-3 pages: => 0 used of 23552 total pages
<6>[  383.931984] c4   6377 cma: cma-4 pages: => 2132 used of 10240 total pages
<6>[  383.931986] c4   6377 cma: cma-5 pages: => 0 used of 2048 total pages
<6>[  383.931989] c4   6377 cma: cma-6 pages: => 768 used of 1024 total pages
<6>[  383.931991] c4   6377 cma: cma-7 pages: => 0 used of 4096 total pages
<6>[  383.931993] c4   6377 [ pid ]   uid  tgid total_vm      rss nr_ptes nr_pmds swapents oom_score_adj name
<6>[  383.932016] c4   6377 [  534]     0   534     9875     1894      17       3        0         -1000 init
<6>[  383.932019] c4   6377 [  535]     0   535     9714     1769      17       3        0         -1000 init
<6>[  383.932022] c4   6377 [  537]     0   537     9716     1870      18       3        0         -1000 ueventd
<6>[  383.932025] c4   6377 [  558]  1036   558    45197     1990      24       3        0         -1000 logd
<6>[  383.932028] c4   6377 [  559]  1000   559     8890      952      13       3        0         -1000 servicemanager
<6>[  383.932030] c4   6377 [  560]  1000   560    10724     1548      18       3        0         -1000 hwservicemanage
<6>[  383.932033] c4   6377 [  561]  1000   561     9054     1035      14       3        0         -1000 vndservicemanag
<6>[  383.932036] c4   6377 [  563]  1000   563    55231     1670      30       3        0         -1000 qseecomd
<6>[  383.932039] c4   6377 [  564]  1000   564     9803     1552      17       3        0         -1000 keymaster@4.0-s
<6>[  383.932041] c4   6377 [  565]  1064   565    23990     1463      21       3        0         -1000 citadeld
<6>[  383.932044] c4   6377 [  567]  1064   567    11129     2285      20       3        0         -1000 keymaster@4.0-s
<6>[  383.932047] c4   6377 [  578]     0   578    29036     2075      25       3        0         -1000 Binder:578_2
<6>[  383.932050] c4   6377 [  599]     0   599     9368     1263      16       3        0         -1000 boot@1.0-servic
<6>[  383.932053] c4   6377 [  600]  1000   600     9465     1328      16       3        0         -1000 gatekeeper@1.0-
<6>[  383.932056] c4   6377 [  602]  1000   602    92963    10508      62       4        0         -1000 surfaceflinger
<6>[  383.932058] c4   6377 [  604]  1000   604    54920     5742      41       3        0         -1000 composer@2.3-se
<6>[  383.932061] c4   6377 [  606]  1000   606    19142     1375      19       3        0         -1000 configstore@1.1
<6>[  383.932064] c4   6377 [  607]  1000   607    23980     1702      22       3        0         -1000 allocator-servi
<6>[  383.932066] c4   6377 [  608]  1000   608     9370     1281      16       3        0         -1000 light@1.1-servi
<6>[  383.932071] c4   6377 [  675]  1000   675    45510     1137      22       3        0         -1000 time_daemon
<6>[  383.932073] c4   6377 [  692]     0   692    19889     1866      20       3        0         -1000 apexd
<6>[  383.932078] c4   6377 [  775]     0   775     8815      729      14       3        0         -1000 subsystem_ramdu
<6>[  383.932081] c4   6377 [  776]  1005   776     2173      590       8       2        0         -1000 crash_event_log
<6>[  383.932084] c4   6377 [  790]     0   790    68909     2331      31       3        0         -1000 Binder:790_3
<6>[  383.932087] c4   6377 [  791]     0   791  1352470    39024     215       8     1219         -1000 main
<6>[  383.932089] c4   6377 [  792]     0   792   431771    36229     166       3        0         -1000 main
<6>[  383.932093] c4   6377 [  800]  1000   800     9082     1014      14       3        0         -1000 allocator@1.0-s
<6>[  383.932095] c4   6377 [  801]  1000   801    24121     1725      21       3        0         -1000 suspend@1.0-ser
<6>[  383.932098] c4   6377 [  802]  1041   802    14275     5439      38       2        0         -1000 audio@2.0-servi
<6>[  383.932101] c4   6377 [  803]  1064   803    10938     2238      20       3        0         -1000 authsecret@1.0-
<6>[  383.932104] c4   6377 [  804]  1002   804    46411     1657      26       3        0         -1000 bluetooth@1.0-s
<6>[  383.932106] c4   6377 [  805]  1000   805   172845    33149     147       4        0         -1000 provider@2.4-se
<6>[  383.932110] c4   6377 [  806]  1013   806     3742     1228      12       2        0         -1000 cas@1.1-service
<6>[  383.932112] c4   6377 [  807]  9999   807    10959     2386      20       3        0         -1000 confirmationui@
<6>[  383.932115] c4   6377 [  808]  1000   808   540566     1261      21       4        0         -1000 contexthub@1.0-
<6>[  383.932118] c4   6377 [  809]  1013   809    19690     1738      20       3        0         -1000 drm@1.0-service
<6>[  383.932120] c4   6377 [  810]  1013   810    15530     1812      20       3        0         -1000 drm@1.2-service
<6>[  383.932123] c4   6377 [  811]  1013   811    20477     2126      22       3        0         -1000 drm@1.2-service
<6>[  383.932126] c4   6377 [  812]  1021   812    52367     2777      35       3        0         -1000 gnss@2.0-servic
<6>[  383.932129] c4   6377 [  813]  1000   813     9487     1297      15       3        0         -1000 health@2.0-serv
<6>[  383.932132] c4   6377 [  814]  1000   814     9324     1247      15       3        0         -1000 memtrack@1.0-se
<6>[  383.932134] c4   6377 [  815]  1000   815    73149     4494      41       3        0         -1000 neuralnetworks@
<6>[  383.932137] c4   6377 [  816]  1000   816    20559     3892      30       3        0         -1000 neuralnetworks@
<6>[  383.932140] c4   6377 [  817]  1027   817    23709     1520      19       3        0         -1000 nfc@1.2-service
<6>[  383.932142] c4   6377 [  818]  1064   818    10673     2144      19       3        0         -1000 oemlock@1.0-ser
<6>[  383.932145] c4   6377 [  819]  1000   819    19522     1512      20       3        0         -1000 stats@1.0-servi
<6>[  383.932148] c4   6377 [  820]     0   820    19219     1412      20       3        0         -1000 power@1.3-servi
<6>[  383.932151] c4   6377 [  821]  1068   821     9394     1287      15       3        0         -1000 secure_element@
<6>[  383.932153] c4   6377 [  822]  1000   822    78458     2893      35       3        0         -1000 sensors@2.0-ser
<6>[  383.932156] c4   6377 [  823]  1000   823    14800     1353      18       3        0         -1000 thermal@2.0-ser
<6>[  383.932159] c4   6377 [  824]     0   824    23633     1416      20       3        0         -1000 usb@1.2-service
<6>[  383.932162] c4   6377 [  825]  1000   825     9413     1338      16       3        0         -1000 vibrator@1.3-se
<6>[  383.932164] c4   6377 [  827]  1064   827    10668     2145      19       3        0         -1000 weaver@1.0-serv
<6>[  383.932167] c4   6377 [  828]  1000   828    19295     1188      19       3        0         -1000 pixelstats-vend
<6>[  383.932170] c4   6377 [  829]  1000   829    23307     1176      18       3        0         -1000 rlsservice
<6>[  383.932173] c4   6377 [  830]  2907   830    33266     2050      23       3        0         -1000 vendor.google.a
<6>[  383.932175] c4   6377 [  832]  1010   832    22449     4218      28       3        0         -1000 wifi_ext@1.0-se
<6>[  383.932178] c4   6377 [  833]  1000   833    14798     1347      18       3        0         -1000 wireless_charge
<6>[  383.932181] c4   6377 [  834]  1000   834    14843     1412      18       3        0         -1000 qteeconnector@1
<6>[  383.932183] c4   6377 [  835]  1000   835     9210     1268      15       3        0         -1000 tui_comm@1.0-se
<6>[  383.932186] c4   6377 [  836]  1046   836    10337     3347      31       2        0         -1000 vendor.qti.medi
<6>[  383.932189] c4   6377 [  837]  1000   837    33369     1623      23       3        0         -1000 sensors.qti
<6>[  383.932192] c4   6377 [  838]  1000   838    19342     1729      19       3        0         -1000 sscrpcd
<6>[  383.932194] c4   6377 [  839]  1000   839    19342     1722      19       3        0         -1000 sscrpcd
<6>[  383.932197] c4   6377 [  840]  2906   840     8523      750      12       3        0         -1000 qrtr-ns
<6>[  383.932200] c4   6377 [  842]  9999   842    27804     1062      20       3        0         -1000 rmt_storage
<6>[  383.932203] c4   6377 [  843]  2903   843     9685      914      15       3        0         -1000 tftp_server
<6>[  383.932205] c4   6377 [  844]     0   844     8809     1000      14       3        0         -1000 msm_irqbalance
<6>[  383.932208] c4   6377 [  845]  1000   845    14993     1146      19       3        0         -1000 pd-mapper
<6>[  383.932211] c4   6377 [  846]  9999   846     8968      994      14       3        0         -1000 ashmemd
<6>[  383.932214] c4   6377 [  847]  1041   847   681374     7397      69       4        0         -1000 audioserver
<6>[  383.932216] c4   6377 [  848]  1072   848    14943     1637      20       3        0         -1000 Binder:848_2
<6>[  383.932219] c4   6377 [  849]  1069   849     8649      621      13       3        0         -1000 lmkd
<6>[  383.932222] c4   6377 [  855]  1000   855    45861     1254      25       3        0         -1000 pm-service
<6>[  383.932225] c4   6377 [  858]  2000   858    36482     1068      20       3        0         -1000 diag_mdlog
<6>[  383.932227] c4   6377 [  860]  1036   860     9237      907      14       3        0          -600 logcatd
<6>[  383.932230] c4   6377 [  862]  9999   862    13073      929      13       3        0         -1000 traced
<6>[  383.932233] c4   6377 [  864]  9999   864    13073      943      13       3        0         -1000 traced_probes
<6>[  383.932235] c4   6377 [  873]  1001   873   422577     2995     122       4        0         -1000 netmgrd
<6>[  383.932238] c4   6377 [  875]  1001   875    18150      757      16       3        0         -1000 port-bridge
<6>[  383.932241] c4   6377 [  876]     0   876   227409     1381      59       3        0         -1000 thermal-engine
<6>[  383.932244] c4   6377 [  877]     0   877    22884      985      17       3        0         -1000 adsprpcd
<6>[  383.932246] c4   6377 [  878]  1013   878    18462      971      15       3        0         -1000 adsprpcd
<6>[  383.932249] c4   6377 [  879]  1000   879    22884      939      17       3        0         -1000 cdsprpcd
<6>[  383.932252] c4   6377 [  880]  1001   880    15000     1202      18       3        0         -1000 imsqmidaemon
<6>[  383.932255] c4   6377 [  883]  1000   883   593519     3017      37       4        0         -1000 cnd
<6>[  383.932257] c4   6377 [  888]  1047   888     9935     3788      32       2        0         -1000 cameraserver
<6>[  383.932260] c4   6377 [  889]  1019   889     6065     2674      22       2        0         -1000 drmserver
<6>[  383.932263] c4   6377 [  899]  1067   899    19097     1408      19       3        0         -1000 Binder:899_2
<6>[  383.932266] c4   6377 [  900]     0   900    27967     1608      20       3        0         -1000 Binder:900_2
<6>[  383.932269] c4   6377 [  902]  1017   902   540250     2273      24       4        0         -1000 keystore
<6>[  383.932271] c4   6377 [  903]  1013   903   539570     1905      22       4        0         -1000 mediadrmserver
<6>[  383.932274] c4   6377 [  906]  1040   906 67679707     6480     142      98        0         -1000 mediaextractor
<6>[  383.932277] c4   6377 [  910]  1013   910   552898     3388      33       4        0         -1000 mediametrics
<6>[  383.932279] c4   6377 [  911]  1013   911    19289     4944      44       2        0         -1000 mediaserver
<6>[  383.932282] c4   6377 [  912]  1066   912    45995     1858      28       3        0         -1000 Binder:912_2
<6>[  383.932285] c4   6377 [  914]     0   914    23859     1555      20       3        0         -1000 storaged
<6>[  383.932288] c4   6377 [  915]  1010   915     9677     1350      16       3        0         -1000 wificond
<6>[  383.932290] c4   6377 [  916]  1046   916     6150     2505      22       2        0         -1000 omx@1.0-service
<6>[  383.932293] c4   6377 [  917]  1001   917    28268     1799      21       3        0         -1000 ipacm
<6>[  383.932296] c4   6377 [  920]  1001   920   331610    11952     105       3        0         -1000 main
<6>[  383.932298] c4   6377 [  925]  1046   925 67715436     6064     163      92        0         -1000 mediaswcodec
<6>[  383.932301] c4   6377 [  928]  1000   928    37114     1702      21       3        0         -1000 chre
<6>[  383.932304] c4   6377 [  929]  1000   929    42086     1557      28       3        0         -1000 cnss-daemon
<6>[  383.932307] c4   6377 [  930]  1021   930    18588     1081      17       3        0         -1000 loc_launcher
<6>[  383.932310] c4   6377 [  931]  1000   931   534548     1556      20       4        0         -1000 gatekeeperd
<6>[  383.932312] c4   6377 [  932]  1058   932     8465      573      12       3        0         -1000 tombstoned
<6>[  383.932315] c4   6377 [  933]     0   933    11109     2216      21       3        0         -1000 update_engine
<6>[  383.932318] c4   6377 [  934]  1000   934   572704     8240      56       4        0         -1000 face@1.0-servic
<6>[  383.932320] c4   6377 [  941]  1000   941    18920     1157      18       3        0         -1000 pm-proxy
<6>[  383.932324] c4   6377 [  963]  1070   963     8515      927      12       3        0         -1000 llkd
<6>[  383.932326] c4   6377 [  969]  1001   969   580018     2343      33       4        0         -1000 imsdatadaemon
<6>[  383.932329] c4   6377 [ 1019]  1021  1019   570254     1475      29       4        0         -1000 lowi-server
<6>[  383.932332] c4   6377 [ 1020]  1021  1020    37877     2118      26       3        0         -1000 xtra-daemon
<6>[  383.932335] c4   6377 [ 1050]     0  1050     8494      801      13       3        0         -1000 iptables-restor
<6>[  383.932338] c4   6377 [ 1051]     0  1051     8496      803      13       3        0         -1000 ip6tables-resto
<6>[  383.932340] c4   6377 [ 1055]  1000  1055    14898      996      27       3        0         -1000 android.hardwar
<6>[  383.932344] c4   6377 [ 1347]  1000  1347  2001246   101969     497      11     1116          -900 system_server
<6>[  383.932347] c4   6377 [ 1498]  9999  1498    10479     2122      17       3        0         -1000 classifier@1.0-
<6>[  383.932350] c4   6377 [ 1628] 10106  1628  1438159    53336     299      10     1160          -800 ndroid.systemui
<6>[  383.932353] c4   6377 [ 1713]  1073  1713  1284501    25540     183       8     1216          -800 id.networkstack
<6>[  383.932356] c4   6377 [ 1740]  1001  1740  1320824    23045     190       9     1222          -800 qtidataservices
<6>[  383.932358] c4   6377 [ 1811]  1053  1811   433127    14140     133       3        0         -1000 webview_zygote
<6>[  383.932361] c4   6377 [ 1826]  1001  1826  1249697    22369     166       8     1221          -800 elephonyservice
<6>[  383.932364] c4   6377 [ 1848]  1001  1848  1397338    33288     224       9     1211          -800 m.android.phone
<6>[  383.932367] c4   6377 [ 1914] 10068  1914  1264810    23234     177       8     1224           100 id.ext.services
<6>[  383.932370] c4   6377 [ 1956] 10098  1956  1322435    37035     240       9     1177           100 droid.launcher3
<6>[  383.932372] c4   6377 [ 2200] 10052  2200  1544443    81723     403      10     1164           100 .gms.persistent
<6>[  383.932375] c4   6377 [ 2318]  1001  2318    47792     2401      31       3        0         -1000 ims_rtp_daemon
<6>[  383.932378] c4   6377 [ 2392] 10052  2392  1616631    96782     471      11     1218           100 gle.android.gms
<6>[  383.932381] c4   6377 [ 2446]  1027  2446  1292771    30080     206       8     1223          -800 com.android.nfc
<6>[  383.932384] c4   6377 [ 2459]  1068  2459  1248703    18721     173       8     1223          -800 com.android.se
<6>[  383.932387] c4   6377 [ 2495]  1001  2495  1262444    21465     178       8     1222          -800 .ims.rcsservice
<6>[  383.932390] c4   6377 [ 2523] 10073  2523  1239605    17932     166       8     1224           100 android.smspush
<6>[  383.932392] c4   6377 [ 2532] 10052  2532  1276534    23894     185       8     1213           915 ocess.gservices
<6>[  383.932395] c4   6377 [ 2753]  1001  2753  1248755    20659     170       8     1228           100 .qcrilmsgtunnel
<6>[  383.932398] c4   6377 [ 2909] 10048  2909  1495275    47362     299       9     1134           100 android.vending
<6>[  383.932401] c4   6377 [ 2952]  1010  2952   535427     2796      21       4        0         -1000 wpa_supplicant
<6>[  383.932404] c4   6377 [ 3143]  1001  3143    34319     2433      27       3        0         -1000 imsrcsd
<6>[  383.932407] c4   6377 [ 3145] 10052  3145  1258947    22954     184       8     1217           905 e.process.gapps
<6>[  383.932410] c4   6377 [ 4004] 10117  4004  1264695    25989     203       8     1223           945 putmethod.latin
<6>[  383.932413] c4   6377 [ 4869] 10052  4869  1360836    46923     328       9     1236           925 id.gms.unstable
<6>[  383.932415] c4   6377 [ 5660] 10064  5660  1268367    25984     203       8     1226           925 roid.apps.turbo
<6>[  383.932418] c4   6377 [ 5866]     0  5866    29334     1428      23       3        0         -1000 adbd
<6>[  383.932421] c4   6377 [ 5909]     0  5909     1917       91       7       2        0          -950 nbd-client
<6>[  383.932424] c4   6377 [ 5948]  1002  5948  1340613    26357     239       9     1220          -700 droid.bluetooth
<6>[  383.932427] c4   6377 [ 6030] 10155  6030  1532457    39023     313       9     1219           200 roid.smartboard
<6>[  383.932430] c4   6377 [ 6323] 10128  6323  1863193    87595     572      12    22300             0 .candycrushsaga
<6>[  383.932432] c4   6377 [ 6570] 99002  6570   334952    36601     272       3        0             0 ProcessService0
<6>[  383.932435] c4   6377 [ 6609] 10124  6609   299785    25193     152       3        0           935 .android.chrome
<6>[  383.932438] c4   6377 [ 6728] 99003  6728   312505    30523     227       3        0           100 ProcessService0
<6>[  383.932441] c4   6377 [ 6801] 10126  6801  1786349    60501     362      10     1199           915 android.youtube
<6>[  383.932444] c4   6377 [ 7025] 10064  7025  1273910    25140     208       8     1141           935 .apps.turbo:aab
<6>[  383.932447] c4   6377 [ 7225] 10045  7225  1237161    20050     192       8     1166           905 oadcastreceiver
<6>[  383.932450] c4   6377 [ 7433]     0  7433     8374      599      12       3        0          -950 sh
<6>[  383.932452] c4   6377 [ 7435]     0  7435     8374      605      12       3        0          -950 am
<6>[  383.932455] c4   6377 [ 7436]     0  7436    19054     1168      18       3        0          -950 cmd
<3>[  383.932458] c4   6377 Out of memory: Kill process 4004 (putmethod.latin) score 945 or sacrifice child
<3>[  383.932513] c4   6377 Killed process 4004 (putmethod.latin) total-vm:5058780kB, anon-rss:23468kB, file-rss:80264kB, shmem-rss:224kB
<6>[  383.945474] c4   6377 oom_reaper: reaped process 4004 (putmethod.latin), now anon-rss:0kB, file-rss:0kB, shmem-rss:20kB
<4>[  383.945503] c4   6377 GLThread 439 invoked oom-killer: gfp_mask=0x0(), nodemask=(null),  order=0, oom_score_adj=0
<6>[  383.945508] c4   6377 GLThread 439 cpuset=top-app mems_allowed=0
<4>[  383.945515] c4   6377 CPU: 4 PID: 6377 Comm: GLThread 439 Tainted: G S         O    4.14.170_audio #8
<4>[  383.945517] c4   6377 Hardware name: Qualcomm Technologies, Inc. SM8150 V2 PM8150 Google Inc. MSM sm8150 Flame (DT)
<4>[  383.945520] c4   6377 Call trace:
<4>[  383.945529] c4   6377  dump_backtrace+0x0/0x1e4
<4>[  383.945532] c4   6377  show_stack+0x18/0x24
<4>[  383.945536] c4   6377  dump_stack+0xbc/0xf8
<4>[  383.945539] c4   6377  dump_header+0x84/0xd0
<4>[  383.945541] c4   6377  oom_kill_process+0xa8/0x568
<4>[  383.945544] c4   6377  out_of_memory+0x1dc/0x2b0
<4>[  383.945546] c4   6377  pagefault_out_of_memory+0x50/0x84
<4>[  383.945549] c4   6377  do_page_fault+0x360/0x3bc
<4>[  383.945551] c4   6377  do_translation_fault+0x48/0xa0
<4>[  383.945553] c4   6377  do_mem_abort+0x50/0xd8
<4>[  383.945556] c4   6377  el0_da+0x20/0x24
<4>[  383.945558] c4   6377 Mem-Info:
<4>[  383.945563] c4   6377 active_anon:191959 inactive_anon:4644 isolated_anon:0
<4>[  383.945563] c4   6377  active_file:70988 inactive_file:311599 isolated_file:0
<4>[  383.945563] c4   6377  unevictable:28470 dirty:68 writeback:0 unstable:0
<4>[  383.945563] c4   6377  slab_reclaimable:21469 slab_unreclaimable:46730
<4>[  383.945563] c4   6377  mapped:323313 shmem:2392 pagetables:12035 bounce:0
<4>[  383.945563] c4   6377  free:371558 free_pcp:1310 free_cma:28664
<4>[  383.945570] c4   6377 Node 0 active_anon:767836kB inactive_anon:18576kB active_file:283952kB inactive_file:1246396kB unevictable:113880kB isolated(anon):0kB isolated(file):0kB mapped:1293252kB dirty:272kB writeback:0kB shmem:9568kB writeback_tmp:0kB unstable:0kB all_unreclaimable? no
<4>[  383.945575] c4   6377 DMA free:1286740kB min:2524kB low:11784kB high:13312kB active_anon:28340kB inactive_anon:96kB active_file:380kB inactive_file:50816kB unevictable:188kB writepending:8kB present:1606240kB managed:1530056kB mlocked:188kB kernel_stack:784kB shadow_call_stack:64kB pagetables:1248kB bounce:0kB free_pcp:1536kB local_pcp:0kB free_cma:114656kB
<4>[  383.945577] c4   6377 lowmem_reserve[]: 0 3947 3947
<4>[  383.945583] c4   6377 Normal free:199492kB min:6732kB low:31420kB high:35496kB active_anon:739648kB inactive_anon:18480kB active_file:283572kB inactive_file:1195580kB unevictable:113692kB writepending:184kB present:4194304kB managed:4078844kB mlocked:113744kB kernel_stack:36324kB shadow_call_stack:2351kB pagetables:46892kB bounce:0kB free_pcp:3704kB local_pcp:88kB free_cma:0kB
<4>[  383.945585] c4   6377 lowmem_reserve[]: 0 0 0
<4>[  383.945588] c4   6377 DMA: 2728*4kB (UMEC) 2174*8kB (UMEC) 1629*16kB (UMEC) 1054*32kB (UMEC) 581*64kB (UMEC) 241*128kB (UMC) 97*256kB (UMC) 40*512kB (UMEC) 6*1024kB (MC) 1*2048kB (U) 263*4096kB (M) = 1286880kB
<4>[  383.945599] c4   6377 Normal: 11110*4kB (UME) 7425*8kB (UME) 3227*16kB (UME) 757*32kB (UME) 239*64kB (UME) 22*128kB (UME) 4*256kB (UM) 1*512kB (M) 0*1024kB 0*2048kB 0*4096kB = 199344kB
<4>[  383.945609] c4   6377 413857 total pagecache pages
<4>[  383.945655] c4   6377 770 pages in swap cache
<4>[  383.945657] c4   6377 Swap cache stats: add 58610, delete 57843, find 2194/20040
<4>[  383.945659] c4   6377 Free swap  = 316580108kB
<4>[  383.945661] c4   6377 Total swap = 316669944kB
<4>[  383.945663] c4   6377 1450136 pages RAM
<4>[  383.945665] c4   6377 0 pages HighMem/MovableOnly
<4>[  383.945667] c4   6377 47911 pages reserved
<4>[  383.945669] c4   6377 58368 pages cma reserved
<6>[  383.945673] c4   6377 cma: cma-0 pages: => 8398 used of 9216 total pages
<6>[  383.945675] c4   6377 cma: cma-1 pages: => 0 used of 4096 total pages
<6>[  383.945678] c4   6377 cma: cma-2 pages: => 512 used of 4096 total pages
<6>[  383.945681] c4   6377 cma: cma-3 pages: => 0 used of 23552 total pages
<6>[  383.945684] c4   6377 cma: cma-4 pages: => 2132 used of 10240 total pages
<6>[  383.945686] c4   6377 cma: cma-5 pages: => 0 used of 2048 total pages
<6>[  383.945688] c4   6377 cma: cma-6 pages: => 768 used of 1024 total pages
<6>[  383.945691] c4   6377 cma: cma-7 pages: => 0 used of 4096 total pages
<6>[  383.945693] c4   6377 [ pid ]   uid  tgid total_vm      rss nr_ptes nr_pmds swapents oom_score_adj name
<6>[  383.945721] c4   6377 [  534]     0   534     9875     1894      17       3        0         -1000 init
<6>[  383.945724] c4   6377 [  535]     0   535     9714     1769      17       3        0         -1000 init
<6>[  383.945727] c4   6377 [  537]     0   537     9716     1870      18       3        0         -1000 ueventd
<6>[  383.945730] c4   6377 [  558]  1036   558    45197     1990      24       3        0         -1000 logd
<6>[  383.945733] c4   6377 [  559]  1000   559     8890      952      13       3        0         -1000 servicemanager
<6>[  383.945736] c4   6377 [  560]  1000   560    10724     1548      18       3        0         -1000 hwservicemanage
<6>[  383.945738] c4   6377 [  561]  1000   561     9054     1035      14       3        0         -1000 vndservicemanag
<6>[  383.945741] c4   6377 [  563]  1000   563    55231     1670      30       3        0         -1000 qseecomd
<6>[  383.945744] c4   6377 [  564]  1000   564     9803     1552      17       3        0         -1000 keymaster@4.0-s
<6>[  383.945747] c4   6377 [  565]  1064   565    23990     1463      21       3        0         -1000 citadeld
<6>[  383.945749] c4   6377 [  567]  1064   567    11129     2285      20       3        0         -1000 keymaster@4.0-s
<6>[  383.945752] c4   6377 [  578]     0   578    29036     2075      25       3        0         -1000 Binder:578_2
<6>[  383.945755] c4   6377 [  599]     0   599     9368     1263      16       3        0         -1000 boot@1.0-servic
<6>[  383.945758] c4   6377 [  600]  1000   600     9465     1328      16       3        0         -1000 gatekeeper@1.0-
<6>[  383.945761] c4   6377 [  602]  1000   602    92963    10508      62       4        0         -1000 surfaceflinger
<6>[  383.945764] c4   6377 [  604]  1000   604    54920     5742      41       3        0         -1000 composer@2.3-se
<6>[  383.945767] c4   6377 [  606]  1000   606    19142     1375      19       3        0         -1000 configstore@1.1
<6>[  383.945769] c4   6377 [  607]  1000   607    23980     1702      22       3        0         -1000 allocator-servi
<6>[  383.945772] c4   6377 [  608]  1000   608     9370     1281      16       3        0         -1000 light@1.1-servi
<6>[  383.945777] c4   6377 [  675]  1000   675    45510     1137      22       3        0         -1000 time_daemon
<6>[  383.945780] c4   6377 [  692]     0   692    19889     1866      20       3        0         -1000 apexd
<6>[  383.945785] c4   6377 [  775]     0   775     8815      729      14       3        0         -1000 subsystem_ramdu
<6>[  383.945788] c4   6377 [  776]  1005   776     2173      590       8       2        0         -1000 crash_event_log
<6>[  383.945791] c4   6377 [  790]     0   790    68909     2331      31       3        0         -1000 Binder:790_3
<6>[  383.945794] c4   6377 [  791]     0   791  1352470    39024     215       8     1219         -1000 main
<6>[  383.945796] c4   6377 [  792]     0   792   431771    36229     166       3        0         -1000 main
<6>[  383.945800] c4   6377 [  800]  1000   800     9082     1014      14       3        0         -1000 allocator@1.0-s
<6>[  383.945802] c4   6377 [  801]  1000   801    24121     1725      21       3        0         -1000 suspend@1.0-ser
<6>[  383.945805] c4   6377 [  802]  1041   802    14275     5439      38       2        0         -1000 audio@2.0-servi
<6>[  383.945808] c4   6377 [  803]  1064   803    10938     2238      20       3        0         -1000 authsecret@1.0-
<6>[  383.945811] c4   6377 [  804]  1002   804    46411     1657      26       3        0         -1000 bluetooth@1.0-s
<6>[  383.945813] c4   6377 [  805]  1000   805   172845    33149     147       4        0         -1000 provider@2.4-se
<6>[  383.945816] c4   6377 [  806]  1013   806     3742     1228      12       2        0         -1000 cas@1.1-service
<6>[  383.945819] c4   6377 [  807]  9999   807    10959     2386      20       3        0         -1000 confirmationui@
<6>[  383.945822] c4   6377 [  808]  1000   808   540566     1261      21       4        0         -1000 contexthub@1.0-
<6>[  383.945825] c4   6377 [  809]  1013   809    19690     1738      20       3        0         -1000 drm@1.0-service
<6>[  383.945827] c4   6377 [  810]  1013   810    15530     1812      20       3        0         -1000 drm@1.2-service
<6>[  383.945830] c4   6377 [  811]  1013   811    20477     2126      22       3        0         -1000 drm@1.2-service
<6>[  383.945833] c4   6377 [  812]  1021   812    52367     2777      35       3        0         -1000 gnss@2.0-servic
<6>[  383.945836] c4   6377 [  813]  1000   813     9487     1297      15       3        0         -1000 health@2.0-serv
<6>[  383.945839] c4   6377 [  814]  1000   814     9324     1247      15       3        0         -1000 memtrack@1.0-se
<6>[  383.945841] c4   6377 [  815]  1000   815    73149     4494      41       3        0         -1000 neuralnetworks@
<6>[  383.945844] c4   6377 [  816]  1000   816    20559     3892      30       3        0         -1000 neuralnetworks@
<6>[  383.945847] c4   6377 [  817]  1027   817    23709     1520      19       3        0         -1000 nfc@1.2-service
<6>[  383.945849] c4   6377 [  818]  1064   818    10673     2144      19       3        0         -1000 oemlock@1.0-ser
<6>[  383.945852] c4   6377 [  819]  1000   819    19522     1512      20       3        0         -1000 stats@1.0-servi
<6>[  383.945855] c4   6377 [  820]     0   820    19219     1412      20       3        0         -1000 power@1.3-servi
<6>[  383.945858] c4   6377 [  821]  1068   821     9394     1287      15       3        0         -1000 secure_element@
<6>[  383.945860] c4   6377 [  822]  1000   822    78458     2893      35       3        0         -1000 sensors@2.0-ser
<6>[  383.945863] c4   6377 [  823]  1000   823    14800     1353      18       3        0         -1000 thermal@2.0-ser
<6>[  383.945866] c4   6377 [  824]     0   824    23633     1416      20       3        0         -1000 usb@1.2-service
<6>[  383.945869] c4   6377 [  825]  1000   825     9413     1338      16       3        0         -1000 vibrator@1.3-se
<6>[  383.945872] c4   6377 [  827]  1064   827    10668     2145      19       3        0         -1000 weaver@1.0-serv
<6>[  383.945874] c4   6377 [  828]  1000   828    19295     1188      19       3        0         -1000 pixelstats-vend
<6>[  383.945877] c4   6377 [  829]  1000   829    23307     1176      18       3        0         -1000 rlsservice
<6>[  383.945880] c4   6377 [  830]  2907   830    33266     2050      23       3        0         -1000 vendor.google.a
<6>[  383.945883] c4   6377 [  832]  1010   832    22449     4218      28       3        0         -1000 wifi_ext@1.0-se
<6>[  383.945885] c4   6377 [  833]  1000   833    14798     1347      18       3        0         -1000 wireless_charge
<6>[  383.945888] c4   6377 [  834]  1000   834    14843     1412      18       3        0         -1000 qteeconnector@1
<6>[  383.945891] c4   6377 [  835]  1000   835     9210     1268      15       3        0         -1000 tui_comm@1.0-se
<6>[  383.945894] c4   6377 [  836]  1046   836    10337     3347      31       2        0         -1000 vendor.qti.medi
<6>[  383.945896] c4   6377 [  837]  1000   837    33369     1623      23       3        0         -1000 sensors.qti
<6>[  383.945899] c4   6377 [  838]  1000   838    19342     1729      19       3        0         -1000 sscrpcd
<6>[  383.945902] c4   6377 [  839]  1000   839    19342     1722      19       3        0         -1000 sscrpcd
<6>[  383.945905] c4   6377 [  840]  2906   840     8523      750      12       3        0         -1000 qrtr-ns
<6>[  383.945907] c4   6377 [  842]  9999   842    27804     1062      20       3        0         -1000 rmt_storage
<6>[  383.945910] c4   6377 [  843]  2903   843     9685      914      15       3        0         -1000 tftp_server
<6>[  383.945913] c4   6377 [  844]     0   844     8809     1000      14       3        0         -1000 msm_irqbalance
<6>[  383.945915] c4   6377 [  845]  1000   845    14993     1146      19       3        0         -1000 pd-mapper
<6>[  383.945918] c4   6377 [  846]  9999   846     8968      994      14       3        0         -1000 ashmemd
<6>[  383.945921] c4   6377 [  847]  1041   847   681374     7397      69       4        0         -1000 audioserver
<6>[  383.945923] c4   6377 [  848]  1072   848    14943     1637      20       3        0         -1000 Binder:848_2
<6>[  383.945926] c4   6377 [  849]  1069   849     8649      621      13       3        0         -1000 lmkd
<6>[  383.945929] c4   6377 [  855]  1000   855    45861     1254      25       3        0         -1000 pm-service
<6>[  383.945932] c4   6377 [  858]  2000   858    36482     1068      20       3        0         -1000 diag_mdlog
<6>[  383.945934] c4   6377 [  860]  1036   860     9237      907      14       3        0          -600 logcatd
<6>[  383.945937] c4   6377 [  862]  9999   862    13073      929      13       3        0         -1000 traced
<6>[  383.945940] c4   6377 [  864]  9999   864    13073      943      13       3        0         -1000 traced_probes
<6>[  383.945943] c4   6377 [  873]  1001   873   422577     2995     122       4        0         -1000 netmgrd
<6>[  383.945946] c4   6377 [  875]  1001   875    18150      757      16       3        0         -1000 port-bridge
<6>[  383.945948] c4   6377 [  876]     0   876   227409     1381      59       3        0         -1000 thermal-engine
<6>[  383.945951] c4   6377 [  877]     0   877    22884      985      17       3        0         -1000 adsprpcd
<6>[  383.945954] c4   6377 [  878]  1013   878    18462      971      15       3        0         -1000 adsprpcd
<6>[  383.945956] c4   6377 [  879]  1000   879    22884      939      17       3        0         -1000 cdsprpcd
<6>[  383.945959] c4   6377 [  880]  1001   880    15000     1202      18       3        0         -1000 imsqmidaemon
<6>[  383.945962] c4   6377 [  883]  1000   883   593519     3017      37       4        0         -1000 cnd
<6>[  383.945965] c4   6377 [  888]  1047   888     9935     3788      32       2        0         -1000 cameraserver
<6>[  383.945967] c4   6377 [  889]  1019   889     6065     2674      22       2        0         -1000 drmserver
<6>[  383.945970] c4   6377 [  899]  1067   899    19097     1408      19       3        0         -1000 Binder:899_2
<6>[  383.945973] c4   6377 [  900]     0   900    27967     1608      20       3        0         -1000 Binder:900_2
<6>[  383.945975] c4   6377 [  902]  1017   902   540250     2273      24       4        0         -1000 keystore
<6>[  383.945978] c4   6377 [  903]  1013   903   539570     1905      22       4        0         -1000 mediadrmserver
<6>[  383.945981] c4   6377 [  906]  1040   906 67679707     6480     142      98        0         -1000 mediaextractor
<6>[  383.945984] c4   6377 [  910]  1013   910   552898     3388      33       4        0         -1000 mediametrics
<6>[  383.945987] c4   6377 [  911]  1013   911    19289     4944      44       2        0         -1000 mediaserver
<6>[  383.945990] c4   6377 [  912]  1066   912    45995     1858      28       3        0         -1000 Binder:912_2
<6>[  383.945992] c4   6377 [  914]     0   914    23859     1555      20       3        0         -1000 storaged
<6>[  383.945995] c4   6377 [  915]  1010   915     9677     1350      16       3        0         -1000 wificond
<6>[  383.945998] c4   6377 [  916]  1046   916     6150     2505      22       2        0         -1000 omx@1.0-service
<6>[  383.946001] c4   6377 [  917]  1001   917    28268     1799      21       3        0         -1000 ipacm
<6>[  383.946004] c4   6377 [  920]  1001   920   331610    11952     105       3        0         -1000 main
<6>[  383.946006] c4   6377 [  925]  1046   925 67715436     6064     163      92        0         -1000 mediaswcodec
<6>[  383.946009] c4   6377 [  928]  1000   928    37114     1702      21       3        0         -1000 chre
<6>[  383.946012] c4   6377 [  929]  1000   929    42086     1557      28       3        0         -1000 cnss-daemon
<6>[  383.946014] c4   6377 [  930]  1021   930    18588     1081      17       3        0         -1000 loc_launcher
<6>[  383.946017] c4   6377 [  931]  1000   931   534548     1556      20       4        0         -1000 gatekeeperd
<6>[  383.946020] c4   6377 [  932]  1058   932     8465      573      12       3        0         -1000 tombstoned
<6>[  383.946023] c4   6377 [  933]     0   933    11109     2216      21       3        0         -1000 update_engine
<6>[  383.946026] c4   6377 [  934]  1000   934   572704     8240      56       4        0         -1000 face@1.0-servic
<6>[  383.946028] c4   6377 [  941]  1000   941    18920     1157      18       3        0         -1000 pm-proxy
<6>[  383.946032] c4   6377 [  963]  1070   963     8515      927      12       3        0         -1000 llkd
<6>[  383.946035] c4   6377 [  969]  1001   969   580018     2343      33       4        0         -1000 imsdatadaemon
<6>[  383.946037] c4   6377 [ 1019]  1021  1019   570254     1475      29       4        0         -1000 lowi-server
<6>[  383.946046] c4   6377 [ 1020]  1021  1020    37877     2118      26       3        0         -1000 xtra-daemon
<6>[  383.946057] c4   6377 [ 1050]     0  1050     8494      801      13       3        0         -1000 iptables-restor
<6>[  383.946067] c4   6377 [ 1051]     0  1051     8496      803      13       3        0         -1000 ip6tables-resto
<6>[  383.946077] c4   6377 [ 1055]  1000  1055    14898      996      27       3        0         -1000 android.hardwar
<6>[  383.946088] c4   6377 [ 1347]  1000  1347  2001246   101969     497      11     1116          -900 system_server
<6>[  383.946098] c4   6377 [ 1498]  9999  1498    10479     2122      17       3        0         -1000 classifier@1.0-
<6>[  383.946109] c4   6377 [ 1628] 10106  1628  1438159    53336     299      10     1160          -800 ndroid.systemui
<6>[  383.946119] c4   6377 [ 1713]  1073  1713  1284501    25540     183       8     1216          -800 id.networkstack
<6>[  383.946129] c4   6377 [ 1740]  1001  1740  1320824    23045     190       9     1222          -800 qtidataservices
<6>[  383.946139] c4   6377 [ 1811]  1053  1811   433127    14140     133       3        0         -1000 webview_zygote
<6>[  383.946149] c4   6377 [ 1826]  1001  1826  1249697    22369     166       8     1221          -800 elephonyservice
<6>[  383.946159] c4   6377 [ 1848]  1001  1848  1397338    33288     224       9     1211          -800 m.android.phone
<6>[  383.946167] c4   6377 [ 1914] 10068  1914  1264810    23234     177       8     1224           100 id.ext.services
<6>[  383.946170] c4   6377 [ 1956] 10098  1956  1322435    37035     240       9     1177           100 droid.launcher3
<6>[  383.946172] c4   6377 [ 2200] 10052  2200  1544443    81723     403      10     1164           100 .gms.persistent
<6>[  383.946175] c4   6377 [ 2318]  1001  2318    47792     2401      31       3        0         -1000 ims_rtp_daemon
<6>[  383.946179] c4   6377 [ 2392] 10052  2392  1616631    96782     471      11     1218           100 gle.android.gms
<6>[  383.946181] c4   6377 [ 2446]  1027  2446  1292771    30080     206       8     1223          -800 com.android.nfc
<6>[  383.946184] c4   6377 [ 2459]  1068  2459  1248703    18721     173       8     1223          -800 com.android.se
<6>[  383.946187] c4   6377 [ 2495]  1001  2495  1262444    21465     178       8     1222          -800 .ims.rcsservice
<6>[  383.946189] c4   6377 [ 2523] 10073  2523  1239605    17932     166       8     1224           100 android.smspush
<6>[  383.946192] c4   6377 [ 2532] 10052  2532  1276534    23894     185       8     1213           915 ocess.gservices
<6>[  383.946195] c4   6377 [ 2753]  1001  2753  1248755    20659     170       8     1228           100 .qcrilmsgtunnel
<6>[  383.946198] c4   6377 [ 2909] 10048  2909  1495275    47362     299       9     1134           100 android.vending
<6>[  383.946201] c4   6377 [ 2952]  1010  2952   535427     2796      21       4        0         -1000 wpa_supplicant
<6>[  383.946204] c4   6377 [ 3143]  1001  3143    34319     2433      27       3        0         -1000 imsrcsd
<6>[  383.946207] c4   6377 [ 3145] 10052  3145  1258947    22954     184       8     1217           905 e.process.gapps
<6>[  383.946210] c4   6377 [ 4869] 10052  4869  1360836    46923     328       9     1236           925 id.gms.unstable
<6>[  383.946213] c4   6377 [ 5660] 10064  5660  1268367    25984     203       8     1226           925 roid.apps.turbo
<6>[  383.946216] c4   6377 [ 5866]     0  5866    29334     1428      23       3        0         -1000 adbd
<6>[  383.946219] c4   6377 [ 5909]     0  5909     1917       91       7       2        0          -950 nbd-client
<6>[  383.946222] c4   6377 [ 5948]  1002  5948  1340613    26357     239       9     1220          -700 droid.bluetooth
<6>[  383.946225] c4   6377 [ 6030] 10155  6030  1532457    39023     313       9     1219           200 roid.smartboard
<6>[  383.946228] c4   6377 [ 6323] 10128  6323  1863193    87595     572      12    22300             0 .candycrushsaga
<6>[  383.946231] c4   6377 [ 6570] 99002  6570   334952    36601     272       3        0             0 ProcessService0
<6>[  383.946233] c4   6377 [ 6609] 10124  6609   299785    25193     152       3        0           935 .android.chrome
<6>[  383.946236] c4   6377 [ 6728] 99003  6728   312505    30523     227       3        0           100 ProcessService0
<6>[  383.946239] c4   6377 [ 6801] 10126  6801  1786349    60501     362      10     1199           915 android.youtube
<6>[  383.946242] c4   6377 [ 7025] 10064  7025  1273910    25140     208       8     1141           935 .apps.turbo:aab
<6>[  383.946245] c4   6377 [ 7225] 10045  7225  1237161    20050     192       8     1166           905 oadcastreceiver
<6>[  383.946248] c4   6377 [ 7433]     0  7433     8374      599      12       3        0          -950 sh
<6>[  383.946250] c4   6377 [ 7435]     0  7435     8374      605      12       3        0          -950 am
<6>[  383.946253] c4   6377 [ 7436]     0  7436    19054     1168      18       3        0          -950 cmd
<3>[  383.946256] c4   6377 Out of memory: Kill process 7025 (.apps.turbo:aab) score 935 or sacrifice child
<3>[  383.946313] c4   6377 Killed process 7025 (.apps.turbo:aab) total-vm:5095640kB, anon-rss:24348kB, file-rss:75948kB, shmem-rss:264kB
<6>[  383.950858] c0   7042 binder: 7025:7042 ioctl c0306201 7ed6fd9b18 returned -14
<6>[  383.951159] c0   7044 binder: 7025:7044 ioctl c0306201 7ed4ddfb18 returned -14
<6>[  383.951446] c0   7045 binder: 7025:7045 ioctl c0306201 7ed3ce2b18 returned -14
<6>[  383.951960] c4   6377 oom_reaper: reaped process 7025 (.apps.turbo:aab), now anon-rss:0kB, file-rss:0kB, shmem-rss:20kB
<4>[  383.951995] c4   6377 GLThread 439 invoked oom-killer: gfp_mask=0x0(), nodemask=(null),  order=0, oom_score_adj=0
<6>[  383.952000] c4   6377 GLThread 439 cpuset=top-app mems_allowed=0
<4>[  383.952007] c4   6377 CPU: 4 PID: 6377 Comm: GLThread 439 Tainted: G S         O    4.14.170_audio #8
<4>[  383.952009] c4   6377 Hardware name: Qualcomm Technologies, Inc. SM8150 V2 PM8150 Google Inc. MSM sm8150 Flame (DT)
<4>[  383.952012] c4   6377 Call trace:
<4>[  383.952019] c4   6377  dump_backtrace+0x0/0x1e4
<4>[  383.952022] c4   6377  show_stack+0x18/0x24
<4>[  383.952029] c4   6377  dump_stack+0xbc/0xf8
<4>[  383.952034] c4   6377  dump_header+0x84/0xd0
<4>[  383.952036] c4   6377  oom_kill_process+0xa8/0x568
<4>[  383.952039] c4   6377  out_of_memory+0x1dc/0x2b0
<4>[  383.952041] c4   6377  pagefault_out_of_memory+0x50/0x84
<4>[  383.952044] c4   6377  do_page_fault+0x360/0x3bc
<4>[  383.952047] c4   6377  do_translation_fault+0x48/0xa0
<4>[  383.952049] c4   6377  do_mem_abort+0x50/0xd8
<4>[  383.952051] c4   6377  el0_da+0x20/0x24
<4>[  383.952053] c4   6377 Mem-Info:
<4>[  383.952058] c4   6377 active_anon:190589 inactive_anon:4644 isolated_anon:0
<4>[  383.952058] c4   6377  active_file:71037 inactive_file:311562 isolated_file:0
<4>[  383.952058] c4   6377  unevictable:28470 dirty:82 writeback:0 unstable:0
<4>[  383.952058] c4   6377  slab_reclaimable:21469 slab_unreclaimable:46730
<4>[  383.952058] c4   6377  mapped:322774 shmem:2392 pagetables:12035 bounce:0
<4>[  383.952058] c4   6377  free:373010 free_pcp:1466 free_cma:28664
<4>[  383.952065] c4   6377 Node 0 active_anon:762356kB inactive_anon:18576kB active_file:284148kB inactive_file:1246248kB unevictable:113880kB isolated(anon):0kB isolated(file):0kB mapped:1291096kB dirty:328kB writeback:0kB shmem:9568kB writeback_tmp:0kB unstable:0kB all_unreclaimable? no
<4>[  383.952071] c4   6377 DMA free:1286740kB min:2524kB low:11784kB high:13312kB active_anon:28340kB inactive_anon:96kB active_file:380kB inactive_file:50816kB unevictable:188kB writepending:8kB present:1606240kB managed:1530056kB mlocked:188kB kernel_stack:784kB shadow_call_stack:64kB pagetables:1248kB bounce:0kB free_pcp:1536kB local_pcp:0kB free_cma:114656kB
<4>[  383.952073] c4   6377 lowmem_reserve[]: 0 3947 3947
<4>[  383.952078] c4   6377 Normal free:205300kB min:6732kB low:31420kB high:35496kB active_anon:733972kB inactive_anon:18480kB active_file:283768kB inactive_file:1195432kB unevictable:113692kB writepending:240kB present:4194304kB managed:4078844kB mlocked:113744kB kernel_stack:36116kB shadow_call_stack:2351kB pagetables:46892kB bounce:0kB free_pcp:4328kB local_pcp:88kB free_cma:0kB
<4>[  383.952080] c4   6377 lowmem_reserve[]: 0 0 0
<4>[  383.952084] c4   6377 DMA: 2728*4kB (UMEC) 2174*8kB (UMEC) 1629*16kB (UMEC) 1054*32kB (UMEC) 581*64kB (UMEC) 241*128kB (UMC) 97*256kB (UMC) 40*512kB (UMEC) 6*1024kB (MC) 1*2048kB (U) 263*4096kB (M) = 1286880kB
<4>[  383.952095] c4   6377 Normal: 12067*4kB (UME) 7553*8kB (UME) 3268*16kB (UME) 765*32kB (UME) 240*64kB (UME) 22*128kB (UME) 4*256kB (UM) 1*512kB (M) 0*1024kB 0*2048kB 0*4096kB = 205172kB
<4>[  383.952105] c4   6377 413871 total pagecache pages
<4>[  383.952151] c4   6377 770 pages in swap cache
<4>[  383.952153] c4   6377 Swap cache stats: add 58610, delete 57843, find 2194/20119
<4>[  383.952156] c4   6377 Free swap  = 316580108kB
<4>[  383.952157] c4   6377 Total swap = 316669944kB
<4>[  383.952159] c4   6377 1450136 pages RAM
<4>[  383.952161] c4   6377 0 pages HighMem/MovableOnly
<4>[  383.952163] c4   6377 47911 pages reserved
<4>[  383.952165] c4   6377 58368 pages cma reserved
<6>[  383.952169] c4   6377 cma: cma-0 pages: => 8398 used of 9216 total pages
<6>[  383.952171] c4   6377 cma: cma-1 pages: => 0 used of 4096 total pages
<6>[  383.952173] c4   6377 cma: cma-2 pages: => 512 used of 4096 total pages
<6>[  383.952177] c4   6377 cma: cma-3 pages: => 0 used of 23552 total pages
<6>[  383.952179] c4   6377 cma: cma-4 pages: => 2132 used of 10240 total pages
<6>[  383.952182] c4   6377 cma: cma-5 pages: => 0 used of 2048 total pages
<6>[  383.952184] c4   6377 cma: cma-6 pages: => 768 used of 1024 total pages
<6>[  383.952186] c4   6377 cma: cma-7 pages: => 0 used of 4096 total pages
<6>[  383.952188] c4   6377 [ pid ]   uid  tgid total_vm      rss nr_ptes nr_pmds swapents oom_score_adj name
<6>[  383.952206] c4   6377 [  534]     0   534     9875     1894      17       3        0         -1000 init
<6>[  383.952209] c4   6377 [  535]     0   535     9714     1769      17       3        0         -1000 init
<6>[  383.952212] c4   6377 [  537]     0   537     9716     1870      18       3        0         -1000 ueventd
<6>[  383.952215] c4   6377 [  558]  1036   558    45197     1990      24       3        0         -1000 logd
<6>[  383.952218] c4   6377 [  559]  1000   559     8890      952      13       3        0         -1000 servicemanager
<6>[  383.952220] c4   6377 [  560]  1000   560    10724     1548      18       3        0         -1000 hwservicemanage
<6>[  383.952223] c4   6377 [  561]  1000   561     9054     1035      14       3        0         -1000 vndservicemanag
<6>[  383.952226] c4   6377 [  563]  1000   563    55231     1670      30       3        0         -1000 qseecomd
<6>[  383.952228] c4   6377 [  564]  1000   564     9803     1552      17       3        0         -1000 keymaster@4.0-s
<6>[  383.952231] c4   6377 [  565]  1064   565    23990     1463      21       3        0         -1000 citadeld
<6>[  383.952234] c4   6377 [  567]  1064   567    11129     2285      20       3        0         -1000 keymaster@4.0-s
<6>[  383.952237] c4   6377 [  578]     0   578    29036     2075      25       3        0         -1000 Binder:578_2
<6>[  383.952239] c4   6377 [  599]     0   599     9368     1263      16       3        0         -1000 boot@1.0-servic
<6>[  383.952242] c4   6377 [  600]  1000   600     9465     1328      16       3        0         -1000 gatekeeper@1.0-
<6>[  383.952245] c4   6377 [  602]  1000   602    92963    10508      62       4        0         -1000 surfaceflinger
<6>[  383.952247] c4   6377 [  604]  1000   604    54920     5742      41       3        0         -1000 composer@2.3-se
<6>[  383.952250] c4   6377 [  606]  1000   606    19142     1375      19       3        0         -1000 configstore@1.1
<6>[  383.952253] c4   6377 [  607]  1000   607    23980     1702      22       3        0         -1000 allocator-servi
<6>[  383.952255] c4   6377 [  608]  1000   608     9370     1281      16       3        0         -1000 light@1.1-servi
<6>[  383.952259] c4   6377 [  675]  1000   675    45510     1137      22       3        0         -1000 time_daemon
<6>[  383.952262] c4   6377 [  692]     0   692    19889     1866      20       3        0         -1000 apexd
<6>[  383.952266] c4   6377 [  775]     0   775     8815      729      14       3        0         -1000 subsystem_ramdu
<6>[  383.952268] c4   6377 [  776]  1005   776     2173      590       8       2        0         -1000 crash_event_log
<6>[  383.952271] c4   6377 [  790]     0   790    68909     2331      31       3        0         -1000 Binder:790_3
<6>[  383.952274] c4   6377 [  791]     0   791  1352470    39024     215       8     1219         -1000 main
<6>[  383.952277] c4   6377 [  792]     0   792   431771    36229     166       3        0         -1000 main
<6>[  383.952280] c4   6377 [  800]  1000   800     9082     1014      14       3        0         -1000 allocator@1.0-s
<6>[  383.952282] c4   6377 [  801]  1000   801    24121     1725      21       3        0         -1000 suspend@1.0-ser
<6>[  383.952285] c4   6377 [  802]  1041   802    14275     5439      38       2        0         -1000 audio@2.0-servi
<6>[  383.952288] c4   6377 [  803]  1064   803    10938     2238      20       3        0         -1000 authsecret@1.0-
<6>[  383.952291] c4   6377 [  804]  1002   804    46411     1657      26       3        0         -1000 bluetooth@1.0-s
<6>[  383.952293] c4   6377 [  805]  1000   805   172845    33149     147       4        0         -1000 provider@2.4-se
<6>[  383.952296] c4   6377 [  806]  1013   806     3742     1228      12       2        0         -1000 cas@1.1-service
<6>[  383.952299] c4   6377 [  807]  9999   807    10959     2386      20       3        0         -1000 confirmationui@
<6>[  383.952302] c4   6377 [  808]  1000   808   540566     1261      21       4        0         -1000 contexthub@1.0-
<6>[  383.952305] c4   6377 [  809]  1013   809    19690     1738      20       3        0         -1000 drm@1.0-service
<6>[  383.952307] c4   6377 [  810]  1013   810    15530     1812      20       3        0         -1000 drm@1.2-service
<6>[  383.952310] c4   6377 [  811]  1013   811    20477     2126      22       3        0         -1000 drm@1.2-service
<6>[  383.952313] c4   6377 [  812]  1021   812    52367     2777      35       3        0         -1000 gnss@2.0-servic
<6>[  383.952315] c4   6377 [  813]  1000   813     9487     1297      15       3        0         -1000 health@2.0-serv
<6>[  383.952318] c4   6377 [  814]  1000   814     9324     1247      15       3        0         -1000 memtrack@1.0-se
<6>[  383.952321] c4   6377 [  815]  1000   815    73149     4494      41       3        0         -1000 neuralnetworks@
<6>[  383.952323] c4   6377 [  816]  1000   816    20559     3892      30       3        0         -1000 neuralnetworks@
<6>[  383.952326] c4   6377 [  817]  1027   817    23709     1520      19       3        0         -1000 nfc@1.2-service
<6>[  383.952329] c4   6377 [  818]  1064   818    10673     2144      19       3        0         -1000 oemlock@1.0-ser
<6>[  383.952332] c4   6377 [  819]  1000   819    19522     1512      20       3        0         -1000 stats@1.0-servi
<6>[  383.952334] c4   6377 [  820]     0   820    19219     1412      20       3        0         -1000 power@1.3-servi
<6>[  383.952337] c4   6377 [  821]  1068   821     9394     1287      15       3        0         -1000 secure_element@
<6>[  383.952340] c4   6377 [  822]  1000   822    78458     2893      35       3        0         -1000 sensors@2.0-ser
<6>[  383.952342] c4   6377 [  823]  1000   823    14800     1353      18       3        0         -1000 thermal@2.0-ser
<6>[  383.952345] c4   6377 [  824]     0   824    23633     1416      20       3        0         -1000 usb@1.2-service
<6>[  383.952348] c4   6377 [  825]  1000   825     9413     1338      16       3        0         -1000 vibrator@1.3-se
<6>[  383.952351] c4   6377 [  827]  1064   827    10668     2145      19       3        0         -1000 weaver@1.0-serv
<6>[  383.952353] c4   6377 [  828]  1000   828    19295     1188      19       3        0         -1000 pixelstats-vend
<6>[  383.952356] c4   6377 [  829]  1000   829    23307     1176      18       3        0         -1000 rlsservice
<6>[  383.952359] c4   6377 [  830]  2907   830    33266     2050      23       3        0         -1000 vendor.google.a
<6>[  383.952361] c4   6377 [  832]  1010   832    22449     4218      28       3        0         -1000 wifi_ext@1.0-se
<6>[  383.952364] c4   6377 [  833]  1000   833    14798     1347      18       3        0         -1000 wireless_charge
<6>[  383.952367] c4   6377 [  834]  1000   834    14843     1412      18       3        0         -1000 qteeconnector@1
<6>[  383.952370] c4   6377 [  835]  1000   835     9210     1268      15       3        0         -1000 tui_comm@1.0-se
<6>[  383.952372] c4   6377 [  836]  1046   836    10337     3347      31       2        0         -1000 vendor.qti.medi
<6>[  383.952375] c4   6377 [  837]  1000   837    33369     1623      23       3        0         -1000 sensors.qti
<6>[  383.952377] c4   6377 [  838]  1000   838    19342     1729      19       3        0         -1000 sscrpcd
<6>[  383.952380] c4   6377 [  839]  1000   839    19342     1722      19       3        0         -1000 sscrpcd
<6>[  383.952383] c4   6377 [  840]  2906   840     8523      750      12       3        0         -1000 qrtr-ns
<6>[  383.952385] c4   6377 [  842]  9999   842    27804     1062      20       3        0         -1000 rmt_storage
<6>[  383.952388] c4   6377 [  843]  2903   843     9685      914      15       3        0         -1000 tftp_server
<6>[  383.952391] c4   6377 [  844]     0   844     8809     1000      14       3        0         -1000 msm_irqbalance
<6>[  383.952394] c4   6377 [  845]  1000   845    14993     1146      19       3        0         -1000 pd-mapper
<6>[  383.952396] c4   6377 [  846]  9999   846     8968      994      14       3        0         -1000 ashmemd
<6>[  383.952399] c4   6377 [  847]  1041   847   681374     7397      69       4        0         -1000 audioserver
<6>[  383.952402] c4   6377 [  848]  1072   848    14943     1637      20       3        0         -1000 Binder:848_2
<6>[  383.952405] c4   6377 [  849]  1069   849     8649      621      13       3        0         -1000 lmkd
<6>[  383.952407] c4   6377 [  855]  1000   855    45861     1254      25       3        0         -1000 pm-service
<6>[  383.952410] c4   6377 [  858]  2000   858    36482     1068      20       3        0         -1000 diag_mdlog
<6>[  383.952413] c4   6377 [  860]  1036   860     9237      907      14       3        0          -600 logcatd
<6>[  383.952415] c4   6377 [  862]  9999   862    13073      929      13       3        0         -1000 traced
<6>[  383.952418] c4   6377 [  864]  9999   864    13073      943      13       3        0         -1000 traced_probes
<6>[  383.952421] c4   6377 [  873]  1001   873   422577     2995     122       4        0         -1000 netmgrd
<6>[  383.952424] c4   6377 [  875]  1001   875    18150      757      16       3        0         -1000 port-bridge
<6>[  383.952426] c4   6377 [  876]     0   876   227409     1381      59       3        0         -1000 thermal-engine
<6>[  383.952429] c4   6377 [  877]     0   877    22884      985      17       3        0         -1000 adsprpcd
<6>[  383.952432] c4   6377 [  878]  1013   878    18462      971      15       3        0         -1000 adsprpcd
<6>[  383.952434] c4   6377 [  879]  1000   879    22884      939      17       3        0         -1000 cdsprpcd
<6>[  383.952437] c4   6377 [  880]  1001   880    15000     1202      18       3        0         -1000 imsqmidaemon
<6>[  383.952440] c4   6377 [  883]  1000   883   593519     3017      37       4        0         -1000 cnd
<6>[  383.952442] c4   6377 [  888]  1047   888     9935     3788      32       2        0         -1000 cameraserver
<6>[  383.952445] c4   6377 [  889]  1019   889     6065     2674      22       2        0         -1000 drmserver
<6>[  383.952448] c4   6377 [  899]  1067   899    19097     1408      19       3        0         -1000 Binder:899_2
<6>[  383.952451] c4   6377 [  900]     0   900    27967     1608      20       3        0         -1000 Binder:900_2
<6>[  383.952453] c4   6377 [  902]  1017   902   540250     2273      24       4        0         -1000 keystore
<6>[  383.952456] c4   6377 [  903]  1013   903   539570     1905      22       4        0         -1000 mediadrmserver
<6>[  383.952459] c4   6377 [  906]  1040   906 67679707     6480     142      98        0         -1000 mediaextractor
<6>[  383.952462] c4   6377 [  910]  1013   910   552898     3388      33       4        0         -1000 mediametrics
<6>[  383.952464] c4   6377 [  911]  1013   911    19289     4944      44       2        0         -1000 mediaserver
<6>[  383.952467] c4   6377 [  912]  1066   912    45995     1858      28       3        0         -1000 Binder:912_2
<6>[  383.952470] c4   6377 [  914]     0   914    23859     1555      20       3        0         -1000 storaged
<6>[  383.952472] c4   6377 [  915]  1010   915     9677     1350      16       3        0         -1000 wificond
<6>[  383.952475] c4   6377 [  916]  1046   916     6150     2505      22       2        0         -1000 omx@1.0-service
<6>[  383.952478] c4   6377 [  917]  1001   917    28268     1799      21       3        0         -1000 ipacm
<6>[  383.952481] c4   6377 [  920]  1001   920   331610    11952     105       3        0         -1000 main
<6>[  383.952483] c4   6377 [  925]  1046   925 67715436     6064     163      92        0         -1000 mediaswcodec
<6>[  383.952486] c4   6377 [  928]  1000   928    37114     1702      21       3        0         -1000 chre
<6>[  383.952489] c4   6377 [  929]  1000   929    42086     1557      28       3        0         -1000 cnss-daemon
<6>[  383.952492] c4   6377 [  930]  1021   930    18588     1081      17       3        0         -1000 loc_launcher
<6>[  383.952495] c4   6377 [  931]  1000   931   534548     1556      20       4        0         -1000 gatekeeperd
<6>[  383.952497] c4   6377 [  932]  1058   932     8465      573      12       3        0         -1000 tombstoned
<6>[  383.952500] c4   6377 [  933]     0   933    11109     2216      21       3        0         -1000 update_engine
<6>[  383.952503] c4   6377 [  934]  1000   934   572704     8240      56       4        0         -1000 face@1.0-servic
<6>[  383.952506] c4   6377 [  941]  1000   941    18920     1157      18       3        0         -1000 pm-proxy
<6>[  383.952508] c4   6377 [  963]  1070   963     8515      927      12       3        0         -1000 llkd
<6>[  383.952511] c4   6377 [  969]  1001   969   580018     2343      33       4        0         -1000 imsdatadaemon
<6>[  383.952514] c4   6377 [ 1019]  1021  1019   570254     1475      29       4        0         -1000 lowi-server
<6>[  383.952517] c4   6377 [ 1020]  1021  1020    37877     2118      26       3        0         -1000 xtra-daemon
<6>[  383.952519] c4   6377 [ 1050]     0  1050     8494      801      13       3        0         -1000 iptables-restor
<6>[  383.952522] c4   6377 [ 1051]     0  1051     8496      803      13       3        0         -1000 ip6tables-resto
<6>[  383.952525] c4   6377 [ 1055]  1000  1055    14898      996      27       3        0         -1000 android.hardwar
<6>[  383.952528] c4   6377 [ 1347]  1000  1347  2001246   101969     497      11     1116          -900 system_server
<6>[  383.952530] c4   6377 [ 1498]  9999  1498    10479     2122      17       3        0         -1000 classifier@1.0-
<6>[  383.952533] c4   6377 [ 1628] 10106  1628  1438159    53336     299      10     1160          -800 ndroid.systemui
<6>[  383.952536] c4   6377 [ 1713]  1073  1713  1284501    25540     183       8     1216          -800 id.networkstack
<6>[  383.952539] c4   6377 [ 1740]  1001  1740  1320824    23045     190       9     1222          -800 qtidataservices
<6>[  383.952542] c4   6377 [ 1811]  1053  1811   433127    14140     133       3        0         -1000 webview_zygote
<6>[  383.952544] c4   6377 [ 1826]  1001  1826  1249697    22369     166       8     1221          -800 elephonyservice
<6>[  383.952547] c4   6377 [ 1848]  1001  1848  1397338    33288     224       9     1211          -800 m.android.phone
<6>[  383.952550] c4   6377 [ 1914] 10068  1914  1264810    23234     177       8     1224           100 id.ext.services
<6>[  383.952552] c4   6377 [ 1956] 10098  1956  1322435    37035     240       9     1177           100 droid.launcher3
<6>[  383.952555] c4   6377 [ 2200] 10052  2200  1544443    81723     403      10     1164           100 .gms.persistent
<6>[  383.952558] c4   6377 [ 2318]  1001  2318    47792     2401      31       3        0         -1000 ims_rtp_daemon
<6>[  383.952561] c4   6377 [ 2392] 10052  2392  1616631    96782     471      11     1218           100 gle.android.gms
<6>[  383.952563] c4   6377 [ 2446]  1027  2446  1292771    30080     206       8     1223          -800 com.android.nfc
<6>[  383.952566] c4   6377 [ 2459]  1068  2459  1248703    18721     173       8     1223          -800 com.android.se
<6>[  383.952569] c4   6377 [ 2495]  1001  2495  1262444    21465     178       8     1222          -800 .ims.rcsservice
<6>[  383.952571] c4   6377 [ 2523] 10073  2523  1239605    17932     166       8     1224           100 android.smspush
<6>[  383.952574] c4   6377 [ 2532] 10052  2532  1276534    23894     185       8     1213           915 ocess.gservices
<6>[  383.952577] c4   6377 [ 2753]  1001  2753  1248755    20659     170       8     1228           100 .qcrilmsgtunnel
<6>[  383.952580] c4   6377 [ 2909] 10048  2909  1495275    47362     299       9     1134           100 android.vending
<6>[  383.952583] c4   6377 [ 2952]  1010  2952   535427     2796      21       4        0         -1000 wpa_supplicant
<6>[  383.952585] c4   6377 [ 3143]  1001  3143    34319     2433      27       3        0         -1000 imsrcsd
<6>[  383.952588] c4   6377 [ 3145] 10052  3145  1258947    22954     184       8     1217           905 e.process.gapps
<6>[  383.952591] c4   6377 [ 4869] 10052  4869  1360836    46923     328       9     1236           925 id.gms.unstable
<6>[  383.952594] c4   6377 [ 5660] 10064  5660  1268367    25984     203       8     1226           925 roid.apps.turbo
<6>[  383.952597] c4   6377 [ 5866]     0  5866    29334     1428      23       3        0         -1000 adbd
<6>[  383.952600] c4   6377 [ 5909]     0  5909     1917       91       7       2        0          -950 nbd-client
<6>[  383.952602] c4   6377 [ 5948]  1002  5948  1340613    26357     239       9     1220          -700 droid.bluetooth
<6>[  383.952605] c4   6377 [ 6030] 10155  6030  1532457    39023     313       9     1219           200 roid.smartboard
<6>[  383.952608] c4   6377 [ 6323] 10128  6323  1863193    87595     572      12    22300             0 .candycrushsaga
<6>[  383.952611] c4   6377 [ 6570] 99002  6570   334952    36601     272       3        0             0 ProcessService0
<6>[  383.952614] c4   6377 [ 6609] 10124  6609   299785    25193     152       3        0           935 .android.chrome
<6>[  383.952617] c4   6377 [ 6728] 99003  6728   312505    30523     227       3        0           100 ProcessService0
<6>[  383.952619] c4   6377 [ 6801] 10126  6801  1786349    60501     362      10     1199           915 android.youtube
<6>[  383.952622] c4   6377 [ 7225] 10045  7225  1237161    20050     192       8     1166           905 oadcastreceiver
<6>[  383.952625] c4   6377 [ 7433]     0  7433     8374      599      12       3        0          -950 sh
<6>[  383.952628] c4   6377 [ 7435]     0  7435     8374      605      12       3        0          -950 am
<6>[  383.952631] c4   6377 [ 7436]     0  7436    19054     1168      18       3        0          -950 cmd
<3>[  383.952633] c4   6377 Out of memory: Kill process 6609 (.android.chrome) score 935 or sacrifice child
<3>[  383.952669] c4   6377 Killed process 6609 (.android.chrome) total-vm:1199140kB, anon-rss:21912kB, file-rss:78636kB, shmem-rss:224kB
<6>[  383.958254] c6     90 oom_reaper: reaped process 6609 (.android.chrome), now anon-rss:0kB, file-rss:0kB, shmem-rss:16kB
<3>[  383.958286] c4   6377 Out of memory: Kill process 4869 (id.gms.unstable) score 925 or sacrifice child
<3>[  383.958334] c4   6377 Killed process 4869 (id.gms.unstable) total-vm:5443344kB, anon-rss:28156kB, file-rss:159116kB, shmem-rss:420kB
<6>[  383.960982] c0   6626 binder: 6609:6626 ioctl c0306201 cdb3c118 returned -14
<6>[  383.961099] c1   5000 binder: 4869:5000 ioctl c0306201 7eb8d6eb18 returned -14
<6>[  383.961186] c1   5023 binder: 4869:5023 ioctl c0306201 7eb7783b18 returned -14
<6>[  383.977204] c6     90 oom_reaper: reaped process 4869 (id.gms.unstable), now anon-rss:0kB, file-rss:0kB, shmem-rss:48kB
<3>[  383.977226] c7   6377 Out of memory: Kill process 5660 (roid.apps.turbo) score 925 or sacrifice child
<3>[  383.977270] c7   6377 Killed process 5660 (roid.apps.turbo) total-vm:5073468kB, anon-rss:24112kB, file-rss:79596kB, shmem-rss:228kB
<6>[  383.982621] c6     90 oom_reaper: reaped process 5660 (roid.apps.turbo), now anon-rss:0kB, file-rss:0kB, shmem-rss:16kB
<3>[  383.982650] c7   6377 Out of memory: Kill process 6801 (android.youtube) score 915 or sacrifice child
<6>[  383.982740] c1   5677 binder: 5660:5677 ioctl c0306201 7ed6fd9b18 returned -14
<3>[  383.982822] c7   6377 Killed process 6801 (android.youtube) total-vm:7145396kB, anon-rss:46812kB, file-rss:194940kB, shmem-rss:252kB
<6>[  383.982951] c1   5678 binder: 5660:5678 ioctl c0306201 7ed5edcb18 returned -14
<6>[  383.983309] c1   5844 binder: 5660:5844 ioctl c0306201 7f2b6ceb18 returned -14
<6>[  383.983525] c1   7182 binder: 5660:7182 ioctl c0306201 7f2b03fb18 returned -14
<6>[  383.990925] c1   6818 binder: 6801:6818 ioctl c0306201 7ed7fd9b18 returned -14
<6>[  383.991147] c1   6819 binder: 6801:6819 ioctl c0306201 7ed6edcb18 returned -14
<6>[  383.991396] c1   6820 binder: 6801:6820 ioctl c0306201 7ed4ddfb18 returned -14
<6>[  383.994460] c6     90 oom_reaper: reaped process 6801 (android.youtube), now anon-rss:0kB, file-rss:0kB, shmem-rss:44kB
<3>[  383.994504] c7   6377 Out of memory: Kill process 2532 (ocess.gservices) score 925 or sacrifice child
<3>[  383.994551] c7   6377 Killed process 2532 (ocess.gservices) total-vm:5106136kB, anon-rss:23480kB, file-rss:71868kB, shmem-rss:228kB
<6>[  383.997791] c0   2565 binder: 2532:2565 ioctl c0306201 7eddfd9b18 returned -14
<6>[  383.998022] c0   2566 binder: 2532:2566 ioctl c0306201 7edaedcb18 returned -14
<6>[  383.998334] c0   2570 binder: 2532:2570 ioctl c0306201 7ed6ddfb18 returned -14
<6>[  383.998831] c0   2884 binder: 2532:2884 ioctl c0306201 7ed2489b18 returned -14
<6>[  383.999095] c0   3138 binder: 2532:3138 ioctl c0306201 7ed138cb18 returned -14
<6>[  383.999324] c0   3242 binder: 2532:3242 ioctl c0306201 7ed028fb18 returned -14
<6>[  383.999377] c6     90 oom_reaper: reaped process 2532 (ocess.gservices), now anon-rss:0kB, file-rss:0kB, shmem-rss:28kB
<3>[  383.999395] c7   6377 Out of memory: Kill process 7225 (oadcastreceiver) score 915 or sacrifice child
<3>[  383.999431] c7   6377 Killed process 7225 (oadcastreceiver) total-vm:4948644kB, anon-rss:22320kB, file-rss:57688kB, shmem-rss:192kB
<6>[  383.999471] c0   4380 binder: 2532:4380 ioctl c0306201 7f2c71ab18 returned -14
<6>[  383.999751] c0   4782 binder: 2532:4782 ioctl c0306201 7f2c01db18 returned -14
<6>[  383.999871] c0   4897 binder: 2532:4897 ioctl c0306201 7f2c61db18 returned -14
<6>[  384.000300] c0   5147 binder: 2532:5147 ioctl c0306201 7f2c520b18 returned -14
<6>[  384.000477] c0   6718 binder: 2532:6718 ioctl c0306201 7f2c223b18 returned -14
<6>[  384.003589] c6     90 oom_reaper: reaped process 7225 (oadcastreceiver), now anon-rss:0kB, file-rss:0kB, shmem-rss:4kB
<3>[  384.003612] c7   6377 Out of memory: Kill process 3145 (e.process.gapps) score 905 or sacrifice child
<3>[  384.003652] c7   6377 Killed process 3145 (e.process.gapps) total-vm:5035788kB, anon-rss:22856kB, file-rss:68764kB, shmem-rss:196kB
<6>[  384.004671] c1   6919 binder: 6801:6919 ioctl c0306201 7e79639b18 returned -14
<6>[  384.008184] c6     90 oom_reaper: reaped process 3145 (e.process.gapps), now anon-rss:0kB, file-rss:0kB, shmem-rss:0kB
<3>[  384.008229] c7   6377 Out of memory: Kill process 6030 (roid.smartboard) score 200 or sacrifice child
<3>[  384.008286] c7   6377 Killed process 6030 (roid.smartboard) total-vm:6129828kB, anon-rss:31036kB, file-rss:120448kB, shmem-rss:4608kB
<6>[  384.008428] c1   7080 binder: 6801:7080 ioctl c0306201 7f2b6eeb18 returned -14
<6>[  384.008479] c0   7242 binder: 7225:7242 ioctl c0306201 7ed6fd9b18 returned -14
<6>[  384.008693] c0   7243 binder: 7225:7243 ioctl c0306201 7ed5edcb18 returned -14
<6>[  384.008858] c1   7219 binder: 6801:7219 ioctl c0306201 7f2b4e8b18 returned -14
<6>[  384.011686] c0   3162 binder: 3145:3162 ioctl c0306201 7ed6fd9b18 returned -14
<6>[  384.011909] c0   3163 binder: 3145:3163 ioctl c0306201 7ed5edcb18 returned -14
<6>[  384.012027] c0   3164 binder: 3145:3164 ioctl c0306201 7ed4ddfb18 returned -14
<6>[  384.012356] c0   4046 binder: 3145:4046 ioctl c0306201 7f2b7f7b18 returned -14
<6>[  384.012639] c0   5148 binder: 3145:5148 ioctl c0306201 7f2b6fab18 returned -14
<6>[  384.012817] c0   5333 binder: 3145:5333 ioctl c0306201 7f2b5fdb18 returned -14
<6>[  384.016936] c6     90 oom_reaper: reaped process 6030 (roid.smartboard), now anon-rss:0kB, file-rss:0kB, shmem-rss:4428kB
<3>[  384.016973] c7   6377 Out of memory: Kill process 2392 (gle.android.gms) score 101 or sacrifice child
<3>[  384.017097] c7   6377 Killed process 2392 (gle.android.gms) total-vm:6466524kB, anon-rss:62296kB, file-rss:324372kB, shmem-rss:460kB
<6>[  384.017826] c0   6048 binder: 6030:6048 ioctl c0306201 7ed7fd9b18 returned -14
<6>[  384.017976] c0   6050 binder: 6030:6050 ioctl c0306201 7ed6edcb18 returned -14
<6>[  384.018005] c0   6052 binder: 6030:6052 ioctl c0306201 7ed4ddfb18 returned -14
<6>[  384.018271] c0   6179 binder: 6030:6179 ioctl c0306201 7ebd3ddb18 returned -14
<6>[  384.018427] c0   6222 binder: 6030:6222 ioctl c0306201 7ebd94da38 returned -14
<6>[  384.018571] c0   6240 binder: 6030:6240 ioctl c0306201 7ebe418b18 returned -14
<6>[  384.018595] c0   6251 binder: 6030:6251 ioctl c0306201 7eb8bd2b18 returned -14
<6>[  384.052179] c4     90 oom_reaper: reaped process 2392 (gle.android.gms), now anon-rss:0kB, file-rss:652kB, shmem-rss:248kB
<3>[  384.052240] c7   6377 Out of memory: Kill process 2200 (.gms.persistent) score 101 or sacrifice child
<3>[  384.052368] c7   6377 Killed process 2200 (.gms.persistent) total-vm:6177772kB, anon-rss:63716kB, file-rss:262908kB, shmem-rss:268kB
<6>[  384.087656] c0    737 binder: undelivered transaction 436851, process died.
<6>[  384.087702] c0    737 binder: undelivered transaction 436852, process died.
<6>[  384.087976] c0    737 binder: undelivered transaction 436850, process died.
<6>[  384.089391] c4     90 oom_reaper: reaped process 2200 (.gms.persistent), now anon-rss:0kB, file-rss:96kB, shmem-rss:72kB
<3>[  384.089415] c7   6377 Out of memory: Kill process 2909 (android.vending) score 100 or sacrifice child
<3>[  384.089526] c7   6377 Killed process 2909 (android.vending) total-vm:5981100kB, anon-rss:49544kB, file-rss:139636kB, shmem-rss:268kB
<6>[  384.094926] c6   3272 binder: 2909:3272 ioctl c0306201 7e94f84b18 returned -14
<6>[  384.114399] c4     90 oom_reaper: reaped process 2909 (android.vending), now anon-rss:0kB, file-rss:0kB, shmem-rss:40kB
<3>[  384.114419] c7   6377 Out of memory: Kill process 1956 (droid.launcher3) score 100 or sacrifice child
<3>[  384.114480] c7   6377 Killed process 1956 (droid.launcher3) total-vm:5289740kB, anon-rss:35880kB, file-rss:111904kB, shmem-rss:356kB
<6>[  384.133314] c6   7442 binder: undelivered transaction 436861, process died.
<6>[  384.133324] c6   7442 binder: undelivered transaction 436862, process died.
<6>[  384.133327] c6   7442 binder: undelivered transaction 436891, process died.
<6>[  384.133330] c6   7442 binder: undelivered transaction 436893, process died.
<6>[  384.133333] c6   7442 binder: undelivered transaction 436894, process died.
<6>[  384.133335] c6   7442 binder: undelivered transaction 436923, process died.
<6>[  384.133338] c6   7442 binder: undelivered transaction 436931, process died.
<6>[  384.133917] c6   7442 binder: undelivered transaction 436839, process died.
<6>[  384.138455] c4     90 oom_reaper: reaped process 1956 (droid.launcher3), now anon-rss:0kB, file-rss:3032kB, shmem-rss:132kB
<3>[  384.138493] c7   6377 Out of memory: Kill process 1914 (id.ext.services) score 100 or sacrifice child
<3>[  384.138537] c7   6377 Killed process 1914 (id.ext.services) total-vm:5059240kB, anon-rss:23216kB, file-rss:69464kB, shmem-rss:256kB
<6>[  384.155051] c4     90 oom_reaper: reaped process 1914 (id.ext.services), now anon-rss:0kB, file-rss:0kB, shmem-rss:56kB
<3>[  384.155080] c7   6377 Out of memory: Kill process 2753 (.qcrilmsgtunnel) score 100 or sacrifice child
<3>[  384.155122] c7   6377 Killed process 2753 (.qcrilmsgtunnel) total-vm:4995020kB, anon-rss:22264kB, file-rss:60144kB, shmem-rss:228kB
<6>[  384.165090] c7     90 oom_reaper: reaped process 2753 (.qcrilmsgtunnel), now anon-rss:0kB, file-rss:0kB, shmem-rss:16kB
<3>[  384.165135] c4   6377 Out of memory: Kill process 2523 (android.smspush) score 100 or sacrifice child
