restarting adbd as root
Swapspace size: 8388604k, UUID=7b0e86eb-9c1b-452b-8386-77827f9fca07
--lowmemorykiller driver disabled--
		total        used        free      shared     buffers
Mem:             5447        2434        3012           4           0
-/+ buffers/cache:           2434        3013
Swap:            8191           0        8191
Starting: Intent { cmp=com.rovio.baba/com.unity3d.player.UnityPlayerActivity }
Status: ok
LaunchState: COLD
Activity: com.rovio.baba/com.unity3d.player.UnityPlayerActivity
TotalTime: 372
WaitTime: 374
Complete
end
Starting: Intent { act=android.intent.action.MAIN cat=[android.intent.category.HOME] }
		total        used        free      shared     buffers
Mem:             5447        3752        1695           8           4
-/+ buffers/cache:           3747        1699
Swap:            8191           0        8191
		total        used        free      shared     buffers
Mem:             5447        3790        1657           8           4
-/+ buffers/cache:           3785        1661
Swap:            8191         944        7247
===========================
MemTotal:        5578140 kB
MemFree:         1727920 kB
MemAvailable:    3212652 kB
Buffers:            4368 kB
Cached:          1666148 kB
SwapCached:       789932 kB
Active:           680392 kB
Inactive:        2031616 kB
Active(anon):     415600 kB
Inactive(anon):   747420 kB
Active(file):     264792 kB
Inactive(file):  1284196 kB
Unevictable:      113844 kB
Mlocked:          113844 kB
SwapTotal:       8388604 kB
SwapFree:        7596796 kB
Dirty:                32 kB
Writeback:             0 kB
AnonPages:        416768 kB
Mapped:          1372388 kB
Shmem:              8920 kB
Slab:             256700 kB
SReclaimable:      85372 kB
SUnreclaim:       171328 kB
KernelStack:       38272 kB
ShadowCallStack:    2394 kB
PageTables:        50080 kB
NFS_Unstable:          0 kB
Bounce:                0 kB
ION_heap:         185416 kB
ION_heap_pool:     85744 kB
WritebackTmp:          0 kB
CommitLimit:    11177672 kB
Committed_AS:   53112552 kB
VmallocTotal:   263061440 kB
VmallocUsed:       91604 kB
VmallocChunk:          0 kB
CmaTotal:         233472 kB
CmaFree:          182956 kB
===========================
Starting: Intent { cmp=com.rovio.baba/com.unity3d.player.UnityPlayerActivity }
Warning: Activity not started, its current task has been brought to the front
Status: ok
LaunchState: HOT
Activity: com.rovio.baba/com.unity3d.player.UnityPlayerActivity
TotalTime: 85
WaitTime: 98
Complete
end
		total        used        free      shared     buffers
Mem:             5447        3780        1666           8           4
-/+ buffers/cache:           3776        1670
Swap:            8191         717        7474
===========================
MemTotal:        5578140 kB
MemFree:         1812924 kB
MemAvailable:    3305112 kB
Buffers:            4380 kB
Cached:          1673104 kB
SwapCached:       640708 kB
Active:           782396 kB
Inactive:        1845752 kB
Active(anon):     508516 kB
Inactive(anon):   562896 kB
Active(file):     273880 kB
Inactive(file):  1282856 kB
Unevictable:      113812 kB
Mlocked:          113812 kB
SwapTotal:       8388604 kB
SwapFree:        7746300 kB
Dirty:               108 kB
Writeback:             0 kB
AnonPages:        508608 kB
Mapped:          1274132 kB
Shmem:              8156 kB
Slab:             253644 kB
SReclaimable:      84756 kB
SUnreclaim:       168888 kB
KernelStack:       34944 kB
ShadowCallStack:    2186 kB
PageTables:        43536 kB
NFS_Unstable:          0 kB
Bounce:                0 kB
ION_heap:         185416 kB
ION_heap_pool:     71980 kB
WritebackTmp:          0 kB
CommitLimit:    11177672 kB
Committed_AS:   43454060 kB
VmallocTotal:   263061440 kB
VmallocUsed:       88272 kB
VmallocChunk:          0 kB
CmaTotal:         233472 kB
CmaFree:          182956 kB
===========================
