restarting adbd as root
Swapspace size: 8388604k, UUID=d1398e49-a1bc-4724-b671-ebf1a387bb05
--lowmemorykiller driver disabled--
		total        used        free      shared     buffers
Mem:             5447        2441        3005           3           1
-/+ buffers/cache:           2440        3006
Swap:            8191           0        8191
Starting: Intent { cmp=com.king.candycrushsaga/.CandyCrushSagaActivity }
Status: ok
LaunchState: COLD
Activity: com.king.candycrushsaga/.CandyCrushSagaActivity
TotalTime: 573
WaitTime: 574
Complete
end
Starting: Intent { act=android.intent.action.MAIN cat=[android.intent.category.HOME] }
		total        used        free      shared     buffers
Mem:             5447        3548        1899           9           4
-/+ buffers/cache:           3544        1903
Swap:            8191           0        8191
		total        used        free      shared     buffers
Mem:             5447        3650        1796           8           4
-/+ buffers/cache:           3646        1800
Swap:            8191         610        7581
===========================
MemTotal:        5578140 kB
MemFree:         1869188 kB
MemAvailable:    3477320 kB
Buffers:            4452 kB
Cached:          1779008 kB
SwapCached:       492672 kB
Active:           794692 kB
Inactive:        1721340 kB
Active(anon):     389480 kB
Inactive(anon):   464272 kB
Active(file):     405212 kB
Inactive(file):  1257068 kB
Unevictable:      113764 kB
Mlocked:          113780 kB
SwapTotal:       8388604 kB
SwapFree:        7894780 kB
Dirty:                56 kB
Writeback:             0 kB
AnonPages:        389684 kB
Mapped:          1169096 kB
Shmem:              8680 kB
Slab:             267408 kB
SReclaimable:      95560 kB
SUnreclaim:       171848 kB
KernelStack:       36176 kB
ShadowCallStack:    2263 kB
PageTables:        44220 kB
NFS_Unstable:          0 kB
Bounce:                0 kB
ION_heap:         303148 kB
ION_heap_pool:     67056 kB
WritebackTmp:          0 kB
CommitLimit:    11177672 kB
Committed_AS:   43135544 kB
VmallocTotal:   263061440 kB
VmallocUsed:       89416 kB
VmallocChunk:          0 kB
CmaTotal:         233472 kB
CmaFree:          182956 kB
===========================
Starting: Intent { cmp=com.king.candycrushsaga/.CandyCrushSagaActivity }
Warning: Activity not started, its current task has been brought to the front
Status: ok
LaunchState: HOT
Activity: com.king.candycrushsaga/.CandyCrushSagaActivity
TotalTime: 188
WaitTime: 195
Complete
end
		total        used        free      shared     buffers
Mem:             5447        3877        1569           9           4
-/+ buffers/cache:           3873        1574
Swap:            8191         409        7782
===========================
MemTotal:        5578140 kB
MemFree:         1615080 kB
MemAvailable:    3245752 kB
Buffers:            4452 kB
Cached:          1800896 kB
SwapCached:       412100 kB
Active:          1024024 kB
Inactive:        1632560 kB
Active(anon):     601428 kB
Inactive(anon):   371532 kB
Active(file):     422596 kB
Inactive(file):  1261028 kB
Unevictable:      113800 kB
Mlocked:          113816 kB
SwapTotal:       8388604 kB
SwapFree:        7975420 kB
Dirty:              2044 kB
Writeback:             0 kB
AnonPages:        601548 kB
Mapped:          1234516 kB
Shmem:              9192 kB
Slab:             270156 kB
SReclaimable:      96724 kB
SUnreclaim:       173432 kB
KernelStack:       38112 kB
ShadowCallStack:    2382 kB
PageTables:        46156 kB
NFS_Unstable:          0 kB
Bounce:                0 kB
ION_heap:         404792 kB
ION_heap_pool:     45544 kB
WritebackTmp:          0 kB
CommitLimit:    11177672 kB
Committed_AS:   45181400 kB
VmallocTotal:   263061440 kB
VmallocUsed:       91308 kB
VmallocChunk:          0 kB
CmaTotal:         233472 kB
CmaFree:          182956 kB
===========================
