restarting adbd as root
Swapspace size: 8388604k, UUID=831787cc-e72a-4f09-97e1-721edc546d4f
--lowmemorykiller driver disabled--
		total        used        free      shared     buffers
Mem:             5447        2552        2894           3           0
-/+ buffers/cache:           2551        2895
Swap:            8191           0        8191
Starting: Intent { cmp=com.android.chrome/com.google.android.apps.chrome.Main }
Status: ok
LaunchState: COLD
Activity: com.android.chrome/com.google.android.apps.chrome.Main
TotalTime: 324
WaitTime: 324
Complete
end
Starting: Intent { act=android.intent.action.MAIN cat=[android.intent.category.HOME] }
		total        used        free      shared     buffers
Mem:             5447        3223        2223          38           4
-/+ buffers/cache:           3219        2227
Swap:            8191           0        8191
		total        used        free      shared     buffers
Mem:             5447        3346        2101          11           4
-/+ buffers/cache:           3342        2105
Swap:            8191         511        7680
===========================
MemTotal:        5578140 kB
MemFree:         1701932 kB
MemAvailable:    3464056 kB
Buffers:            4340 kB
Cached:          1932492 kB
SwapCached:       361920 kB
Active:          1019980 kB
Inactive:        1748304 kB
Active(anon):     612360 kB
Inactive(anon):   343348 kB
Active(file):     407620 kB
Inactive(file):  1404956 kB
Unevictable:      113844 kB
Mlocked:          113844 kB
SwapTotal:       8388604 kB
SwapFree:        8025596 kB
Dirty:              1876 kB
Writeback:             0 kB
AnonPages:        609532 kB
Mapped:          1295620 kB
Shmem:             11612 kB
Slab:             275728 kB
SReclaimable:      99176 kB
SUnreclaim:       176552 kB
KernelStack:       39776 kB
ShadowCallStack:    2488 kB
PageTables:        52080 kB
NFS_Unstable:          0 kB
Bounce:                0 kB
ION_heap:         203764 kB
ION_heap_pool:     89476 kB
WritebackTmp:          0 kB
CommitLimit:    11177672 kB
Committed_AS:   56064048 kB
VmallocTotal:   263061440 kB
VmallocUsed:       92960 kB
VmallocChunk:          0 kB
CmaTotal:         233472 kB
CmaFree:          182272 kB
===========================
Starting: Intent { cmp=com.android.chrome/com.google.android.apps.chrome.Main }
Warning: Activity not started, its current task has been brought to the front
Status: ok
LaunchState: HOT
Activity: com.android.chrome/org.chromium.chrome.browser.ChromeTabbedActivity
TotalTime: 93
WaitTime: 101
Complete
end
		total        used        free      shared     buffers
Mem:             5447        3832        1614          24           4
-/+ buffers/cache:           3828        1619
Swap:            8191         314        7877
===========================
MemTotal:        5578140 kB
MemFree:         1675776 kB
MemAvailable:    3442812 kB
Buffers:            4340 kB
Cached:          1949748 kB
SwapCached:       316552 kB
Active:          1066964 kB
Inactive:        1709676 kB
Active(anon):     655572 kB
Inactive(anon):   305124 kB
Active(file):     411392 kB
Inactive(file):  1404552 kB
Unevictable:      113908 kB
Mlocked:          113908 kB
SwapTotal:       8388604 kB
SwapFree:        8070908 kB
Dirty:               116 kB
Writeback:             0 kB
AnonPages:        652652 kB
Mapped:          1312328 kB
Shmem:             25532 kB
Slab:             277700 kB
SReclaimable:     100720 kB
SUnreclaim:       176980 kB
KernelStack:       38768 kB
ShadowCallStack:    2423 kB
PageTables:        51460 kB
NFS_Unstable:          0 kB
Bounce:                0 kB
ION_heap:         204216 kB
ION_heap_pool:     78416 kB
WritebackTmp:          0 kB
CommitLimit:    11177672 kB
Committed_AS:   54850100 kB
VmallocTotal:   263061440 kB
VmallocUsed:       91980 kB
VmallocChunk:          0 kB
CmaTotal:         233472 kB
CmaFree:          182272 kB
===========================
