restarting adbd as root
Swapspace size: 8388604k, UUID=b6d62a2a-deda-46c1-b1d0-7ca5bba3a584
--lowmemorykiller driver disabled--
		total        used        free      shared     buffers
Mem:             5447        2347        3099           3           1
-/+ buffers/cache:           2346        3100
Swap:            8191           0        8191
Starting: Intent { cmp=com.supercell.clashroyale/com.supercell.titan.GameApp }
Status: ok
LaunchState: COLD
Activity: com.supercell.clashroyale/com.supercell.titan.GameApp
TotalTime: 665
WaitTime: 666
Complete
end
Starting: Intent { act=android.intent.action.MAIN cat=[android.intent.category.HOME] }
		total        used        free      shared     buffers
Mem:             5447        3709        1737           8           4
-/+ buffers/cache:           3705        1741
Swap:            8191           0        8191
		total        used        free      shared     buffers
Mem:             5447        3746        1700           8           4
-/+ buffers/cache:           3742        1705
Swap:            8191         682        7509
===========================
MemTotal:        5578140 kB
MemFree:         1759200 kB
MemAvailable:    3326184 kB
Buffers:            4324 kB
Cached:          1747960 kB
SwapCached:       512372 kB
Active:           577600 kB
Inactive:        1941080 kB
Active(anon):     419164 kB
Inactive(anon):   468856 kB
Active(file):     158436 kB
Inactive(file):  1472224 kB
Unevictable:      113860 kB
Mlocked:          113860 kB
SwapTotal:       8388604 kB
SwapFree:        7875068 kB
Dirty:                52 kB
Writeback:             0 kB
AnonPages:        420428 kB
Mapped:          1428548 kB
Shmem:              8924 kB
Slab:             256968 kB
SReclaimable:      86236 kB
SUnreclaim:       170732 kB
KernelStack:       38016 kB
ShadowCallStack:    2377 kB
PageTables:        49592 kB
NFS_Unstable:          0 kB
Bounce:                0 kB
ION_heap:         196840 kB
ION_heap_pool:     54240 kB
WritebackTmp:          0 kB
CommitLimit:    11177672 kB
Committed_AS:   52642020 kB
VmallocTotal:   263061440 kB
VmallocUsed:       91720 kB
VmallocChunk:          0 kB
CmaTotal:         233472 kB
CmaFree:          182956 kB
===========================
Starting: Intent { cmp=com.supercell.clashroyale/com.supercell.titan.GameApp }
Warning: Activity not started, its current task has been brought to the front
Status: ok
LaunchState: HOT
Activity: com.supercell.clashroyale/com.supercell.titan.GameApp
TotalTime: 36
WaitTime: 47
Complete
end
		total        used        free      shared     buffers
Mem:             5447        3801        1646           8           4
-/+ buffers/cache:           3797        1650
Swap:            8191         465        7726
===========================
MemTotal:        5578140 kB
MemFree:         1750284 kB
MemAvailable:    3321124 kB
Buffers:            4324 kB
Cached:          1751616 kB
SwapCached:       435028 kB
Active:           621316 kB
Inactive:        1851100 kB
Active(anon):     456420 kB
Inactive(anon):   381076 kB
Active(file):     164896 kB
Inactive(file):  1470024 kB
Unevictable:      113860 kB
Mlocked:          113860 kB
SwapTotal:       8388604 kB
SwapFree:        7952636 kB
Dirty:                88 kB
Writeback:             0 kB
AnonPages:        457296 kB
Mapped:          1376968 kB
Shmem:              8392 kB
Slab:             254760 kB
SReclaimable:      85688 kB
SUnreclaim:       169072 kB
KernelStack:       35904 kB
ShadowCallStack:    2246 kB
PageTables:        45144 kB
NFS_Unstable:          0 kB
Bounce:                0 kB
ION_heap:         247888 kB
ION_heap_pool:     62348 kB
WritebackTmp:          0 kB
CommitLimit:    11177672 kB
Committed_AS:   46210072 kB
VmallocTotal:   263061440 kB
VmallocUsed:       89644 kB
VmallocChunk:          0 kB
CmaTotal:         233472 kB
CmaFree:          182956 kB
===========================
