restarting adbd as root
Swapspace size: 8388604k, UUID=976855c9-ab29-4f37-9773-149feef4dc3d
--lowmemorykiller driver disabled--
		total        used        free      shared     buffers
Mem:             5447        2432        3014           4           0
-/+ buffers/cache:           2431        3015
Swap:            8191           0        8191
Starting: Intent { cmp=com.google.android.gm/.ConversationListActivityGmail }
Status: ok
LaunchState: COLD
Activity: com.google.android.gm/.ConversationListActivityGmail
TotalTime: 530
WaitTime: 532
Complete
end
Starting: Intent { act=android.intent.action.MAIN cat=[android.intent.category.HOME] }
		total        used        free      shared     buffers
Mem:             5447        2990        2457           8           4
-/+ buffers/cache:           2986        2461
Swap:            8191           0        8191
		total        used        free      shared     buffers
Mem:             5447        2985        2461           8           4
-/+ buffers/cache:           2981        2465
Swap:            8191         625        7566
===========================
MemTotal:        5578140 kB
MemFree:         2536972 kB
MemAvailable:    3746224 kB
Buffers:            4288 kB
Cached:          1392116 kB
SwapCached:       457656 kB
Active:           592724 kB
Inactive:        1516684 kB
Active(anon):     426664 kB
Inactive(anon):   407544 kB
Active(file):     166060 kB
Inactive(file):  1109140 kB
Unevictable:      113744 kB
Mlocked:          113780 kB
SwapTotal:       8388604 kB
SwapFree:        7929852 kB
Dirty:               116 kB
Writeback:             0 kB
AnonPages:        427748 kB
Mapped:          1114504 kB
Shmem:              8688 kB
Slab:             252732 kB
SReclaimable:      81996 kB
SUnreclaim:       170736 kB
KernelStack:       37600 kB
ShadowCallStack:    2352 kB
PageTables:        48212 kB
NFS_Unstable:          0 kB
Bounce:                0 kB
ION_heap:         167304 kB
ION_heap_pool:     54180 kB
WritebackTmp:          0 kB
CommitLimit:    11177672 kB
Committed_AS:   52468256 kB
VmallocTotal:   263061440 kB
VmallocUsed:       90676 kB
VmallocChunk:          0 kB
CmaTotal:         233472 kB
CmaFree:          182272 kB
===========================
Starting: Intent { cmp=com.google.android.gm/.ConversationListActivityGmail }
Warning: Activity not started, its current task has been brought to the front
Status: ok
LaunchState: HOT
Activity: com.google.android.gm/.ui.MailActivityGmail
TotalTime: 56
WaitTime: 63
Complete
end
		total        used        free      shared     buffers
Mem:             5447        2979        2468           8           4
-/+ buffers/cache:           2974        2472
Swap:            8191         433        7758
===========================
MemTotal:        5578140 kB
MemFree:         2645892 kB
MemAvailable:    3856740 kB
Buffers:            4288 kB
Cached:          1393656 kB
SwapCached:       365240 kB
Active:           568872 kB
Inactive:        1433808 kB
Active(anon):     398488 kB
Inactive(anon):   326688 kB
Active(file):     170384 kB
Inactive(file):  1107120 kB
Unevictable:      113716 kB
Mlocked:          113752 kB
SwapTotal:       8388604 kB
SwapFree:        8022012 kB
Dirty:                 0 kB
Writeback:            96 kB
AnonPages:        399604 kB
Mapped:           998792 kB
Shmem:              7952 kB
Slab:             249452 kB
SReclaimable:      80584 kB
SUnreclaim:       168868 kB
KernelStack:       34448 kB
ShadowCallStack:    2155 kB
PageTables:        42716 kB
NFS_Unstable:          0 kB
Bounce:                0 kB
ION_heap:         167304 kB
ION_heap_pool:     54180 kB
WritebackTmp:          0 kB
CommitLimit:    11177672 kB
Committed_AS:   44737220 kB
VmallocTotal:   263061440 kB
VmallocUsed:       87508 kB
VmallocChunk:          0 kB
CmaTotal:         233472 kB
CmaFree:          182272 kB
===========================
