restarting adbd as root
Swapspace size: 8388604k, UUID=59c3e5bc-cf4a-44f1-ba8d-0537f32ec062
--lowmemorykiller driver disabled--
		total        used        free      shared     buffers
Mem:             5447        2423        3023           3           1
-/+ buffers/cache:           2422        3024
Swap:            8191           0        8191
Starting: Intent { cmp=com.google.android.apps.maps/com.google.android.maps.MapsActivity }
Status: ok
LaunchState: COLD
Activity: com.google.android.apps.maps/com.google.android.maps.MapsActivity
TotalTime: 550
WaitTime: 550
Complete
end
Starting: Intent { act=android.intent.action.MAIN cat=[android.intent.category.HOME] }
		total        used        free      shared     buffers
Mem:             5447        3064        2382           8           4
-/+ buffers/cache:           3060        2387
Swap:            8191           0        8191
		total        used        free      shared     buffers
Mem:             5447        3146        2301           7           6
-/+ buffers/cache:           3139        2307
Swap:            8191         492        7699
===========================
MemTotal:        5578140 kB
MemFree:         2380408 kB
MemAvailable:    3815704 kB
Buffers:            6456 kB
Cached:          1609180 kB
SwapCached:       369640 kB
Active:           726904 kB
Inactive:        1483104 kB
Active(anon):     371376 kB
Inactive(anon):   343096 kB
Active(file):     355528 kB
Inactive(file):  1140008 kB
Unevictable:      113748 kB
Mlocked:          113764 kB
SwapTotal:       8388604 kB
SwapFree:        8017916 kB
Dirty:                76 kB
Writeback:             0 kB
AnonPages:        371344 kB
Mapped:           990592 kB
Shmem:              7580 kB
Slab:             257096 kB
SReclaimable:      89588 kB
SUnreclaim:       167508 kB
KernelStack:       33776 kB
ShadowCallStack:    2113 kB
PageTables:        40788 kB
NFS_Unstable:          0 kB
Bounce:                0 kB
ION_heap:         204784 kB
ION_heap_pool:     90496 kB
WritebackTmp:          0 kB
CommitLimit:    11177672 kB
Committed_AS:   42113140 kB
VmallocTotal:   263061440 kB
VmallocUsed:       86856 kB
VmallocChunk:          0 kB
CmaTotal:         233472 kB
CmaFree:          182272 kB
===========================
Starting: Intent { cmp=com.google.android.apps.maps/com.google.android.maps.MapsActivity }
Warning: Activity not started, its current task has been brought to the front
Status: ok
LaunchState: HOT
Activity: com.google.android.apps.maps/com.google.android.maps.MapsActivity
TotalTime: 124
WaitTime: 137
Complete
end
		total        used        free      shared     buffers
Mem:             5447        3178        2268           7           6
-/+ buffers/cache:           3172        2275
Swap:            8191         317        7874
===========================
MemTotal:        5578140 kB
MemFree:         2314776 kB
MemAvailable:    3765224 kB
Buffers:            6460 kB
Cached:          1623840 kB
SwapCached:       318200 kB
Active:           819236 kB
Inactive:        1439588 kB
Active(anon):     463024 kB
Inactive(anon):   285664 kB
Active(file):     356212 kB
Inactive(file):  1153924 kB
Unevictable:      113752 kB
Mlocked:          113768 kB
SwapTotal:       8388604 kB
SwapFree:        8069116 kB
Dirty:               916 kB
Writeback:             0 kB
AnonPages:        463196 kB
Mapped:           990460 kB
Shmem:              7636 kB
Slab:             258008 kB
SReclaimable:      90140 kB
SUnreclaim:       167868 kB
KernelStack:       34640 kB
ShadowCallStack:    2166 kB
PageTables:        41656 kB
NFS_Unstable:          0 kB
Bounce:                0 kB
ION_heap:         205300 kB
ION_heap_pool:     58832 kB
WritebackTmp:          0 kB
CommitLimit:    11177672 kB
Committed_AS:   43368008 kB
VmallocTotal:   263061440 kB
VmallocUsed:       87676 kB
VmallocChunk:          0 kB
CmaTotal:         233472 kB
CmaFree:          182272 kB
===========================
