restarting adbd as root
Swapspace size: 8388604k, UUID=ff9871c3-8c8a-42b2-9fef-4ba2b1cca3a1
--lowmemorykiller driver disabled--
		total        used        free      shared     buffers
Mem:             5447        2495        2951           4           0
-/+ buffers/cache:           2494        2952
Swap:            8191           0        8191
Starting: Intent { cmp=com.instagram.android/.activity.MainTabActivity }
Status: ok
LaunchState: COLD
Activity: com.instagram.android/com.instagram.mainactivity.MainActivity
TotalTime: 936
WaitTime: 937
Complete
end
Starting: Intent { act=android.intent.action.MAIN cat=[android.intent.category.HOME] }
		total        used        free      shared     buffers
Mem:             5447        3068        2379           8           4
-/+ buffers/cache:           3064        2383
Swap:            8191           0        8191
		total        used        free      shared     buffers
Mem:             5447        3108        2338           7           4
-/+ buffers/cache:           3104        2343
Swap:            8191         684        7507
===========================
MemTotal:        5578140 kB
MemFree:         2425888 kB
MemAvailable:    3689224 kB
Buffers:            4276 kB
Cached:          1442312 kB
SwapCached:       486344 kB
Active:           623712 kB
Inactive:        1569648 kB
Active(anon):     432128 kB
Inactive(anon):   435492 kB
Active(file):     191584 kB
Inactive(file):  1134156 kB
Unevictable:      113940 kB
Mlocked:          113940 kB
SwapTotal:       8388604 kB
SwapFree:        7900668 kB
Dirty:                68 kB
Writeback:             0 kB
AnonPages:        433372 kB
Mapped:          1081816 kB
Shmem:              8156 kB
Slab:             257692 kB
SReclaimable:      87376 kB
SUnreclaim:       170316 kB
KernelStack:       37728 kB
ShadowCallStack:    2360 kB
PageTables:        47524 kB
NFS_Unstable:          0 kB
Bounce:                0 kB
ION_heap:         169628 kB
ION_heap_pool:     56504 kB
WritebackTmp:          0 kB
CommitLimit:    11177672 kB
Committed_AS:   51753108 kB
VmallocTotal:   263061440 kB
VmallocUsed:       90796 kB
VmallocChunk:          0 kB
CmaTotal:         233472 kB
CmaFree:          182272 kB
===========================
Starting: Intent { cmp=com.instagram.android/.activity.MainTabActivity }
Warning: Activity not started, its current task has been brought to the front
Status: ok
LaunchState: HOT
Activity: com.instagram.android/com.instagram.mainactivity.MainActivity
TotalTime: 66
WaitTime: 72
Complete
end
		total        used        free      shared     buffers
Mem:             5447        3092        2355           7           4
-/+ buffers/cache:           3087        2359
Swap:            8191         457        7734
===========================
MemTotal:        5578140 kB
MemFree:         2454528 kB
MemAvailable:    3719032 kB
Buffers:            4276 kB
Cached:          1443716 kB
SwapCached:       439940 kB
Active:           650372 kB
Inactive:        1512808 kB
Active(anon):     450792 kB
Inactive(anon):   385056 kB
Active(file):     199580 kB
Inactive(file):  1127752 kB
Unevictable:      113940 kB
Mlocked:          113940 kB
SwapTotal:       8388604 kB
SwapFree:        7947260 kB
Dirty:               560 kB
Writeback:             0 kB
AnonPages:        452052 kB
Mapped:          1066016 kB
Shmem:              7976 kB
Slab:             255152 kB
SReclaimable:      86948 kB
SUnreclaim:       168204 kB
KernelStack:       36160 kB
ShadowCallStack:    2260 kB
PageTables:        42692 kB
NFS_Unstable:          0 kB
Bounce:                0 kB
ION_heap:         169628 kB
ION_heap_pool:     54168 kB
WritebackTmp:          0 kB
CommitLimit:    11177672 kB
Committed_AS:   44752384 kB
VmallocTotal:   263061440 kB
VmallocUsed:       89176 kB
VmallocChunk:          0 kB
CmaTotal:         233472 kB
CmaFree:          182272 kB
===========================
