restarting adbd as root
Swapspace size: 8388604k, UUID=5c4d0de8-c5e5-4b77-8614-6f7d14379763
--lowmemorykiller driver disabled--
		total        used        free      shared     buffers
Mem:             5447        2459        2987           3           0
-/+ buffers/cache:           2459        2988
Swap:            8191           0        8191
Starting: Intent { cmp=com.twitter.android/com.twitter.app.main.MainActivity }
Status: ok
LaunchState: COLD
Activity: com.twitter.android/com.twitter.app.main.MainActivity
TotalTime: 674
WaitTime: 674
Complete
end
Starting: Intent { act=android.intent.action.MAIN cat=[android.intent.category.HOME] }
		total        used        free      shared     buffers
Mem:             5447        3125        2322          10           4
-/+ buffers/cache:           3120        2326
Swap:            8191           0        8191
		total        used        free      shared     buffers
Mem:             5447        3283        2163          10           4
-/+ buffers/cache:           3279        2168
Swap:            8191         498        7693
===========================
MemTotal:        5578140 kB
MemFree:         2264152 kB
MemAvailable:    3788688 kB
Buffers:            4352 kB
Cached:          1696260 kB
SwapCached:       360024 kB
Active:           747000 kB
Inactive:        1590628 kB
Active(anon):     429880 kB
Inactive(anon):   330604 kB
Active(file):     317120 kB
Inactive(file):  1260024 kB
Unevictable:      113824 kB
Mlocked:          113824 kB
SwapTotal:       8388604 kB
SwapFree:        8027132 kB
Dirty:                56 kB
Writeback:             0 kB
AnonPages:        427340 kB
Mapped:          1104852 kB
Shmem:             10892 kB
Slab:             267772 kB
SReclaimable:      97132 kB
SUnreclaim:       170640 kB
KernelStack:       34720 kB
ShadowCallStack:    2171 kB
PageTables:        42112 kB
NFS_Unstable:          0 kB
Bounce:                0 kB
ION_heap:         177548 kB
ION_heap_pool:     62180 kB
WritebackTmp:          0 kB
CommitLimit:    11177672 kB
Committed_AS:   42878236 kB
VmallocTotal:   263061440 kB
VmallocUsed:       87760 kB
VmallocChunk:          0 kB
CmaTotal:         233472 kB
CmaFree:          182272 kB
===========================
Starting: Intent { cmp=com.twitter.android/com.twitter.app.main.MainActivity }
Warning: Activity not started, its current task has been brought to the front
Status: ok
LaunchState: HOT
Activity: com.twitter.android/com.twitter.app.main.MainActivity
TotalTime: 53
WaitTime: 56
Complete
end
		total        used        free      shared     buffers
Mem:             5447        3226        2221          10           4
-/+ buffers/cache:           3221        2225
Swap:            8191         328        7863
===========================
MemTotal:        5578140 kB
MemFree:         2286820 kB
MemAvailable:    3784288 kB
Buffers:            4352 kB
Cached:          1669156 kB
SwapCached:       327300 kB
Active:           768328 kB
Inactive:        1546568 kB
Active(anon):     469496 kB
Inactive(anon):   295372 kB
Active(file):     298832 kB
Inactive(file):  1251196 kB
Unevictable:      113824 kB
Mlocked:          113824 kB
SwapTotal:       8388604 kB
SwapFree:        8059900 kB
Dirty:               248 kB
Writeback:             0 kB
AnonPages:        466596 kB
Mapped:          1071644 kB
Shmem:             10852 kB
Slab:             266928 kB
SReclaimable:      97180 kB
SUnreclaim:       169748 kB
KernelStack:       34976 kB
ShadowCallStack:    2188 kB
PageTables:        42492 kB
NFS_Unstable:          0 kB
Bounce:                0 kB
ION_heap:         177560 kB
ION_heap_pool:     59064 kB
WritebackTmp:          0 kB
CommitLimit:    11177672 kB
Committed_AS:   43160772 kB
VmallocTotal:   263061440 kB
VmallocUsed:       88052 kB
VmallocChunk:          0 kB
CmaTotal:         233472 kB
CmaFree:          182272 kB
===========================
