restarting adbd as root
Swapspace size: 8388604k, UUID=21906e07-bc8c-43ac-9073-a0ee1e9e2f55
--lowmemorykiller driver disabled--
		total        used        free      shared     buffers
Mem:             5447        2479        2967           3           1
-/+ buffers/cache:           2478        2968
Swap:            8191           0        8191
Starting: Intent { cmp=com.google.android.youtube/com.google.android.apps.youtube.app.WatchWhileActivity }
Status: ok
LaunchState: COLD
Activity: com.google.android.youtube/com.google.android.apps.youtube.app.WatchWhileActivity
TotalTime: 1039
WaitTime: 1039
Complete
end
Starting: Intent { act=android.intent.action.MAIN cat=[android.intent.category.HOME] }
		total        used        free      shared     buffers
Mem:             5447        3096        2350           8           4
-/+ buffers/cache:           3092        2354
Swap:            8191           0        8191
		total        used        free      shared     buffers
Mem:             5447        3500        1946           7           4
-/+ buffers/cache:           3496        1950
Swap:            8191         438        7753
===========================
MemTotal:        5578140 kB
MemFree:         2023272 kB
MemAvailable:    3668668 kB
Buffers:            4432 kB
Cached:          1815804 kB
SwapCached:       336520 kB
Active:           922040 kB
Inactive:        1671488 kB
Active(anon):     574500 kB
Inactive(anon):   318992 kB
Active(file):     347540 kB
Inactive(file):  1352496 kB
Unevictable:      113728 kB
Mlocked:          113784 kB
SwapTotal:       8388604 kB
SwapFree:        8050940 kB
Dirty:               188 kB
Writeback:             0 kB
AnonPages:        574112 kB
Mapped:          1201580 kB
Shmem:              7716 kB
Slab:             267932 kB
SReclaimable:      94968 kB
SUnreclaim:       172964 kB
KernelStack:       37056 kB
ShadowCallStack:    2318 kB
PageTables:        47912 kB
NFS_Unstable:          0 kB
Bounce:                0 kB
ION_heap:         171776 kB
ION_heap_pool:     56840 kB
WritebackTmp:          0 kB
CommitLimit:    11177672 kB
Committed_AS:   51886856 kB
VmallocTotal:   263061440 kB
VmallocUsed:       90156 kB
VmallocChunk:          0 kB
CmaTotal:         233472 kB
CmaFree:          182272 kB
===========================
Starting: Intent { cmp=com.google.android.youtube/com.google.android.apps.youtube.app.WatchWhileActivity }
Warning: Activity not started, its current task has been brought to the front
Status: ok
LaunchState: HOT
Activity: com.google.android.youtube/com.google.android.apps.youtube.app.watchwhile.WatchWhileActivity
TotalTime: 53
WaitTime: 62
Complete
end
		total        used        free      shared     buffers
Mem:             5447        3516        1930           7           4
-/+ buffers/cache:           3512        1934
Swap:            8191         296        7895
===========================
MemTotal:        5578140 kB
MemFree:         1996924 kB
MemAvailable:    3652944 kB
Buffers:            4432 kB
Cached:          1826220 kB
SwapCached:       296204 kB
Active:           967392 kB
Inactive:        1636532 kB
Active(anon):     619456 kB
Inactive(anon):   274032 kB
Active(file):     347936 kB
Inactive(file):  1362500 kB
Unevictable:      113728 kB
Mlocked:          113784 kB
SwapTotal:       8388604 kB
SwapFree:        8091132 kB
Dirty:                56 kB
Writeback:             0 kB
AnonPages:        619008 kB
Mapped:          1204064 kB
Shmem:              7720 kB
Slab:             268096 kB
SReclaimable:      95192 kB
SUnreclaim:       172904 kB
KernelStack:       37472 kB
ShadowCallStack:    2344 kB
PageTables:        48048 kB
NFS_Unstable:          0 kB
Bounce:                0 kB
ION_heap:         172288 kB
ION_heap_pool:     53648 kB
WritebackTmp:          0 kB
CommitLimit:    11177672 kB
Committed_AS:   51912052 kB
VmallocTotal:   263061440 kB
VmallocUsed:       90532 kB
VmallocChunk:          0 kB
CmaTotal:         233472 kB
CmaFree:          182272 kB
===========================
