1342         com.google.android.gms.persistent
  		total        used        free      shared     buffers
Mem:             5479        5137         341           3           1
-/+ buffers/cache:           5136         342
Swap:          309247           0      309247
Filename				Type		Size	Used	Priority
/dev/block/zram0                        partition	2097148	0	-2
/dev/nbd0                               partition	314572796	0	-3
Starting: Intent { cmp=com.google.android.apps.maps/com.google.android.maps.MapsActivity }
Status: ok
LaunchState: UNKNOWN (-1)
Activity: com.google.android.apps.maps/com.google.android.maps.MapsActivity
WaitTime: 666
Complete
end
		total        used        free      shared     buffers
Mem:             5479        5402          76           8           2
-/+ buffers/cache:           5400          78
Swap:          309247           2      309245
Filename				Type		Size	Used	Priority
/dev/block/zram0                        partition	2097148	2304	-2
/dev/nbd0                               partition	314572796	0	-3
===========================
RssAnon:	   78132 kB
===========================
RssFile:	  303296 kB
===========================
===========================
        TOTAL   163967    68472    37736        0    67500    49684    17815
===========================
MemTotal:        5610772 kB
MemFree:           74652 kB
MemAvailable:    1166292 kB
Cached:          1279852 kB
SwapCached:            0 kB
===========================
Starting: Intent { cmp=com.google.android.youtube/com.google.android.apps.youtube.app.WatchWhileActivity }
Status: ok
LaunchState: COLD
Activity: com.google.android.youtube/com.google.android.apps.youtube.app.WatchWhileActivity
TotalTime: 1090
WaitTime: 1091
Complete
end
		total        used        free      shared     buffers
Mem:             5479        5385          93           8           4
-/+ buffers/cache:           5381          97
Swap:          309247          32      309215
Filename				Type		Size	Used	Priority
/dev/block/zram0                        partition	2097148	33024	-2
/dev/nbd0                               partition	314572796	0	-3
===========================
RssAnon:	   75900 kB
===========================
===========================
RssFile:	  299592 kB
===========================
===========================
        TOTAL   156578    66212    32576        0    69617    51560    18056
===========================
MemTotal:        5610772 kB
MemFree:          100228 kB
MemAvailable:    1113152 kB
Cached:          1196780 kB
SwapCached:          300 kB
===========================
Starting: Intent { cmp=com.king.candycrushsaga/.CandyCrushSagaActivity }
Status: ok
LaunchState: COLD
Activity: com.king.candycrushsaga/.CandyCrushSagaActivity
TotalTime: 604
WaitTime: 605
Complete
end
		total        used        free      shared     buffers
Mem:             5479        5377         101           9           2
-/+ buffers/cache:           5375         104
Swap:          309247         172      309075
Filename				Type		Size	Used	Priority
/dev/block/zram0                        partition	2097148	176384	-2
/dev/nbd0                               partition	314572796	0	-3
===========================
RssAnon:	   68172 kB
===========================
===========================
RssFile:	  275704 kB
===========================
===========================
        TOTAL   180175    93424    28616     3337    68548    53033    15514
===========================
MemTotal:        5610772 kB
MemFree:           91956 kB
MemAvailable:     738536 kB
Cached:           837984 kB
SwapCached:         1248 kB
===========================
Starting: Intent { cmp=com.android.chrome/com.google.android.apps.chrome.Main }
Status: ok
LaunchState: WARM
Activity: com.android.chrome/com.google.android.apps.chrome.Main
TotalTime: 330
WaitTime: 331
Complete
end
		total        used        free      shared     buffers
Mem:             5479        5417          62          26           1
-/+ buffers/cache:           5416          63
Swap:          309247         334      308913
Filename				Type		Size	Used	Priority
/dev/block/zram0                        partition	2097148	342016	-2
/dev/nbd0                               partition	314572796	0	-3
===========================
RssAnon:	   65120 kB
===========================
===========================
RssFile:	  264948 kB
===========================
===========================
        TOTAL   186152    90380    29600    13433    71160    55643    15516
===========================
MemTotal:        5610772 kB
MemFree:           74328 kB
MemAvailable:     543816 kB
Cached:           675540 kB
SwapCached:         7748 kB
===========================
Starting: Intent { cmp=com.twitter.android/com.twitter.app.main.MainActivity }
Status: ok
LaunchState: COLD
Activity: com.twitter.android/com.twitter.app.main.MainActivity
TotalTime: 1047
WaitTime: 1047
Complete
end
		total        used        free      shared     buffers
Mem:             5479        5402          77          18           0
-/+ buffers/cache:           5401          77
Swap:          309247         397      308850
Filename				Type		Size	Used	Priority
/dev/block/zram0                        partition	2097148	406528	-2
/dev/nbd0                               partition	314572796	0	-3
===========================
RssAnon:	   65172 kB
===========================
===========================
RssFile:	  248084 kB
===========================
===========================
        TOTAL   143352    58080    18672    14717    70854    53723    17130
===========================
MemTotal:        5610772 kB
MemFree:           80284 kB
MemAvailable:     579472 kB
Cached:           700652 kB
SwapCached:        11688 kB
===========================
pgfault 2932329
pgmajfault 29521
pswpin 5669
pswpout 103774
Starting: Intent { cmp=com.rovio.baba/com.unity3d.player.UnityPlayerActivity }
Status: ok
LaunchState: COLD
Activity: com.rovio.baba/com.unity3d.player.UnityPlayerActivity
TotalTime: 536
WaitTime: 537
Complete
end
		total        used        free      shared     buffers
Mem:             5479        5396          82           7           0
-/+ buffers/cache:           5395          83
Swap:          309247        1110      308137
Filename				Type		Size	Used	Priority
/dev/block/zram0                        partition	2097148	1136896	-2
/dev/nbd0                               partition	314572796	0	-3
pgfault 3292410
pgmajfault 55651
pswpin 24606
pswpout 301434
===========================
RssAnon:	   36668 kB
===========================
===========================
RssFile:	  227776 kB
===========================
===========================
        TOTAL   131496    32724    19500    29995    65186    47969    17216
===========================
MemTotal:        5610772 kB
MemFree:           84188 kB
MemAvailable:     374504 kB
Cached:           481636 kB
SwapCached:        35392 kB
===========================
Starting: Intent { cmp=com.google.android.gm/.ConversationListActivityGmail }
Status: ok
LaunchState: COLD
Activity: com.google.android.gm/.ConversationListActivityGmail
TotalTime: 1646
WaitTime: 1647
Complete
end
		total        used        free      shared     buffers
Mem:             5479        5389          90           2           0
-/+ buffers/cache:           5388          90
Swap:          309247        1306      307941
Filename				Type		Size	Used	Priority
/dev/block/zram0                        partition	2097148	1337344	-2
/dev/nbd0                               partition	314572796	0	-3
===========================
RssAnon:	   46152 kB
===========================
===========================
RssFile:	  228104 kB
===========================
===========================
        TOTAL   129583    42860    17980    18484    63524    47384    16139
===========================
MemTotal:        5610772 kB
MemFree:           68416 kB
MemAvailable:     380108 kB
Cached:           493720 kB
SwapCached:        72920 kB
===========================
Starting: Intent { cmp=com.instagram.android/.activity.MainTabActivity }
Status: ok
LaunchState: COLD
Activity: com.instagram.android/com.instagram.mainactivity.MainActivity
TotalTime: 1301
WaitTime: 1301
Complete
end
		total        used        free      shared     buffers
Mem:             5479        5375         104           3           0
-/+ buffers/cache:           5374         104
Swap:          309247        1450      307797
Filename				Type		Size	Used	Priority
/dev/block/zram0                        partition	2097148	1485056	-2
/dev/nbd0                               partition	314572796	0	-3
===========================
RssAnon:	   41944 kB
===========================
===========================
RssFile:	  227572 kB
===========================
===========================
        TOTAL   128082    39920    17100    21063    64766    48071    16694
===========================
MemTotal:        5610772 kB
MemFree:           72684 kB
MemAvailable:     318360 kB
Cached:           433156 kB
SwapCached:        66868 kB
===========================
Starting: Intent { cmp=com.supercell.clashroyale/com.supercell.titan.GameApp }
Status: ok
LaunchState: COLD
Activity: com.supercell.clashroyale/com.supercell.titan.GameApp
TotalTime: 969
WaitTime: 969
Complete
end
		total        used        free      shared     buffers
Mem:             5479        5390          88           3           0
-/+ buffers/cache:           5389          89
Swap:          309247        1467      307780
Filename				Type		Size	Used	Priority
/dev/block/zram0                        partition	2097148	1502720	-2
/dev/nbd0                               partition	314572796	0	-3
===========================
RssAnon:	   45256 kB
===========================
===========================
RssFile:	  214388 kB
===========================
===========================
        TOTAL   130890    43008    19176    19123    65305    49232    16072
===========================
MemTotal:        5610772 kB
MemFree:           69056 kB
MemAvailable:     361852 kB
Cached:           477180 kB
SwapCached:        76632 kB
===========================
