1338         com.google.android.gms.persistent
  		total        used        free      shared     buffers
Mem:             5447        2595        2852           3           1
-/+ buffers/cache:           2594        2853
Swap:            2047           0        2047
Starting: Intent { cmp=com.google.android.apps.maps/com.google.android.maps.MapsActivity }
Status: ok
LaunchState: COLD
Activity: com.google.android.apps.maps/com.google.android.maps.MapsActivity
TotalTime: 1253
WaitTime: 1259
Complete
end
		total        used        free      shared     buffers
Mem:             5447        3105        2341           8           1
-/+ buffers/cache:           3104        2343
Swap:            2047           0        2047
===========================
RssAnon:	   72328 kB
===========================
===========================
RssFile:	  325624 kB
===========================
===========================
        TOTAL   159844    61656    38812        0    66952    50260    16691
===========================
else:  
===========================
MemTotal:        5578140 kB
MemFree:         2410392 kB
MemAvailable:    3643596 kB
Cached:          1424832 kB
SwapCached:            0 kB
===========================
Starting: Intent { cmp=com.google.android.youtube/com.google.android.apps.youtube.app.WatchWhileActivity }
Status: ok
LaunchState: COLD
Activity: com.google.android.youtube/com.google.android.apps.youtube.app.WatchWhileActivity
TotalTime: 726
WaitTime: 726
Complete
end
		total        used        free      shared     buffers
Mem:             5447        3321        2126           8           4
-/+ buffers/cache:           3317        2130
Swap:            2047           0        2047
===========================
RssAnon:	   74960 kB
===========================
===========================
RssFile:	  338812 kB
===========================
===========================
        TOTAL   204553    96036    48556        0    69560    53331    16228
===========================
else:  
===========================
MemTotal:        5578140 kB
MemFree:         2176796 kB
MemAvailable:    3583516 kB
Cached:          1588912 kB
SwapCached:            0 kB
===========================
Starting: Intent { cmp=com.king.candycrushsaga/.CandyCrushSagaActivity }
Status: ok
LaunchState: COLD
Activity: com.king.candycrushsaga/.CandyCrushSagaActivity
TotalTime: 558
WaitTime: 559
Complete
end
		total        used        free      shared     buffers
Mem:             5447        4076        1371           9           6
-/+ buffers/cache:           4070        1377
Swap:            2047           0        2047
===========================
RssAnon:	   74364 kB
===========================
===========================
RssFile:	  342536 kB
===========================
===========================
        TOTAL   204320    96688    46868        0    68277    51959    16317
===========================
else:  
===========================
MemTotal:        5578140 kB
MemFree:         1397440 kB
MemAvailable:    3086912 kB
Cached:          1864396 kB
SwapCached:            0 kB
===========================
Starting: Intent { cmp=com.android.chrome/com.google.android.apps.chrome.Main }
Status: ok
LaunchState: WARM
Activity: com.android.chrome/com.google.android.apps.chrome.Main
TotalTime: 237
WaitTime: 238
Complete
end
		total        used        free      shared     buffers
Mem:             5447        4534         913          36           6
-/+ buffers/cache:           4527         919
Swap:            2047           0        2047
===========================
RssAnon:	   81328 kB
===========================
===========================
RssFile:	  343092 kB
===========================
===========================
        TOTAL   211246   102316    48268        0    70179    54351    15827
===========================
else:  
===========================
MemTotal:        5578140 kB
MemFree:          930628 kB
MemAvailable:    2746916 kB
Cached:          2012624 kB
SwapCached:            0 kB
===========================
Starting: Intent { cmp=com.twitter.android/com.twitter.app.main.MainActivity }
Status: ok
LaunchState: COLD
Activity: com.twitter.android/com.twitter.app.main.MainActivity
TotalTime: 765
WaitTime: 766
Complete
end
		total        used        free      shared     buffers
Mem:             5447        4662         785          15           6
-/+ buffers/cache:           4656         791
Swap:            2047           0        2047
===========================
RssAnon:	   80060 kB
===========================
===========================
RssFile:	  343136 kB
===========================
===========================
        TOTAL   209832   102180    47556        0    69109    53012    16096
===========================
else:  
===========================
MemTotal:        5578140 kB
MemFree:          803344 kB
MemAvailable:    2697704 kB
Cached:          2067504 kB
SwapCached:            0 kB
===========================
pgfault 10027973
pgmajfault 16052
pswpin 0
pswpout 0
Starting: Intent { cmp=com.rovio.baba/com.unity3d.player.UnityPlayerActivity }
Status: ok
LaunchState: COLD
Activity: com.rovio.baba/com.unity3d.player.UnityPlayerActivity
TotalTime: 434
WaitTime: 436
Complete
end
		total        used        free      shared     buffers
Mem:             5447        5389          58          15           6
-/+ buffers/cache:           5383          64
Swap:            2047           0        2047
pgfault 10335616
pgmajfault 16829
pswpin 0
pswpout 2
===========================
RssAnon:	   76336 kB
===========================
===========================
RssFile:	  313308 kB
===========================
===========================
        TOTAL   159546    65920    38428        0    66929    48008    18920
===========================
else:  
===========================
MemTotal:        5578140 kB
MemFree:           71352 kB
MemAvailable:    2155636 kB
Cached:          2255268 kB
SwapCached:            0 kB
===========================
Starting: Intent { cmp=com.google.android.gm/.ConversationListActivityGmail }
Status: ok
LaunchState: COLD
Activity: com.google.android.gm/.ConversationListActivityGmail
TotalTime: 794
WaitTime: 795
Complete
end
		total        used        free      shared     buffers
Mem:             5447        5340         106          16           6
-/+ buffers/cache:           5334         112
Swap:            2047           9        2038
===========================
RssAnon:	   72036 kB
===========================
===========================
RssFile:	  302948 kB
===========================
===========================
        TOTAL   147676    61296    31936        0    64208    46734    17473
===========================
else:  
===========================
MemTotal:        5578140 kB
MemFree:          107160 kB
MemAvailable:    2022580 kB
Cached:          2087488 kB
SwapCached:            0 kB
===========================
Starting: Intent { cmp=com.instagram.android/.activity.MainTabActivity }
Status: ok
LaunchState: COLD
Activity: com.instagram.android/com.instagram.mainactivity.MainActivity
TotalTime: 973
WaitTime: 974
Complete
end
		total        used        free      shared     buffers
Mem:             5447        5371          75          16           6
-/+ buffers/cache:           5365          81
Swap:            2047          29        2018
===========================
RssAnon:	   73244 kB
===========================
===========================
RssFile:	  314396 kB
===========================
===========================
        TOTAL   190828    94576    41600        0    66350    50675    15674
===========================
else:  
===========================
MemTotal:        5578140 kB
MemFree:           72572 kB
MemAvailable:    1900952 kB
Cached:          1998412 kB
SwapCached:          188 kB
===========================
Starting: Intent { cmp=com.supercell.clashroyale/com.supercell.titan.GameApp }
Status: ok
LaunchState: COLD
Activity: com.supercell.clashroyale/com.supercell.titan.GameApp
TotalTime: 635
WaitTime: 635
Complete
end
		total        used        free      shared     buffers
Mem:             5447        5368          79          16           0
-/+ buffers/cache:           5367          79
Swap:            2047         151        1896
===========================
RssAnon:	   71800 kB
===========================
===========================
RssFile:	  298660 kB
===========================
===========================
        TOTAL   181987    93984    33724        3    65875    49873    16001
===========================
else: 1563147 152062
===========================
MemTotal:        5578140 kB
MemFree:           72468 kB
MemAvailable:    1547844 kB
Cached:          1668704 kB
SwapCached:          460 kB
===========================
