1338         com.google.android.gms.persistent
  Battery stats reset.
		total        used        free      shared     buffers
Mem:             5479        3850        1629           3           1
-/+ buffers/cache:           3848        1630
Swap:          309247           0      309247
Filename				Type		Size	Used	Priority
/dev/block/zram0                        partition	2097148	0	-2
/dev/nbd0                               partition	314572796	0	-3
Starting: Intent { cmp=com.google.android.apps.maps/com.google.android.maps.MapsActivity }
Status: ok
LaunchState: UNKNOWN (-1)
Activity: com.google.android.apps.maps/com.google.android.maps.MapsActivity
WaitTime: 739
Complete
end
		total        used        free      shared     buffers
Mem:             5479        4289        1189           8           4
-/+ buffers/cache:           4285        1193
Swap:          309247           0      309247
Filename				Type		Size	Used	Priority
/dev/block/zram0                        partition	2097148	0	-2
/dev/nbd0                               partition	314572796	0	-3
===========================
RssAnon:	   76556 kB
===========================
RssFile:	  325784 kB
===========================
===========================
        TOTAL   165732    66672    38368        0    63675    48329    15345
===========================
MemTotal:        5610772 kB
MemFree:         1223052 kB
MemAvailable:    2453416 kB
Cached:          1413856 kB
SwapCached:            0 kB
===========================
Starting: Intent { cmp=com.google.android.youtube/com.google.android.apps.youtube.app.WatchWhileActivity }
Status: ok
LaunchState: COLD
Activity: com.google.android.youtube/com.google.android.apps.youtube.app.WatchWhileActivity
TotalTime: 1223
WaitTime: 1223
Complete
end
		total        used        free      shared     buffers
Mem:             5479        4748         730           9           6
-/+ buffers/cache:           4742         736
Swap:          309247           0      309247
Filename				Type		Size	Used	Priority
/dev/block/zram0                        partition	2097148	0	-2
/dev/nbd0                               partition	314572796	0	-3
===========================
RssAnon:	   75936 kB
===========================
===========================
RssFile:	  329800 kB
===========================
===========================
        TOTAL   164262    65376    38436        0    64095    48337    15757
===========================
MemTotal:        5610772 kB
MemFree:          748688 kB
MemAvailable:    2187620 kB
Cached:          1619864 kB
SwapCached:            0 kB
===========================
Starting: Intent { cmp=com.king.candycrushsaga/.CandyCrushSagaActivity }
Status: ok
LaunchState: COLD
Activity: com.king.candycrushsaga/.CandyCrushSagaActivity
TotalTime: 608
WaitTime: 609
Complete
end
		total        used        free      shared     buffers
Mem:             5479        5369         109           9           6
-/+ buffers/cache:           5363         115
Swap:          309247           0      309247
Filename				Type		Size	Used	Priority
/dev/block/zram0                        partition	2097148	256	-2
/dev/nbd0                               partition	314572796	0	-3
===========================
RssAnon:	   69224 kB
===========================
===========================
RssFile:	  318100 kB
===========================
===========================
        TOTAL   192080    92464    40392        0    65347    49820    15527
===========================
MemTotal:        5610772 kB
MemFree:          109264 kB
MemAvailable:    1680056 kB
Cached:          1746364 kB
SwapCached:            0 kB
===========================
Starting: Intent { dat=http://m.naver.com/... cmp=com.android.chrome/com.google.android.apps.chrome.Main }
Status: ok
LaunchState: WARM
Activity: com.android.chrome/com.google.android.apps.chrome.Main
TotalTime: 304
WaitTime: 304
Complete
end
		total        used        free      shared     buffers
Mem:             5479        5362         116          50           0
-/+ buffers/cache:           5362         117
Swap:          309247         153      309094
Filename				Type		Size	Used	Priority
/dev/block/zram0                        partition	2097148	156672	-2
/dev/nbd0                               partition	314572796	0	-3
===========================
RssAnon:	   81356 kB
===========================
===========================
RssFile:	  300908 kB
===========================
===========================
        TOTAL   195793   107544    31188       46    71331    55594    15736
===========================
MemTotal:        5610772 kB
MemFree:          273588 kB
MemAvailable:    1335008 kB
Cached:          1268400 kB
SwapCached:         1624 kB
===========================
Starting: Intent { cmp=com.twitter.android/com.twitter.app.main.MainActivity }
Status: ok
LaunchState: COLD
Activity: com.twitter.android/com.twitter.app.main.MainActivity
TotalTime: 1069
WaitTime: 1069
Complete
end
		total        used        free      shared     buffers
Mem:             5479        5347         131          18           0
-/+ buffers/cache:           5347         132
Swap:          309247         167      309080
Filename				Type		Size	Used	Priority
/dev/block/zram0                        partition	2097148	171008	-2
/dev/nbd0                               partition	314572796	0	-3
===========================
RssAnon:	   69344 kB
===========================
===========================
RssFile:	  279048 kB
===========================
===========================
        TOTAL   141880    64396    23860       75    63143    47277    15865
===========================
MemTotal:        5610772 kB
MemFree:          138348 kB
MemAvailable:    1130384 kB
Cached:          1181980 kB
SwapCached:         4192 kB
===========================
pgfault 8204030
pgmajfault 22651
pswpin 1888
pswpout 42937
Starting: Intent { cmp=com.rovio.baba/com.unity3d.player.UnityPlayerActivity }
Status: ok
LaunchState: COLD
Activity: com.rovio.baba/com.unity3d.player.UnityPlayerActivity
TotalTime: 512
WaitTime: 513
Complete
end
		total        used        free      shared     buffers
Mem:             5479        5337         141          27           0
-/+ buffers/cache:           5336         142
Swap:          309247         369      308878
Filename				Type		Size	Used	Priority
/dev/block/zram0                        partition	2097148	378368	-2
/dev/nbd0                               partition	314572796	0	-3
pgfault 8772085
pgmajfault 26522
pswpin 2423
pswpout 95163
===========================
RssAnon:	   61180 kB
===========================
===========================
RssFile:	  246184 kB
===========================
===========================
        TOTAL   133096    56188    16844     9462    62880    45451    17428
===========================
MemTotal:        5610772 kB
MemFree:          151280 kB
MemAvailable:     619708 kB
Cached:           673800 kB
SwapCached:         5356 kB
===========================
Starting: Intent { cmp=com.google.android.gm/.ConversationListActivityGmail }
Status: ok
LaunchState: COLD
Activity: com.google.android.gm/.ConversationListActivityGmail
TotalTime: 1062
WaitTime: 1064
Complete
end
		total        used        free      shared     buffers
Mem:             5479        5420          58          27           0
-/+ buffers/cache:           5419          59
Swap:          309247         451      308796
Filename				Type		Size	Used	Priority
/dev/block/zram0                        partition	2097148	461824	-2
/dev/nbd0                               partition	314572796	0	-3
===========================
RssAnon:	   55020 kB
===========================
===========================
RssFile:	  246300 kB
===========================
===========================
        TOTAL   127925    49988    18324     9105    62327    46014    16312
===========================
MemTotal:        5610772 kB
MemFree:           87956 kB
MemAvailable:     625968 kB
Cached:           745276 kB
SwapCached:         8664 kB
===========================
Starting: Intent { cmp=com.instagram.android/.activity.MainTabActivity }
Status: ok
LaunchState: COLD
Activity: com.instagram.android/com.instagram.mainactivity.MainActivity
TotalTime: 1235
WaitTime: 1236
Complete
end
		total        used        free      shared     buffers
Mem:             5479        5394          84          27           0
-/+ buffers/cache:           5393          85
Swap:          309247         751      308496
Filename				Type		Size	Used	Priority
/dev/block/zram0                        partition	2097148	769280	-2
/dev/nbd0                               partition	314572796	0	-3
===========================
RssAnon:	   60960 kB
===========================
===========================
RssFile:	  222260 kB
===========================
===========================
        TOTAL   132268    55948    16832     9567    62741    46944    15796
===========================
MemTotal:        5610772 kB
MemFree:           58928 kB
MemAvailable:     344172 kB
Cached:           512476 kB
SwapCached:        19980 kB
===========================
Starting: Intent { cmp=com.supercell.clashroyale/com.supercell.titan.GameApp }
Status: ok
LaunchState: COLD
Activity: com.supercell.clashroyale/com.supercell.titan.GameApp
TotalTime: 1276
WaitTime: 1277
Complete
end
		total        used        free      shared     buffers
Mem:             5479        5386          93          17           1
-/+ buffers/cache:           5385          94
Swap:          309247        1368      307879
Filename				Type		Size	Used	Priority
/dev/block/zram0                        partition	2097148	1401600	-2
/dev/nbd0                               partition	314572796	0	-3
===========================
RssAnon:	   53956 kB
===========================
===========================
RssFile:	  202352 kB
===========================
===========================
        TOTAL   135376    51448    17736    17581    63576    46343    17232
===========================
MemTotal:        5610772 kB
MemFree:          158228 kB
MemAvailable:     327692 kB
Cached:           368604 kB
SwapCached:        31640 kB
===========================
