Panic#1 Part1
<6>[ 2165.432744] c0    604 [  821]     0   821    23633     1240      20       3      155         -1000 usb@1.2-service
<6>[ 2165.432754] c0    604 [  822]  1000   822     9413     1161      16       3      158         -1000 vibrator@1.3-se
<6>[ 2165.432763] c0    604 [  823]  1064   823    10668     1971      19       3      151         -1000 weaver@1.0-serv
<6>[ 2165.432773] c0    604 [  824]  1000   824    19295     1063      19       3      156         -1000 pixelstats-vend
<6>[ 2165.432781] c0    604 [  825]  1000   825    23307     1001      18       3      168         -1000 rlsservice
<6>[ 2165.432790] c0    604 [  826]  2907   826    33266     1827      23       3      197         -1000 vendor.google.a
<6>[ 2165.432799] c0    604 [  827]  1010   827    22449     4065      27       3      110         -1000 wifi_ext@1.0-se
<6>[ 2165.432808] c0    604 [  828]  1000   828    14798     1159      18       3      176         -1000 wireless_charge
<6>[ 2165.432817] c0    604 [  829]  1000   829    19201     1252      19       3      165         -1000 qteeconnector@1
<6>[ 2165.432826] c0    604 [  830]  1000   830     9210     1122      15       3      126         -1000 tui_comm@1.0-se
<6>[ 2165.432834] c0    604 [  831]  1046   831    10075     2906      31       2      432         -1000 vendor.qti.medi
<6>[ 2165.432844] c0    604 [  832]  1000   832    33369     1421      23       3      211         -1000 sensors.qti
<6>[ 2165.432855] c0    604 [  833]  1000   833    19342     1540      19       3      163         -1000 sscrpcd
<6>[ 2165.432864] c0    604 [  834]  1000   834    19342     1542      19       3      158         -1000 sscrpcd
<6>[ 2165.432874] c0    604 [  835]  2906   835     8523      623      12       3       99         -1000 qrtr-ns
<6>[ 2165.432884] c0    604 [  837]  9999   837    27804      905      20       3      137         -1000 rmt_storage
<6>[ 2165.432894] c0    604 [  838]  2903   838     9685      811      15       3      129         -1000 tftp_server
<6>[ 2165.432904] c0    604 [  839]     0   839     8809      888      14       3      118         -1000 msm_irqbalance
<6>[ 2165.432913] c0    604 [  840]  1000   840    14993     1014      19       3      145         -1000 pd-mapper
<6>[ 2165.432939] c0    604 [  841]  9999   841     8968      905      14       3       78         -1000 ashmemd
<6>[ 2165.432947] c0    604 [  842]  1041   842   672658     6626      76       4      684         -1000 audioserver
<6>[ 2165.432956] c0    604 [  843]  1072   843    14943     1480      20       3      151         -1000 Binder:843_2
<6>[ 2165.432965] c0    604 [  844]  1069   844     8649      510      13       3      105         -1000 lmkd
<6>[ 2165.432974] c0    604 [  864]  1000   864    45861     1056      25       3      189         -1000 pm-service
<6>[ 2165.432983] c0    604 [  867]  2000   867    36482      879      20       3      241         -1000 diag_mdlog
<6>[ 2165.432991] c0    604 [  872]  1036   872     9237      773      14       3      197          -600 logcatd
<6>[ 2165.432999] c0    604 [  873]  9999   873    13073      832      13       3      110         -1000 traced
<6>[ 2165.433007] c0    604 [  874]  9999   874    13073      853      13       3      109         -1000 traced_probes
<6>[ 2165.433015] c0    604 [  882]  1001   882   422577     2074     123       4     1040         -1000 netmgrd
<6>[ 2165.433023] c0    604 [  885]  1001   885    18150      645      16       3      107         -1000 port-bridge
<6>[ 2165.433031] c0    604 [  886]     0   886   227409     1022      55       3      347         -1000 thermal-engine
<6>[ 2165.433038] c0    604 [  890]     0   890    22884      820      18       3      134         -1000 adsprpcd
<6>[ 2165.433047] c0    604 [  891]  1013   891    18462      798      16       3      169         -1000 adsprpcd
<6>[ 2165.433055] c0    604 [  895]  1000   895    22884      809      17       3      134         -1000 cdsprpcd
<6>[ 2165.433063] c0    604 [  900]  1001   900    15000     1003      18       3      169         -1000 imsqmidaemon
<6>[ 2165.433072] c0    604 [  912]  1000   912   593519     2576      38       4      418         -1000 cnd
<6>[ 2165.433082] c0    604 [  917]  1047   917    10843     3398      33       2      404         -1000 cameraserver
<6>[ 2165.433093] c0    604 [  919]  1019   919     6065     2514      22       2      160         -1000 drmserver
<6>[ 2165.433103] c0    604 [  923]  1067   923    19097     1247      19       3      156         -1000 Binder:923_2
<6>[ 2165.433112] c0    604 [  924]     0   924    27967     1270      19       3      300         -1000 Binder:924_2
<6>[ 2165.433122] c0    604 [  926]  1017   926   540250     1992      23       4      229         -1000 keystore
<6>[ 2165.433132] c0    604 [  928]  1013   928   539570     1771      22       4      162         -1000 mediadrmserver
<6>[ 2165.433142] c0    604 [  937]  1040   937 67679707     6111     140      98      349         -1000 mediaextractor
<6>[ 2165.433151] c0    604 [  938]  1013   938   544182     3264      33       4      208         -1000 mediametrics
<6>[ 2165.433161] c0    604 [  939]  1013   939    19289     4811      44       2      223         -1000 mediaserver
<6>[ 2165.433171] c0    604 [  941]  1066   941    45995     1584      27       3      249         -1000 Binder:941_2
<6>[ 2165.433181] c0    604 [  942]     0   942    23859     1221      19       3      353         -1000 storaged
<6>[ 2165.433191] c0    604 [  943]  1010   943     9677     1277      16       3       67         -1000 wificond
<6>[ 2165.433200] c0    604 [  944]  1046   944     6150     2293      22       2      191         -1000 omx@1.0-service
<6>[ 2165.433210] c0    604 [  946]  1001   946    28268     1681      21       3      176         -1000 ipacm
<6>[ 2165.433220] c0    604 [  947]  1001   947   336736    10712     105       3     1376         -1000 main
<6>[ 2165.433228] c0    604 [  948]  1046   948 67711078     5450     164      92      330         -1000 mediaswcodec
<6>[ 2165.433239] c0    604 [  950]  1000   950    37114     1201      24       3      497         -1000 chre
<6>[ 2165.433249] c0    604 [  951]  1000   951    37728     1206      26       3      309         -1000 cnss-daemon
<6>[ 2165.433258] c0    604 [  952]  1021   952    18588      941      17       3      149         -1000 loc_launcher
<6>[ 2165.433269] c0    604 [  953]  1000   953   534548     1405      20       4      120         -1000 gatekeeperd
<6>[ 2165.433279] c0    604 [  954]  1058   954     8465      488      12       3       90         -1000 tombstoned
<6>[ 2165.433288] c0    604 [  955]     0   955    11109     2041      21       3      169         -1000 update_engine
<6>[ 2165.433297] c0    604 [  956]  1000   956   572704     7188      55       4     1028         -1000 face@1.0-servic
<6>[ 2165.433307] c0    604 [  957]  1000   957    23278     1010      19       3      164         -1000 pm-proxy
<6>[ 2165.433317] c0    604 [  959]  1070   959     8515      929      12       3        0         -1000 llkd
<6>[ 2165.433326] c0    604 [  966]  1001   966   580018     1900      34       4      416         -1000 imsdatadaemon
<6>[ 2165.433333] c0    604 [  989]     0   989     8494      726      13       3      134         -1000 iptables-restor
<6>[ 2165.433341] c0    604 [  990]     0   990     8496      732      13       3      151         -1000 ip6tables-resto
<6>[ 2165.433350] c0    604 [ 1016]  1021  1016   570254     1220      31       4      250         -1000 lowi-server
<6>[ 2165.433358] c0    604 [ 1017]  1021  1017    37877     1776      27       3      315         -1000 xtra-daemon
<6>[ 2165.433367] c0    604 [ 1090]  1000  1090    14898      795      27       3      183         -1000 android.hardwar
<6>[ 2165.433378] c0    604 [ 1341]  1000  1341  2014326    96343     487      11     8230          -900 system_server
<6>[ 2165.433387] c0    604 [ 1471]  9999  1471    10479     2014      18       3      132         -1000 classifier@1.0-
<6>[ 2165.433396] c0    604 [ 1578]  1001  1578    34319     2121      27       3      304         -1000 imsrcsd
<6>[ 2165.433406] c0    604 [ 1625] 10106  1625  1449134    48749     291      10     6263          -800 ndroid.systemui
<6>[ 2165.433417] c0    604 [ 1741]  1001  1741  1316464    21254     180       8     2690          -800 qtidataservices
<6>[ 2165.433427] c0    604 [ 1803]  1053  1803   433127    12477     137       3     1731         -1000 webview_zygote
<6>[ 2165.433436] c0    604 [ 1831]  1001  1831  1248929    21042     160       8     2230          -800 elephonyservice
<6>[ 2165.433446] c0    604 [ 1847]  1073  1847  1288861    24104     176       8     3077          -800 id.networkstack
<6>[ 2165.433456] c0    604 [ 1876]  1001  1876  1398106    30286     229       9     5002          -800 m.android.phone
<6>[ 2165.433466] c0    604 [ 1937] 10068  1937  1264810    22334     170       8     2514           100 id.ext.services
<6>[ 2165.433476] c0    604 [ 1981] 10098  1981  1317558    35316     232       9     3287             0 droid.launcher3
<6>[ 2165.433486] c0    604 [ 2280] 10052  2280  1531992    73345     389      10     9499           100 .gms.persistent
<6>[ 2165.433496] c0    604 [ 2343]  1001  2343    47792     2017      32       3      414         -1000 ims_rtp_daemon
<6>[ 2165.433505] c0    604 [ 2416] 10052  2416  1651973    91990     460      11     7240           905 gle.android.gms
<6>[ 2165.433515] c0    604 [ 2444]  1027  2444  1292387    27578     202       8     3202          -800 com.android.nfc
<6>[ 2165.433525] c0    604 [ 2466]  1068  2466  1248703    17864     168       8     2109          -800 com.android.se
<6>[ 2165.433535] c0    604 [ 2488]  1001  2488  1262444    20043     173       8     2276          -800 .ims.rcsservice
<6>[ 2165.433545] c0    604 [ 2550] 10073  2550  1235245    17123     160       8     2036           100 android.smspush
<6>[ 2165.433554] c0    604 [ 2756]  1001  2756  1248755    19678     166       8     2182           100 .qcrilmsgtunnel
<6>[ 2165.433564] c0    604 [ 2879]  1010  2879   535427     2701      21       4      139         -1000 wpa_supplicant
<6>[ 2165.433574] c0    604 [ 2917] 10048  2917  1490007    42235     292       9     6291           700 android.vending
<6>[ 2165.433583] c0    604 [ 5879]     0  5879    24976     1305      24       3      108         -1000 adbd
<6>[ 2165.433592] c0    604 [ 5919]     0  5919     1917       25       7       2       67          -950 nbd-client
<6>[ 2165.433602] c0    604 [ 5974]  1002  5974  1344973    25546     233       9     3367          -700 droid.bluetooth
<6>[ 2165.433613] c0    604 [ 6051] 10155  6051  1526805    35302     306       9     4257           200 roid.smartboard
<6>[ 2165.433622] c0    604 [ 6340] 10128  6340  1835425    91200     561      12    20535           700 .candycrushsaga
<6>[ 2165.433632] c0    604 [ 6578] 99002  6578   325864    27301     247       3     6681           700 ProcessService0
<6>[ 2165.433640] c0    604 [ 6722] 99003  6722   312892    26157     226       3     4799           905 ProcessService0
<6>[ 2165.433660] c0    604 [ 7014] 10045  7014  1241521    19195     185       8     2085           915 oadcastreceiver
<6>[ 2165.433677] c0    604 [11876] 10072 11836  1324239        3     226       9        5           925 Lite Thread #4
<3>[ 2165.433691] c0    604 Out of memory: Kill process 7014 (oadcastreceiver) score 915 or sacrifice child
<3>[ 2165.433841] c0    604 Killed process 7014 (oadcastreceiver) total-vm:4966084kB, anon-rss:18664kB, file-rss:57972kB, shmem-rss:144kB
<6>[ 2165.453740] c0    604 oom_reaper: reaped process 7014 (oadcastreceiver), now anon-rss:0kB, file-rss:0kB, shmem-rss:8kB
<4>[ 2165.453823] c0    604 surfaceflinger invoked oom-killer: gfp_mask=0x0(), nodemask=(null),  order=0, oom_score_adj=-1000
<6>[ 2165.453837] c0    604 surfaceflinger cpuset=system-background mems_allowed=0
<4>[ 2165.453856] c0    604 CPU: 0 PID: 604 Comm: surfaceflinger Tainted: G S         O    4.14.170_audio #8
<4>[ 2165.453863] c0    604 Hardware name: Qualcomm Technologies, Inc. SM8150 V2 PM8150 Google Inc. MSM sm8150 Flame (DT)
<4>[ 2165.453871] c0    604 Call trace:
<4>[ 2165.453887] c0    604  dump_backtrace+0x0/0x1e4
<4>[ 2165.453894] c0    604  show_stack+0x18/0x24
<4>[ 2165.453905] c0    604  dump_stack+0xbc/0xf8
<4>[ 2165.453914] c0    604  dump_header+0x84/0xd0
<4>[ 2165.453922] c0    604  oom_kill_process+0xa8/0x568
<4>[ 2165.453929] c0    604  out_of_memory+0x1dc/0x2b0
<4>[ 2165.453936] c0    604  pagefault_out_of_memory+0x50/0x84
<4>[ 2165.453946] c0    604  do_page_fault+0x360/0x3bc
<4>[ 2165.453952] c0    604  do_translation_fault+0x48/0xa0
<4>[ 2165.453959] c0    604  do_mem_abort+0x50/0xd8
<4>[ 2165.453965] c0    604  el0_da+0x20/0x24
<4>[ 2165.453973] c0    604 Mem-Info:
<4>[ 2165.453989] c0    604 active_anon:22590 inactive_anon:60925 isolated_anon:0
<4>[ 2165.453989] c0    604  active_file:64106 inactive_file:329089 isolated_file:0
<4>[ 2165.453989] c0    604  unevictable:28479 dirty:60 writeback:0 unstable:0
<4>[ 2165.453989] c0    604  slab_reclaimable:21758 slab_unreclaimable:46629
<4>[ 2165.453989] c0    604  mapped:285966 shmem:866 pagetables:10089 bounce:0
<4>[ 2165.453989] c0    604  free:443394 free_pcp:1790 free_cma:30851
<4>[ 2165.454012] c0    604 Node 0 active_anon:90360kB inactive_anon:243700kB active_file:256424kB inactive_file:1316356kB unevictable:113916kB isolated(anon):0kB isolated(file):0kB mapped:1143864kB dirty:240kB writeback:0kB shmem:3464kB writeback_tmp:0kB unstable:0kB all_unreclaimable? no
<4>[ 2165.454026] c0    604 DMA free:1320732kB min:2524kB low:11784kB high:13312kB active_anon:0kB inactive_anon:420kB active_file:2340kB inactive_file:75344kB unevictable:0kB writepending:4kB present:1606240kB managed:1530056kB mlocked:0kB kernel_stack:440kB shadow_call_stack:50kB pagetables:520kB bounce:0kB free_pcp:1716kB local_pcp:252kB free_cma:123404kB
<4>[ 2165.454032] c0    604 lowmem_reserve[]: 0 3947 3947
<4>[ 2165.454049] c0    604 Normal free:452844kB min:6732kB low:31420kB high:35496kB active_anon:90360kB inactive_anon:243280kB active_file:254084kB inactive_file:1241012kB unevictable:113916kB writepending:236kB present:4194304kB managed:4078844kB mlocked:113916kB kernel_stack:33232kB shadow_call_stack:2124kB pagetables:39836kB bounce:0kB free_pcp:5444kB local_pcp:724kB free_cma:0kB
<4>[ 2165.454055] c0    604 lowmem_reserve[]: 0 0 0
<4>[ 2165.454065] c0    604 DMA: 3079*4kB (UMEC) 2186*8kB (UMEC) 1596*16kB (UMEC) 972*32kB (UMEC) 568*64kB (UMEC) 217*128kB (UMEC) 101*256kB (UMEC) 39*512kB (UMEC) 20*1024kB (ME) 9*2048kB (UME) 265*4096kB (M) = 1320748kB
<4>[ 2165.454100] c0    604 Normal: 10612*4kB (UME) 13679*8kB (UME) 8657*16kB (UME) 2594*32kB (UME) 878*64kB (UME) 85*128kB (UME) 31*256kB (UME) 7*512kB (ME) 1*1024kB (E) 0*2048kB 0*4096kB = 453016kB
<4>[ 2165.454130] c0    604 434050 total pagecache pages
<4>[ 2165.454262] c0    604 11828 pages in swap cache
<4>[ 2165.454269] c0    604 Swap cache stats: add 360390, delete 348644, find 3057/113807
<4>[ 2165.454275] c0    604 Free swap  = 316144328kB
<4>[ 2165.454280] c0    604 Total swap = 316669944kB
<4>[ 2165.454285] c0    604 1450136 pages RAM
<4>[ 2165.454290] c0    604 0 pages HighMem/MovableOnly
<4>[ 2165.454295] c0    604 47911 pages reserved
<4>[ 2165.454300] c0    604 58368 pages cma reserved
<6>[ 2165.454310] c0    604 cma: cma-0 pages: => 8398 used of 9216 total pages
<6>[ 2165.454317] c0    604 cma: cma-1 pages: => 0 used of 4096 total pages
<6>[ 2165.454324] c0    604 cma: cma-2 pages: => 512 used of 4096 total pages
<6>[ 2165.454336] c0    604 cma: cma-3 pages: => 0 used of 23552 total pages
<6>[ 2165.454346] c0    604 cma: cma-4 pages: => 2132 used of 10240 total pages
<6>[ 2165.454353] c0    604 cma: cma-5 pages: => 0 used of 2048 total pages
<6>[ 2165.454359] c0    604 cma: cma-6 pages: => 768 used of 1024 total pages
<6>[ 2165.454365] c0    604 cma: cma-7 pages: => 0 used of 4096 total pages
<6>[ 2165.454371] c0    604 [ pid ]   uid  tgid total_vm      rss nr_ptes nr_pmds swapents oom_score_adj name
<6>[ 2165.454409] c0    604 [  534]     0   534     9875     1587      18       3      282         -1000 init
<6>[ 2165.454418] c0    604 [  535]     0   535     9714     1533      18       3      205         -1000 init
<6>[ 2165.454427] c0    604 [  536]     0   536     9716     1736      17       3      148         -1000 ueventd
<6>[ 2165.454436] c0    604 [  559]  1036   559    45197     1121      23       3      974         -1000 logd
<6>[ 2165.454446] c0    604 [  560]  1000   560     8890      808      13       3      148         -1000 servicemanager
<6>[ 2165.454456] c0    604 [  561]  1000   561    10724     1296      18       3      248         -1000 hwservicemanage
<6>[ 2165.454466] c0    604 [  562]  1000   562     9054      956      14       3      118         -1000 vndservicemanag
<6>[ 2165.454475] c0    604 [  564]  1000   564    55231     1488      29       3      197         -1000 qseecomd
<6>[ 2165.454484] c0    604 [  565]  1000   565     9803     1366      16       3      140         -1000 keymaster@4.0-s
<6>[ 2165.454493] c0    604 [  566]  1064   566    23990     1228      23       3      217         -1000 citadeld
<6>[ 2165.454502] c0    604 [  568]  1064   568    11129     2154      20       3      160         -1000 keymaster@4.0-s
<6>[ 2165.454512] c0    604 [  575]     0   575    29036     1747      25       3      322         -1000 Binder:575_2
<6>[ 2165.454522] c0    604 [  601]     0   601     9368     1111      16       3      128         -1000 boot@1.0-servic
<6>[ 2165.454531] c0    604 [  603]  1000   603     9465     1210      16       3      126         -1000 gatekeeper@1.0-
<6>[ 2165.454538] c0    604 [  604]  1000   604    92963     8374      62       4     2070         -1000 surfaceflinger
<6>[ 2165.454546] c0    604 [  606]  1000   606    50650     4237      41       3     1452         -1000 composer@2.3-se
<6>[ 2165.454555] c0    604 [  607]  1000   607    19142     1191      19       3      168         -1000 configstore@1.1
<6>[ 2165.454564] c0    604 [  608]  1000   608    23980     1507      22       3      209         -1000 allocator-servi
<6>[ 2165.454572] c0    604 [  609]  1000   609     9370     1148      16       3      127         -1000 light@1.1-servi
<6>[ 2165.454582] c0    604 [  668]  1000   668    45510      958      24       3      159         -1000 time_daemon
<6>[ 2165.454592] c0    604 [  686]     0   686    19889     1639      20       3      204         -1000 apexd
<6>[ 2165.454603] c0    604 [  772]     0   772     8815      632      14       3       99         -1000 subsystem_ramdu
<6>[ 2165.454612] c0    604 [  773]  1005   773     2173      501       8       2       78         -1000 crash_event_log
<6>[ 2165.454621] c0    604 [  787]     0   787    77625     2121      34       3      262         -1000 Binder:787_4
<6>[ 2165.454630] c0    604 [  788]     0   788  1352470    38109     211       8     2084         -1000 main
<6>[ 2165.454638] c0    604 [  789]     0   789   431771    34873     163       3     1623         -1000 main
<6>[ 2165.454648] c0    604 [  797]  1000   797     9082      908      14       3      109         -1000 allocator@1.0-s
<6>[ 2165.454657] c0    604 [  798]  1000   798    24121     1557      21       3      164         -1000 suspend@1.0-ser
<6>[ 2165.454665] c0    604 [  799]  1041   799    14537     3630      38       2     1865         -1000 audio@2.0-servi
<6>[ 2165.454674] c0    604 [  800]  1064   800    10938     2027      20       3      152         -1000 authsecret@1.0-
<6>[ 2165.454683] c0    604 [  801]  1002   801    46411     1488      26       3      201         -1000 bluetooth@1.0-s
<6>[ 2165.454693] c0    604 [  802]  1000   802   177203    25876     150       4     7418         -1000 provider@2.4-se
<6>[ 2165.454703] c0    604 [  803]  1013   803     4004     1073      13       2      139         -1000 cas@1.1-service
<6>[ 2165.454712] c0    604 [  804]  9999   804    10959     2175      20       3      157         -1000 confirmationui@
<6>[ 2165.454721] c0    604 [  805]  1000   805   540566     1072      21       4      158         -1000 contexthub@1.0-
<6>[ 2165.454731] c0    604 [  806]  1013   806    19690     1579      20       3      176         -1000 drm@1.0-service
<6>[ 2165.454742] c0    604 [  807]  1013   807    19888     1656      21       3      173         -1000 drm@1.2-service
<6>[ 2165.454751] c0    604 [  808]  1013   808    20477     1929      22       3      193         -1000 drm@1.2-service
<6>[ 2165.454761] c0    604 [  809]  1021   809    52367     2457      34       3      321         -1000 gnss@2.0-servic
<6>[ 2165.454771] c0    604 [  810]  1000   810     9487     1248      15       3      113         -1000 health@2.0-serv
<6>[ 2165.454781] c0    604 [  811]  1000   811     9324     1124      16       3      126         -1000 memtrack@1.0-se
<6>[ 2165.454790] c0    604 [  812]  1000   812    73149     4270      43       3      274         -1000 neuralnetworks@
<6>[ 2165.454798] c0    604 [  813]  1000   813    20559     3752      31       3      202         -1000 neuralnetworks@
<6>[ 2165.454808] c0    604 [  814]  1027   814    23709     1347      19       3      156         -1000 nfc@1.2-service
<6>[ 2165.454817] c0    604 [  815]  1064   815    10673     1972      19       3      151         -1000 oemlock@1.0-ser
<6>[ 2165.454827] c0    604 [  816]  1000   816    19522     1369      20       3      123         -1000 stats@1.0-servi
<6>[ 2165.454836] c0    604 [  817]     0   817    19219     1318      20       3      172         -1000 power@1.3-servi
<6>[ 2165.454845] c0    604 [  818]  1068   818     9394     1148      15       3      127         -1000 secure_element@
<6>[ 2165.454854] c0    604 [  819]  1000   819    78458     2480      34       3      371         -1000 sensors@2.0-ser
<6>[ 2165.454863] c0    604 [  820]  1000   820    14800     1168      18       3      193         -1000 thermal@2.0-ser
<6>[ 2165.454872] c0    604 [  821]     0   821    23633     1240      20       3      155         -1000 usb@1.2-service
<6>[ 2165.454880] c0    604 [  822]  1000   822     9413     1161      16       3      158         -1000 vibrator@1.3-se
<6>[ 2165.454888] c0    604 [  823]  1064   823    10668     1971      19       3      151         -1000 weaver@1.0-serv
<6>[ 2165.454897] c0    604 [  824]  1000   824    19295     1063      19       3      156         -1000 pixelstats-vend
<6>[ 2165.454906] c0    604 [  825]  1000   825    23307     1001      18       3      168         -1000 rlsservice
<6>[ 2165.454916] c0    604 [  826]  2907   826    33266     1827      23       3      197         -1000 vendor.google.a
<6>[ 2165.454925] c0    604 [  827]  1010   827    22449     4065      27       3      110         -1000 wifi_ext@1.0-se
<6>[ 2165.454935] c0    604 [  828]  1000   828    14798     1159      18       3      176         -1000 wireless_charge
<6>[ 2165.454943] c0    604 [  829]  1000   829    19201     1252      19       3      165         -1000 qteeconnector@1
<6>[ 2165.454952] c0    604 [  830]  1000   830     9210     1122      15       3      126         -1000 tui_comm@1.0-se
<6>[ 2165.454960] c0    604 [  831]  1046   831    10075     2906      31       2      432         -1000 vendor.qti.medi
<6>[ 2165.454968] c0    604 [  832]  1000   832    33369     1421      23       3      211         -1000 sensors.qti
<6>[ 2165.454977] c0    604 [  833]  1000   833    19342     1540      19       3      163         -1000 sscrpcd
<6>[ 2165.454986] c0    604 [  834]  1000   834    19342     1542      19       3      158         -1000 sscrpcd
<6>[ 2165.454995] c0    604 [  835]  2906   835     8523      623      12       3       99         -1000 qrtr-ns
<6>[ 2165.455004] c0    604 [  837]  9999   837    27804      905      20       3      137         -1000 rmt_storage
<6>[ 2165.455013] c0    604 [  838]  2903   838     9685      811      15       3      129         -1000 tftp_server
<6>[ 2165.455021] c0    604 [  839]     0   839     8809      888      14       3      118         -1000 msm_irqbalance
<6>[ 2165.455029] c0    604 [  840]  1000   840    14993     1014      19       3      145         -1000 pd-mapper
<6>[ 2165.455038] c0    604 [  841]  9999   841     8968      905      14       3       78         -1000 ashmemd
<6>[ 2165.455047] c0    604 [  842]  1041   842   672658     6626      76       4      684         -1000 audioserver
<6>[ 2165.455055] c0    604 [  843]  1072   843    14943     1480      20       3      151         -1000 Binder:843_2
<6>[ 2165.455065] c0    604 [  844]  1069   844     8649      510      13       3      105         -1000 lmkd
<6>[ 2165.455074] c0    604 [  864]  1000   864    45861     1056      25       3      189         -1000 pm-service
<6>[ 2165.455082] c0    604 [  867]  2000   867    36482      879      20       3      241         -1000 diag_mdlog
<6>[ 2165.455090] c0    604 [  872]  1036   872     9237      773      14       3      197          -600 logcatd
<6>[ 2165.455100] c0    604 [  873]  9999   873    13073      832      13       3      110         -1000 traced
<6>[ 2165.455109] c0    604 [  874]  9999   874    13073      853      13       3      109         -1000 traced_probes
<6>[ 2165.455118] c0    604 [  882]  1001   882   422577     2074     123       4     1040         -1000 netmgrd
<6>[ 2165.455127] c0    604 [  885]  1001   885    18150      645      16       3      107         -1000 port-bridge
<6>[ 2165.455135] c0    604 [  886]     0   886   227409     1022      55       3      347         -1000 thermal-engine
<6>[ 2165.455144] c0    604 [  890]     0   890    22884      820      18       3      134         -1000 adsprpcd
<6>[ 2165.455153] c0    604 [  891]  1013   891    18462      798      16       3      169         -1000 adsprpcd
<6>[ 2165.455162] c0    604 [  895]  1000   895    22884      809      17       3      134         -1000 cdsprpcd
<6>[ 2165.455171] c0    604 [  900]  1001   900    15000     1003      18       3      169         -1000 imsqmidaemon
<6>[ 2165.455180] c0    604 [  912]  1000   912   593519     2576      38       4      418         -1000 cnd
<6>[ 2165.455189] c0    604 [  917]  1047   917    10843     3398      33       2      404         -1000 cameraserver
<6>[ 2165.455197] c0    604 [  919]  1019   919     6065     2514      22       2      160         -1000 drmserver
<6>[ 2165.455206] c0    604 [  923]  1067   923    19097     1247      19       3      156         -1000 Binder:923_2
<6>[ 2165.455215] c0    604 [  924]     0   924    27967     1270      19       3      300         -1000 Binder:924_2
<6>[ 2165.455224] c0    604 [  926]  1017   926   540250     1992      23       4      229         -1000 keystore
<6>[ 2165.455233] c0    604 [  928]  1013   928   539570     1771      22       4      162         -1000 mediadrmserver
<6>[ 2165.455242] c0    604 [  937]  1040   937 67679707     6111     140      98      349         -1000 mediaextractor
<6>[ 2165.455251] c0    604 [  938]  1013   938   544182     3264      33       4      208         -1000 mediametrics
<6>[ 2165.455261] c0    604 [  939]  1013   939    19289     4811      44       2      223         -1000 mediaserver
<6>[ 2165.455269] c0    604 [  941]  1066   941    45995     1584      27       3      249         -1000 Binder:941_2
<6>[ 2165.455278] c0    604 [  942]     0   942    23859     1221      19       3      353         -1000 storaged
<6>[ 2165.455287] c0    604 [  943]  1010   943     9677     1277      16       3       67         -1000 wificond
<6>[ 2165.455296] c0    604 [  944]  1046   944     6150     2293      22       2      191         -1000 omx@1.0-service
<6>[ 2165.455304] c0    604 [  946]  1001   946    28268     1681      21       3      176         -1000 ipacm
<6>[ 2165.455313] c0    604 [  947]  1001   947   336736    10712     105       3     1376         -1000 main
<6>[ 2165.455322] c0    604 [  948]  1046   948 67711078     5450     164      92      330         -1000 mediaswcodec
<6>[ 2165.455332] c0    604 [  950]  1000   950    37114     1201      24       3      497         -1000 chre
<6>[ 2165.455341] c0    604 [  951]  1000   951    37728     1206      26       3      309         -1000 cnss-daemon
<6>[ 2165.455349] c0    604 [  952]  1021   952    18588      941      17       3      149         -1000 loc_launcher
<6>[ 2165.455358] c0    604 [  953]  1000   953   534548     1405      20       4      120         -1000 gatekeeperd
<6>[ 2165.455367] c0    604 [  954]  1058   954     8465      488      12       3       90         -1000 tombstoned
<6>[ 2165.455377] c0    604 [  955]     0   955    11109     2041      21       3      169         -1000 update_engine
<6>[ 2165.455385] c0    604 [  956]  1000   956   572704     7188      55       4     1028         -1000 face@1.0-servic
<6>[ 2165.455395] c0    604 [  957]  1000   957    23278     1010      19       3      164         -1000 pm-proxy
<6>[ 2165.455404] c0    604 [  959]  1070   959     8515      929      12       3        0         -1000 llkd
<6>[ 2165.455414] c0    604 [  966]  1001   966   580018     1900      34       4      416         -1000 imsdatadaemon
<6>[ 2165.455423] c0    604 [  989]     0   989     8494      726      13       3      134         -1000 iptables-restor
<6>[ 2165.455432] c0    604 [  990]     0   990     8496      732      13       3      151         -1000 ip6tables-resto
<6>[ 2165.455440] c0    604 [ 1016]  1021  1016   570254     1220      31       4      250         -1000 lowi-server
<6>[ 2165.455451] c0    604 [ 1017]  1021  1017    37877     1776      27       3      315         -1000 xtra-daemon
<6>[ 2165.455461] c0    604 [ 1090]  1000  1090    14898      795      27       3      183         -1000 android.hardwar
<6>[ 2165.455470] c0    604 [ 1341]  1000  1341  2014326    96343     487      11     8230          -900 system_server
<6>[ 2165.455479] c0    604 [ 1471]  9999  1471    10479     2014      18       3      132         -1000 classifier@1.0-
<6>[ 2165.455489] c0    604 [ 1578]  1001  1578    34319     2121      27       3      304         -1000 imsrcsd
<6>[ 2165.455498] c0    604 [ 1625] 10106  1625  1449134    48749     291      10     6263          -800 ndroid.systemui
<6>[ 2165.455507] c0    604 [ 1741]  1001  1741  1316464    21254     180       8     2690          -800 qtidataservices
<6>[ 2165.455518] c0    604 [ 1803]  1053  1803   433127    12477     137       3     1731         -1000 webview_zygote
<6>[ 2165.455527] c0    604 [ 1831]  1001  1831  1248929    21042     160       8     2230          -800 elephonyservice
<6>[ 2165.455535] c0    604 [ 1847]  1073  1847  1288861    24104     176       8     3077          -800 id.networkstack
<6>[ 2165.455544] c0    604 [ 1876]  1001  1876  1398106    30286     229       9     5002          -800 m.android.phone
<6>[ 2165.455554] c0    604 [ 1937] 10068  1937  1264810    22334     170       8     2514           100 id.ext.services
<6>[ 2165.455563] c0    604 [ 1981] 10098  1981  1317558    35316     232       9     3287             0 droid.launcher3
<6>[ 2165.455573] c0    604 [ 2280] 10052  2280  1531992    73345     389      10     9499           100 .gms.persistent
<6>[ 2165.455583] c0    604 [ 2343]  1001  2343    47792     2017      32       3      414         -1000 ims_rtp_daemon
<6>[ 2165.455592] c0    604 [ 2416] 10052  2416  1651973    91990     460      11     7240           905 gle.android.gms
<6>[ 2165.455601] c0    604 [ 2444]  1027  2444  1292387    27578     202       8     3202          -800 com.android.nfc
<6>[ 2165.455610] c0    604 [ 2466]  1068  2466  1248703    17864     168       8     2109          -800 com.android.se
<6>[ 2165.455618] c0    604 [ 2488]  1001  2488  1262444    20043     173       8     2276          -800 .ims.rcsservice
<6>[ 2165.455628] c0    604 [ 2550] 10073  2550  1235245    17123     160       8     2036           100 android.smspush
<6>[ 2165.455638] c0    604 [ 2756]  1001  2756  1248755    19678     166       8     2182           100 .qcrilmsgtunnel
<6>[ 2165.455648] c0    604 [ 2879]  1010  2879   535427     2701      21       4      139         -1000 wpa_supplicant
<6>[ 2165.455656] c0    604 [ 2917] 10048  2917  1490007    42235     292       9     6291           700 android.vending
<6>[ 2165.455666] c0    604 [ 5879]     0  5879    24976     1305      24       3      108         -1000 adbd
<6>[ 2165.455675] c0    604 [ 5919]     0  5919     1917       25       7       2       67          -950 nbd-client
<6>[ 2165.455684] c0    604 [ 5974]  1002  5974  1344973    25546     233       9     3367          -700 droid.bluetooth
<6>[ 2165.455693] c0    604 [ 6051] 10155  6051  1526805    35302     306       9     4257           200 roid.smartboard
<6>[ 2165.455703] c0    604 [ 6340] 10128  6340  1835425    91200     561      12    20535           700 .candycrushsaga
<6>[ 2165.455713] c0    604 [ 6578] 99002  6578   325864    27301     247       3     6681           700 ProcessService0
<6>[ 2165.455722] c0    604 [ 6722] 99003  6722   312892    26157     226       3     4799           905 ProcessService0
<3>[ 2165.455737] c0    604 Out of memory: Kill process 2416 (gle.android.gms) score 906 or sacrifice child
<3>[ 2165.456421] c0    604 Killed process 2416 (gle.android.gms) total-vm:6607892kB, anon-rss:41028kB, file-rss:326676kB, shmem-rss:256kB
<6>[ 2165.534837] c0    604 oom_reaper: reaped process 2416 (gle.android.gms), now anon-rss:0kB, file-rss:996kB, shmem-rss:88kB
<4>[ 2165.534925] c0    604 surfaceflinger invoked oom-killer: gfp_mask=0x0(), nodemask=(null),  order=0, oom_score_adj=-1000
<6>[ 2165.534939] c0    604 surfaceflinger cpuset=system-background mems_allowed=0
<4>[ 2165.534956] c0    604 CPU: 0 PID: 604 Comm: surfaceflinger Tainted: G S         O    4.14.170_audio #8
<4>[ 2165.534962] c0    604 Hardware name: Qualcomm Technologies, Inc. SM8150 V2 PM8150 Google Inc. MSM sm8150 Flame (DT)
<4>[ 2165.534969] c0    604 Call trace:
<4>[ 2165.534985] c0    604  dump_backtrace+0x0/0x1e4
<4>[ 2165.534992] c0    604  show_stack+0x18/0x24
<4>[ 2165.535002] c0    604  dump_stack+0xbc/0xf8
<4>[ 2165.535012] c0    604  dump_header+0x84/0xd0
<4>[ 2165.535018] c0    604  oom_kill_process+0xa8/0x568
<4>[ 2165.535025] c0    604  out_of_memory+0x1dc/0x2b0
<4>[ 2165.535031] c0    604  pagefault_out_of_memory+0x50/0x84
<4>[ 2165.535039] c0    604  do_page_fault+0x360/0x3bc
<4>[ 2165.535046] c0    604  do_translation_fault+0x48/0xa0
<4>[ 2165.535052] c0    604  do_mem_abort+0x50/0xd8
<4>[ 2165.535059] c0    604  el0_da+0x20/0x24
<4>[ 2165.535066] c0    604 Mem-Info:
<4>[ 2165.535082] c0    604 active_anon:19315 inactive_anon:57191 isolated_anon:0
<4>[ 2165.535082] c0    604  active_file:69350 inactive_file:323886 isolated_file:0
<4>[ 2165.535082] c0    604  unevictable:28479 dirty:92 writeback:0 unstable:0
<4>[ 2165.535082] c0    604  slab_reclaimable:21758 slab_unreclaimable:46624
<4>[ 2165.535082] c0    604  mapped:274777 shmem:866 pagetables:10089 bounce:0
<4>[ 2165.535082] c0    604  free:452870 free_pcp:1742 free_cma:30917
<4>[ 2165.535103] c0    604 Node 0 active_anon:77260kB inactive_anon:228764kB active_file:277400kB inactive_file:1295544kB unevictable:113916kB isolated(anon):0kB isolated(file):0kB mapped:1099108kB dirty:368kB writeback:0kB shmem:3464kB writeback_tmp:0kB unstable:0kB all_unreclaimable? no
<4>[ 2165.535117] c0    604 DMA free:1321044kB min:2524kB low:11784kB high:13312kB active_anon:0kB inactive_anon:208kB active_file:2340kB inactive_file:75344kB unevictable:0kB writepending:4kB present:1606240kB managed:1530056kB mlocked:0kB kernel_stack:348kB shadow_call_stack:50kB pagetables:520kB bounce:0kB free_pcp:1776kB local_pcp:300kB free_cma:123644kB
<4>[ 2165.535124] c0    604 lowmem_reserve[]: 0 3947 3947
<4>[ 2165.535140] c0    604 Normal free:490436kB min:6732kB low:31420kB high:35496kB active_anon:77260kB inactive_anon:228556kB active_file:275060kB inactive_file:1220200kB unevictable:113916kB writepending:364kB present:4194304kB managed:4078844kB mlocked:113916kB kernel_stack:32056kB shadow_call_stack:2124kB pagetables:39836kB bounce:0kB free_pcp:5188kB local_pcp:672kB free_cma:24kB
<4>[ 2165.535146] c0    604 lowmem_reserve[]: 0 0 0
<4>[ 2165.535155] c0    604 DMA: 3065*4kB (UMEC) 2198*8kB (UMEC) 1601*16kB (UMEC) 972*32kB (UMEC) 569*64kB (UMEC) 218*128kB (UMEC) 101*256kB (UMEC) 39*512kB (UMEC) 20*1024kB (ME) 9*2048kB (UME) 265*4096kB (M) = 1321060kB
<4>[ 2165.535189] c0    604 Normal: 17271*4kB (UMEC) 14478*8kB (UMEC) 8777*16kB (UME) 2646*32kB (UME) 885*64kB (UME) 89*128kB (UME) 31*256kB (UME) 7*512kB (ME) 1*1024kB (E) 0*2048kB 0*4096kB = 490588kB
<4>[ 2165.535218] c0    604 433831 total pagecache pages
<4>[ 2165.535362] c0    604 11577 pages in swap cache
<4>[ 2165.535368] c0    604 Swap cache stats: add 360422, delete 348927, find 3057/114212
<4>[ 2165.535373] c0    604 Free swap  = 316168392kB
<4>[ 2165.535378] c0    604 Total swap = 316669944kB
<4>[ 2165.535384] c0    604 1450136 pages RAM
<4>[ 2165.535390] c0    604 0 pages HighMem/MovableOnly
<4>[ 2165.535395] c0    604 47911 pages reserved
<4>[ 2165.535400] c0    604 58368 pages cma reserved
<6>[ 2165.535410] c0    604 cma: cma-0 pages: => 8398 used of 9216 total pages
<6>[ 2165.535417] c0    604 cma: cma-1 pages: => 0 used of 4096 total pages
<6>[ 2165.535424] c0    604 cma: cma-2 pages: => 512 used of 4096 total pages
<6>[ 2165.535435] c0    604 cma: cma-3 pages: => 0 used of 23552 total pages
<6>[ 2165.535443] c0    604 cma: cma-4 pages: => 2132 used of 10240 total pages
<6>[ 2165.535450] c0    604 cma: cma-5 pages: => 0 used of 2048 total pages
<6>[ 2165.535456] c0    604 cma: cma-6 pages: => 768 used of 1024 total pages
<6>[ 2165.535463] c0    604 cma: cma-7 pages: => 0 used of 4096 total pages
<6>[ 2165.535469] c0    604 [ pid ]   uid  tgid total_vm      rss nr_ptes nr_pmds swapents oom_score_adj name
<6>[ 2165.535521] c0    604 [  534]     0   534     9875     1587      18       3      282         -1000 init
<6>[ 2165.535530] c0    604 [  535]     0   535     9714     1533      18       3      205         -1000 init
<6>[ 2165.535538] c0    604 [  536]     0   536     9716     1736      17       3      148         -1000 ueventd
<6>[ 2165.535547] c0    604 [  559]  1036   559    45197     1121      23       3      974         -1000 logd
<6>[ 2165.535556] c0    604 [  560]  1000   560     8890      808      13       3      148         -1000 servicemanager
<6>[ 2165.535565] c0    604 [  561]  1000   561    10724     1296      18       3      248         -1000 hwservicemanage
<6>[ 2165.535573] c0    604 [  562]  1000   562     9054      956      14       3      118         -1000 vndservicemanag
<6>[ 2165.535581] c0    604 [  564]  1000   564    55231     1488      29       3      197         -1000 qseecomd
<6>[ 2165.535589] c0    604 [  565]  1000   565     9803     1366      16       3      140         -1000 keymaster@4.0-s
<6>[ 2165.535598] c0    604 [  566]  1064   566    23990     1228      23       3      217         -1000 citadeld
<6>[ 2165.535606] c0    604 [  568]  1064   568    11129     2154      20       3      160         -1000 keymaster@4.0-s
<6>[ 2165.535614] c0    604 [  575]     0   575    29036     1747      25       3      322         -1000 Binder:575_2
<6>[ 2165.535623] c0    604 [  601]     0   601     9368     1111      16       3      128         -1000 boot@1.0-servic
<6>[ 2165.535632] c0    604 [  603]  1000   603     9465     1210      16       3      126         -1000 gatekeeper@1.0-
<6>[ 2165.535639] c0    604 [  604]  1000   604    92963     8374      62       4     2070         -1000 surfaceflinger
<6>[ 2165.535647] c0    604 [  606]  1000   606    50650     4237      41       3     1452         -1000 composer@2.3-se
<6>[ 2165.535657] c0    604 [  607]  1000   607    19142     1191      19       3      168         -1000 configstore@1.1
<6>[ 2165.535665] c0    604 [  608]  1000   608    23980     1507      22       3      209         -1000 allocator-servi
<6>[ 2165.535674] c0    604 [  609]  1000   609     9370     1148      16       3      127         -1000 light@1.1-servi
<6>[ 2165.535684] c0    604 [  668]  1000   668    45510      958      24       3      159         -1000 time_daemon
<6>[ 2165.535692] c0    604 [  686]     0   686    19889     1639      20       3      204         -1000 apexd
<6>[ 2165.535703] c0    604 [  772]     0   772     8815      632      14       3       99         -1000 subsystem_ramdu
<6>[ 2165.535712] c0    604 [  773]  1005   773     2173      501       8       2       78         -1000 crash_event_log
<6>[ 2165.535720] c0    604 [  787]     0   787    77625     2121      34       3      262         -1000 Binder:787_4
<6>[ 2165.535728] c0    604 [  788]     0   788  1352470    38109     211       8     2084         -1000 main
<6>[ 2165.535736] c0    604 [  789]     0   789   431771    34873     163       3     1623         -1000 main
<6>[ 2165.535745] c0    604 [  797]  1000   797     9082      908      14       3      109         -1000 allocator@1.0-s
<6>[ 2165.535753] c0    604 [  798]  1000   798    24121     1557      21       3      164         -1000 suspend@1.0-ser
<6>[ 2165.535762] c0    604 [  799]  1041   799    14537     3630      38       2     1865         -1000 audio@2.0-servi
<6>[ 2165.535770] c0    604 [  800]  1064   800    10938     2027      20       3      152         -1000 authsecret@1.0-
<6>[ 2165.535779] c0    604 [  801]  1002   801    46411     1488      26       3      201         -1000 bluetooth@1.0-s
<6>[ 2165.535787] c0    604 [  802]  1000   802   177203    25876     150       4     7418         -1000 provider@2.4-se
<6>[ 2165.535796] c0    604 [  803]  1013   803     4004     1073      13       2      139         -1000 cas@1.1-service
<6>[ 2165.535804] c0    604 [  804]  9999   804    10959     2175      20       3      157         -1000 confirmationui@
<6>[ 2165.535812] c0    604 [  805]  1000   805   540566     1072      21       4      158         -1000 contexthub@1.0-
<6>[ 2165.535821] c0    604 [  806]  1013   806    19690     1579      20       3      176         -1000 drm@1.0-service
<6>[ 2165.535829] c0    604 [  807]  1013   807    19888     1656      21       3      173         -1000 drm@1.2-service
<6>[ 2165.535838] c0    604 [  808]  1013   808    20477     1929      22       3      193         -1000 drm@1.2-service
<6>[ 2165.535847] c0    604 [  809]  1021   809    52367     2457      34       3      321         -1000 gnss@2.0-servic
<6>[ 2165.535855] c0    604 [  810]  1000   810     9487     1248      15       3      113         -1000 health@2.0-serv
<6>[ 2165.535864] c0    604 [  811]  1000   811     9324     1124      16       3      126         -1000 memtrack@1.0-se
<6>[ 2165.535873] c0    604 [  812]  1000   812    73149     4270      43       3      274         -1000 neuralnetworks@
<6>[ 2165.535881] c0    604 [  813]  1000   813    20559     3752      31       3      202         -1000 neuralnetworks@
<6>[ 2165.535889] c0    604 [  814]  1027   814    23709     1347      19       3      156         -1000 nfc@1.2-service
<6>[ 2165.535898] c0    604 [  815]  1064   815    10673     1972      19       3      151         -1000 oemlock@1.0-ser
<6>[ 2165.535906] c0    604 [  816]  1000   816    19522     1369      20       3      123         -1000 stats@1.0-servi
<6>[ 2165.535914] c0    604 [  817]     0   817    19219     1318      20       3      172         -1000 power@1.3-servi
<6>[ 2165.535922] c0    604 [  818]  1068   818     9394     1148      15       3      127         -1000 secure_element@
<6>[ 2165.535930] c0    604 [  819]  1000   819    78458     2480      34       3      371         -1000 sensors@2.0-ser
<6>[ 2165.535939] c0    604 [  820]  1000   820    14800     1168      18       3      193         -1000 thermal@2.0-ser
<6>[ 2165.535948] c0    604 [  821]     0   821    23633     1240      20       3      155         -1000 usb@1.2-service
<6>[ 2165.535957] c0    604 [  822]  1000   822     9413     1161      16       3      158         -1000 vibrator@1.3-se
<6>[ 2165.535966] c0    604 [  823]  1064   823    10668     1971      19       3      151         -1000 weaver@1.0-serv
<6>[ 2165.535974] c0    604 [  824]  1000   824    19295     1063      19       3      156         -1000 pixelstats-vend
<6>[ 2165.535983] c0    604 [  825]  1000   825    23307     1001      18       3      168         -1000 rlsservice
<6>[ 2165.535991] c0    604 [  826]  2907   826    33266     1827      23       3      197         -1000 vendor.google.a
<6>[ 2165.536001] c0    604 [  827]  1010   827    22449     4065      27       3      110         -1000 wifi_ext@1.0-se
<6>[ 2165.536009] c0    604 [  828]  1000   828    14798     1159      18       3      176         -1000 wireless_charge
<6>[ 2165.536019] c0    604 [  829]  1000   829    19201     1252      19       3      165         -1000 qteeconnector@1
<6>[ 2165.536026] c0    604 [  830]  1000   830     9210     1122      15       3      126         -1000 tui_comm@1.0-se
<6>[ 2165.536035] c0    604 [  831]  1046   831    10075     2906      31       2      432         -1000 vendor.qti.medi
<6>[ 2165.536043] c0    604 [  832]  1000   832    33369     1421      23       3      211         -1000 sensors.qti
<6>[ 2165.536052] c0    604 [  833]  1000   833    19342     1540      19       3      163         -1000 sscrpcd
<6>[ 2165.536060] c0    604 [  834]  1000   834    19342     1542      19       3      158         -1000 sscrpcd
<6>[ 2165.536069] c0    604 [  835]  2906   835     8523      623      12       3       99         -1000 qrtr-ns
<6>[ 2165.536077] c0    604 [  837]  9999   837    27804      905      20       3      137         -1000 rmt_storage
<6>[ 2165.536086] c0    604 [  838]  2903   838     9685      811      15       3      129         -1000 tftp_server
<6>[ 2165.536094] c0    604 [  839]     0   839     8809      888      14       3      118         -1000 msm_irqbalance
<6>[ 2165.536103] c0    604 [  840]  1000   840    14993     1014      19       3      145         -1000 pd-mapper
<6>[ 2165.536112] c0    604 [  841]  9999   841     8968      905      14       3       78         -1000 ashmemd
<6>[ 2165.536120] c0    604 [  842]  1041   842   672658     6626      76       4      684         -1000 audioserver
<6>[ 2165.536128] c0    604 [  843]  1072   843    14943     1480      20       3      151         -1000 Binder:843_2
<6>[ 2165.536137] c0    604 [  844]  1069   844     8649      510      13       3      105         -1000 lmkd
<6>[ 2165.536146] c0    604 [  864]  1000   864    45861     1056      25       3      189         -1000 pm-service
<6>[ 2165.536155] c0    604 [  867]  2000   867    36482      879      20       3      241         -1000 diag_mdlog
<6>[ 2165.536163] c0    604 [  872]  1036   872     9237      773      14       3      197          -600 logcatd
<6>[ 2165.536171] c0    604 [  873]  9999   873    13073      832      13       3      110         -1000 traced
<6>[ 2165.536179] c0    604 [  874]  9999   874    13073      853      13       3      109         -1000 traced_probes
<6>[ 2165.536188] c0    604 [  882]  1001   882   422577     2074     123       4     1040         -1000 netmgrd
<6>[ 2165.536196] c0    604 [  885]  1001   885    18150      645      16       3      107         -1000 port-bridge
<6>[ 2165.536204] c0    604 [  886]     0   886   227409     1022      55       3      347         -1000 thermal-engine
<6>[ 2165.536213] c0    604 [  890]     0   890    22884      820      18       3      134         -1000 adsprpcd
<6>[ 2165.536222] c0    604 [  891]  1013   891    18462      798      16       3      169         -1000 adsprpcd
<6>[ 2165.536230] c0    604 [  895]  1000   895    22884      809      17       3      134         -1000 cdsprpcd
<6>[ 2165.536239] c0    604 [  900]  1001   900    15000     1003      18       3      169         -1000 imsqmidaemon
<6>[ 2165.536248] c0    604 [  912]  1000   912   593519     2576      38       4      418         -1000 cnd
<6>[ 2165.536274] c0    604 [  917]  1047   917    10843     3398      33       2      404         -1000 cameraserver
<6>[ 2165.536291] c0    604 [  919]  1019   919     6065     2514      22       2      160         -1000 drmserver
<6>[ 2165.536305] c0    604 [  923]  1067   923    19097     1247      19       3      156         -1000 Binder:923_2
<6>[ 2165.536322] c0    604 [  924]     0   924    27967     1270      19       3      300         -1000 Binder:924_2
<6>[ 2165.536335] c0    604 [  926]  1017   926   540250     1992      23       4      229         -1000 keystore
<6>[ 2165.536349] c0    604 [  928]  1013   928   539570     1771      22       4      162         -1000 mediadrmserver
<6>[ 2165.536375] c0    604 [  937]  1040   937 67679707     6111     140      98      349         -1000 mediaextractor
<6>[ 2165.536390] c0    604 [  938]  1013   938   544182     3264      33       4      208         -1000 mediametrics
<6>[ 2165.536408] c0    604 [  939]  1013   939    19289     4811      44       2      223         -1000 mediaserver
<6>[ 2165.536424] c0    604 [  941]  1066   941    45995     1584      27       3      249         -1000 Binder:941_2
<6>[ 2165.536441] c0    604 [  942]     0   942    23859     1221      19       3      353         -1000 storaged
<6>[ 2165.536454] c0    604 [  943]  1010   943     9677     1277      16       3       67         -1000 wificond
<6>[ 2165.536467] c0    604 [  944]  1046   944     6150     2293      22       2      191         -1000 omx@1.0-service
<6>[ 2165.536475] c0    604 [  946]  1001   946    28268     1681      21       3      176         -1000 ipacm
<6>[ 2165.536483] c0    604 [  947]  1001   947   336736    10712     105       3     1376         -1000 main
<6>[ 2165.536492] c0    604 [  948]  1046   948 67711078     5450     164      92      330         -1000 mediaswcodec
<6>[ 2165.536500] c0    604 [  950]  1000   950    37114     1201      24       3      497         -1000 chre
<6>[ 2165.536508] c0    604 [  951]  1000   951    37728     1206      26       3      309         -1000 cnss-daemon
<6>[ 2165.536517] c0    604 [  952]  1021   952    18588      941      17       3      149         -1000 loc_launcher
<6>[ 2165.536525] c0    604 [  953]  1000   953   534548     1405      20       4      120         -1000 gatekeeperd
<6>[ 2165.536534] c0    604 [  954]  1058   954     8465      488      12       3       90         -1000 tombstoned
<6>[ 2165.536542] c0    604 [  955]     0   955    11109     2041      21       3      169         -1000 update_engine
<6>[ 2165.536551] c0    604 [  956]  1000   956   572704     7188      55       4     1028         -1000 face@1.0-servic
<6>[ 2165.536560] c0    604 [  957]  1000   957    23278     1010      19       3      164         -1000 pm-proxy
<6>[ 2165.536568] c0    604 [  959]  1070   959     8515      929      12       3        0         -1000 llkd
<6>[ 2165.536577] c0    604 [  966]  1001   966   580018     1900      34       4      416         -1000 imsdatadaemon
<6>[ 2165.536585] c0    604 [  989]     0   989     8494      726      13       3      134         -1000 iptables-restor
<6>[ 2165.536594] c0    604 [  990]     0   990     8496      732      13       3      151         -1000 ip6tables-resto
<6>[ 2165.536602] c0    604 [ 1016]  1021  1016   570254     1220      31       4      250         -1000 lowi-server
<6>[ 2165.536610] c0    604 [ 1017]  1021  1017    37877     1776      27       3      315         -1000 xtra-daemon
<6>[ 2165.536618] c0    604 [ 1090]  1000  1090    14898      795      27       3      183         -1000 android.hardwar
<6>[ 2165.536627] c0    604 [ 1341]  1000  1341  2014326    96343     487      11     8230          -900 system_server
<6>[ 2165.536636] c0    604 [ 1471]  9999  1471    10479     2014      18       3      132         -1000 classifier@1.0-
<6>[ 2165.536644] c0    604 [ 1578]  1001  1578    34319     2121      27       3      304         -1000 imsrcsd
<6>[ 2165.536652] c0    604 [ 1625] 10106  1625  1449134    48749     291      10     6263          -800 ndroid.systemui
<6>[ 2165.536662] c0    604 [ 1741]  1001  1741  1316464    21254     180       8     2690          -800 qtidataservices
<6>[ 2165.536670] c0    604 [ 1803]  1053  1803   433127    12477     137       3     1731         -1000 webview_zygote
<6>[ 2165.536678] c0    604 [ 1831]  1001  1831  1248929    21042     160       8     2230          -800 elephonyservice
<6>[ 2165.536686] c0    604 [ 1847]  1073  1847  1288861    24104     176       8     3077          -800 id.networkstack
<6>[ 2165.536694] c0    604 [ 1876]  1001  1876  1398106    30286     229       9     5002          -800 m.android.phone
<6>[ 2165.536703] c0    604 [ 1937] 10068  1937  1264810    22334     170       8     2514           100 id.ext.services
<6>[ 2165.536711] c0    604 [ 1981] 10098  1981  1317558    35316     232       9     3287             0 droid.launcher3
<6>[ 2165.536720] c0    604 [ 2280] 10052  2280  1531992    73345     389      10     9499           100 .gms.persistent
<6>[ 2165.536729] c0    604 [ 2343]  1001  2343    47792     2017      32       3      414         -1000 ims_rtp_daemon
<6>[ 2165.536738] c0    604 [ 2444]  1027  2444  1292387    27578     202       8     3202          -800 com.android.nfc
<6>[ 2165.536747] c0    604 [ 2466]  1068  2466  1248703    17864     168       8     2109          -800 com.android.se
<6>[ 2165.536755] c0    604 [ 2488]  1001  2488  1262444    20043     173       8     2276          -800 .ims.rcsservice
<6>[ 2165.536764] c0    604 [ 2550] 10073  2550  1235245    17123     160       8     2036           100 android.smspush
<6>[ 2165.536772] c0    604 [ 2756]  1001  2756  1248755    19678     166       8     2182           100 .qcrilmsgtunnel
<6>[ 2165.536781] c0    604 [ 2879]  1010  2879   535427     2701      21       4      139         -1000 wpa_supplicant
<6>[ 2165.536790] c0    604 [ 2917] 10048  2917  1490007    42235     292       9     6291           700 android.vending
<6>[ 2165.536800] c0    604 [ 5879]     0  5879    24976     1305      24       3      108         -1000 adbd
<6>[ 2165.536807] c0    604 [ 5919]     0  5919     1917       25       7       2       67          -950 nbd-client
<6>[ 2165.536816] c0    604 [ 5974]  1002  5974  1344973    25546     233       9     3367          -700 droid.bluetooth
<6>[ 2165.536824] c0    604 [ 6051] 10155  6051  1526805    35302     306       9     4257           200 roid.smartboard
<6>[ 2165.536832] c0    604 [ 6340] 10128  6340  1835425    91200     561      12    20535           700 .candycrushsaga
<6>[ 2165.536841] c0    604 [ 6578] 99002  6578   325864    27301     247       3     6681           700 ProcessService0
<6>[ 2165.536849] c0    604 [ 6722] 99003  6722   312892    26157     226       3     4799           905 ProcessService0
<3>[ 2165.536865] c0    604 Out of memory: Kill process 6722 (ProcessService0) score 905 or sacrifice child
<3>[ 2165.537086] c0    604 Killed process 6722 (ProcessService0) total-vm:1251568kB, anon-rss:14708kB, file-rss:89800kB, shmem-rss:120kB
<6>[ 2165.560790] c0    604 oom_reaper: reaped process 6722 (ProcessService0), now anon-rss:0kB, file-rss:0kB, shmem-rss:8kB
<4>[ 2165.560886] c0    604 surfaceflinger invoked oom-killer: gfp_mask=0x0(), nodemask=(null),  order=0, oom_score_adj=-1000
<6>[ 2165.560900] c0    604 surfaceflinger cpuset=system-background mems_allowed=0
<4>[ 2165.560915] c0    604 CPU: 0 PID: 604 Comm: surfaceflinger Tainted: G S         O    4.14.170_audio #8
<4>[ 2165.560921] c0    604 Hardware name: Qualcomm Technologies, Inc. SM8150 V2 PM8150 Google Inc. MSM sm8150 Flame (DT)
<4>[ 2165.560927] c0    604 Call trace:
<4>[ 2165.560940] c0    604  dump_backtrace+0x0/0x1e4
<4>[ 2165.560947] c0    604  show_stack+0x18/0x24
<4>[ 2165.560956] c0    604  dump_stack+0xbc/0xf8
<4>[ 2165.560964] c0    604  dump_header+0x84/0xd0
<4>[ 2165.560970] c0    604  oom_kill_process+0xa8/0x568
<4>[ 2165.560976] c0    604  out_of_memory+0x1dc/0x2b0
<4>[ 2165.560982] c0    604  pagefault_out_of_memory+0x50/0x84
<4>[ 2165.560989] c0    604  do_page_fault+0x360/0x3bc
<4>[ 2165.560995] c0    604  do_translation_fault+0x48/0xa0
<4>[ 2165.561001] c0    604  do_mem_abort+0x50/0xd8
<4>[ 2165.561007] c0    604  el0_da+0x20/0x24
<4>[ 2165.561012] c0    604 Mem-Info:
<4>[ 2165.561026] c0    604 active_anon:19289 inactive_anon:56814 isolated_anon:0
<4>[ 2165.561026] c0    604  active_file:69468 inactive_file:323768 isolated_file:0
<4>[ 2165.561026] c0    604  unevictable:28479 dirty:98 writeback:0 unstable:0
<4>[ 2165.561026] c0    604  slab_reclaimable:21744 slab_unreclaimable:46522
<4>[ 2165.561026] c0    604  mapped:274479 shmem:866 pagetables:9629 bounce:0
<4>[ 2165.561026] c0    604  free:455310 free_pcp:1800 free_cma:30917
<4>[ 2165.561047] c0    604 Node 0 active_anon:77156kB inactive_anon:227256kB active_file:277872kB inactive_file:1295072kB unevictable:113916kB isolated(anon):0kB isolated(file):0kB mapped:1097916kB dirty:392kB writeback:0kB shmem:3464kB writeback_tmp:0kB unstable:0kB all_unreclaimable? no
<4>[ 2165.561061] c0    604 DMA free:1321044kB min:2524kB low:11784kB high:13312kB active_anon:0kB inactive_anon:208kB active_file:2356kB inactive_file:75328kB unevictable:0kB writepending:4kB present:1606240kB managed:1530056kB mlocked:0kB kernel_stack:348kB shadow_call_stack:49kB pagetables:404kB bounce:0kB free_pcp:1812kB local_pcp:300kB free_cma:123644kB
<4>[ 2165.561067] c0    604 lowmem_reserve[]: 0 3947 3947
<4>[ 2165.561082] c0    604 Normal free:500196kB min:6732kB low:31420kB high:35496kB active_anon:77156kB inactive_anon:227048kB active_file:275516kB inactive_file:1219744kB unevictable:113916kB writepending:388kB present:4194304kB managed:4078844kB mlocked:113916kB kernel_stack:31744kB shadow_call_stack:2110kB pagetables:38112kB bounce:0kB free_pcp:5388kB local_pcp:716kB free_cma:24kB
<4>[ 2165.561088] c0    604 lowmem_reserve[]: 0 0 0
<4>[ 2165.561096] c0    604 DMA: 3065*4kB (UMEC) 2198*8kB (UMEC) 1601*16kB (UMEC) 972*32kB (UMEC) 569*64kB (UMEC) 218*128kB (UMEC) 101*256kB (UMEC) 39*512kB (UMEC) 20*1024kB (ME) 9*2048kB (UME) 265*4096kB (M) = 1321060kB
<4>[ 2165.561130] c0    604 Normal: 18204*4kB (UMEC) 14678*8kB (UME) 8847*16kB (UME) 2682*32kB (UME) 915*64kB (UME) 89*128kB (UME) 32*256kB (UME) 7*512kB (ME) 1*1024kB (E) 0*2048kB 0*4096kB = 500368kB
<4>[ 2165.561158] c0    604 433790 total pagecache pages
<4>[ 2165.561271] c0    604 11528 pages in swap cache
<4>[ 2165.561277] c0    604 Swap cache stats: add 360436, delete 348990, find 3057/114341
<4>[ 2165.561283] c0    604 Free swap  = 316182984kB
<4>[ 2165.561287] c0    604 Total swap = 316669944kB
<4>[ 2165.561293] c0    604 1450136 pages RAM
<4>[ 2165.561298] c0    604 0 pages HighMem/MovableOnly
<4>[ 2165.561303] c0    604 47911 pages reserved
<4>[ 2165.561308] c0    604 58368 pages cma reserved
<6>[ 2165.561317] c0    604 cma: cma-0 pages: => 8398 used of 9216 total pages
<6>[ 2165.561325] c0    604 cma: cma-1 pages: => 0 used of 4096 total pages
<6>[ 2165.561331] c0    604 cma: cma-2 pages: => 512 used of 4096 total pages
<6>[ 2165.561342] c0    604 cma: cma-3 pages: => 0 used of 23552 total pages
<6>[ 2165.561350] c0    604 cma: cma-4 pages: => 2132 used of 10240 total pages
<6>[ 2165.561357] c0    604 cma: cma-5 pages: => 0 used of 2048 total pages
<6>[ 2165.561363] c0    604 cma: cma-6 pages: => 768 used of 1024 total pages
<6>[ 2165.561369] c0    604 cma: cma-7 pages: => 0 used of 4096 total pages
<6>[ 2165.561376] c0    604 [ pid ]   uid  tgid total_vm      rss nr_ptes nr_pmds swapents oom_score_adj name
<6>[ 2165.561419] c0    604 [  534]     0   534     9875     1587      18       3      282         -1000 init
<6>[ 2165.561427] c0    604 [  535]     0   535     9714     1533      18       3      205         -1000 init
<6>[ 2165.561435] c0    604 [  536]     0   536     9716     1736      17       3      148         -1000 ueventd
<6>[ 2165.561444] c0    604 [  559]  1036   559    45197     1121      23       3      974         -1000 logd
<6>[ 2165.561451] c0    604 [  560]  1000   560     8890      808      13       3      148         -1000 servicemanager
<6>[ 2165.561459] c0    604 [  561]  1000   561    10724     1296      18       3      248         -1000 hwservicemanage
<6>[ 2165.561467] c0    604 [  562]  1000   562     9054      956      14       3      118         -1000 vndservicemanag
<6>[ 2165.561475] c0    604 [  564]  1000   564    55231     1488      29       3      197         -1000 qseecomd
<6>[ 2165.561483] c0    604 [  565]  1000   565     9803     1366      16       3      140         -1000 keymaster@4.0-s
<6>[ 2165.561491] c0    604 [  566]  1064   566    23990     1228      23       3      217         -1000 citadeld
<6>[ 2165.561499] c0    604 [  568]  1064   568    11129     2154      20       3      160         -1000 keymaster@4.0-s
<6>[ 2165.561506] c0    604 [  575]     0   575    29036     1747      25       3      322         -1000 Binder:575_2
<6>[ 2165.561515] c0    604 [  601]     0   601     9368     1111      16       3      128         -1000 boot@1.0-servic
<6>[ 2165.561523] c0    604 [  603]  1000   603     9465     1210      16       3      126         -1000 gatekeeper@1.0-
<6>[ 2165.561531] c0    604 [  604]  1000   604    92963     8374      62       4     2070         -1000 surfaceflinger
<6>[ 2165.561539] c0    604 [  606]  1000   606    50650     4237      41       3     1452         -1000 composer@2.3-se
<6>[ 2165.561546] c0    604 [  607]  1000   607    19142     1191      19       3      168         -1000 configstore@1.1
<6>[ 2165.561555] c0    604 [  608]  1000   608    23980     1507      22       3      209         -1000 allocator-servi
<6>[ 2165.561563] c0    604 [  609]  1000   609     9370     1148      16       3      127         -1000 light@1.1-servi
<6>[ 2165.561573] c0    604 [  668]  1000   668    45510      958      24       3      159         -1000 time_daemon
<6>[ 2165.561585] c0    604 [  686]     0   686    19889     1639      20       3      204         -1000 apexd
<6>[ 2165.561597] c0    604 [  772]     0   772     8815      632      14       3       99         -1000 subsystem_ramdu
<6>[ 2165.561605] c0    604 [  773]  1005   773     2173      501       8       2       78         -1000 crash_event_log
<6>[ 2165.561612] c0    604 [  787]     0   787    77625     2121      34       3      262         -1000 Binder:787_4
<6>[ 2165.561621] c0    604 [  788]     0   788  1352470    38109     211       8     2084         -1000 main
<6>[ 2165.561629] c0    604 [  789]     0   789   431771    34873     163       3     1623         -1000 main
<6>[ 2165.561638] c0    604 [  797]  1000   797     9082      908      14       3      109         -1000 allocator@1.0-s
<6>[ 2165.561647] c0    604 [  798]  1000   798    24121     1557      21       3      164         -1000 suspend@1.0-ser
<6>[ 2165.561655] c0    604 [  799]  1041   799    14537     3630      38       2     1865         -1000 audio@2.0-servi
<6>[ 2165.561664] c0    604 [  800]  1064   800    10938     2027      20       3      152         -1000 authsecret@1.0-
<6>[ 2165.561672] c0    604 [  801]  1002   801    46411     1488      26       3      201         -1000 bluetooth@1.0-s
<6>[ 2165.561680] c0    604 [  802]  1000   802   177203    25876     150       4     7418         -1000 provider@2.4-se
<6>[ 2165.561688] c0    604 [  803]  1013   803     4004     1073      13       2      139         -1000 cas@1.1-service
<6>[ 2165.561695] c0    604 [  804]  9999   804    10959     2175      20       3      157         -1000 confirmationui@
<6>[ 2165.561703] c0    604 [  805]  1000   805   540566     1072      21       4      158         -1000 contexthub@1.0-
<6>[ 2165.561711] c0    604 [  806]  1013   806    19690     1579      20       3      176         -1000 drm@1.0-service
<6>[ 2165.561719] c0    604 [  807]  1013   807    19888     1656      21       3      173         -1000 drm@1.2-service
<6>[ 2165.561727] c0    604 [  808]  1013   808    20477     1929      22       3      193         -1000 drm@1.2-service
<6>[ 2165.561734] c0    604 [  809]  1021   809    52367     2457      34       3      321         -1000 gnss@2.0-servic
<6>[ 2165.561742] c0    604 [  810]  1000   810     9487     1248      15       3      113         -1000 health@2.0-serv
<6>[ 2165.561750] c0    604 [  811]  1000   811     9324     1124      16       3      126         -1000 memtrack@1.0-se
<6>[ 2165.561758] c0    604 [  812]  1000   812    73149     4270      43       3      274         -1000 neuralnetworks@
<6>[ 2165.561766] c0    604 [  813]  1000   813    20559     3752      31       3      202         -1000 neuralnetworks@
<6>[ 2165.561773] c0    604 [  814]  1027   814    23709     1347      19       3      156         -1000 nfc@1.2-service
<6>[ 2165.561781] c0    604 [  815]  1064   815    10673     1972      19       3      151         -1000 oemlock@1.0-ser
<6>[ 2165.561789] c0    604 [  816]  1000   816    19522     1369      20       3      123         -1000 stats@1.0-servi
<6>[ 2165.561797] c0    604 [  817]     0   817    19219     1318      20       3      172         -1000 power@1.3-servi
<6>[ 2165.561805] c0    604 [  818]  1068   818     9394     1148      15       3      127         -1000 secure_element@
<6>[ 2165.561813] c0    604 [  819]  1000   819    78458     2480      34       3      371         -1000 sensors@2.0-ser
<6>[ 2165.561821] c0    604 [  820]  1000   820    14800     1168      18       3      193         -1000 thermal@2.0-ser
<6>[ 2165.561828] c0    604 [  821]     0   821    23633     1240      20       3      155         -1000 usb@1.2-service
<6>[ 2165.561836] c0    604 [  822]  1000   822     9413     1161      16       3      158         -1000 vibrator@1.3-se
<6>[ 2165.561844] c0    604 [  823]  1064   823    10668     1971      19       3      151         -1000 weaver@1.0-serv
<6>[ 2165.561852] c0    604 [  824]  1000   824    19295     1063      19       3      156         -1000 pixelstats-vend
<6>[ 2165.561860] c0    604 [  825]  1000   825    23307     1001      18       3      168         -1000 rlsservice
<6>[ 2165.561868] c0    604 [  826]  2907   826    33266     1827      23       3      197         -1000 vendor.google.a
<6>[ 2165.561876] c0    604 [  827]  1010   827    22449     4065      27       3      110         -1000 wifi_ext@1.0-se
<6>[ 2165.561883] c0    604 [  828]  1000   828    14798     1159      18       3      176         -1000 wireless_charge
<6>[ 2165.561891] c0    604 [  829]  1000   829    19201     1252      19       3      165         -1000 qteeconnector@1
<6>[ 2165.561899] c0    604 [  830]  1000   830     9210     1122      15       3      126         -1000 tui_comm@1.0-se
<6>[ 2165.561907] c0    604 [  831]  1046   831    10075     2906      31       2      432         -1000 vendor.qti.medi
<6>[ 2165.561915] c0    604 [  832]  1000   832    33369     1421      23       3      211         -1000 sensors.qti
<6>[ 2165.561923] c0    604 [  833]  1000   833    19342     1540      19       3      163         -1000 sscrpcd
<6>[ 2165.561931] c0    604 [  834]  1000   834    19342     1542      19       3      158         -1000 sscrpcd
<6>[ 2165.561939] c0    604 [  835]  2906   835     8523      623      12       3       99         -1000 qrtr-ns
<6>[ 2165.561947] c0    604 [  837]  9999   837    27804      905      20       3      137         -1000 rmt_storage
<6>[ 2165.561955] c0    604 [  838]  2903   838     9685      811      15       3      129         -1000 tftp_server
<6>[ 2165.561963] c0    604 [  839]     0   839     8809      888      14       3      118         -1000 msm_irqbalance
<6>[ 2165.561971] c0    604 [  840]  1000   840    14993     1014      19       3      145         -1000 pd-mapper
<6>[ 2165.561980] c0    604 [  841]  9999   841     8968      905      14       3       78         -1000 ashmemd
<6>[ 2165.561987] c0    604 [  842]  1041   842   672658     6626      76       4      684         -1000 audioserver
<6>[ 2165.561996] c0    604 [  843]  1072   843    14943     1480      20       3      151         -1000 Binder:843_2
<6>[ 2165.562004] c0    604 [  844]  1069   844     8649      510      13       3      105         -1000 lmkd
<6>[ 2165.562011] c0    604 [  864]  1000   864    45861     1056      25       3      189         -1000 pm-service
<6>[ 2165.562019] c0    604 [  867]  2000   867    36482      879      20       3      241         -1000 diag_mdlog
<6>[ 2165.562027] c0    604 [  872]  1036   872     9237      773      14       3      197          -600 logcatd
<6>[ 2165.562034] c0    604 [  873]  9999   873    13073      832      13       3      110         -1000 traced
<6>[ 2165.562042] c0    604 [  874]  9999   874    13073      853      13       3      109         -1000 traced_probes
<6>[ 2165.562050] c0    604 [  882]  1001   882   422577     2074     123       4     1040         -1000 netmgrd
<6>[ 2165.562058] c0    604 [  885]  1001   885    18150      645      16       3      107         -1000 port-bridge
<6>[ 2165.562066] c0    604 [  886]     0   886   227409     1022      55       3      347         -1000 thermal-engine
<6>[ 2165.562074] c0    604 [  890]     0   890    22884      820      18       3      134         -1000 adsprpcd
<6>[ 2165.562082] c0    604 [  891]  1013   891    18462      798      16       3      169         -1000 adsprpcd
<6>[ 2165.562090] c0    604 [  895]  1000   895    22884      809      17       3      134         -1000 cdsprpcd
<6>[ 2165.562098] c0    604 [  900]  1001   900    15000     1003      18       3      169         -1000 imsqmidaemon
<6>[ 2165.562106] c0    604 [  912]  1000   912   593519     2576      38       4      418         -1000 cnd
<6>[ 2165.562114] c0    604 [  917]  1047   917    10843     3398      33       2      404         -1000 cameraserver
<6>[ 2165.562122] c0    604 [  919]  1019   919     6065     2514      22       2      160         -1000 drmserver
<6>[ 2165.562130] c0    604 [  923]  1067   923    19097     1247      19       3      156         -1000 Binder:923_2
<6>[ 2165.562137] c0    604 [  924]     0   924    27967     1270      19       3      300         -1000 Binder:924_2
<6>[ 2165.562146] c0    604 [  926]  1017   926   540250     1992      23       4      229         -1000 keystore
<6>[ 2165.562153] c0    604 [  928]  1013   928   539570     1771      22       4      162         -1000 mediadrmserver
<6>[ 2165.562161] c0    604 [  937]  1040   937 67679707     6111     140      98      349         -1000 mediaextractor
<6>[ 2165.562171] c0    604 [  938]  1013   938   544182     3264      33       4      208         -1000 mediametrics
<6>[ 2165.562181] c0    604 [  939]  1013   939    19289     4811      44       2      223         -1000 mediaserver
<6>[ 2165.562189] c0    604 [  941]  1066   941    45995     1584      27       3      249         -1000 Binder:941_2
<6>[ 2165.562197] c0    604 [  942]     0   942    23859     1221      19       3      353         -1000 storaged
<6>[ 2165.562205] c0    604 [  943]  1010   943     9677     1277      16       3       67         -1000 wificond
<6>[ 2165.562213] c0    604 [  944]  1046   944     6150     2293      22       2      191         -1000 omx@1.0-service
<6>[ 2165.562221] c0    604 [  946]  1001   946    28268     1681      21       3      176         -1000 ipacm
<6>[ 2165.562229] c0    604 [  947]  1001   947   336736    10712     105       3     1376         -1000 main
<6>[ 2165.562237] c0    604 [  948]  1046   948 67711078     5450     164      92      330         -1000 mediaswcodec
<6>[ 2165.562245] c0    604 [  950]  1000   950    37114     1201      24       3      497         -1000 chre
<6>[ 2165.562253] c0    604 [  951]  1000   951    37728     1206      26       3      309         -1000 cnss-daemon
<6>[ 2165.562261] c0    604 [  952]  1021   952    18588      941      17       3      149         -1000 loc_launcher
<6>[ 2165.562269] c0    604 [  953]  1000   953   534548     1405      20       4      120         -1000 gatekeeperd
<6>[ 2165.562277] c0    604 [  954]  1058   954     8465      488      12       3       90         -1000 tombstoned
<6>[ 2165.562285] c0    604 [  955]     0   955    11109     2041      21       3      169         -1000 update_engine
<6>[ 2165.562293] c0    604 [  956]  1000   956   572704     7188      55       4     1028         -1000 face@1.0-servic
<6>[ 2165.562301] c0    604 [  957]  1000   957    23278     1010      19       3      164         -1000 pm-proxy
<6>[ 2165.562309] c0    604 [  959]  1070   959     8515      929      12       3        0         -1000 llkd
<6>[ 2165.562317] c0    604 [  966]  1001   966   580018     1900      34       4      416         -1000 imsdatadaemon
<6>[ 2165.562325] c0    604 [  989]     0   989     8494      726      13       3      134         -1000 iptables-restor
<6>[ 2165.562333] c0    604 [  990]     0   990     8496      732      13       3      151         -1000 ip6tables-resto
<6>[ 2165.562341] c0    604 [ 1016]  1021  1016   570254     1220      31       4      250         -1000 lowi-server
<6>[ 2165.562349] c0    604 [ 1017]  1021  1017    37877     1776      27       3      315         -1000 xtra-daemon
<6>[ 2165.562357] c0    604 [ 1090]  1000  1090    14898      795      27       3      183         -1000 android.hardwar
<6>[ 2165.562366] c0    604 [ 1341]  1000  1341  2014326    96343     487      11     8230          -900 system_server
<6>[ 2165.562374] c0    604 [ 1471]  9999  1471    10479     2014      18       3      132         -1000 classifier@1.0-
<6>[ 2165.562381] c0    604 [ 1578]  1001  1578    34319     2121      27       3      304         -1000 imsrcsd
<6>[ 2165.562389] c0    604 [ 1625] 10106  1625  1449134    48749     291      10     6263          -800 ndroid.systemui
<6>[ 2165.562397] c0    604 [ 1741]  1001  1741  1316464    21254     180       8     2690          -800 qtidataservices
<6>[ 2165.562405] c0    604 [ 1803]  1053  1803   433127    12477     137       3     1731         -1000 webview_zygote
<6>[ 2165.562413] c0    604 [ 1831]  1001  1831  1248929    21042     160       8     2230          -800 elephonyservice
<6>[ 2165.562421] c0    604 [ 1847]  1073  1847  1288861    24104     176       8     3077          -800 id.networkstack
<6>[ 2165.562429] c0    604 [ 1876]  1001  1876  1398106    30286     229       9     5002          -800 m.android.phone
<6>[ 2165.562437] c0    604 [ 1937] 10068  1937  1264810    22334     170       8     2514           100 id.ext.services
<6>[ 2165.562445] c0    604 [ 1981] 10098  1981  1317558    35316     232       9     3287             0 droid.launcher3
<6>[ 2165.562453] c0    604 [ 2280] 10052  2280  1531992    73345     389      10     9499           100 .gms.persistent
<6>[ 2165.562460] c0    604 [ 2343]  1001  2343    47792     2017      32       3      414         -1000 ims_rtp_daemon
<6>[ 2165.562470] c0    604 [ 2444]  1027  2444  1292387    27578     202       8     3202          -800 com.android.nfc
<6>[ 2165.562478] c0    604 [ 2466]  1068  2466  1248703    17864     168       8     2109          -800 com.android.se
<6>[ 2165.562486] c0    604 [ 2488]  1001  2488  1262444    20043     173       8     2276          -800 .ims.rcsservice
<6>[ 2165.562494] c0    604 [ 2550] 10073  2550  1235245    17123     160       8     2036           100 android.smspush
<6>[ 2165.562502] c0    604 [ 2756]  1001  2756  1248755    19678     166       8     2182           100 .qcrilmsgtunnel
<6>[ 2165.562510] c0    604 [ 2879]  1010  2879   535427     2701      21       4      139         -1000 wpa_supplicant
<6>[ 2165.562518] c0    604 [ 2917] 10048  2917  1490007    42235     292       9     6291           700 android.vending
<6>[ 2165.562526] c0    604 [ 5879]     0  5879    24976     1305      24       3      108         -1000 adbd
<6>[ 2165.562534] c0    604 [ 5919]     0  5919     1917       25       7       2       67          -950 nbd-client
<6>[ 2165.562542] c0    604 [ 5974]  1002  5974  1344973    25546     233       9     3367          -700 droid.bluetooth
<6>[ 2165.562550] c0    604 [ 6051] 10155  6051  1526805    35302     306       9     4257           200 roid.smartboard
<6>[ 2165.562557] c0    604 [ 6340] 10128  6340  1835425    91200     561      12    20535           700 .candycrushsaga
<6>[ 2165.562565] c0    604 [ 6578] 99002  6578   325864    27301     247       3     6681           700 ProcessService0
<3>[ 2165.562579] c0    604 Out of memory: Kill process 6340 (.candycrushsaga) score 701 or sacrifice child
<3>[ 2165.563419] c0    604 Killed process 6340 (.candycrushsaga) total-vm:7341700kB, anon-rss:43624kB, file-rss:320352kB, shmem-rss:824kB
<6>[ 2165.571343] c0   6848 binder: 6340:6848 ioctl c0306201 7e34f38a38 returned -14
<6>[ 2165.624763] c6     90 oom_reaper: reaped process 6340 (.candycrushsaga), now anon-rss:0kB, file-rss:92756kB, shmem-rss:696kB
<3>[ 2165.624843] c2    604 Out of memory: Kill process 2917 (android.vending) score 700 or sacrifice child
<3>[ 2165.625310] c2    604 Killed process 2917 (android.vending) total-vm:5960028kB, anon-rss:29448kB, file-rss:139312kB, shmem-rss:180kB
<6>[ 2165.639951] c6     90 oom_reaper: reaped process 2917 (android.vending), now anon-rss:0kB, file-rss:0kB, shmem-rss:28kB
<3>[ 2165.640043] c2    604 Out of memory: Kill process 6578 (ProcessService0) score 700 or sacrifice child
<3>[ 2165.640241] c2    604 Killed process 6578 (ProcessService0) total-vm:1303456kB, anon-rss:16496kB, file-rss:92584kB, shmem-rss:124kB
<6>[ 2165.668121] c1  14665 binder: send failed reply for transaction 867762 to 831:6855
<6>[ 2165.672306] c7     90 oom_reaper: reaped process 6578 (ProcessService0), now anon-rss:0kB, file-rss:0kB, shmem-rss:8kB
<3>[ 2165.672347] c2    604 Out of memory: Kill process 6051 (roid.smartboard) score 200 or sacrifice child
<3>[ 2165.672619] c4  10013 Killed process 6051 (roid.smartboard) total-vm:6107220kB, anon-rss:18844kB, file-rss:122220kB, shmem-rss:144kB
<6>[ 2165.677264] c4  10013 msm_vidc:   fw: <VFW_E:HostDr:unkn:--------:-> VenusHostDriver_SetSysProperty(1009): QC_IMAGE_VERSION_STRING=VIDEO.IR.1.2-00024-PROD-1
<6>[ 2165.677267] c4  10013 msm_vidc:   fw: <VFW_E:HostDr:unkn:--------:-> 
<6>[ 2165.677281] c4  10013 msm_vidc:   fw: <VFW_E:HostDr:unkn:--------:-> VenusHostDriver_SetSysProperty(1012): BUILD_TIME: Sep 12 2019 06:11:37
<6>[ 2165.677283] c4  10013 msm_vidc:   fw: <VFW_E:HostDr:unkn:--------:-> 
<6>[ 2165.677545] c0   6239 binder: 6051:6239 ioctl c0306201 7eb6d08a38 returned -14
<6>[ 2165.677747] c0   6242 binder: 6051:6242 ioctl c0306201 7ebb7d9b18 returned -14
<6>[ 2165.677888] c0   6276 binder: 6051:6276 ioctl c0306201 7eb32a2b18 returned -14
<6>[ 2165.682481] c6   3959 msm_vidc: info: Closed video instance: 0000000000000000
<6>[ 2165.690034] c7     90 oom_reaper: reaped process 6051 (roid.smartboard), now anon-rss:0kB, file-rss:20kB, shmem-rss:56kB
<3>[ 2165.690099] c2    604 Out of memory: Kill process 2280 (.gms.persistent) score 101 or sacrifice child
<3>[ 2165.690556] c2    604 Killed process 2280 (.gms.persistent) total-vm:6127968kB, anon-rss:28492kB, file-rss:264880kB, shmem-rss:236kB
<6>[ 2165.758837] c7     90 oom_reaper: reaped process 2280 (.gms.persistent), now anon-rss:0kB, file-rss:96kB, shmem-rss:56kB
<3>[ 2165.758912] c2    604 Out of memory: Kill process 1937 (id.ext.services) score 100 or sacrifice child
<3>[ 2165.759153] c2    604 Killed process 1937 (id.ext.services) total-vm:5059240kB, anon-rss:18404kB, file-rss:70756kB, shmem-rss:176kB
<6>[ 2165.783821] c7     90 oom_reaper: reaped process 1937 (id.ext.services), now anon-rss:0kB, file-rss:0kB, shmem-rss:32kB
<3>[ 2165.783955] c1    604 Out of memory: Kill process 2756 (.qcrilmsgtunnel) score 100 or sacrifice child
<3>[ 2165.784185] c1    604 Killed process 2756 (.qcrilmsgtunnel) total-vm:4995020kB, anon-rss:18500kB, file-rss:60060kB, shmem-rss:152kB
<6>[ 2165.787604] c1   2777 binder: 2756:2777 ioctl c0306201 7f2e0edb18 returned -14
<6>[ 2165.789564] c7     90 oom_reaper: reaped process 2756 (.qcrilmsgtunnel), now anon-rss:0kB, file-rss:0kB, shmem-rss:8kB
<3>[ 2165.789629] c1    604 Out of memory: Kill process 2550 (android.smspush) score 100 or sacrifice child
<3>[ 2165.789722] c1    604 Killed process 2550 (android.smspush) total-vm:4940980kB, anon-rss:18740kB, file-rss:49620kB, shmem-rss:132kB
<6>[ 2165.805715] c7     90 oom_reaper: reaped process 2550 (android.smspush), now anon-rss:0kB, file-rss:0kB, shmem-rss:8kB
<3>[ 2165.805847] c3    604 Out of memory: Kill process 1981 (droid.launcher3) score 0 or sacrifice child
<3>[ 2165.806056] c3    604 Killed process 1981 (droid.launcher3) total-vm:5270232kB, anon-rss:27568kB, file-rss:113424kB, shmem-rss:272kB
<6>[ 2165.835804] c7     90 oom_reaper: reaped process 1981 (droid.launcher3), now anon-rss:0kB, file-rss:2928kB, shmem-rss:120kB
<3>[ 2165.835834] c1    604 Out of memory: Kill process 872 (logcatd) score 0 or sacrifice child
<3>[ 2165.835867] c1    604 Killed process 872 (logcatd) total-vm:36948kB, anon-rss:216kB, file-rss:2732kB, shmem-rss:144kB
<6>[ 2165.837078] c7     90 oom_reaper: reaped process 872 (logcatd), now anon-rss:0kB, file-rss:0kB, shmem-rss:0kB
<3>[ 2165.837123] c1    604 Out of memory: Kill process 1341 (system_server) score 0 or sacrifice child
<3>[ 2165.838349] c1    604 Killed process 1341 (system_server) total-vm:8144504kB, anon-rss:47248kB, file-rss:338520kB, shmem-rss:232kB
<14>[ 2165.839979] c1      1 init: Service 'logcatd' (pid 872) received signal 9
<14>[ 2165.840095] c1      1 init: Sending signal 9 to service 'logcatd' (pid 872) process group...
<14>[ 2165.840547] c1      1 libprocessgroup: Successfully killed process cgroup uid 1036 pid 872 in 0ms
<14>[ 2165.844600] c1      1 init: starting service 'logcatd'...
<6>[ 2165.858605] c7     90 oom_reaper: reaped process 1341 (system_server), now anon-rss:0kB, file-rss:120132kB, shmem-rss:144kB
<3>[ 2165.858718] c2    604 Out of memory: Kill process 1625 (ndroid.systemui) score 0 or sacrifice child
<3>[ 2165.859097] c2    604 Killed process 1625 (ndroid.systemui) total-vm:5796536kB, anon-rss:31264kB, file-rss:163408kB, shmem-rss:324kB
<6>[ 2165.872288] c7     90 oom_reaper: reaped process 1625 (ndroid.systemui), now anon-rss:0kB, file-rss:3364kB, shmem-rss:164kB
<3>[ 2165.872346] c1    652 Out of memory: Kill process 1741 (qtidataservices) score 0 or sacrifice child
<3>[ 2165.872581] c1    652 Killed process 1741 (qtidataservices) total-vm:5265856kB, anon-rss:17900kB, file-rss:66972kB, shmem-rss:144kB
<6>[ 2165.877569] c7     90 oom_reaper: reaped process 1741 (qtidataservices), now anon-rss:0kB, file-rss:0kB, shmem-rss:0kB
<3>[ 2165.877636] c2    604 Out of memory: Kill process 1831 (elephonyservice) score 0 or sacrifice child
<3>[ 2165.877769] c2    604 Killed process 1831 (elephonyservice) total-vm:4995716kB, anon-rss:18760kB, file-rss:65416kB, shmem-rss:164kB
<6>[ 2165.878228] c2   2201 binder: 1741:2201 ioctl c0306201 7f2daf8a38 returned -14
<6>[ 2165.884878] c7     90 oom_reaper: reaped process 1831 (elephonyservice), now anon-rss:0kB, file-rss:0kB, shmem-rss:16kB
<3>[ 2165.884958] c1    652 Out of memory: Kill process 1847 (id.networkstack) score 0 or sacrifice child
<3>[ 2165.885141] c1    652 Killed process 1847 (id.networkstack) total-vm:5155444kB, anon-rss:19412kB, file-rss:76848kB, shmem-rss:156kB
<6>[ 2165.890997] c7     90 oom_reaper: reaped process 1847 (id.networkstack), now anon-rss:0kB, file-rss:0kB, shmem-rss:8kB
<3>[ 2165.891100] c1    652 Out of memory: Kill process 1876 (m.android.phone) score 0 or sacrifice child
<3>[ 2165.891405] c1    652 Killed process 1876 (m.android.phone) total-vm:5592424kB, anon-rss:19228kB, file-rss:101728kB, shmem-rss:188kB
<6>[ 2165.891705] c1   1759 binder: 1741:1759 ioctl c0306201 7f2e0edb18 returned -14
<6>[ 2165.891731] c1   2158 binder: 1741:2158 ioctl c0306201 7f2dd6eb18 returned -14
<6>[ 2165.896351] c5   1890 binder: 1847:1890 ioctl c0306201 7f2def3b18 returned -14
<6>[ 2165.896367] c5   1965 binder: 1847:1965 ioctl c0306201 7f28efeb18 returned -14
<6>[ 2165.899586] c7     90 oom_reaper: reaped process 1876 (m.android.phone), now anon-rss:0kB, file-rss:0kB, shmem-rss:28kB
<3>[ 2165.899660] c2    604 Out of memory: Kill process 2444 (com.android.nfc) score 0 or sacrifice child
<3>[ 2165.899826] c2    604 Killed process 2444 (com.android.nfc) total-vm:5169548kB, anon-rss:19124kB, file-rss:91244kB, shmem-rss:156kB
<6>[ 2165.905859] c7     90 oom_reaper: reaped process 2444 (com.android.nfc), now anon-rss:0kB, file-rss:0kB, shmem-rss:8kB
<3>[ 2165.905906] c1    652 Out of memory: Kill process 2466 (com.android.se) score 0 or sacrifice child
<3>[ 2165.906028] c1    652 Killed process 2466 (com.android.se) total-vm:4994812kB, anon-rss:18592kB, file-rss:52708kB, shmem-rss:156kB
<6>[ 2165.909584] c7     90 oom_reaper: reaped process 2466 (com.android.se), now anon-rss:0kB, file-rss:0kB, shmem-rss:8kB
<3>[ 2165.910121] c2    604 Out of memory: Kill process 2488 (.ims.rcsservice) score 0 or sacrifice child
<3>[ 2165.910275] c2    604 Killed process 2488 (.ims.rcsservice) total-vm:5049776kB, anon-rss:18488kB, file-rss:61532kB, shmem-rss:152kB
<6>[ 2165.910326] c6    937 binder: 937:937 transaction failed 29189/-22, size 64-0 line 3128
<6>[ 2165.910605] c2   2536 binder: 2466:2536 ioctl c0306201 7f2dd13b18 returned -14
<6>[ 2165.915571] c7     90 oom_reaper: reaped process 2488 (.ims.rcsservice), now anon-rss:0kB, file-rss:0kB, shmem-rss:4kB
<3>[ 2165.916997] c1    652 Out of memory: Kill process 5919 (nbd-client) score 0 or sacrifice child
<3>[ 2165.917028] c1    652 Killed process 5919 (nbd-client) total-vm:7668kB, anon-rss:100kB, file-rss:0kB, shmem-rss:0kB
<4>[ 2165.917131] c4   5919 block nbd0: shutting down sockets
<6>[ 2165.917459] c7     90 oom_reaper: reaped process 5919 (nbd-client), now anon-rss:0kB, file-rss:0kB, shmem-rss:0kB
<3>[ 2165.920310] c2    604 Out of memory: Kill process 5974 (droid.bluetooth) score 0 or sacrifice child
<3>[ 2165.920607] c2    604 Killed process 5974 (droid.bluetooth) total-vm:5379892kB, anon-rss:21092kB, file-rss:81648kB, shmem-rss:172kB
<6>[ 2165.928178] c7     90 oom_reaper: reaped process 5974 (droid.bluetooth), now anon-rss:0kB, file-rss:0kB, shmem-rss:20kB
<3>[ 2165.928224] c2    604 Out of memory: Kill process 14670 (logcatd) score 0 or sacrifice child
<3>[ 2165.928242] c2    604 Killed process 14670 (logcatd) total-vm:34352kB, anon-rss:1200kB, file-rss:2480kB, shmem-rss:140kB
<6>[ 2165.928944] c2    604 oom_reaper: reaped process 14670 (logcatd), now anon-rss:0kB, file-rss:0kB, shmem-rss:0kB
<4>[ 2165.929743] c2    604 surfaceflinger invoked oom-killer: gfp_mask=0x0(), nodemask=(null),  order=0, oom_score_adj=-1000
<6>[ 2165.929755] c2    604 surfaceflinger cpuset=system-background mems_allowed=0
<4>[ 2165.929769] c2    604 CPU: 2 PID: 604 Comm: surfaceflinger Tainted: G S         O    4.14.170_audio #8
<4>[ 2165.929775] c2    604 Hardware name: Qualcomm Technologies, Inc. SM8150 V2 PM8150 Google Inc. MSM sm8150 Flame (DT)
<4>[ 2165.929780] c2    604 Call trace:
<4>[ 2165.929793] c2    604  dump_backtrace+0x0/0x1e4
<4>[ 2165.929800] c2    604  show_stack+0x18/0x24
<4>[ 2165.929808] c2    604  dump_stack+0xbc/0xf8
<4>[ 2165.929816] c2    604  dump_header+0x84/0xd0
<4>[ 2165.929822] c2    604  out_of_memory+0x2a4/0x2b0
<4>[ 2165.929827] c2    604  pagefault_out_of_memory+0x50/0x84
<4>[ 2165.929834] c2    604  do_page_fault+0x360/0x3bc
<4>[ 2165.929840] c2    604  do_translation_fault+0x48/0xa0
<4>[ 2165.929846] c2    604  do_mem_abort+0x50/0xd8
<4>[ 2165.929851] c2    604  el0_da+0x20/0x24
<4>[ 2165.929857] c2    604 Mem-Info:
<4>[ 2165.929870] c2    604 active_anon:11167 inactive_anon:27768 isolated_anon:0
<4>[ 2165.929870] c2    604  active_file:86727 inactive_file:306536 isolated_file:0
<4>[ 2165.929870] c2    604  unevictable:28479 dirty:108 writeback:0 unstable:0
<4>[ 2165.929870] c2    604  slab_reclaimable:21140 slab_unreclaimable:44004
<4>[ 2165.929870] c2    604  mapped:134430 shmem:741 pagetables:6113 bounce:0
<4>[ 2165.929870] c2    604  free:530070 free_pcp:2004 free_cma:30941
<4>[ 2165.929891] c2    604 Node 0 active_anon:44668kB inactive_anon:111072kB active_file:346908kB inactive_file:1226144kB unevictable:113916kB isolated(anon):0kB isolated(file):0kB mapped:537720kB dirty:432kB writeback:0kB shmem:2964kB writeback_tmp:0kB unstable:0kB all_unreclaimable? no
<4>[ 2165.929904] c2    604 DMA free:1321424kB min:2524kB low:11784kB high:13312kB active_anon:0kB inactive_anon:36kB active_file:2756kB inactive_file:74928kB unevictable:0kB writepending:4kB present:1606240kB managed:1530056kB mlocked:0kB kernel_stack:128kB shadow_call_stack:20kB pagetables:160kB bounce:0kB free_pcp:2744kB local_pcp:28kB free_cma:123740kB
<4>[ 2165.929910] c2    604 lowmem_reserve[]: 0 3947 3947
<4>[ 2165.929925] c2    604 Normal free:798856kB min:6732kB low:31420kB high:35496kB active_anon:44668kB inactive_anon:111036kB active_file:344152kB inactive_file:1151216kB unevictable:113916kB writepending:428kB present:4194304kB managed:4078844kB mlocked:113916kB kernel_stack:21836kB shadow_call_stack:1551kB pagetables:24292kB bounce:0kB free_pcp:5268kB local_pcp:696kB free_cma:24kB
<4>[ 2165.929930] c2    604 lowmem_reserve[]: 0 0 0
<4>[ 2165.929939] c2    604 DMA: 3052*4kB (UMEC) 2202*8kB (UMEC) 1599*16kB (UMEC) 973*32kB (UMEC) 569*64kB (UMEC) 219*128kB (UMEC) 102*256kB (UMEC) 39*512kB (UMEC) 20*1024kB (ME) 9*2048kB (UME) 265*4096kB (M) = 1321424kB
<4>[ 2165.929973] c2    604 Normal: 37627*4kB (UME) 22415*8kB (UME) 12518*16kB (UME) 4289*32kB (UME) 1441*64kB (UME) 160*128kB (UME) 48*256kB (UME) 11*512kB (UME) 1*1024kB (E) 0*2048kB 0*4096kB = 799012kB
<4>[ 2165.930001] c2    604 424753 total pagecache pages
<4>[ 2165.930128] c2    604 2601 pages in swap cache
<4>[ 2165.930135] c2    604 Swap cache stats: add 361418, delete 358896, find 3073/166040
<4>[ 2165.930141] c2    604 Free swap  = 316496584kB
<4>[ 2165.930147] c2    604 Total swap = 316669944kB
<4>[ 2165.930154] c2    604 1450136 pages RAM
<4>[ 2165.930159] c2    604 0 pages HighMem/MovableOnly
<4>[ 2165.930166] c2    604 47911 pages reserved
<4>[ 2165.930172] c2    604 58368 pages cma reserved
<6>[ 2165.930183] c2    604 cma: cma-0 pages: => 8398 used of 9216 total pages
<6>[ 2165.930191] c2    604 cma: cma-1 pages: => 0 used of 4096 total pages
<6>[ 2165.930198] c2    604 cma: cma-2 pages: => 512 used of 4096 total pages
<6>[ 2165.930210] c2    604 cma: cma-3 pages: => 0 used of 23552 total pages
<6>[ 2165.930219] c2    604 cma: cma-4 pages: => 2132 used of 10240 total pages
<6>[ 2165.930227] c2    604 cma: cma-5 pages: => 0 used of 2048 total pages
<6>[ 2165.930234] c2    604 cma: cma-6 pages: => 768 used of 1024 total pages
<6>[ 2165.930241] c2    604 cma: cma-7 pages: => 0 used of 4096 total pages
<6>[ 2165.930248] c2    604 [ pid ]   uid  tgid total_vm      rss nr_ptes nr_pmds swapents oom_score_adj name
<6>[ 2165.930303] c2    604 [  534]     0   534     9875     1587      18       3      282         -1000 init
<6>[ 2165.930313] c2    604 [  535]     0   535     9714     1533      18       3      205         -1000 init
<6>[ 2165.930323] c2    604 [  536]     0   536     9716     1736      17       3      148         -1000 ueventd
<6>[ 2165.930333] c2    604 [  559]  1036   559    36481     1192      22       3      903         -1000 logd
<6>[ 2165.930343] c2    604 [  560]  1000   560     8890      808      13       3      148         -1000 servicemanager
<6>[ 2165.930353] c2    604 [  561]  1000   561    10724     1350      18       3      194         -1000 hwservicemanage
<6>[ 2165.930363] c2    604 [  562]  1000   562     9054      956      14       3      118         -1000 vndservicemanag
<6>[ 2165.930371] c2    604 [  564]  1000   564    55231     1488      29       3      197         -1000 qseecomd
<6>[ 2165.930380] c2    604 [  565]  1000   565     9803     1366      16       3      140         -1000 keymaster@4.0-s
<6>[ 2165.930390] c2    604 [  566]  1064   566    23990     1280      23       3      165         -1000 citadeld
<6>[ 2165.930400] c2    604 [  568]  1064   568    11129     2419      20       3      150         -1000 keymaster@4.0-s
<6>[ 2165.930410] c2    604 [  575]     0   575    29036     1747      25       3      322         -1000 Binder:575_2
<6>[ 2165.930420] c2    604 [  601]     0   601     9368     1111      16       3      128         -1000 boot@1.0-servic
<6>[ 2165.930429] c2    604 [  603]  1000   603     9465     1210      16       3      126         -1000 gatekeeper@1.0-
<6>[ 2165.930437] c2    604 [  604]  1000   604    92963     8374      62       4     2070         -1000 surfaceflinger
<6>[ 2165.930446] c2    604 [  606]  1000   606    50650     4237      41       3     1452         -1000 composer@2.3-se
<6>[ 2165.930457] c2    604 [  607]  1000   607    19142     1191      19       3      168         -1000 configstore@1.1
<6>[ 2165.930465] c2    604 [  608]  1000   608    23980     1507      22       3      209         -1000 allocator-servi
<6>[ 2165.930473] c2    604 [  609]  1000   609     9370     1148      16       3      127         -1000 light@1.1-servi
<6>[ 2165.930484] c2    604 [  668]  1000   668    45510      958      24       3      159         -1000 time_daemon
<6>[ 2165.930493] c2    604 [  686]     0   686    19889     1639      20       3      204         -1000 apexd
<6>[ 2165.930505] c2    604 [  772]     0   772     8815      632      14       3       99         -1000 subsystem_ramdu
<6>[ 2165.930514] c2    604 [  773]  1005   773     2173      501       8       2       78         -1000 crash_event_log
<6>[ 2165.930523] c2    604 [  787]     0   787    77625     2121      34       3      262         -1000 Binder:787_4
<6>[ 2165.930532] c2    604 [  788]     0   788  1352470    38109     211       8     2084         -1000 main
<6>[ 2165.930541] c2    604 [  789]     0   789   431771    34873     163       3     1623         -1000 main
<6>[ 2165.930550] c2    604 [  797]  1000   797     9082      908      14       3      109         -1000 allocator@1.0-s
<6>[ 2165.930559] c2    604 [  798]  1000   798    24121     1557      21       3      164         -1000 suspend@1.0-ser
<6>[ 2165.930567] c2    604 [  799]  1041   799    14537     3630      38       2     1865         -1000 audio@2.0-servi
<6>[ 2165.930577] c2    604 [  800]  1064   800    10938     2027      20       3      152         -1000 authsecret@1.0-
<6>[ 2165.930585] c2    604 [  801]  1002   801    46411     1488      26       3      201         -1000 bluetooth@1.0-s
<6>[ 2165.930594] c2    604 [  802]  1000   802   177203    25876     150       4     7418         -1000 provider@2.4-se
<6>[ 2165.930604] c2    604 [  803]  1013   803     4004     1073      13       2      139         -1000 cas@1.1-service
<6>[ 2165.930613] c2    604 [  804]  9999   804    10959     2175      20       3      157         -1000 confirmationui@
<6>[ 2165.930623] c2    604 [  805]  1000   805   540566     1072      21       4      158         -1000 contexthub@1.0-
<6>[ 2165.930631] c2    604 [  806]  1013   806    19690     1579      20       3      176         -1000 drm@1.0-service
<6>[ 2165.930639] c2    604 [  807]  1013   807    19888     1656      21       3      173         -1000 drm@1.2-service
<6>[ 2165.930649] c2    604 [  808]  1013   808    20477     1929      22       3      193         -1000 drm@1.2-service
<6>[ 2165.930658] c2    604 [  809]  1021   809    52367     2457      34       3      321         -1000 gnss@2.0-servic
<6>[ 2165.930667] c2    604 [  810]  1000   810     9487     1248      15       3      113         -1000 health@2.0-serv
<6>[ 2165.930676] c2    604 [  811]  1000   811     9324     1124      16       3      126         -1000 memtrack@1.0-se
<6>[ 2165.930686] c2    604 [  812]  1000   812    73149     4270      43       3      274         -1000 neuralnetworks@
<6>[ 2165.930695] c2    604 [  813]  1000   813    20559     3752      31       3      202         -1000 neuralnetworks@
<6>[ 2165.930705] c2    604 [  814]  1027   814    23709     1347      19       3      156         -1000 nfc@1.2-service
<6>[ 2165.930715] c2    604 [  815]  1064   815    10673     1972      19       3      151         -1000 oemlock@1.0-ser
<6>[ 2165.930724] c2    604 [  816]  1000   816    19522     1369      20       3      123         -1000 stats@1.0-servi
<6>[ 2165.930734] c2    604 [  817]     0   817    19219     1318      20       3      172         -1000 power@1.3-servi
<6>[ 2165.930744] c2    604 [  818]  1068   818     9394     1148      15       3      127         -1000 secure_element@
<6>[ 2165.930754] c2    604 [  819]  1000   819    78458     2480      34       3      371         -1000 sensors@2.0-ser
<6>[ 2165.930764] c2    604 [  820]  1000   820    14800     1168      18       3      193         -1000 thermal@2.0-ser
<6>[ 2165.930774] c2    604 [  821]     0   821    23633     1240      20       3      155         -1000 usb@1.2-service
<6>[ 2165.930784] c2    604 [  822]  1000   822     9413     1161      16       3      158         -1000 vibrator@1.3-se
<6>[ 2165.930793] c2    604 [  823]  1064   823    10668     1971      19       3      151         -1000 weaver@1.0-serv
<6>[ 2165.930802] c2    604 [  824]  1000   824    19295     1063      19       3      156         -1000 pixelstats-vend
<6>[ 2165.930811] c2    604 [  825]  1000   825    23307     1001      18       3      168         -1000 rlsservice
<6>[ 2165.930820] c2    604 [  826]  2907   826    33266     1827      23       3      197         -1000 vendor.google.a
<6>[ 2165.930829] c2    604 [  827]  1010   827    22449     4054      27       3      110         -1000 wifi_ext@1.0-se
<6>[ 2165.930839] c2    604 [  828]  1000   828    14798     1159      18       3      176         -1000 wireless_charge
<6>[ 2165.930847] c2    604 [  829]  1000   829    19201     1252      19       3      165         -1000 qteeconnector@1
<6>[ 2165.930856] c2    604 [  830]  1000   830     9210     1122      15       3      126         -1000 tui_comm@1.0-se
<6>[ 2165.930865] c2    604 [  831]  1046   831     9289     3033      31       2      303         -1000 vendor.qti.medi
<6>[ 2165.930874] c2    604 [  832]  1000   832    33369     1421      23       3      211         -1000 sensors.qti
<6>[ 2165.930884] c2    604 [  833]  1000   833    19342     1540      19       3      163         -1000 sscrpcd
<6>[ 2165.930893] c2    604 [  834]  1000   834    19342     1542      19       3      158         -1000 sscrpcd
<6>[ 2165.930903] c2    604 [  835]  2906   835     8523      623      12       3       99         -1000 qrtr-ns
<6>[ 2165.930912] c2    604 [  837]  9999   837    27804      905      20       3      137         -1000 rmt_storage
<6>[ 2165.930922] c2    604 [  838]  2903   838     9685      811      15       3      129         -1000 tftp_server
<6>[ 2165.930931] c2    604 [  839]     0   839     8809      888      14       3      118         -1000 msm_irqbalance
<6>[ 2165.930940] c2    604 [  840]  1000   840    14993     1014      19       3      145         -1000 pd-mapper
<6>[ 2165.930949] c2    604 [  841]  9999   841     8968      905      14       3       78         -1000 ashmemd
<6>[ 2165.930958] c2    604 [  842]  1041   842   672658     6626      76       4      684         -1000 audioserver
<6>[ 2165.930967] c2    604 [  843]  1072   843    14943     1480      20       3      151         -1000 Binder:843_2
<6>[ 2165.930977] c2    604 [  844]  1069   844     8649      510      13       3      105         -1000 lmkd
