1340         com.google.android.gms.persistent
  		total        used        free      shared     buffers
Mem:             5447        4680         766           3           1
-/+ buffers/cache:           4679         768
Swap:            8191           0        8191
Starting: Intent { cmp=com.google.android.apps.maps/com.google.android.maps.MapsActivity }
Status: ok
LaunchState: UNKNOWN (-1)
Activity: com.google.android.apps.maps/com.google.android.maps.MapsActivity
WaitTime: 726
Complete
end
		total        used        free      shared     buffers
Mem:             5447        5194         252           8           4
-/+ buffers/cache:           5190         256
Swap:            8191           0        8191
===========================
RssAnon:	   75172 kB
===========================
===========================
RssFile:	  325856 kB
===========================
===========================
        TOTAL   164659    65636    38660        0    62293    46757    15535
===========================
else:  
===========================
MemTotal:        5578140 kB
MemFree:          283052 kB
MemAvailable:    1554832 kB
Cached:          1452868 kB
SwapCached:            0 kB
===========================
Starting: Intent { cmp=com.google.android.youtube/com.google.android.apps.youtube.app.WatchWhileActivity }
Status: ok
LaunchState: COLD
Activity: com.google.android.youtube/com.google.android.apps.youtube.app.WatchWhileActivity
TotalTime: 1052
WaitTime: 1052
Complete
end
		total        used        free      shared     buffers
Mem:             5447        5383          64           9           6
-/+ buffers/cache:           5377          70
Swap:            8191          14        8177
===========================
RssAnon:	   70736 kB
===========================
===========================
RssFile:	  301796 kB
===========================
===========================
        TOTAL   152616    62340    32328        0    62807    46753    16053
===========================
else:  
===========================
MemTotal:        5578140 kB
MemFree:           66600 kB
MemAvailable:    1252708 kB
Cached:          1364412 kB
SwapCached:          656 kB
===========================
Starting: Intent { cmp=com.king.candycrushsaga/.CandyCrushSagaActivity }
Status: ok
LaunchState: COLD
Activity: com.king.candycrushsaga/.CandyCrushSagaActivity
TotalTime: 611
WaitTime: 612
Complete
end
		total        used        free      shared     buffers
Mem:             5447        5360          86           9           0
-/+ buffers/cache:           5359          87
Swap:            8191          85        8106
===========================
RssAnon:	   76944 kB
===========================
===========================
RssFile:	  295748 kB
===========================
===========================
        TOTAL   189915   108720    24716      440    65639    49146    16492
===========================
else:  
===========================
MemTotal:        5578140 kB
MemFree:           85932 kB
MemAvailable:     883100 kB
Cached:           983940 kB
SwapCached:         2756 kB
===========================
Starting: Intent { cmp=com.android.chrome/com.google.android.apps.chrome.Main }
Status: ok
LaunchState: WARM
Activity: com.android.chrome/com.google.android.apps.chrome.Main
TotalTime: 509
WaitTime: 510
Complete
end
		total        used        free      shared     buffers
Mem:             5447        5370          76          38           0
-/+ buffers/cache:           5370          77
Swap:            8191         195        7996
===========================
RssAnon:	   70704 kB
===========================
===========================
RssFile:	  256592 kB
===========================
===========================
        TOTAL   178617   100856    20960     5728    64894    48995    15898
===========================
else:  
===========================
MemTotal:        5578140 kB
MemFree:          107012 kB
MemAvailable:     533612 kB
Cached:           631172 kB
SwapCached:         2196 kB
===========================
Starting: Intent { cmp=com.twitter.android/com.twitter.app.main.MainActivity }
Status: ok
LaunchState: COLD
Activity: com.twitter.android/com.twitter.app.main.MainActivity
TotalTime: 1144
WaitTime: 1144
Complete
end
		total        used        free      shared     buffers
Mem:             5447        5337         109          15           0
-/+ buffers/cache:           5336         110
Swap:            8191         203        7988
===========================
RssAnon:	   63104 kB
===========================
===========================
RssFile:	  250616 kB
===========================
===========================
        TOTAL   132062    55616    18044     5872    64117    45857    18259
===========================
else:  
===========================
MemTotal:        5578140 kB
MemFree:          120440 kB
MemAvailable:     654380 kB
Cached:           726916 kB
SwapCached:         3720 kB
===========================
pgfault 19176643
pgmajfault 25228
pswpin 1291
pswpout 52031
Starting: Intent { cmp=com.rovio.baba/com.unity3d.player.UnityPlayerActivity }
Status: ok
LaunchState: COLD
Activity: com.rovio.baba/com.unity3d.player.UnityPlayerActivity
TotalTime: 567
WaitTime: 568
Complete
end
		total        used        free      shared     buffers
Mem:             5447        5376          70          17           0
-/+ buffers/cache:           5375          71
Swap:            8191         681        7510
pgfault 19755365
pgmajfault 37420
pswpin 4169
pswpout 176025
===========================
RssAnon:	   53200 kB
===========================
===========================
RssFile:	  205868 kB
===========================
===========================
        TOTAL   125918    46404    17808    12010    61889    43764    18124
===========================
else:  
===========================
MemTotal:        5578140 kB
MemFree:           69400 kB
MemAvailable:     347564 kB
Cached:           474408 kB
SwapCached:        10744 kB
===========================
Starting: Intent { cmp=com.google.android.gm/.ConversationListActivityGmail }
Status: ok
LaunchState: COLD
Activity: com.google.android.gm/.ConversationListActivityGmail
TotalTime: 1775
WaitTime: 1775
Complete
end
		total        used        free      shared     buffers
Mem:             5447        5371          76          16           0
-/+ buffers/cache:           5370          76
Swap:            8191         771        7420
===========================
RssAnon:	   57036 kB
===========================
===========================
RssFile:	  235820 kB
===========================
===========================
        TOTAL   131864    50312    19656    10749    63561    44753    18807
===========================
else:  
===========================
MemTotal:        5578140 kB
MemFree:           66392 kB
MemAvailable:     398960 kB
Cached:           529512 kB
SwapCached:        19548 kB
===========================
Starting: Intent { cmp=com.instagram.android/.activity.MainTabActivity }
Status: ok
LaunchState: COLD
Activity: com.instagram.android/com.instagram.mainactivity.MainActivity
TotalTime: 1424
WaitTime: 1424
Complete
end
		total        used        free      shared     buffers
Mem:             5447        5379          68          16           0
-/+ buffers/cache:           5378          69
Swap:            8191        1147        7044
===========================
RssAnon:	   57968 kB
===========================
===========================
RssFile:	  209352 kB
===========================
===========================
        TOTAL   132896    53496    17156    12413    63232    46416    16815
===========================
else:  
===========================
MemTotal:        5578140 kB
MemFree:           85056 kB
MemAvailable:     369548 kB
Cached:           480496 kB
SwapCached:        21860 kB
===========================
Starting: Intent { cmp=com.supercell.clashroyale/com.supercell.titan.GameApp }
Status: ok
LaunchState: COLD
Activity: com.supercell.clashroyale/com.supercell.titan.GameApp
TotalTime: 908
WaitTime: 909
Complete
end
		total        used        free      shared     buffers
Mem:             5447        5366          80          13           1
-/+ buffers/cache:           5365          82
Swap:            8191        1530        6661
===========================
RssAnon:	   51584 kB
===========================
===========================
RssFile:	  212828 kB
===========================
===========================
        TOTAL   164738    73406    28516    12490    63578    47105    16472
===========================
else: 3297437 608771
===========================
MemTotal:        5578140 kB
MemFree:           80680 kB
MemAvailable:     266576 kB
Cached:           381308 kB
SwapCached:        37048 kB
===========================
