restarting adbd as root
		total        used        free      shared     buffers
Mem:             5447        2424        3022           3           1
-/+ buffers/cache:           2423        3023
Swap:            2047           0        2047
MemTotal:        5578140 kB
MemFree:         3094952 kB
MemAvailable:    3952912 kB
Buffers:            1180 kB
Cached:          1044536 kB
SwapCached:            0 kB
Active:           864704 kB
Inactive:         825324 kB
Active(anon):     757080 kB
Inactive(anon):     3676 kB
Active(file):     107624 kB
Inactive(file):   821648 kB
Unevictable:      113168 kB
Mlocked:          113184 kB
SwapTotal:       2097148 kB
SwapFree:        2097148 kB
Dirty:               404 kB
Writeback:             0 kB
AnonPages:        757612 kB
Mapped:          1022284 kB
Shmem:              3916 kB
Slab:             244280 kB
SReclaimable:      71720 kB
SUnreclaim:       172560 kB
KernelStack:       37968 kB
ShadowCallStack:    2376 kB
PageTables:        47524 kB
NFS_Unstable:          0 kB
Bounce:                0 kB
ION_heap:          87528 kB
ION_heap_pool:         0 kB
WritebackTmp:          0 kB
CommitLimit:     4886216 kB
Committed_AS:   54397180 kB
VmallocTotal:   263061440 kB
VmallocUsed:       89452 kB
VmallocChunk:          0 kB
CmaTotal:         233472 kB
CmaFree:          182272 kB
system server
===========================
RssAnon:	   69944 kB
RssFile:	  346776 kB
RssShmem:	     676 kB
VmRSS:	  417396 kB
VmSwap:	       0 kB
===========================
Starting: Intent { cmp=com.rovio.baba/com.unity3d.player.UnityPlayerActivity }
Status: ok
LaunchState: COLD
Activity: com.rovio.baba/com.unity3d.player.UnityPlayerActivity
TotalTime: 380
WaitTime: 380
Complete
end
		total        used        free      shared     buffers
Mem:             5447        3770        1677           8           4
-/+ buffers/cache:           3766        1681
Swap:            2047           0        2047
MemTotal:        5578140 kB
MemFree:         1717752 kB
MemAvailable:    3179912 kB
Buffers:            4176 kB
Cached:          1644300 kB
SwapCached:            0 kB
Active:          1507856 kB
Inactive:        1262788 kB
Active(anon):    1235008 kB
Inactive(anon):     8488 kB
Active(file):     272848 kB
Inactive(file):  1254300 kB
Unevictable:      113804 kB
Mlocked:          113820 kB
SwapTotal:       2097148 kB
SwapFree:        2097148 kB
Dirty:               180 kB
Writeback:             0 kB
AnonPages:       1236072 kB
Mapped:          1364352 kB
Shmem:              8784 kB
Slab:             256856 kB
SReclaimable:      83964 kB
SUnreclaim:       172892 kB
KernelStack:       40112 kB
ShadowCallStack:    2510 kB
PageTables:        52696 kB
NFS_Unstable:          0 kB
Bounce:                0 kB
ION_heap:         176340 kB
ION_heap_pool:     68140 kB
WritebackTmp:          0 kB
CommitLimit:     4886216 kB
Committed_AS:   56227056 kB
VmallocTotal:   263061440 kB
VmallocUsed:       91892 kB
VmallocChunk:          0 kB
CmaTotal:         233472 kB
CmaFree:          182956 kB
system server
===========================
RssAnon:	   74568 kB
RssFile:	  324112 kB
RssShmem:	     688 kB
VmRSS:	  399368 kB
VmSwap:	       0 kB
===========================
angrybirds
===========================
RssAnon:	  391760 kB
RssFile:	  414232 kB
RssShmem:	     572 kB
VmRSS:	  806564 kB
VmSwap:	       0 kB
===========================
===========================
Applications Memory Usage (in Kilobytes):
Uptime: 163586 Realtime: 163586

** MEMINFO in pid 6295 [com.rovio.baba] **
                   Pss  Private  Private     Swap     Heap     Heap     Heap
                 Total    Dirty    Clean    Dirty     Size    Alloc     Free
                ------   ------   ------   ------   ------   ------   ------
  Native Heap   106056   105968        0        0   120356   104655    15700
  Dalvik Heap    13534    13480        0        0    18076     9038     9038
 Dalvik Other     3596     3596        0        0                           
        Stack       92       92        0        0                           
       Ashmem      132       64        0        0                           
      Gfx dev   162016   162016        0        0                           
    Other dev      432        0      432        0                           
     .so mmap    68490     5460    53724        0                           
    .jar mmap     2080       16      336        0                           
    .apk mmap    18516      180     4152        0                           
    .dex mmap    19897       92    18112        0                           
    .oat mmap      712        0        0        0                           
    .art mmap     3740     3368        8        0                           
   Other mmap    12225       44    11180        0                           
   EGL mtrack    29388    29388        0        0                           
    GL mtrack    37308    37308        0        0                           
      Unknown   242994   242988        0        0                           
        TOTAL   721208   604060    87944        0   138432   113693    24738
 
 App Summary
                       Pss(KB)
                        ------
           Java Heap:    16856
         Native Heap:   105968
                Code:    82072
               Stack:       92
            Graphics:   228712
       Private Other:   258304
              System:    29204
 
               TOTAL:   721208      TOTAL SWAP (KB):        0
 
 Objects
               Views:       15         ViewRootImpl:        1
         AppContexts:        9           Activities:        2
              Assets:       10        AssetManagers:        0
       Local Binders:       84        Proxy Binders:       54
       Parcel memory:       27         Parcel count:       93
    Death Recipients:        4      OpenSSL Sockets:       12
            WebViews:        4
 
 SQL
         MEMORY_USED:     1013
  PAGECACHE_OVERFLOW:      291          MALLOC_SIZE:      117
 
 DATABASES
      pgsz     dbsz   Lookaside(b)          cache  Dbname
         4       32             31         1/21/2  /data/user/0/com.rovio.baba/databases/com.google.android.datatransport.events
         4      168            109      229/38/24  /data/user/0/com.rovio.baba/no_backup/vungle_db
         4       76            109         9/39/7  /data/user/0/com.rovio.baba/databases/androidx.work.workdb
         4        8                         0/0/0    (attached) temp
         4       24             53         8/29/5  /data/user/0/com.rovio.baba/databases/com.microsoft.appcenter.persistence
===========================
		total        used        free      shared     buffers
Mem:             5447        4004        1442          25           4
-/+ buffers/cache:           4000        1446
Swap:            2047           0        2047
MemTotal:        5578140 kB
MemFree:         1477196 kB
MemAvailable:    2965724 kB
Buffers:            4176 kB
Cached:          1688148 kB
SwapCached:            0 kB
Active:          1652956 kB
Inactive:        1294136 kB
Active(anon):    1367604 kB
Inactive(anon):    26236 kB
Active(file):     285352 kB
Inactive(file):  1267900 kB
Unevictable:      113812 kB
Mlocked:          113828 kB
SwapTotal:       2097148 kB
SwapFree:        2097148 kB
Dirty:               116 kB
Writeback:             0 kB
AnonPages:       1368680 kB
Mapped:          1370560 kB
Shmem:             26532 kB
Slab:             257636 kB
SReclaimable:      84488 kB
SUnreclaim:       173148 kB
KernelStack:       40368 kB
ShadowCallStack:    2525 kB
PageTables:        53268 kB
NFS_Unstable:          0 kB
Bounce:                0 kB
ION_heap:         176340 kB
ION_heap_pool:     68140 kB
WritebackTmp:          0 kB
CommitLimit:     4886216 kB
Committed_AS:   56472480 kB
VmallocTotal:   263061440 kB
VmallocUsed:       92040 kB
VmallocChunk:          0 kB
CmaTotal:         233472 kB
CmaFree:          141208 kB
system server
===========================
RssAnon:	   66012 kB
RssFile:	  324112 kB
RssShmem:	     688 kB
VmRSS:	  390812 kB
VmSwap:	       0 kB
===========================
angrybirds
===========================
RssAnon:	  532560 kB
RssFile:	  400620 kB
RssShmem:	   10216 kB
VmRSS:	  943396 kB
VmSwap:	       0 kB
===========================
===========================
Applications Memory Usage (in Kilobytes):
Uptime: 274127 Realtime: 274127

** MEMINFO in pid 6295 [com.rovio.baba] **
                   Pss  Private  Private     Swap     Heap     Heap     Heap
                 Total    Dirty    Clean    Dirty     Size    Alloc     Free
                ------   ------   ------   ------   ------   ------   ------
  Native Heap   115756   115668        0        0   128756   114049    14706
  Dalvik Heap    11198    11144        0        0    18083     9042     9041
 Dalvik Other     3452     3452        0        0                           
        Stack       92       92        0        0                           
       Ashmem     4950       64        0        0                           
      Gfx dev   147660   147660        0        0                           
    Other dev      432        0      432        0                           
     .so mmap    69166     5460    54384        0                           
    .jar mmap     2063       16      676        0                           
    .apk mmap    18774      180     4404        0                           
    .dex mmap    19897       92    18112        0                           
    .oat mmap      732        0        0        0                           
    .art mmap     3823     3436       20        0                           
   Other mmap    12265       48    11216        0                           
   EGL mtrack    29388    29388        0        0                           
    GL mtrack    40696    40696        0        0                           
      Unknown   376282   376276        0        0                           
        TOTAL   856626   733672    89244        0   146839   123091    23747
 
 App Summary
                       Pss(KB)
                        ------
           Java Heap:    14600
         Native Heap:   115668
                Code:    83324
               Stack:       92
            Graphics:   217744
       Private Other:   391488
              System:    33710
 
               TOTAL:   856626      TOTAL SWAP (KB):        0
 
 Objects
               Views:       19         ViewRootImpl:        1
         AppContexts:        9           Activities:        2
              Assets:       10        AssetManagers:        0
       Local Binders:       74        Proxy Binders:       44
       Parcel memory:       26         Parcel count:       87
    Death Recipients:        4      OpenSSL Sockets:       10
            WebViews:        5
 
 SQL
         MEMORY_USED:     1013
  PAGECACHE_OVERFLOW:      291          MALLOC_SIZE:      117
 
 DATABASES
      pgsz     dbsz   Lookaside(b)          cache  Dbname
         4       32             31         1/24/2  /data/user/0/com.rovio.baba/databases/com.google.android.datatransport.events
         4      168            109      231/41/24  /data/user/0/com.rovio.baba/no_backup/vungle_db
         4       76            109         9/44/7  /data/user/0/com.rovio.baba/databases/androidx.work.workdb
         4        8                         0/0/0    (attached) temp
         4       24             53         8/32/5  /data/user/0/com.rovio.baba/databases/com.microsoft.appcenter.persistence
===========================
