restarting adbd as root
		total        used        free      shared     buffers
Mem:             5447        2451        2995           3           1
-/+ buffers/cache:           2450        2996
Swap:            2047           0        2047
MemTotal:        5578140 kB
MemFree:         3067240 kB
MemAvailable:    3929612 kB
Buffers:            1284 kB
Cached:          1048812 kB
SwapCached:            0 kB
Active:           881836 kB
Inactive:         829772 kB
Active(anon):     774332 kB
Inactive(anon):     3668 kB
Active(file):     107504 kB
Inactive(file):   826104 kB
Unevictable:      113220 kB
Mlocked:          113220 kB
SwapTotal:       2097148 kB
SwapFree:        2097148 kB
Dirty:               600 kB
Writeback:             0 kB
AnonPages:        774704 kB
Mapped:          1023844 kB
Shmem:              3912 kB
Slab:             246824 kB
SReclaimable:      71872 kB
SUnreclaim:       174952 kB
KernelStack:       38192 kB
ShadowCallStack:    2392 kB
PageTables:        48508 kB
NFS_Unstable:          0 kB
Bounce:                0 kB
ION_heap:          92172 kB
ION_heap_pool:         0 kB
WritebackTmp:          0 kB
CommitLimit:     4886216 kB
Committed_AS:   55114160 kB
VmallocTotal:   263061440 kB
VmallocUsed:       89696 kB
VmallocChunk:          0 kB
CmaTotal:         233472 kB
CmaFree:          182272 kB
system server
===========================
RssAnon:	   77880 kB
RssFile:	  342980 kB
RssShmem:	     580 kB
VmRSS:	  421440 kB
VmSwap:	       0 kB
===========================
Starting: Intent { cmp=com.king.candycrushsaga/.CandyCrushSagaActivity }
Status: ok
LaunchState: COLD
Activity: com.king.candycrushsaga/.CandyCrushSagaActivity
TotalTime: 563
WaitTime: 564
Complete
end
		total        used        free      shared     buffers
Mem:             5447        3386        2060           9           4
-/+ buffers/cache:           3382        2064
Swap:            2047           0        2047
MemTotal:        5578140 kB
MemFree:         2110440 kB
MemAvailable:    3456348 kB
Buffers:            4104 kB
Cached:          1528240 kB
SwapCached:            0 kB
Active:          1268956 kB
Inactive:        1147236 kB
Active(anon):     996688 kB
Inactive(anon):     9156 kB
Active(file):     272268 kB
Inactive(file):  1138080 kB
Unevictable:      113860 kB
Mlocked:          113860 kB
SwapTotal:       2097148 kB
SwapFree:        2097148 kB
Dirty:               152 kB
Writeback:             0 kB
AnonPages:        997784 kB
Mapped:          1279020 kB
Shmem:              9404 kB
Slab:             259356 kB
SReclaimable:      84756 kB
SUnreclaim:       174600 kB
KernelStack:       40672 kB
ShadowCallStack:    2542 kB
PageTables:        52772 kB
NFS_Unstable:          0 kB
Bounce:                0 kB
ION_heap:         220184 kB
ION_heap_pool:     40992 kB
WritebackTmp:          0 kB
CommitLimit:     4886216 kB
Committed_AS:   55983160 kB
VmallocTotal:   263061440 kB
VmallocUsed:       92256 kB
VmallocChunk:          0 kB
CmaTotal:         233472 kB
CmaFree:          182956 kB
system server
===========================
RssAnon:	   78056 kB
RssFile:	  327084 kB
RssShmem:	     584 kB
VmRSS:	  405724 kB
VmSwap:	       0 kB
===========================
candycrush
===========================
RssAnon:	  135840 kB
RssFile:	  330868 kB
RssShmem:	    1112 kB
VmRSS:	  467820 kB
VmSwap:	       0 kB
===========================
===========================
Applications Memory Usage (in Kilobytes):
Uptime: 163387 Realtime: 163387

** MEMINFO in pid 6490 [com.king.candycrushsaga] **
                   Pss  Private  Private     Swap     Heap     Heap     Heap
                 Total    Dirty    Clean    Dirty     Size    Alloc     Free
                ------   ------   ------   ------   ------   ------   ------
  Native Heap    83333    83264        0        0   121452   114223     7228
  Dalvik Heap    23694    23640        0        0    32131    16066    16065
 Dalvik Other     3180     3180        0        0                           
        Stack      132      132        0        0                           
       Ashmem      222       64        0        0                           
      Gfx dev   104804   104804        0        0                           
    Other dev      360        0      360        0                           
     .so mmap    42402     2484    36744        0                           
    .jar mmap     1824        8      352        0                           
    .apk mmap    21988      180     3724        0                           
    .dex mmap    13269      136    10304        0                           
    .oat mmap      752        0        0        0                           
    .art mmap     3265     2896        8        0                           
   Other mmap     1399      100       76        0                           
   EGL mtrack    34376    34376        0        0                           
    GL mtrack     9188     9188        0        0                           
      Unknown     4120     4116        0        0                           
        TOTAL   348308   268568    51568        0   153583   130289    23293
 
 App Summary
                       Pss(KB)
                        ------
           Java Heap:    26544
         Native Heap:    83264
                Code:    53932
               Stack:      132
            Graphics:   148368
       Private Other:     7896
              System:    28172
 
               TOTAL:   348308      TOTAL SWAP (KB):        0
 
 Objects
               Views:       40         ViewRootImpl:        1
         AppContexts:        6           Activities:        1
              Assets:        9        AssetManagers:        0
       Local Binders:       93        Proxy Binders:       56
       Parcel memory:       39         Parcel count:      145
    Death Recipients:        5      OpenSSL Sockets:       15
            WebViews:        6
 
 SQL
         MEMORY_USED:      435
  PAGECACHE_OVERFLOW:       80          MALLOC_SIZE:      117
 
 DATABASES
      pgsz     dbsz   Lookaside(b)          cache  Dbname
         4       96            109         7/37/9  /data/user/0/com.king.candycrushsaga/no_backup/androidx.work.workdb
         4        8                         0/0/0    (attached) temp
         4       96             31         2/15/3  /data/user/0/com.king.candycrushsaga/no_backup/androidx.work.workdb (2)
===========================
		total        used        free      shared     buffers
Mem:             5447        3473        1974           9           4
-/+ buffers/cache:           3469        1978
Swap:            2047           0        2047
MemTotal:        5578140 kB
MemFree:         2022320 kB
MemAvailable:    3372564 kB
Buffers:            4104 kB
Cached:          1532356 kB
SwapCached:            0 kB
Active:          1298320 kB
Inactive:        1149604 kB
Active(anon):    1024312 kB
Inactive(anon):     9204 kB
Active(file):     274008 kB
Inactive(file):  1140400 kB
Unevictable:      113876 kB
Mlocked:          113876 kB
SwapTotal:       2097148 kB
SwapFree:        2097148 kB
Dirty:               264 kB
Writeback:             0 kB
AnonPages:       1025352 kB
Mapped:          1332528 kB
Shmem:              9460 kB
Slab:             260132 kB
SReclaimable:      85308 kB
SUnreclaim:       174824 kB
KernelStack:       41128 kB
ShadowCallStack:    2573 kB
PageTables:        52976 kB
NFS_Unstable:          0 kB
Bounce:                0 kB
ION_heap:         220188 kB
ION_heap_pool:     40992 kB
WritebackTmp:          0 kB
CommitLimit:     4886216 kB
Committed_AS:   56064484 kB
VmallocTotal:   263061440 kB
VmallocUsed:       92888 kB
VmallocChunk:          0 kB
CmaTotal:         233472 kB
CmaFree:          182956 kB
system server
===========================
RssAnon:	   70344 kB
RssFile:	  327084 kB
RssShmem:	     584 kB
VmRSS:	  398012 kB
VmSwap:	       0 kB
===========================
candycrush
===========================
RssAnon:	  159252 kB
RssFile:	  382728 kB
RssShmem:	    1176 kB
VmRSS:	  543156 kB
VmSwap:	       0 kB
===========================
===========================
Applications Memory Usage (in Kilobytes):
Uptime: 274784 Realtime: 274784

** MEMINFO in pid 6490 [com.king.candycrushsaga] **
                   Pss  Private  Private     Swap     Heap     Heap     Heap
                 Total    Dirty    Clean    Dirty     Size    Alloc     Free
                ------   ------   ------   ------   ------   ------   ------
  Native Heap   109745   109676        0        0   147392   142945     4446
  Dalvik Heap    20718    20664        0        0    31773    15887    15886
 Dalvik Other     3180     3180        0        0                           
        Stack      132      132        0        0                           
       Ashmem      252       64        0        0                           
      Gfx dev   155848   155848        0        0                           
    Other dev      360        0      360        0                           
     .so mmap    42848     2484    37192        0                           
    .jar mmap     1833        8      352        0                           
    .apk mmap    21988      180     3724        0                           
    .dex mmap    13468      136    10504        0                           
    .oat mmap      757        0        0        0                           
    .art mmap     3297     2912       20        0                           
   Other mmap     1431      112       76        0                           
   EGL mtrack    34376    34376        0        0                           
    GL mtrack    12712    12712        0        0                           
      Unknown     4292     4288        0        0                           
        TOTAL   427237   346772    52228        0   179165   158832    20332
 
 App Summary
                       Pss(KB)
                        ------
           Java Heap:    23596
         Native Heap:   109676
                Code:    54580
               Stack:      132
            Graphics:   202936
       Private Other:     8080
              System:    28237
 
               TOTAL:   427237      TOTAL SWAP (KB):        0
 
 Objects
               Views:       38         ViewRootImpl:        1
         AppContexts:        6           Activities:        1
              Assets:        9        AssetManagers:        0
       Local Binders:       93        Proxy Binders:       45
       Parcel memory:       43         Parcel count:      167
    Death Recipients:        5      OpenSSL Sockets:       20
            WebViews:        5
 
 SQL
         MEMORY_USED:      435
  PAGECACHE_OVERFLOW:       80          MALLOC_SIZE:      117
 
 DATABASES
      pgsz     dbsz   Lookaside(b)          cache  Dbname
         4       96            109         7/42/9  /data/user/0/com.king.candycrushsaga/no_backup/androidx.work.workdb
         4        8                         0/0/0    (attached) temp
         4       96             31         2/18/3  /data/user/0/com.king.candycrushsaga/no_backup/androidx.work.workdb (2)
===========================
