restarting adbd as root
		total        used        free      shared     buffers
Mem:             5447        2440        3007           3           1
-/+ buffers/cache:           2439        3008
Swap:            2047           0        2047
MemTotal:        5578140 kB
MemFree:         3079128 kB
MemAvailable:    3941972 kB
Buffers:            1280 kB
Cached:          1049456 kB
SwapCached:            0 kB
Active:           869644 kB
Inactive:         831400 kB
Active(anon):     763464 kB
Inactive(anon):     3688 kB
Active(file):     106180 kB
Inactive(file):   827712 kB
Unevictable:      113236 kB
Mlocked:          113236 kB
SwapTotal:       2097148 kB
SwapFree:        2097148 kB
Dirty:               368 kB
Writeback:             0 kB
AnonPages:        764052 kB
Mapped:          1021360 kB
Shmem:              3936 kB
Slab:             247140 kB
SReclaimable:      72244 kB
SUnreclaim:       174896 kB
KernelStack:       37824 kB
ShadowCallStack:    2373 kB
PageTables:        48016 kB
NFS_Unstable:          0 kB
Bounce:                0 kB
ION_heap:          87528 kB
ION_heap_pool:         0 kB
WritebackTmp:          0 kB
CommitLimit:     4886216 kB
Committed_AS:   54400612 kB
VmallocTotal:   263061440 kB
VmallocUsed:       89388 kB
VmallocChunk:          0 kB
CmaTotal:         233472 kB
CmaFree:          178408 kB
system server
===========================
RssAnon:	   71348 kB
RssFile:	  343512 kB
RssShmem:	     572 kB
VmRSS:	  415432 kB
VmSwap:	       0 kB
===========================
Starting: Intent { cmp=com.android.chrome/com.google.android.apps.chrome.Main }
Status: ok
LaunchState: COLD
Activity: com.android.chrome/com.google.android.apps.chrome.Main
TotalTime: 310
WaitTime: 312
Complete
end
		total        used        free      shared     buffers
Mem:             5447        3193        2253          22           4
-/+ buffers/cache:           3189        2257
Swap:            2047           0        2047
MemTotal:        5578140 kB
MemFree:         2307448 kB
MemAvailable:    3548840 kB
Buffers:            4152 kB
Cached:          1438028 kB
SwapCached:            0 kB
Active:          1097624 kB
Inactive:        1147316 kB
Active(anon):     918136 kB
Inactive(anon):    20112 kB
Active(file):     179488 kB
Inactive(file):  1127204 kB
Unevictable:      113832 kB
Mlocked:          113832 kB
SwapTotal:       2097148 kB
SwapFree:        2097148 kB
Dirty:               148 kB
Writeback:             0 kB
AnonPages:        916612 kB
Mapped:          1189612 kB
Shmem:             22880 kB
Slab:             256336 kB
SReclaimable:      83412 kB
SUnreclaim:       172924 kB
KernelStack:       38592 kB
ShadowCallStack:    2414 kB
PageTables:        51516 kB
NFS_Unstable:          0 kB
Bounce:                0 kB
ION_heap:         161276 kB
ION_heap_pool:     31324 kB
WritebackTmp:          0 kB
CommitLimit:     4886216 kB
Committed_AS:   56355600 kB
VmallocTotal:   263061440 kB
VmallocUsed:       90272 kB
VmallocChunk:          0 kB
CmaTotal:         233472 kB
CmaFree:          178792 kB
system server
===========================
RssAnon:	   77460 kB
RssFile:	  325268 kB
RssShmem:	     576 kB
VmRSS:	  403304 kB
VmSwap:	       0 kB
===========================
chrome
===========================
RssAnon:	   49708 kB
RssFile:	  158680 kB
RssShmem:	    3256 kB
VmRSS:	  211644 kB
VmSwap:	       0 kB
===========================
===========================
Applications Memory Usage (in Kilobytes):
Uptime: 163177 Realtime: 163177

** MEMINFO in pid 6283 [com.android.chrome] **
                   Pss  Private  Private     Swap     Heap     Heap     Heap
                 Total    Dirty    Clean    Dirty     Size    Alloc     Free
                ------   ------   ------   ------   ------   ------   ------
  Native Heap    12610    12328        0        0    19940    17312     2627
  Dalvik Heap     7687     7376        0        0     8169     4085     4084
 Dalvik Other     1872     1864        0        0                           
        Stack       44       44        0        0                           
       Ashmem     1714      416        0        0                           
      Gfx dev     1288     1288        0        0                           
    Other dev      144        0      144        0                           
     .so mmap    10041       56     2308        0                           
    .jar mmap     1369        0        0        0                           
    .apk mmap    28747      220    13900        0                           
    .ttf mmap      405        0      332        0                           
    .dex mmap     3904       32     3156        0                           
    .oat mmap     5051        0     1832        0                           
    .art mmap     2931     1344        0        0                           
   Other mmap     3591       20     2788        0                           
   EGL mtrack    29388    29388        0        0                           
    GL mtrack     6884     6884        0        0                           
      Unknown    11853    11796        0        0                           
        TOTAL   129523    73056    24460        0    28109    21397     6711
 
 App Summary
                       Pss(KB)
                        ------
           Java Heap:     8720
         Native Heap:    12328
                Code:    21836
               Stack:       44
            Graphics:    37560
       Private Other:    17028
              System:    32007
 
               TOTAL:   129523      TOTAL SWAP (KB):        0
 
 Objects
               Views:      151         ViewRootImpl:        1
         AppContexts:        6           Activities:        1
              Assets:       10        AssetManagers:        0
       Local Binders:       86        Proxy Binders:       71
       Parcel memory:       16         Parcel count:       67
    Death Recipients:        9      OpenSSL Sockets:        1
            WebViews:        0
 
 SQL
         MEMORY_USED:        0
  PAGECACHE_OVERFLOW:        0          MALLOC_SIZE:        0
 
===========================
		total        used        free      shared     buffers
Mem:             5447        3646        1801          26           6
-/+ buffers/cache:           3640        1807
Swap:            2047           0        2047
MemTotal:        5578140 kB
MemFree:         1844332 kB
MemAvailable:    3286368 kB
Buffers:            6200 kB
Cached:          1629356 kB
SwapCached:            0 kB
Active:          1349516 kB
Inactive:        1239016 kB
Active(anon):    1068356 kB
Inactive(anon):    23868 kB
Active(file):     281160 kB
Inactive(file):  1215148 kB
Unevictable:      113848 kB
Mlocked:          113848 kB
SwapTotal:       2097148 kB
SwapFree:        2097148 kB
Dirty:              7964 kB
Writeback:             0 kB
AnonPages:       1067016 kB
Mapped:          1236976 kB
Shmem:             26640 kB
Slab:             273152 kB
SReclaimable:      95720 kB
SUnreclaim:       177432 kB
KernelStack:       38368 kB
ShadowCallStack:    2403 kB
PageTables:        52560 kB
NFS_Unstable:          0 kB
Bounce:                0 kB
ION_heap:         161276 kB
ION_heap_pool:     31324 kB
WritebackTmp:          0 kB
CommitLimit:     4886216 kB
Committed_AS:   56645656 kB
VmallocTotal:   263061440 kB
VmallocUsed:       90140 kB
VmallocChunk:          0 kB
CmaTotal:         233472 kB
CmaFree:          178728 kB
system server
===========================
RssAnon:	   88360 kB
RssFile:	  325524 kB
RssShmem:	     600 kB
VmRSS:	  414484 kB
VmSwap:	       0 kB
===========================
chrome
===========================
RssAnon:	   65088 kB
RssFile:	  189356 kB
RssShmem:	    3128 kB
VmRSS:	  257572 kB
VmSwap:	       0 kB
===========================
===========================
Applications Memory Usage (in Kilobytes):
Uptime: 549687 Realtime: 549687

** MEMINFO in pid 6283 [com.android.chrome] **
                   Pss  Private  Private     Swap     Heap     Heap     Heap
                 Total    Dirty    Clean    Dirty     Size    Alloc     Free
                ------   ------   ------   ------   ------   ------   ------
  Native Heap    20342    20072        0        0    26868    24800     2067
  Dalvik Heap     8019     7708        0        0     8561     4281     4280
 Dalvik Other     1712     1704        0        0                           
        Stack       44       44        0        0                           
       Ashmem     1820      352        0        0                           
      Gfx dev    29456    29456        0        0                           
    Other dev      144        0      144        0                           
     .so mmap    10157       60     2316        0                           
    .jar mmap     1442        0        0        0                           
    .apk mmap    28978      220    14064        0                           
    .ttf mmap      405        0      332        0                           
    .dex mmap     3904       32     3156        0                           
    .oat mmap     5083        0     1832        0                           
    .art mmap     2987     1380       16        0                           
   Other mmap     4231      516     2924        0                           
   EGL mtrack    29388    29388        0        0                           
    GL mtrack     6200     6200        0        0                           
      Unknown    19557    19500        0        0                           
        TOTAL   173869   116632    24784        0    35429    29081     6347
 
 App Summary
                       Pss(KB)
                        ------
           Java Heap:     9104
         Native Heap:    20072
                Code:    22012
               Stack:       44
            Graphics:    65044
       Private Other:    25140
              System:    32453
 
               TOTAL:   173869      TOTAL SWAP (KB):        0
 
 Objects
               Views:      153         ViewRootImpl:        1
         AppContexts:        6           Activities:        1
              Assets:       10        AssetManagers:        0
       Local Binders:      377        Proxy Binders:       53
       Parcel memory:       15         Parcel count:       62
    Death Recipients:        6      OpenSSL Sockets:        0
            WebViews:        0
 
 SQL
         MEMORY_USED:        0
  PAGECACHE_OVERFLOW:        0          MALLOC_SIZE:        0
 
===========================
