restarting adbd as root
		total        used        free      shared     buffers
Mem:             5447        2426        3020           3           1
-/+ buffers/cache:           2425        3021
Swap:            2047           0        2047
MemTotal:        5578140 kB
MemFree:         3093052 kB
MemAvailable:    3947528 kB
Buffers:            1128 kB
Cached:          1040768 kB
SwapCached:            0 kB
Active:           865392 kB
Inactive:         822116 kB
Active(anon):     758396 kB
Inactive(anon):     3648 kB
Active(file):     106996 kB
Inactive(file):   818468 kB
Unevictable:      113176 kB
Mlocked:          113220 kB
SwapTotal:       2097148 kB
SwapFree:        2097148 kB
Dirty:               328 kB
Writeback:             0 kB
AnonPages:        758956 kB
Mapped:          1017896 kB
Shmem:              3884 kB
Slab:             247340 kB
SReclaimable:      72372 kB
SUnreclaim:       174968 kB
KernelStack:       37824 kB
ShadowCallStack:    2369 kB
PageTables:        48716 kB
NFS_Unstable:          0 kB
Bounce:                0 kB
ION_heap:          92172 kB
ION_heap_pool:         0 kB
WritebackTmp:          0 kB
CommitLimit:     4886216 kB
Committed_AS:   54437320 kB
VmallocTotal:   263061440 kB
VmallocUsed:       89292 kB
VmallocChunk:          0 kB
CmaTotal:         233472 kB
CmaFree:          182272 kB
system server
===========================
RssAnon:	   75888 kB
RssFile:	  342864 kB
RssShmem:	     628 kB
VmRSS:	  419380 kB
VmSwap:	       0 kB
===========================
Starting: Intent { cmp=com.supercell.clashroyale/com.supercell.titan.GameApp }
Status: ok
LaunchState: COLD
Activity: com.supercell.clashroyale/com.supercell.titan.GameApp
TotalTime: 596
WaitTime: 596
Complete
end
		total        used        free      shared     buffers
Mem:             5447        3601        1846           8           3
-/+ buffers/cache:           3597        1850
Swap:            2047           0        2047
MemTotal:        5578140 kB
MemFree:         1890496 kB
MemAvailable:    3380604 kB
Buffers:            3984 kB
Cached:          1672828 kB
SwapCached:            0 kB
Active:          1121436 kB
Inactive:        1390976 kB
Active(anon):     948452 kB
Inactive(anon):     8188 kB
Active(file):     172984 kB
Inactive(file):  1382788 kB
Unevictable:      113780 kB
Mlocked:          113824 kB
SwapTotal:       2097148 kB
SwapFree:        2097148 kB
Dirty:               528 kB
Writeback:             0 kB
AnonPages:        949440 kB
Mapped:          1393876 kB
Shmem:              8488 kB
Slab:             255708 kB
SReclaimable:      82652 kB
SUnreclaim:       173056 kB
KernelStack:       38944 kB
ShadowCallStack:    2436 kB
PageTables:        51296 kB
NFS_Unstable:          0 kB
Bounce:                0 kB
ION_heap:         136336 kB
ION_heap_pool:     28444 kB
WritebackTmp:          0 kB
CommitLimit:     4886216 kB
Committed_AS:   55116292 kB
VmallocTotal:   263061440 kB
VmallocUsed:       91016 kB
VmallocChunk:          0 kB
CmaTotal:         233472 kB
CmaFree:          182956 kB
system server
===========================
RssAnon:	   78940 kB
RssFile:	  324556 kB
RssShmem:	     632 kB
VmRSS:	  404128 kB
VmSwap:	       0 kB
===========================
clashroyale
===========================
RssAnon:	  135680 kB
RssFile:	  459616 kB
RssShmem:	     392 kB
VmRSS:	  595688 kB
VmSwap:	       0 kB
===========================
===========================
Applications Memory Usage (in Kilobytes):
Uptime: 163554 Realtime: 163554

** MEMINFO in pid 6412 [com.supercell.clashroyale] **
                   Pss  Private  Private     Swap     Heap     Heap     Heap
                 Total    Dirty    Clean    Dirty     Size    Alloc     Free
                ------   ------   ------   ------   ------   ------   ------
  Native Heap    93263    93188        0        0   130084   118044    12039
  Dalvik Heap    14969    14912        0        0     7599     3800     3799
 Dalvik Other     1090     1088        0        0                           
        Stack       48       48        0        0                           
       Ashmem      132      128        0        0                           
      Gfx dev   295448   295448        0        0                           
    Other dev      116        0      116        0                           
     .so mmap    23304     1560    19224        0                           
    .jar mmap     1119        0        4        0                           
    .apk mmap    20980      180    13676        0                           
    .ttf mmap       85        0        0        0                           
    .dex mmap    10032       20     9044        0                           
    .oat mmap      753        0        0        0                           
    .art mmap     3941     3548       16        0                           
   Other mmap     1311       12      856        0                           
   EGL mtrack    48980    48980        0        0                           
    GL mtrack    32468    32468        0        0                           
      Unknown     2349     2344        0        0                           
        TOTAL   550388   493924    42936        0   137683   121844    15838
 
 App Summary
                       Pss(KB)
                        ------
           Java Heap:    18476
         Native Heap:    93188
                Code:    43708
               Stack:       48
            Graphics:   376896
       Private Other:     4544
              System:    13528
 
               TOTAL:   550388      TOTAL SWAP (KB):        0
 
 Objects
               Views:        8         ViewRootImpl:        1
         AppContexts:        5           Activities:        1
              Assets:        9        AssetManagers:        0
       Local Binders:       40        Proxy Binders:       53
       Parcel memory:       16         Parcel count:       65
    Death Recipients:        4      OpenSSL Sockets:        5
            WebViews:        1
 
 SQL
         MEMORY_USED:     1023
  PAGECACHE_OVERFLOW:      157          MALLOC_SIZE:      117
 
 DATABASES
      pgsz     dbsz   Lookaside(b)          cache  Dbname
         4       56             54         5/16/2  /data/user/0/com.supercell.clashroyale/databases/__hs__db_issues
         4       16             32         1/16/2  /data/user/0/com.supercell.clashroyale/databases/__hs_log_store
         4       20             43        35/18/4  /data/user/0/com.supercell.clashroyale/databases/__hs__db_key_values
         4       28             57         6/19/5  /data/user/0/com.supercell.clashroyale/databases/google_analytics_v4.db
         4       28             64        82/23/7  /data/user/0/com.supercell.clashroyale/databases/__hs__db_support_key_values
         4       40            109        16/21/7  /data/user/0/com.supercell.clashroyale/databases/__hs_db_helpshift_users
===========================
		total        used        free      shared     buffers
Mem:             5447        3717        1730           8           3
-/+ buffers/cache:           3713        1734
Swap:            2047           0        2047
MemTotal:        5578140 kB
MemFree:         1771768 kB
MemAvailable:    3327188 kB
Buffers:            3984 kB
Cached:          1738076 kB
SwapCached:            0 kB
Active:          1121776 kB
Inactive:        1455316 kB
Active(anon):     947884 kB
Inactive(anon):     8188 kB
Active(file):     173892 kB
Inactive(file):  1447128 kB
Unevictable:      113792 kB
Mlocked:          113836 kB
SwapTotal:       2097148 kB
SwapFree:        2097148 kB
Dirty:                88 kB
Writeback:             0 kB
AnonPages:        949104 kB
Mapped:          1452072 kB
Shmem:              8492 kB
Slab:             255648 kB
SReclaimable:      82784 kB
SUnreclaim:       172864 kB
KernelStack:       38736 kB
ShadowCallStack:    2421 kB
PageTables:        51572 kB
NFS_Unstable:          0 kB
Bounce:                0 kB
ION_heap:         136336 kB
ION_heap_pool:     28444 kB
WritebackTmp:          0 kB
CommitLimit:     4886216 kB
Committed_AS:   55114348 kB
VmallocTotal:   263061440 kB
VmallocUsed:       90964 kB
VmallocChunk:          0 kB
CmaTotal:         233472 kB
CmaFree:          182956 kB
system server
===========================
RssAnon:	   70908 kB
RssFile:	  324556 kB
RssShmem:	     632 kB
VmRSS:	  396096 kB
VmSwap:	       0 kB
===========================
clashroyale
===========================
RssAnon:	  144164 kB
RssFile:	  516456 kB
RssShmem:	     396 kB
VmRSS:	  661016 kB
VmSwap:	       0 kB
===========================
===========================
Applications Memory Usage (in Kilobytes):
Uptime: 324400 Realtime: 324400

** MEMINFO in pid 6412 [com.supercell.clashroyale] **
                   Pss  Private  Private     Swap     Heap     Heap     Heap
                 Total    Dirty    Clean    Dirty     Size    Alloc     Free
                ------   ------   ------   ------   ------   ------   ------
  Native Heap   112919   112844        0        0   146196   139687     6508
  Dalvik Heap     3599     3544        0        0     6945     3473     3472
 Dalvik Other      944      944        0        0                           
        Stack       48       48        0        0                           
       Ashmem      132      128        0        0                           
      Gfx dev   351488   351488        0        0                           
    Other dev      116        0      116        0                           
     .so mmap    23348     1560    19268        0                           
    .jar mmap     1118        0        4        0                           
    .apk mmap    22051      180    14488        0                           
    .ttf mmap       85        0        0        0                           
    .dex mmap    10032       20     9044        0                           
    .oat mmap      758        0        0        0                           
    .art mmap     3985     3576       28        0                           
   Other mmap     1311       12      856        0                           
   EGL mtrack    48980    48980        0        0                           
    GL mtrack    30324    30324        0        0                           
      Unknown     2361     2356        0        0                           
        TOTAL   613599   556004    43804        0   153141   143160     9980
 
 App Summary
                       Pss(KB)
                        ------
           Java Heap:     7148
         Native Heap:   112844
                Code:    44564
               Stack:       48
            Graphics:   430792
       Private Other:     4412
              System:    13791
 
               TOTAL:   613599      TOTAL SWAP (KB):        0
 
 Objects
               Views:        8         ViewRootImpl:        1
         AppContexts:        5           Activities:        1
              Assets:       14        AssetManagers:        0
       Local Binders:       40        Proxy Binders:       40
       Parcel memory:       16         Parcel count:       65
    Death Recipients:        4      OpenSSL Sockets:        1
            WebViews:        1
 
 SQL
         MEMORY_USED:     1023
  PAGECACHE_OVERFLOW:      157          MALLOC_SIZE:      117
 
 DATABASES
      pgsz     dbsz   Lookaside(b)          cache  Dbname
         4       56             54         5/19/2  /data/user/0/com.supercell.clashroyale/databases/__hs__db_issues
         4       16             32         1/19/2  /data/user/0/com.supercell.clashroyale/databases/__hs_log_store
         4       20             43        35/21/4  /data/user/0/com.supercell.clashroyale/databases/__hs__db_key_values
         4       28             57         6/22/5  /data/user/0/com.supercell.clashroyale/databases/google_analytics_v4.db
         4       28             64        82/26/7  /data/user/0/com.supercell.clashroyale/databases/__hs__db_support_key_values
         4       40            109        16/24/7  /data/user/0/com.supercell.clashroyale/databases/__hs_db_helpshift_users
===========================
