restarting adbd as root
		total        used        free      shared     buffers
Mem:             5447        2443        3004           3           1
-/+ buffers/cache:           2441        3005
Swap:            2047           0        2047
MemTotal:        5578140 kB
MemFree:         3076236 kB
MemAvailable:    3934540 kB
Buffers:            1276 kB
Cached:          1044648 kB
SwapCached:            0 kB
Active:           869504 kB
Inactive:         837860 kB
Active(anon):     774288 kB
Inactive(anon):     3680 kB
Active(file):      95216 kB
Inactive(file):   834180 kB
Unevictable:      113220 kB
Mlocked:          113220 kB
SwapTotal:       2097148 kB
SwapFree:        2097148 kB
Dirty:               432 kB
Writeback:             0 kB
AnonPages:        774836 kB
Mapped:          1022816 kB
Shmem:              3920 kB
Slab:             246212 kB
SReclaimable:      72160 kB
SUnreclaim:       174052 kB
KernelStack:       37824 kB
ShadowCallStack:    2368 kB
PageTables:        47920 kB
NFS_Unstable:          0 kB
Bounce:                0 kB
ION_heap:          87528 kB
ION_heap_pool:         0 kB
WritebackTmp:          0 kB
CommitLimit:     4886216 kB
Committed_AS:   54385960 kB
VmallocTotal:   263061440 kB
VmallocUsed:       89292 kB
VmallocChunk:          0 kB
CmaTotal:         233472 kB
CmaFree:          182272 kB
system server
===========================
RssAnon:	   79440 kB
RssFile:	  342608 kB
RssShmem:	     572 kB
VmRSS:	  422620 kB
VmSwap:	       0 kB
===========================
Starting: Intent { cmp=com.google.android.gm/.ConversationListActivityGmail }
Status: ok
LaunchState: COLD
Activity: com.google.android.gm/.ConversationListActivityGmail
TotalTime: 534
WaitTime: 536
Complete
end
		total        used        free      shared     buffers
Mem:             5447        2958        2488           8           4
-/+ buffers/cache:           2954        2492
Swap:            2047           0        2047
MemTotal:        5578140 kB
MemFree:         2548760 kB
MemAvailable:    3718604 kB
Buffers:            4108 kB
Cached:          1353000 kB
SwapCached:            0 kB
Active:          1036768 kB
Inactive:        1085844 kB
Active(anon):     878400 kB
Inactive(anon):     8508 kB
Active(file):     158368 kB
Inactive(file):  1077336 kB
Unevictable:      113836 kB
Mlocked:          113836 kB
SwapTotal:       2097148 kB
SwapFree:        2097148 kB
Dirty:               280 kB
Writeback:             0 kB
AnonPages:        879496 kB
Mapped:          1115120 kB
Shmem:              8812 kB
Slab:             256460 kB
SReclaimable:      82288 kB
SUnreclaim:       174172 kB
KernelStack:       38848 kB
ShadowCallStack:    2430 kB
PageTables:        50404 kB
NFS_Unstable:          0 kB
Bounce:                0 kB
ION_heap:         156372 kB
ION_heap_pool:     53228 kB
WritebackTmp:          0 kB
CommitLimit:     4886216 kB
Committed_AS:   56207656 kB
VmallocTotal:   263061440 kB
VmallocUsed:       90300 kB
VmallocChunk:          0 kB
CmaTotal:         233472 kB
CmaFree:          182272 kB
system server
===========================
RssAnon:	   72972 kB
RssFile:	  326536 kB
RssShmem:	     576 kB
VmRSS:	  400084 kB
VmSwap:	       0 kB
===========================
gmail
===========================
RssAnon:	   89420 kB
RssFile:	  230152 kB
RssShmem:	    1008 kB
VmRSS:	  320580 kB
VmSwap:	       0 kB
===========================
===========================
Applications Memory Usage (in Kilobytes):
Uptime: 163430 Realtime: 163430

** MEMINFO in pid 6285 [com.google.android.gm] **
                   Pss  Private  Private     Swap     Heap     Heap     Heap
                 Total    Dirty    Clean    Dirty     Size    Alloc     Free
                ------   ------   ------   ------   ------   ------   ------
  Native Heap    34439    34372        0        0    51340    36006    15333
  Dalvik Heap    18284    18232        0        0    17921     8961     8960
 Dalvik Other     3687     3684        0        0                           
        Stack       72       72        0        0                           
       Ashmem      130      128        0        0                           
      Gfx dev     2860     2860        0        0                           
    Other dev       80        0       80        0                           
     .so mmap     2741       56        0        0                           
    .jar mmap     1769        0        0        0                           
    .apk mmap    28557      404    14868        0                           
    .ttf mmap      924        0      448        0                           
    .dex mmap    52160       88    48632        0                           
    .oat mmap      739        0        0        0                           
    .art mmap    12224    11816       64        0                           
   Other mmap     2948      148     1192        0                           
   EGL mtrack    29388    29388        0        0                           
    GL mtrack    18076    18076        0        0                           
      Unknown     3005     3000        0        0                           
        TOTAL   212083   122324    65284        0    69261    44967    24293
 
 App Summary
                       Pss(KB)
                        ------
           Java Heap:    30112
         Native Heap:    34372
                Code:    64496
               Stack:       72
            Graphics:    50324
       Private Other:     8232
              System:    24475
 
               TOTAL:   212083      TOTAL SWAP (KB):        0
 
 Objects
               Views:      444         ViewRootImpl:        1
         AppContexts:        9           Activities:        1
              Assets:       13        AssetManagers:        0
       Local Binders:       89        Proxy Binders:       76
       Parcel memory:       26         Parcel count:      108
    Death Recipients:        9      OpenSSL Sockets:        0
            WebViews:        0
 
 SQL
         MEMORY_USED:     3616
  PAGECACHE_OVERFLOW:     1833          MALLOC_SIZE:      117
 
 DATABASES
      pgsz     dbsz   Lookaside(b)          cache  Dbname
         4      188             30         2/53/3  /data/user/0/com.google.android.gm/databases/user_accounts/jyprooted@gmail.com/dynamite.db
         4      188            109         5/17/4  /data/user/0/com.google.android.gm/databases/user_accounts/jyprooted@gmail.com/dynamite.db (1)
         4       96             71      77/103/25  /data/user/0/com.google.android.gm/no_backup/androidx.work.workdb
         4        8                         0/0/0    (attached) temp
         4       96             51         4/17/5  /data/user/0/com.google.android.gm/no_backup/androidx.work.workdb (2)
         4     1660            106     957/358/25  /data/user/0/com.google.android.gm/databases/bigTopDataDB.-1290438477
         4       32             16         0/15/1  /data/user/0/com.google.android.gm/databases/EmailProviderBody.db
         4      308            109       20/35/19  /data/user/0/com.google.android.gm/databases/EmailProvider.db
         4       32                         0/0/0    (attached) BodyDatabase: /data/user/0/com.google.android.gm/databases/EmailProviderBody.db
         4      124             22         0/19/2  /data/user/0/com.google.android.gm/databases/peopleCache_jyprooted@gmail.com_com.google_11.db
         4        8                         0/0/0    (attached) temp
         4      124             47         2/15/3  /data/user/0/com.google.android.gm/databases/peopleCache_jyprooted@gmail.com_com.google_11.db (2)
 
 Asset Allocations
    : 136K
===========================
		total        used        free      shared     buffers
Mem:             5447        2938        2508           8           4
-/+ buffers/cache:           2934        2512
Swap:            2047           0        2047
MemTotal:        5578140 kB
MemFree:         2568736 kB
MemAvailable:    3739812 kB
Buffers:            4108 kB
Cached:          1354216 kB
SwapCached:            0 kB
Active:          1016916 kB
Inactive:        1086704 kB
Active(anon):     858192 kB
Inactive(anon):     8492 kB
Active(file):     158724 kB
Inactive(file):  1078212 kB
Unevictable:      113836 kB
Mlocked:          113836 kB
SwapTotal:       2097148 kB
SwapFree:        2097148 kB
Dirty:                16 kB
Writeback:             0 kB
AnonPages:        859120 kB
Mapped:          1115992 kB
Shmem:              8796 kB
Slab:             255908 kB
SReclaimable:      82284 kB
SUnreclaim:       173624 kB
KernelStack:       38500 kB
ShadowCallStack:    2407 kB
PageTables:        49532 kB
NFS_Unstable:          0 kB
Bounce:                0 kB
ION_heap:         156372 kB
ION_heap_pool:     53228 kB
WritebackTmp:          0 kB
CommitLimit:     4886216 kB
Committed_AS:   54961908 kB
VmallocTotal:   263061440 kB
VmallocUsed:       90040 kB
VmallocChunk:          0 kB
CmaTotal:         233472 kB
CmaFree:          182272 kB
system server
===========================
RssAnon:	   73012 kB
RssFile:	  326536 kB
RssShmem:	     576 kB
VmRSS:	  400124 kB
VmSwap:	       0 kB
===========================
gmail
===========================
RssAnon:	   77528 kB
RssFile:	  230312 kB
RssShmem:	    1012 kB
VmRSS:	  308852 kB
VmSwap:	       0 kB
===========================
===========================
Applications Memory Usage (in Kilobytes):
Uptime: 183743 Realtime: 183743

** MEMINFO in pid 6285 [com.google.android.gm] **
                   Pss  Private  Private     Swap     Heap     Heap     Heap
                 Total    Dirty    Clean    Dirty     Size    Alloc     Free
                ------   ------   ------   ------   ------   ------   ------
  Native Heap    31797    31728        0        0    47728    35920    11807
  Dalvik Heap     9414     9360        0        0    17761     8881     8880
 Dalvik Other     3429     3428        0        0                           
        Stack       72       72        0        0                           
       Ashmem      130      128        0        0                           
      Gfx dev     2864     2864        0        0                           
    Other dev       80        0       80        0                           
     .so mmap     2765       56        0        0                           
    .jar mmap     1784        0        0        0                           
    .apk mmap    28579      404    14868        0                           
    .ttf mmap      924        0      448        0                           
    .dex mmap    52161       88    48632        0                           
    .oat mmap      747        0        0        0                           
    .art mmap    12263    11828       76        0                           
   Other mmap     2948      148     1192        0                           
   EGL mtrack    29388    29388        0        0                           
    GL mtrack    18072    18072        0        0                           
      Unknown     2957     2952        0        0                           
        TOTAL   200374   110516    65296        0    65489    44801    20687
 
 App Summary
                       Pss(KB)
                        ------
           Java Heap:    21264
         Native Heap:    31728
                Code:    64496
               Stack:       72
            Graphics:    50324
       Private Other:     7928
              System:    24562
 
               TOTAL:   200374      TOTAL SWAP (KB):        0
 
 Objects
               Views:      444         ViewRootImpl:        1
         AppContexts:        9           Activities:        1
              Assets:       13        AssetManagers:        0
       Local Binders:       89        Proxy Binders:       56
       Parcel memory:       26         Parcel count:      104
    Death Recipients:        9      OpenSSL Sockets:        0
            WebViews:        0
 
 SQL
         MEMORY_USED:     3601
  PAGECACHE_OVERFLOW:     1818          MALLOC_SIZE:      117
 
 DATABASES
      pgsz     dbsz   Lookaside(b)          cache  Dbname
         4      188             30         2/56/3  /data/user/0/com.google.android.gm/databases/user_accounts/jyprooted@gmail.com/dynamite.db
         4      188            109         5/20/4  /data/user/0/com.google.android.gm/databases/user_accounts/jyprooted@gmail.com/dynamite.db (1)
         4       96             71      77/108/25  /data/user/0/com.google.android.gm/no_backup/androidx.work.workdb
         4        8                         0/0/0    (attached) temp
         4       96             51         4/20/5  /data/user/0/com.google.android.gm/no_backup/androidx.work.workdb (2)
         4     1660            106     957/361/25  /data/user/0/com.google.android.gm/databases/bigTopDataDB.-1290438477
         4       32             16         0/18/1  /data/user/0/com.google.android.gm/databases/EmailProviderBody.db
         4      308            109       20/40/19  /data/user/0/com.google.android.gm/databases/EmailProvider.db
         4       32                         0/0/0    (attached) BodyDatabase: /data/user/0/com.google.android.gm/databases/EmailProviderBody.db
         4      124             22         0/24/2  /data/user/0/com.google.android.gm/databases/peopleCache_jyprooted@gmail.com_com.google_11.db
         4        8                         0/0/0    (attached) temp
         4      124             47         2/18/3  /data/user/0/com.google.android.gm/databases/peopleCache_jyprooted@gmail.com_com.google_11.db (2)
 
 Asset Allocations
    : 136K
===========================
