restarting adbd as root
		total        used        free      shared     buffers
Mem:             5447        2450        2997           3           1
-/+ buffers/cache:           2449        2998
Swap:            2047           0        2047
MemTotal:        5578140 kB
MemFree:         3069204 kB
MemAvailable:    3930440 kB
Buffers:            1024 kB
Cached:          1048336 kB
SwapCached:            0 kB
Active:           863160 kB
Inactive:         848696 kB
Active(anon):     775480 kB
Inactive(anon):     3648 kB
Active(file):      87680 kB
Inactive(file):   845048 kB
Unevictable:      113208 kB
Mlocked:          113224 kB
SwapTotal:       2097148 kB
SwapFree:        2097148 kB
Dirty:               256 kB
Writeback:             0 kB
AnonPages:        775956 kB
Mapped:          1038444 kB
Shmem:              3896 kB
Slab:             245788 kB
SReclaimable:      71368 kB
SUnreclaim:       174420 kB
KernelStack:       38196 kB
ShadowCallStack:    2388 kB
PageTables:        48244 kB
NFS_Unstable:          0 kB
Bounce:                0 kB
ION_heap:          92172 kB
ION_heap_pool:         0 kB
WritebackTmp:          0 kB
CommitLimit:     4886216 kB
Committed_AS:   55654596 kB
VmallocTotal:   263061440 kB
VmallocUsed:       89664 kB
VmallocChunk:          0 kB
CmaTotal:         233472 kB
CmaFree:          182272 kB
system server
===========================
RssAnon:	   81220 kB
RssFile:	  343364 kB
RssShmem:	     620 kB
VmRSS:	  425204 kB
VmSwap:	       0 kB
===========================
Starting: Intent { cmp=com.google.android.apps.maps/com.google.android.maps.MapsActivity }
Status: ok
LaunchState: COLD
Activity: com.google.android.apps.maps/com.google.android.maps.MapsActivity
TotalTime: 589
WaitTime: 591
Complete
end
		total        used        free      shared     buffers
Mem:             5447        3053        2394           8           3
-/+ buffers/cache:           3049        2398
Swap:            2047           0        2047
MemTotal:        5578140 kB
MemFree:         2451396 kB
MemAvailable:    3654908 kB
Buffers:            3980 kB
Cached:          1386752 kB
SwapCached:            0 kB
Active:          1068752 kB
Inactive:        1124852 kB
Active(anon):     915784 kB
Inactive(anon):     8180 kB
Active(file):     152968 kB
Inactive(file):  1116672 kB
Unevictable:      113820 kB
Mlocked:          113836 kB
SwapTotal:       2097148 kB
SwapFree:        2097148 kB
Dirty:               980 kB
Writeback:             0 kB
AnonPages:        916836 kB
Mapped:          1148768 kB
Shmem:              8484 kB
Slab:             253916 kB
SReclaimable:      81732 kB
SUnreclaim:       172184 kB
KernelStack:       39072 kB
ShadowCallStack:    2446 kB
PageTables:        49960 kB
NFS_Unstable:          0 kB
Bounce:                0 kB
ION_heap:         141508 kB
ION_heap_pool:       960 kB
WritebackTmp:          0 kB
CommitLimit:     4886216 kB
Committed_AS:   55529184 kB
VmallocTotal:   263061440 kB
VmallocUsed:       90576 kB
VmallocChunk:          0 kB
CmaTotal:         233472 kB
CmaFree:          182272 kB
system server
===========================
RssAnon:	   76280 kB
RssFile:	  326136 kB
RssShmem:	     636 kB
VmRSS:	  403052 kB
VmSwap:	       0 kB
===========================
googlemaps
===========================
RssAnon:	  120580 kB
RssFile:	  268196 kB
RssShmem:	     376 kB
VmRSS:	  389152 kB
VmSwap:	       0 kB
===========================
===========================
Applications Memory Usage (in Kilobytes):
Uptime: 164716 Realtime: 164716

** MEMINFO in pid 5923 [com.google.android.apps.maps] **
                   Pss  Private  Private     Swap     Heap     Heap     Heap
                 Total    Dirty    Clean    Dirty     Size    Alloc     Free
                ------   ------   ------   ------   ------   ------   ------
  Native Heap    44946    44884        0        0    59804    55834     3969
  Dalvik Heap    36497    36444        0        0    57479    32903    24576
 Dalvik Other     3729     3728        0        0                           
        Stack       64       64        0        0                           
       Ashmem        2        0        0        0                           
      Gfx dev    33916    33916        0        0                           
    Other dev       72        0       72        0                           
     .so mmap    13475      720     9964        0                           
    .jar mmap     1459        0        0        0                           
    .apk mmap    14593      396     1736        0                           
    .ttf mmap      522        0      172        0                           
    .dex mmap    62322       92    58264        0                           
    .oat mmap      718        0        0        0                           
    .art mmap    14911    14476       80        0                           
   Other mmap     3035       44     1844        0                           
   EGL mtrack    63320    63320        0        0                           
    GL mtrack    40352    40352        0        0                           
      Unknown     3477     3472        0        0                           
        TOTAL   337410   241908    72132        0   117283    88737    28545
 
 App Summary
                       Pss(KB)
                        ------
           Java Heap:    51000
         Native Heap:    44884
                Code:    71344
               Stack:       64
            Graphics:   137588
       Private Other:     9160
              System:    23370
 
               TOTAL:   337410      TOTAL SWAP (KB):        0
 
 Objects
               Views:      805         ViewRootImpl:        1
         AppContexts:       11           Activities:        1
              Assets:       12        AssetManagers:        0
       Local Binders:      108        Proxy Binders:       77
       Parcel memory:       57         Parcel count:      126
    Death Recipients:       13      OpenSSL Sockets:        0
            WebViews:        0
 
 SQL
         MEMORY_USED:     2398
  PAGECACHE_OVERFLOW:      464          MALLOC_SIZE:      117
 
 DATABASES
      pgsz     dbsz   Lookaside(b)          cache  Dbname
         4       32             47         2/36/5  /data/user/0/com.google.android.apps.maps/databases/ugc-sync.db
         4        8                         0/0/0    (attached) temp
         4       32             50        34/15/3  /data/user/0/com.google.android.apps.maps/databases/ugc-sync.db (2)
         4       32             33        10/20/2  /data/user/0/com.google.android.apps.maps/databases/ugc-sync.db (4)
         4       32             33        12/19/2  /data/user/0/com.google.android.apps.maps/databases/ugc-sync.db (3)
         4       40             53        11/20/4  /data/user/0/com.google.android.apps.maps/databases/gmm_myplaces.db
         4       44            109     639/138/14  /data/user/0/com.google.android.apps.maps/databases/gmm_sync.db
         4       96             58     279/185/25  /data/user/0/com.google.android.apps.maps/no_backup/androidx.work.workdb
         4        8                         0/0/0    (attached) temp
         4       96             47        14/17/5  /data/user/0/com.google.android.apps.maps/no_backup/androidx.work.workdb (2)
         4       24             23         1/18/2  /data/user/0/com.google.android.apps.maps/databases/ue3.db
         4       72            109        14/33/9  /data/user/0/com.google.android.apps.maps/databases/lighter_messaging_1.db
         4       32             91        16/31/5  /data/user/0/com.google.android.apps.maps/databases/lighter_registration.db
         4       36            106      154/55/15  /data/user/0/com.google.android.apps.maps/databases/portable_geller_jyprooted@gmail.com.db
===========================
		total        used        free      shared     buffers
Mem:             5447        3205        2241           8           3
-/+ buffers/cache:           3202        2245
Swap:            2047           0        2047
MemTotal:        5578140 kB
MemFree:         2294864 kB
MemAvailable:    3535608 kB
Buffers:            3996 kB
Cached:          1423900 kB
SwapCached:            0 kB
Active:          1128664 kB
Inactive:        1149216 kB
Active(anon):     962864 kB
Inactive(anon):     8516 kB
Active(file):     165800 kB
Inactive(file):  1140700 kB
Unevictable:      113840 kB
Mlocked:          113856 kB
SwapTotal:       2097148 kB
SwapFree:        2097148 kB
Dirty:              1216 kB
Writeback:             0 kB
AnonPages:        964120 kB
Mapped:          1151488 kB
Shmem:              8820 kB
Slab:             254544 kB
SReclaimable:      82424 kB
SUnreclaim:       172120 kB
KernelStack:       39216 kB
ShadowCallStack:    2454 kB
PageTables:        50240 kB
NFS_Unstable:          0 kB
Bounce:                0 kB
ION_heap:         158196 kB
ION_heap_pool:     14840 kB
WritebackTmp:          0 kB
CommitLimit:     4886216 kB
Committed_AS:   55567376 kB
VmallocTotal:   263061440 kB
VmallocUsed:       90724 kB
VmallocChunk:          0 kB
CmaTotal:         233472 kB
CmaFree:          182272 kB
system server
===========================
RssAnon:	   72984 kB
RssFile:	  326268 kB
RssShmem:	     636 kB
VmRSS:	  399888 kB
VmSwap:	       0 kB
===========================
googlemaps
===========================
RssAnon:	  140688 kB
RssFile:	  261396 kB
RssShmem:	     900 kB
VmRSS:	  402984 kB
VmSwap:	       0 kB
===========================
===========================
Applications Memory Usage (in Kilobytes):
Uptime: 446759 Realtime: 446759

** MEMINFO in pid 5923 [com.google.android.apps.maps] **
                   Pss  Private  Private     Swap     Heap     Heap     Heap
                 Total    Dirty    Clean    Dirty     Size    Alloc     Free
                ------   ------   ------   ------   ------   ------   ------
  Native Heap    50871    50812        0        0    61692    55958     5733
  Dalvik Heap    51968    51916        0        0    54121    29545    24576
 Dalvik Other     3949     3948        0        0                           
        Stack       64       64        0        0                           
       Ashmem        2        0        0        0                           
      Gfx dev    14508    14508        0        0                           
    Other dev       72        0       72        0                           
     .so mmap    15715      732    10088        0                           
    .jar mmap     1492        0        0        0                           
    .apk mmap    14593      396     1736        0                           
    .ttf mmap      822        0      428        0                           
    .dex mmap    63469       92    59396        0                           
    .oat mmap      740        0        0        0                           
    .art mmap    14999    14552       92        0                           
   Other mmap     3774      184     2132        0                           
   EGL mtrack    66044    66044        0        0                           
    GL mtrack    18708    18708        0        0                           
      Unknown     3668     3664        0        0                           
        TOTAL   325458   225620    73944        0   115813    85503    30309
 
 App Summary
                       Pss(KB)
                        ------
           Java Heap:    66560
         Native Heap:    50812
                Code:    72868
               Stack:       64
            Graphics:    99260
       Private Other:    10000
              System:    25894
 
               TOTAL:   325458      TOTAL SWAP (KB):        0
 
 Objects
               Views:      956         ViewRootImpl:        1
         AppContexts:       12           Activities:        1
              Assets:       12        AssetManagers:        0
       Local Binders:      364        Proxy Binders:       65
       Parcel memory:       92         Parcel count:      177
    Death Recipients:        4      OpenSSL Sockets:        0
            WebViews:        0
 
 SQL
         MEMORY_USED:     2405
  PAGECACHE_OVERFLOW:      474          MALLOC_SIZE:      117
 
 DATABASES
      pgsz     dbsz   Lookaside(b)          cache  Dbname
         4       32             47         2/41/5  /data/user/0/com.google.android.apps.maps/databases/ugc-sync.db
         4        8                         0/0/0    (attached) temp
         4       32             33      300/125/2  /data/user/0/com.google.android.apps.maps/databases/ugc-sync.db (3)
         4       32             50       431/18/3  /data/user/0/com.google.android.apps.maps/databases/ugc-sync.db (2)
         4       32             50       386/35/3  /data/user/0/com.google.android.apps.maps/databases/ugc-sync.db (4)
         4       40             53        11/23/4  /data/user/0/com.google.android.apps.maps/databases/gmm_myplaces.db
         4       44            109    2955/141/14  /data/user/0/com.google.android.apps.maps/databases/gmm_sync.db
         4       96             73     313/212/25  /data/user/0/com.google.android.apps.maps/no_backup/androidx.work.workdb
         4        8                         0/0/0    (attached) temp
         4       96             59        17/21/6  /data/user/0/com.google.android.apps.maps/no_backup/androidx.work.workdb (2)
         4       24             23         1/21/2  /data/user/0/com.google.android.apps.maps/databases/ue3.db
         4       72            109        16/38/9  /data/user/0/com.google.android.apps.maps/databases/lighter_messaging_1.db
         4       32             91        16/34/5  /data/user/0/com.google.android.apps.maps/databases/lighter_registration.db
         4       36            106      248/88/15  /data/user/0/com.google.android.apps.maps/databases/portable_geller_jyprooted@gmail.com.db
===========================
