restarting adbd as root
		total        used        free      shared     buffers
Mem:             5447        2431        3015           3           1
-/+ buffers/cache:           2430        3017
Swap:            2047           0        2047
MemTotal:        5578136 kB
MemFree:         3088332 kB
MemAvailable:    3948844 kB
Buffers:            1120 kB
Cached:          1047236 kB
SwapCached:            0 kB
Active:           865912 kB
Inactive:         831952 kB
Active(anon):     762384 kB
Inactive(anon):     3660 kB
Active(file):     103528 kB
Inactive(file):   828292 kB
Unevictable:      113244 kB
Mlocked:          113244 kB
SwapTotal:       2097148 kB
SwapFree:        2097148 kB
Dirty:               672 kB
Writeback:             0 kB
AnonPages:        762832 kB
Mapped:          1020920 kB
Shmem:              3912 kB
Slab:             245600 kB
SReclaimable:      71728 kB
SUnreclaim:       173872 kB
KernelStack:       37952 kB
ShadowCallStack:    2375 kB
PageTables:        48044 kB
NFS_Unstable:          0 kB
Bounce:                0 kB
ION_heap:          87528 kB
ION_heap_pool:         0 kB
WritebackTmp:          0 kB
CommitLimit:     4886216 kB
Committed_AS:   54415132 kB
VmallocTotal:   263061440 kB
VmallocUsed:       89388 kB
VmallocChunk:          0 kB
CmaTotal:         233472 kB
CmaFree:          182272 kB
system server
===========================
RssAnon:	   73872 kB
RssFile:	  342620 kB
RssShmem:	     628 kB
VmRSS:	  417120 kB
VmSwap:	       0 kB
===========================
Starting: Intent { cmp=com.instagram.android/.activity.MainTabActivity }
Status: ok
LaunchState: COLD
Activity: com.instagram.android/com.instagram.mainactivity.MainActivity
TotalTime: 930
WaitTime: 931
Complete
end
		total        used        free      shared     buffers
Mem:             5447        3024        2422           8           3
-/+ buffers/cache:           3020        2426
Swap:            2047           0        2047
MemTotal:        5578136 kB
MemFree:         2480976 kB
MemAvailable:    3687740 kB
Buffers:            3972 kB
Cached:          1388196 kB
SwapCached:            0 kB
Active:          1102200 kB
Inactive:        1098588 kB
Active(anon):     921592 kB
Inactive(anon):     7988 kB
Active(file):     180608 kB
Inactive(file):  1090600 kB
Unevictable:      113904 kB
Mlocked:          113904 kB
SwapTotal:       2097148 kB
SwapFree:        2097148 kB
Dirty:               772 kB
Writeback:             0 kB
AnonPages:        922628 kB
Mapped:          1118800 kB
Shmem:              8296 kB
Slab:             256256 kB
SReclaimable:      84772 kB
SUnreclaim:       171484 kB
KernelStack:       39296 kB
ShadowCallStack:    2461 kB
PageTables:        49632 kB
NFS_Unstable:          0 kB
Bounce:                0 kB
ION_heap:         147296 kB
ION_heap_pool:     41816 kB
WritebackTmp:          0 kB
CommitLimit:     4886216 kB
Committed_AS:   55457100 kB
VmallocTotal:   263061440 kB
VmallocUsed:       90836 kB
VmallocChunk:          0 kB
CmaTotal:         233472 kB
CmaFree:          182272 kB
system server
===========================
RssAnon:	   78248 kB
RssFile:	  325452 kB
RssShmem:	     632 kB
VmRSS:	  404332 kB
VmSwap:	       0 kB
===========================
instagram
===========================
RssAnon:	  115668 kB
RssFile:	  202604 kB
RssShmem:	     292 kB
VmRSS:	  318564 kB
VmSwap:	       0 kB
===========================
===========================
Applications Memory Usage (in Kilobytes):
Uptime: 164723 Realtime: 164723

** MEMINFO in pid 6207 [com.instagram.android] **
                   Pss  Private  Private     Swap     Heap     Heap     Heap
                 Total    Dirty    Clean    Dirty     Size    Alloc     Free
                ------   ------   ------   ------   ------   ------   ------
  Native Heap    57789    57724        0        0    73716    69134     4581
  Dalvik Heap    21084    21032        0        0    36368    18184    18184
 Dalvik Other     1088     1088        0        0                           
        Stack       60       60        0        0                           
       Ashmem        2        0        0        0                           
      Gfx dev    15432    15432        0        0                           
    Other dev       56        0       56        0                           
     .so mmap    27318     2496    18936        0                           
    .jar mmap     1784        0        0        0                           
    .apk mmap     2176        0      608        0                           
    .ttf mmap     1488        0     1244        0                           
    .dex mmap    34518       24    28064        0                           
    .oat mmap      761        0        0        0                           
    .art mmap    14787    14396        0        0                           
   Other mmap     3785       72     2428        0                           
   EGL mtrack    30500    30500        0        0                           
    GL mtrack    25128    25128        0        0                           
      Unknown     3318     3308        0        0                           
        TOTAL   241074   171260    51336        0   110084    87318    22765
 
 App Summary
                       Pss(KB)
                        ------
           Java Heap:    35428
         Native Heap:    57724
                Code:    51372
               Stack:       60
            Graphics:    71060
       Private Other:     6952
              System:    18478
 
               TOTAL:   241074      TOTAL SWAP (KB):        0
 
 Objects
               Views:     2036         ViewRootImpl:        2
         AppContexts:        6           Activities:        1
              Assets:        4        AssetManagers:        0
       Local Binders:       44        Proxy Binders:       47
       Parcel memory:       34         Parcel count:      130
    Death Recipients:        2      OpenSSL Sockets:        1
            WebViews:        0
 
 SQL
         MEMORY_USED:     2981
  PAGECACHE_OVERFLOW:     1200          MALLOC_SIZE:      117
 
 DATABASES
      pgsz     dbsz   Lookaside(b)          cache  Dbname
         4      196             74         9/34/5  /data/user/0/com.instagram.android/databases/feed_items_room_db_44048709729
         4        8                         0/0/0    (attached) temp
         4       28             55        30/21/5  /data/user/0/com.instagram.android/databases/time_in_app_44048709729.db
         4       52             32         5/19/6  /data/user/0/com.instagram.android/databases/transactions.db
         4       52             83         5/19/6  /data/user/0/com.instagram.android/databases/transactions.db (1)
         4       44            109       36/41/11  /data/user/0/com.instagram.android/databases/content_filter_dictionary_db_44048709729
         4        8                         0/0/0    (attached) temp
         4       24             22         0/19/2  /data/user/0/com.instagram.android/databases/igtv_44048709729
         4        8                         0/0/0    (attached) temp
         4       24             55         1/14/2  /data/user/0/com.instagram.android/databases/igtv_44048709729 (2)
         4       40             22         0/19/2  /data/user/0/com.instagram.android/databases/clips_44048709729
         4        8                         0/0/0    (attached) temp
         4       40             21         3/14/2  /data/user/0/com.instagram.android/databases/clips_44048709729 (2)
         4      512             46         4/21/5  /data/user/0/com.instagram.android/databases/direct.db
         4      704             22         0/19/2  /data/user/0/com.instagram.android/databases/user_reel_medias_room_db_44048709729
         4        8                         0/0/0    (attached) temp
         4      704             26         1/14/2  /data/user/0/com.instagram.android/databases/user_reel_medias_room_db_44048709729 (2)
===========================
		total        used        free      shared     buffers
Mem:             5447        3423        2023           8           3
-/+ buffers/cache:           3419        2027
Swap:            2047           0        2047
MemTotal:        5578136 kB
MemFree:         2072320 kB
MemAvailable:    3432876 kB
Buffers:            3976 kB
Cached:          1541456 kB
SwapCached:            0 kB
Active:          1188376 kB
Inactive:        1240788 kB
Active(anon):     996708 kB
Inactive(anon):     8244 kB
Active(file):     191668 kB
Inactive(file):  1232544 kB
Unevictable:      113924 kB
Mlocked:          113924 kB
SwapTotal:       2097148 kB
SwapFree:        2097148 kB
Dirty:             28208 kB
Writeback:             0 kB
AnonPages:        997788 kB
Mapped:          1210612 kB
Shmem:              8556 kB
Slab:             257968 kB
SReclaimable:      85924 kB
SUnreclaim:       172044 kB
KernelStack:       39072 kB
ShadowCallStack:    2444 kB
PageTables:        49660 kB
NFS_Unstable:          0 kB
Bounce:                0 kB
ION_heap:         226324 kB
ION_heap_pool:     90376 kB
WritebackTmp:          0 kB
CommitLimit:     4886216 kB
Committed_AS:   54384900 kB
VmallocTotal:   263061440 kB
VmallocUsed:       90792 kB
VmallocChunk:          0 kB
CmaTotal:         233472 kB
CmaFree:          182272 kB
system server
===========================
RssAnon:	   76228 kB
RssFile:	  325644 kB
RssShmem:	     640 kB
VmRSS:	  402512 kB
VmSwap:	       0 kB
===========================
instagram
===========================
RssAnon:	  180824 kB
RssFile:	  303468 kB
RssShmem:	     692 kB
VmRSS:	  484984 kB
VmSwap:	       0 kB
===========================
===========================
Applications Memory Usage (in Kilobytes):
Uptime: 447108 Realtime: 447108

** MEMINFO in pid 6207 [com.instagram.android] **
                   Pss  Private  Private     Swap     Heap     Heap     Heap
                 Total    Dirty    Clean    Dirty     Size    Alloc     Free
                ------   ------   ------   ------   ------   ------   ------
  Native Heap   110410   110344        0        0   127256   120488     6767
  Dalvik Heap    36154    36100        0        0    58384    33808    24576
 Dalvik Other     1680     1680        0        0                           
        Stack       60       60        0        0                           
       Ashmem       24        0        0        0                           
      Gfx dev    98192    98192        0        0                           
    Other dev       76        0       76        0                           
     .so mmap    28172     2784    18940        0                           
    .jar mmap     1927        0        0        0                           
    .apk mmap     2191        0      608        0                           
    .ttf mmap     4730        0     4336        0                           
    .dex mmap    41114       24    34192        0                           
    .oat mmap      798        0        0        0                           
    .art mmap    15028    14616       12        0                           
   Other mmap     4632      152     3100        0                           
   EGL mtrack    51140    51140        0        0                           
    GL mtrack    26844    26844        0        0                           
      Unknown     3657     3652        0        0                           
        TOTAL   426829   345588    61264        0   185640   154296    31343
 
 App Summary
                       Pss(KB)
                        ------
           Java Heap:    50728
         Native Heap:   110344
                Code:    60884
               Stack:       60
            Graphics:   176176
       Private Other:     8660
              System:    19977
 
               TOTAL:   426829      TOTAL SWAP (KB):        0
 
 Objects
               Views:     2624         ViewRootImpl:        2
         AppContexts:        6           Activities:        1
              Assets:        4        AssetManagers:        0
       Local Binders:       45        Proxy Binders:       46
       Parcel memory:       32         Parcel count:      132
    Death Recipients:        2      OpenSSL Sockets:        1
            WebViews:        0
 
 SQL
         MEMORY_USED:     2981
  PAGECACHE_OVERFLOW:     1200          MALLOC_SIZE:      117
 
 DATABASES
      pgsz     dbsz   Lookaside(b)          cache  Dbname
         4      196             74         9/39/5  /data/user/0/com.instagram.android/databases/feed_items_room_db_44048709729
         4        8                         0/0/0    (attached) temp
         4       28             55        48/24/5  /data/user/0/com.instagram.android/databases/time_in_app_44048709729.db
         4       52             32         5/22/6  /data/user/0/com.instagram.android/databases/transactions.db
         4       52             83         5/22/6  /data/user/0/com.instagram.android/databases/transactions.db (1)
         4       44            109       36/46/11  /data/user/0/com.instagram.android/databases/content_filter_dictionary_db_44048709729
         4        8                         0/0/0    (attached) temp
         4       24             22         0/24/2  /data/user/0/com.instagram.android/databases/igtv_44048709729
         4        8                         0/0/0    (attached) temp
         4       24             55         1/17/2  /data/user/0/com.instagram.android/databases/igtv_44048709729 (2)
         4       40             22         0/24/2  /data/user/0/com.instagram.android/databases/clips_44048709729
         4        8                         0/0/0    (attached) temp
         4       40             21         3/17/2  /data/user/0/com.instagram.android/databases/clips_44048709729 (2)
         4      512             46         4/24/5  /data/user/0/com.instagram.android/databases/direct.db
         4      704             22         0/24/2  /data/user/0/com.instagram.android/databases/user_reel_medias_room_db_44048709729
         4        8                         0/0/0    (attached) temp
         4      704             26         1/17/2  /data/user/0/com.instagram.android/databases/user_reel_medias_room_db_44048709729 (2)
===========================
