restarting adbd as root
		total        used        free      shared     buffers
Mem:             5447        2418        3028           3           1
-/+ buffers/cache:           2417        3029
Swap:            2047           0        2047
MemTotal:        5578140 kB
MemFree:         3101428 kB
MemAvailable:    3940520 kB
Buffers:            1172 kB
Cached:          1025844 kB
SwapCached:            0 kB
Active:           865052 kB
Inactive:         821944 kB
Active(anon):     772940 kB
Inactive(anon):     3644 kB
Active(file):      92112 kB
Inactive(file):   818300 kB
Unevictable:      113204 kB
Mlocked:          113240 kB
SwapTotal:       2097148 kB
SwapFree:        2097148 kB
Dirty:               376 kB
Writeback:             0 kB
AnonPages:        773472 kB
Mapped:          1015808 kB
Shmem:              3896 kB
Slab:             245084 kB
SReclaimable:      71712 kB
SUnreclaim:       173372 kB
KernelStack:       37584 kB
ShadowCallStack:    2346 kB
PageTables:        46980 kB
NFS_Unstable:          0 kB
Bounce:                0 kB
ION_heap:          87528 kB
ION_heap_pool:         0 kB
WritebackTmp:          0 kB
CommitLimit:     4886216 kB
Committed_AS:   53170092 kB
VmallocTotal:   263061440 kB
VmallocUsed:       89000 kB
VmallocChunk:          0 kB
CmaTotal:         233472 kB
CmaFree:          182272 kB
system server
===========================
RssAnon:	   82396 kB
RssFile:	  343200 kB
RssShmem:	     624 kB
VmRSS:	  426220 kB
VmSwap:	       0 kB
===========================
Starting: Intent { cmp=com.google.android.youtube/com.google.android.apps.youtube.app.WatchWhileActivity }
Status: ok
LaunchState: COLD
Activity: com.google.android.youtube/com.google.android.apps.youtube.app.WatchWhileActivity
TotalTime: 635
WaitTime: 636
Complete
end
		total        used        free      shared     buffers
Mem:             5447        2934        2513           8           4
-/+ buffers/cache:           2930        2517
Swap:            2047           0        2047
MemTotal:        5578140 kB
MemFree:         2573252 kB
MemAvailable:    3727532 kB
Buffers:            4112 kB
Cached:          1336440 kB
SwapCached:            0 kB
Active:          1027288 kB
Inactive:        1073888 kB
Active(anon):     873484 kB
Inactive(anon):     8012 kB
Active(file):     153804 kB
Inactive(file):  1065876 kB
Unevictable:      113816 kB
Mlocked:          113852 kB
SwapTotal:       2097148 kB
SwapFree:        2097148 kB
Dirty:               284 kB
Writeback:             0 kB
AnonPages:        874560 kB
Mapped:          1103092 kB
Shmem:              8296 kB
Slab:             254768 kB
SReclaimable:      82796 kB
SUnreclaim:       171972 kB
KernelStack:       38816 kB
ShadowCallStack:    2430 kB
PageTables:        49092 kB
NFS_Unstable:          0 kB
Bounce:                0 kB
ION_heap:         156352 kB
ION_heap_pool:     43824 kB
WritebackTmp:          0 kB
CommitLimit:     4886216 kB
Committed_AS:   54857372 kB
VmallocTotal:   263061440 kB
VmallocUsed:       90280 kB
VmallocChunk:          0 kB
CmaTotal:         233472 kB
CmaFree:          182272 kB
system server
===========================
RssAnon:	   76088 kB
RssFile:	  326264 kB
RssShmem:	     628 kB
VmRSS:	  402980 kB
VmSwap:	       0 kB
===========================
youtube
===========================
RssAnon:	   95096 kB
RssFile:	  200852 kB
RssShmem:	     312 kB
VmRSS:	  296260 kB
VmSwap:	       0 kB
===========================
===========================
Applications Memory Usage (in Kilobytes):
Uptime: 164591 Realtime: 164591

** MEMINFO in pid 6171 [com.google.android.youtube] **
                   Pss  Private  Private     Swap     Heap     Heap     Heap
                 Total    Dirty    Clean    Dirty     Size    Alloc     Free
                ------   ------   ------   ------   ------   ------   ------
  Native Heap    41070    41004        0        0    56572    50013     6558
  Dalvik Heap    14339    14284        0        0    30469    15235    15234
 Dalvik Other     2835     2832        0        0                           
        Stack       60       60        0        0                           
       Ashmem        2        0        0        0                           
      Gfx dev     8844     8844        0        0                           
    Other dev      116        0      116        0                           
     .so mmap    11985      664     8332        0                           
    .jar mmap     1538        0        0        0                           
    .apk mmap     7759       80     1936        0                           
    .ttf mmap      236        0       64        0                           
    .dex mmap    49602      104    46560        0                           
    .oat mmap      804        0        0        0                           
    .art mmap    16554    16104       92        0                           
   Other mmap     1039       32      104        0                           
   EGL mtrack    29388    29388        0        0                           
    GL mtrack     5812     5812        0        0                           
      Unknown     3585     3572        0        0                           
        TOTAL   195568   122780    57204        0    87041    65248    21792
 
 App Summary
                       Pss(KB)
                        ------
           Java Heap:    30480
         Native Heap:    41004
                Code:    57740
               Stack:       60
            Graphics:    44044
       Private Other:     6656
              System:    15584
 
               TOTAL:   195568      TOTAL SWAP (KB):        0
 
 Objects
               Views:      287         ViewRootImpl:        1
         AppContexts:        9           Activities:        1
              Assets:       11        AssetManagers:        0
       Local Binders:       71        Proxy Binders:       67
       Parcel memory:       37         Parcel count:      134
    Death Recipients:       11      OpenSSL Sockets:        0
            WebViews:        0
 
 SQL
         MEMORY_USED:     1518
  PAGECACHE_OVERFLOW:      367          MALLOC_SIZE:      117
 
 DATABASES
      pgsz     dbsz   Lookaside(b)          cache  Dbname
         4       28             90         4/19/5  /data/user/0/com.google.android.youtube/databases/identity.db
         4      136             66     755/498/25  /data/user/0/com.google.android.youtube/no_backup/androidx.work.workdb
         4        8                         0/0/0    (attached) temp
         4      136             59        31/18/6  /data/user/0/com.google.android.youtube/no_backup/androidx.work.workdb (2)
         4       20             25         1/16/2  /data/user/0/com.google.android.youtube/databases/com.google.android.libraries.youtube.common.task.ScheduledTaskStore
         4      148            109        13/22/8  /data/user/0/com.google.android.youtube/databases/offline.fAyiWw2tj0gA44r2AKE87A.db
         4       20             42       420/33/5  /data/user/0/com.google.android.youtube/databases/com.google.android.libraries.youtube.net.delayedevents.DelayedEventStore
         4       20             34         4/19/5  /data/user/0/com.google.android.youtube/databases/google_conversion_tracking.db
 
 Asset Allocations
    : 136K
===========================
		total        used        free      shared     buffers
Mem:             5447        3269        2177          10           4
-/+ buffers/cache:           3265        2181
Swap:            2047           0        2047
MemTotal:        5578140 kB
MemFree:         2229804 kB
MemAvailable:    3465296 kB
Buffers:            4148 kB
Cached:          1419236 kB
SwapCached:            0 kB
Active:          1168184 kB
Inactive:        1150268 kB
Active(anon):    1007932 kB
Inactive(anon):     9988 kB
Active(file):     160252 kB
Inactive(file):  1140280 kB
Unevictable:      113844 kB
Mlocked:          113880 kB
SwapTotal:       2097148 kB
SwapFree:        2097148 kB
Dirty:               332 kB
Writeback:           116 kB
AnonPages:       1009032 kB
Mapped:          1193728 kB
Shmem:             10276 kB
Slab:             256100 kB
SReclaimable:      83480 kB
SUnreclaim:       172620 kB
KernelStack:       39332 kB
ShadowCallStack:    2459 kB
PageTables:        50704 kB
NFS_Unstable:          0 kB
Bounce:                0 kB
ION_heap:         177640 kB
ION_heap_pool:     30096 kB
WritebackTmp:          0 kB
CommitLimit:     4886216 kB
Committed_AS:   56221104 kB
VmallocTotal:   263061440 kB
VmallocUsed:       91064 kB
VmallocChunk:          0 kB
CmaTotal:         233472 kB
CmaFree:          182956 kB
system server
===========================
RssAnon:	   72480 kB
RssFile:	  326460 kB
RssShmem:	     636 kB
VmRSS:	  399576 kB
VmSwap:	       0 kB
===========================
youtube
===========================
RssAnon:	  204392 kB
RssFile:	  280656 kB
RssShmem:	    3236 kB
VmRSS:	  488284 kB
VmSwap:	       0 kB
===========================
===========================
Applications Memory Usage (in Kilobytes):
Uptime: 856229 Realtime: 856229

** MEMINFO in pid 6171 [com.google.android.youtube] **
                   Pss  Private  Private     Swap     Heap     Heap     Heap
                 Total    Dirty    Clean    Dirty     Size    Alloc     Free
                ------   ------   ------   ------   ------   ------   ------
  Native Heap   124387   124324        0        0   148728   137470    11257
  Dalvik Heap    41454    41404        0        0    67526    42950    24576
 Dalvik Other     3677     3676        0        0                           
        Stack       84       84        0        0                           
       Ashmem      964        0        0        0                           
      Gfx dev    60868    60868        0        0                           
    Other dev      288        0      288        0                           
     .so mmap    15207      972     8708        0                           
    .jar mmap     2033        0        0        0                           
    .apk mmap     7548       88     2136        0                           
    .ttf mmap      738        0      396        0                           
    .dex mmap    53965      156    50552        0                           
    .oat mmap      809        0        0        0                           
    .art mmap    17232    16796      104        0                           
   Other mmap     1808      272       96        0                           
   EGL mtrack    29388    29388        0        0                           
    GL mtrack    65080    65080        0        0                           
      Unknown     4353     4348        0        0                           
        TOTAL   429883   347456    62280        0   216254   180420    35833
 
 App Summary
                       Pss(KB)
                        ------
           Java Heap:    58304
         Native Heap:   124324
                Code:    63008
               Stack:       84
            Graphics:   155336
       Private Other:     8680
              System:    20147
 
               TOTAL:   429883      TOTAL SWAP (KB):        0
 
 Objects
               Views:      873         ViewRootImpl:        1
         AppContexts:        9           Activities:        1
              Assets:       12        AssetManagers:        0
       Local Binders:      112        Proxy Binders:       55
       Parcel memory:       45         Parcel count:      160
    Death Recipients:        4      OpenSSL Sockets:        0
            WebViews:        0
 
 SQL
         MEMORY_USED:     1692
  PAGECACHE_OVERFLOW:      400          MALLOC_SIZE:      117
 
 DATABASES
      pgsz     dbsz   Lookaside(b)          cache  Dbname
         4       28             90         4/22/5  /data/user/0/com.google.android.youtube/databases/identity.db
         4      136             66   2710/2241/25  /data/user/0/com.google.android.youtube/no_backup/androidx.work.workdb
         4        8                         0/0/0    (attached) temp
         4      136             59        63/21/6  /data/user/0/com.google.android.youtube/no_backup/androidx.work.workdb (2)
         4       20             25         1/19/2  /data/user/0/com.google.android.youtube/databases/com.google.android.libraries.youtube.common.task.ScheduledTaskStore
         4      148            109        13/25/8  /data/user/0/com.google.android.youtube/databases/offline.fAyiWw2tj0gA44r2AKE87A.db
         4       20             42      676/291/5  /data/user/0/com.google.android.youtube/databases/keyValueByteStores
         4       20             42     4152/100/5  /data/user/0/com.google.android.youtube/databases/com.google.android.libraries.youtube.net.delayedevents.DelayedEventStore
         4       20             70       11/27/10  /data/user/0/com.google.android.youtube/databases/google_conversion_tracking.db
 
 Asset Allocations
    : 136K
    : 35K
===========================
