1335         com.google.android.gms.persistent
  Battery stats reset.
		total        used        free      shared     buffers
Mem:             5479        3850        1628           4           1
-/+ buffers/cache:           3848        1630
Swap:          309247           0      309247
Filename				Type		Size	Used	Priority
/dev/block/zram0                        partition	2097148	0	-2
/dev/nbd0                               partition	314572796	0	-3
Starting: Intent { cmp=com.google.android.apps.maps/com.google.android.maps.MapsActivity }
Status: ok
LaunchState: UNKNOWN (-1)
Activity: com.google.android.apps.maps/com.google.android.maps.MapsActivity
WaitTime: 677
Complete
end
		total        used        free      shared     buffers
Mem:             5479        4313        1165           8           1
-/+ buffers/cache:           4311        1167
Swap:          309247           0      309247
Filename				Type		Size	Used	Priority
/dev/block/zram0                        partition	2097148	0	-2
/dev/nbd0                               partition	314572796	0	-3
===========================
RssAnon:	   72748 kB
===========================
RssFile:	  325572 kB
===========================
===========================
        TOTAL   161409    62996    39408        0    66047    50254    15792
===========================
MemTotal:        5610772 kB
MemFree:         1167356 kB
MemAvailable:    2396208 kB
Cached:          1420040 kB
SwapCached:            0 kB
===========================
Starting: Intent { cmp=com.google.android.youtube/com.google.android.apps.youtube.app.WatchWhileActivity }
Status: ok
LaunchState: COLD
Activity: com.google.android.youtube/com.google.android.apps.youtube.app.WatchWhileActivity
TotalTime: 1128
WaitTime: 1129
Complete
end
		total        used        free      shared     buffers
Mem:             5479        4601         877           8           2
-/+ buffers/cache:           4599         880
Swap:          309247           0      309247
Filename				Type		Size	Used	Priority
/dev/block/zram0                        partition	2097148	0	-2
/dev/nbd0                               partition	314572796	0	-3
===========================
RssAnon:	   76268 kB
===========================
===========================
RssFile:	  329628 kB
===========================
===========================
        TOTAL   165648    66856    39508        0    68120    50238    17881
===========================
MemTotal:        5610772 kB
MemFree:          892956 kB
MemAvailable:    2303704 kB
Cached:          1597368 kB
SwapCached:            0 kB
===========================
Starting: Intent { cmp=com.king.candycrushsaga/.CandyCrushSagaActivity }
Status: ok
LaunchState: COLD
Activity: com.king.candycrushsaga/.CandyCrushSagaActivity
TotalTime: 615
WaitTime: 615
Complete
end
		total        used        free      shared     buffers
Mem:             5479        5344         135          10           4
-/+ buffers/cache:           5339         139
Swap:          309247           0      309247
Filename				Type		Size	Used	Priority
/dev/block/zram0                        partition	2097148	0	-2
/dev/nbd0                               partition	314572796	0	-3
===========================
RssAnon:	   77824 kB
===========================
===========================
RssFile:	  343184 kB
===========================
===========================
        TOTAL   210336   100640    49044        0    67604    51886    15717
===========================
MemTotal:        5610772 kB
MemFree:          134896 kB
MemAvailable:    1820256 kB
Cached:          1861696 kB
SwapCached:            0 kB
===========================
Starting: Intent { cmp=com.android.chrome/com.google.android.apps.chrome.Main }
Status: ok
LaunchState: WARM
Activity: com.android.chrome/com.google.android.apps.chrome.Main
TotalTime: 231
WaitTime: 231
Complete
end
		total        used        free      shared     buffers
Mem:             5479        5349         130          19           4
-/+ buffers/cache:           5344         134
Swap:          309247          16      309231
Filename				Type		Size	Used	Priority
/dev/block/zram0                        partition	2097148	16640	-2
/dev/nbd0                               partition	314572796	0	-3
===========================
RssAnon:	   73348 kB
===========================
===========================
RssFile:	  316080 kB
===========================
===========================
        TOTAL   196207    95620    42280        0    68531    52071    16459
===========================
MemTotal:        5610772 kB
MemFree:          139748 kB
MemAvailable:    1613344 kB
Cached:          1667472 kB
SwapCached:          560 kB
===========================
Starting: Intent { cmp=com.twitter.android/com.twitter.app.main.MainActivity }
Status: ok
LaunchState: COLD
Activity: com.twitter.android/com.twitter.app.main.MainActivity
TotalTime: 796
WaitTime: 797
Complete
end
		total        used        free      shared     buffers
Mem:             5479        5396          82          14           4
-/+ buffers/cache:           5392          86
Swap:          309247          23      309224
Filename				Type		Size	Used	Priority
/dev/block/zram0                        partition	2097148	23808	-2
/dev/nbd0                               partition	314572796	0	-3
===========================
RssAnon:	   71628 kB
===========================
===========================
RssFile:	  316420 kB
===========================
===========================
        TOTAL   193956    96428    39148        0    67632    52039    15592
===========================
MemTotal:        5610772 kB
MemFree:           76480 kB
MemAvailable:    1537952 kB
Cached:          1644788 kB
SwapCached:          604 kB
===========================
pgfault 2526180
pgmajfault 19909
pswpin 204
pswpout 5783
Starting: Intent { cmp=com.rovio.baba/com.unity3d.player.UnityPlayerActivity }
Status: ok
LaunchState: COLD
Activity: com.rovio.baba/com.unity3d.player.UnityPlayerActivity
TotalTime: 445
WaitTime: 446
Complete
end
		total        used        free      shared     buffers
Mem:             5479        5418          60          15           0
-/+ buffers/cache:           5417          61
Swap:          309247         163      309084
Filename				Type		Size	Used	Priority
/dev/block/zram0                        partition	2097148	167168	-2
/dev/nbd0                               partition	314572796	0	-3
pgfault 2856093
pgmajfault 21109
pswpin 334
pswpout 41542
===========================
RssAnon:	   72036 kB
===========================
===========================
RssFile:	  280944 kB
===========================
===========================
        TOTAL   142608    63796    24840       33    66322    47827    18494
===========================
MemTotal:        5610772 kB
MemFree:           70012 kB
MemAvailable:    1093348 kB
Cached:          1220240 kB
SwapCached:         1036 kB
===========================
Starting: Intent { cmp=com.google.android.gm/.ConversationListActivityGmail }
Status: ok
LaunchState: COLD
Activity: com.google.android.gm/.ConversationListActivityGmail
TotalTime: 740
WaitTime: 740
Complete
end
		total        used        free      shared     buffers
Mem:             5479        5357         121          15           0
-/+ buffers/cache:           5357         122
Swap:          309247         202      309045
Filename				Type		Size	Used	Priority
/dev/block/zram0                        partition	2097148	207616	-2
/dev/nbd0                               partition	314572796	0	-3
===========================
RssAnon:	   67428 kB
===========================
===========================
RssFile:	  259368 kB
===========================
===========================
        TOTAL   134863    60376    19284     4773    65215    47567    17647
===========================
MemTotal:        5610772 kB
MemFree:          125588 kB
MemAvailable:     971724 kB
Cached:          1038716 kB
SwapCached:         3100 kB
===========================
Starting: Intent { cmp=com.instagram.android/.activity.MainTabActivity }
Status: ok
LaunchState: COLD
Activity: com.instagram.android/com.instagram.mainactivity.MainActivity
TotalTime: 1045
WaitTime: 1045
Complete
end
		total        used        free      shared     buffers
Mem:             5479        5385          93          15           0
-/+ buffers/cache:           5384          94
Swap:          309247         243      309004
Filename				Type		Size	Used	Priority
/dev/block/zram0                        partition	2097148	249088	-2
/dev/nbd0                               partition	314572796	0	-3
===========================
RssAnon:	   60360 kB
===========================
===========================
RssFile:	  261800 kB
===========================
===========================
        TOTAL   131620    53112    20256     7445    66547    48139    18407
===========================
MemTotal:        5610772 kB
MemFree:           86356 kB
MemAvailable:     842320 kB
Cached:           978148 kB
SwapCached:         3864 kB
===========================
Starting: Intent { cmp=com.supercell.clashroyale/com.supercell.titan.GameApp }
Status: ok
LaunchState: COLD
Activity: com.supercell.clashroyale/com.supercell.titan.GameApp
TotalTime: 785
WaitTime: 787
Complete
end
		total        used        free      shared     buffers
Mem:             5479        5413          65          15           0
-/+ buffers/cache:           5412          66
Swap:          309247         383      308864
Filename				Type		Size	Used	Priority
/dev/block/zram0                        partition	2097148	392704	-2
/dev/nbd0                               partition	314572796	0	-3
===========================
RssAnon:	   65692 kB
===========================
===========================
RssFile:	  235516 kB
===========================
===========================
        TOTAL   177187    90072    27488    10306    65113    49860    15252
===========================
MemTotal:        5610772 kB
MemFree:           69044 kB
MemAvailable:     472404 kB
Cached:           595932 kB
SwapCached:         5296 kB
===========================
