1338         com.google.android.gms.persistent
  Battery stats reset.
		total        used        free      shared     buffers
Mem:             5479        4108        1370           3           1
-/+ buffers/cache:           4107        1371
Swap:          309247           0      309247
Filename				Type		Size	Used	Priority
/dev/block/zram0                        partition	2097148	0	-2
/dev/nbd0                               partition	314572796	0	-3
Starting: Intent { cmp=com.google.android.apps.maps/com.google.android.maps.MapsActivity }
Status: ok
LaunchState: COLD
Activity: com.google.android.apps.maps/com.google.android.maps.MapsActivity
TotalTime: 742
WaitTime: 744
Complete
end
		total        used        free      shared     buffers
Mem:             5479        4509         970           8           1
-/+ buffers/cache:           4507         971
Swap:          309247           0      309247
Filename				Type		Size	Used	Priority
/dev/block/zram0                        partition	2097148	0	-2
/dev/nbd0                               partition	314572796	0	-3
===========================
RssAnon:	   77216 kB
===========================
RssFile:	  354440 kB
===========================
===========================
        TOTAL   183121    66188    52588        0    67902    53664    14237
===========================
MemTotal:        5610772 kB
MemFree:         1013452 kB
MemAvailable:    2177052 kB
Cached:          1354944 kB
SwapCached:            0 kB
===========================
Starting: Intent { cmp=com.google.android.youtube/com.google.android.apps.youtube.app.WatchWhileActivity }
Status: ok
LaunchState: COLD
Activity: com.google.android.youtube/com.google.android.apps.youtube.app.WatchWhileActivity
TotalTime: 1087
WaitTime: 1088
Complete
end
		total        used        free      shared     buffers
Mem:             5479        4759         719           8           1
-/+ buffers/cache:           4758         721
Swap:          309247           0      309247
Filename				Type		Size	Used	Priority
/dev/block/zram0                        partition	2097148	0	-2
/dev/nbd0                               partition	314572796	0	-3
===========================
RssAnon:	   83800 kB
===========================
===========================
RssFile:	  334448 kB
===========================
===========================
        TOTAL   177003    72124    44472        0    71922    54570    17351
===========================
MemTotal:        5610772 kB
MemFree:          718660 kB
MemAvailable:    2090092 kB
Cached:          1561736 kB
SwapCached:            0 kB
===========================
Starting: Intent { cmp=com.king.candycrushsaga/.CandyCrushSagaActivity }
Status: ok
LaunchState: COLD
Activity: com.king.candycrushsaga/.CandyCrushSagaActivity
TotalTime: 553
WaitTime: 554
Complete
end
		total        used        free      shared     buffers
Mem:             5479        5294         184           8           2
-/+ buffers/cache:           5292         186
Swap:          309247           0      309247
Filename				Type		Size	Used	Priority
/dev/block/zram0                        partition	2097148	0	-2
/dev/nbd0                               partition	314572796	0	-3
===========================
RssAnon:	   73596 kB
===========================
===========================
RssFile:	  342072 kB
===========================
===========================
        TOTAL   204389    94820    48420        0    68794    53013    15780
===========================
MemTotal:        5610772 kB
MemFree:           63648 kB
MemAvailable:    1655504 kB
Cached:          1778172 kB
SwapCached:            0 kB
===========================
Starting: Intent { dat=http://m.naver.com/... cmp=com.android.chrome/com.google.android.apps.chrome.Main }
Status: ok
LaunchState: WARM
Activity: com.android.chrome/com.google.android.apps.chrome.Main
TotalTime: 300
WaitTime: 301
Complete
end
		total        used        free      shared     buffers
Mem:             5479        5384          95          32           4
-/+ buffers/cache:           5379          99
Swap:          309247          45      309202
Filename				Type		Size	Used	Priority
/dev/block/zram0                        partition	2097148	46592	-2
/dev/nbd0                               partition	314572796	0	-3
===========================
RssAnon:	   73164 kB
===========================
===========================
RssFile:	  314040 kB
===========================
===========================
        TOTAL   196654    95900    41836        8    69559    54101    15457
===========================
MemTotal:        5610772 kB
MemFree:           97872 kB
MemAvailable:    1351564 kB
Cached:          1456712 kB
SwapCached:          380 kB
===========================
Starting: Intent { cmp=com.twitter.android/com.twitter.app.main.MainActivity }
Status: ok
LaunchState: COLD
Activity: com.twitter.android/com.twitter.app.main.MainActivity
TotalTime: 905
WaitTime: 905
Complete
end
		total        used        free      shared     buffers
Mem:             5479        5354         125          19           4
-/+ buffers/cache:           5350         129
Swap:          309247          81      309166
Filename				Type		Size	Used	Priority
/dev/block/zram0                        partition	2097148	83456	-2
/dev/nbd0                               partition	314572796	0	-3
===========================
RssAnon:	   80360 kB
===========================
===========================
RssFile:	  304072 kB
===========================
===========================
        TOTAL   161723    71420    32068        8    70329    53697    16631
===========================
MemTotal:        5610772 kB
MemFree:          151056 kB
MemAvailable:    1347176 kB
Cached:          1392092 kB
SwapCached:          852 kB
===========================
pgfault 2554427
pgmajfault 19961
pswpin 272
pswpout 20582
Starting: Intent { cmp=com.rovio.baba/com.unity3d.player.UnityPlayerActivity }
Status: ok
LaunchState: COLD
Activity: com.rovio.baba/com.unity3d.player.UnityPlayerActivity
TotalTime: 443
WaitTime: 443
Complete
end
		total        used        free      shared     buffers
Mem:             5479        5402          76          20           0
-/+ buffers/cache:           5401          77
Swap:          309247         225      309022
Filename				Type		Size	Used	Priority
/dev/block/zram0                        partition	2097148	230400	-2
/dev/nbd0                               partition	314572796	0	-3
pgfault 2899228
pgmajfault 22586
pswpin 1059
pswpout 57459
===========================
RssAnon:	   62660 kB
===========================
===========================
RssFile:	  254292 kB
===========================
===========================
        TOTAL   134323    57304    18320     7593    68233    50034    18198
===========================
MemTotal:        5610772 kB
MemFree:           77076 kB
MemAvailable:     781640 kB
Cached:           907752 kB
SwapCached:         3292 kB
===========================
Starting: Intent { cmp=com.google.android.gm/.ConversationListActivityGmail }
Status: ok
LaunchState: COLD
Activity: com.google.android.gm/.ConversationListActivityGmail
TotalTime: 772
WaitTime: 773
Complete
end
		total        used        free      shared     buffers
Mem:             5479        5418          60          20           0
-/+ buffers/cache:           5418          60
Swap:          309247         282      308965
Filename				Type		Size	Used	Priority
/dev/block/zram0                        partition	2097148	288768	-2
/dev/nbd0                               partition	314572796	0	-3
===========================
RssAnon:	   59080 kB
===========================
===========================
RssFile:	  250828 kB
===========================
===========================
        TOTAL   132379    53832    18252     9650    67376    50436    16939
===========================
MemTotal:        5610772 kB
MemFree:           89812 kB
MemAvailable:     704320 kB
Cached:           817888 kB
SwapCached:         6484 kB
===========================
Starting: Intent { cmp=com.instagram.android/.activity.MainTabActivity }
Status: ok
LaunchState: COLD
Activity: com.instagram.android/com.instagram.mainactivity.MainActivity
TotalTime: 1101
WaitTime: 1102
Complete
end
		total        used        free      shared     buffers
Mem:             5479        5387          91          20           0
-/+ buffers/cache:           5386          92
Swap:          309247         338      308909
Filename				Type		Size	Used	Priority
/dev/block/zram0                        partition	2097148	346624	-2
/dev/nbd0                               partition	314572796	0	-3
===========================
RssAnon:	   65136 kB
===========================
===========================
RssFile:	  252168 kB
===========================
===========================
        TOTAL   140731    60144    18348    11297    68442    51402    17039
===========================
MemTotal:        5610772 kB
MemFree:           84504 kB
MemAvailable:     589964 kB
Cached:           703608 kB
SwapCached:         7264 kB
===========================
Starting: Intent { cmp=com.supercell.clashroyale/com.supercell.titan.GameApp }
Status: ok
LaunchState: COLD
Activity: com.supercell.clashroyale/com.supercell.titan.GameApp
TotalTime: 844
WaitTime: 844
Complete
end
		total        used        free      shared     buffers
Mem:             5479        5396          83          20           0
-/+ buffers/cache:           5395          83
Swap:          309247         713      308534
Filename				Type		Size	Used	Priority
/dev/block/zram0                        partition	2097148	730368	-2
/dev/nbd0                               partition	314572796	0	-3
===========================
RssAnon:	   62500 kB
===========================
===========================
RssFile:	  210560 kB
===========================
===========================
        TOTAL   136742    57524    16600    13884    66734    51667    15066
===========================
MemTotal:        5610772 kB
MemFree:           69068 kB
MemAvailable:     302184 kB
Cached:           436112 kB
SwapCached:        11784 kB
===========================
