1345         com.google.android.gms.persistent
  		total        used        free      shared     buffers
Mem:             5447        2556        2891           3           1
-/+ buffers/cache:           2555        2892
Swap:            2047           0        2047
Starting: Intent { cmp=com.google.android.apps.maps/com.google.android.maps.MapsActivity }
Status: ok
LaunchState: UNKNOWN (-1)
Activity: com.google.android.apps.maps/com.google.android.maps.MapsActivity
WaitTime: 1225
Complete
end
		total        used        free      shared     buffers
Mem:             5447        3286        2161           8           4
-/+ buffers/cache:           3282        2165
Swap:            2047           0        2047
===========================
RssAnon:	   77136 kB
===========================
===========================
RssFile:	  325580 kB
===========================
===========================
        TOTAL   164898    66616    38296        0    62006    46270    15735
===========================
else:  
===========================
MemTotal:        5578140 kB
MemFree:         2240900 kB
MemAvailable:    3573884 kB
Cached:          1516420 kB
SwapCached:            0 kB
===========================
Starting: Intent { cmp=com.google.android.youtube/com.google.android.apps.youtube.app.WatchWhileActivity }
Status: ok
LaunchState: COLD
Activity: com.google.android.youtube/com.google.android.apps.youtube.app.WatchWhileActivity
TotalTime: 720
WaitTime: 721
Complete
end
		total        used        free      shared     buffers
Mem:             5447        3551        1895           9           6
-/+ buffers/cache:           3545        1901
Swap:            2047           0        2047
===========================
RssAnon:	   78792 kB
===========================
===========================
RssFile:	  329520 kB
===========================
===========================
        TOTAL   167737    68220    38596        0    62641    46493    16147
===========================
else:  
===========================
MemTotal:        5578140 kB
MemFree:         1944752 kB
MemAvailable:    3452320 kB
Cached:          1686748 kB
SwapCached:            0 kB
===========================
Starting: Intent { cmp=com.king.candycrushsaga/.CandyCrushSagaActivity }
Status: ok
LaunchState: COLD
Activity: com.king.candycrushsaga/.CandyCrushSagaActivity
TotalTime: 563
WaitTime: 564
Complete
end
		total        used        free      shared     buffers
Mem:             5447        4191        1255           9           6
-/+ buffers/cache:           4185        1262
Swap:            2047           0        2047
===========================
RssAnon:	   76464 kB
===========================
===========================
RssFile:	  342924 kB
===========================
===========================
        TOTAL   207764   108240    38500        0    64807    48500    16306
===========================
else:  
===========================
MemTotal:        5578140 kB
MemFree:         1286700 kB
MemAvailable:    3068988 kB
Cached:          1951528 kB
SwapCached:            0 kB
===========================
Starting: Intent { cmp=com.android.chrome/com.google.android.apps.chrome.Main }
Status: ok
LaunchState: WARM
Activity: com.android.chrome/com.google.android.apps.chrome.Main
TotalTime: 228
WaitTime: 229
Complete
end
		total        used        free      shared     buffers
Mem:             5447        4779         667          39           6
-/+ buffers/cache:           4773         673
Swap:            2047           0        2047
===========================
RssAnon:	   72612 kB
===========================
===========================
RssFile:	  341312 kB
===========================
===========================
        TOTAL   205736   103800    41184        0    63525    47592    15932
===========================
else:  
===========================
MemTotal:        5578140 kB
MemFree:          699916 kB
MemAvailable:    2846576 kB
Cached:          2325768 kB
SwapCached:            0 kB
===========================
Starting: Intent { cmp=com.twitter.android/com.twitter.app.main.MainActivity }
Status: ok
LaunchState: COLD
Activity: com.twitter.android/com.twitter.app.main.MainActivity
TotalTime: 760
WaitTime: 761
Complete
end
		total        used        free      shared     buffers
Mem:             5447        4847         600          15           6
-/+ buffers/cache:           4841         606
Swap:            2047           0        2047
===========================
RssAnon:	   69064 kB
===========================
===========================
RssFile:	  333816 kB
===========================
===========================
        TOTAL   161314    59424    40696        0    62612    45790    16821
===========================
else:  
===========================
MemTotal:        5578140 kB
MemFree:          608340 kB
MemAvailable:    2836900 kB
Cached:          2394788 kB
SwapCached:            0 kB
===========================
pgfault 18501543
pgmajfault 16393
pswpin 0
pswpout 0
Starting: Intent { cmp=com.rovio.baba/com.unity3d.player.UnityPlayerActivity }
Status: ok
LaunchState: COLD
Activity: com.rovio.baba/com.unity3d.player.UnityPlayerActivity
TotalTime: 412
WaitTime: 412
Complete
end
		total        used        free      shared     buffers
Mem:             5447        5370          77          24           6
-/+ buffers/cache:           5364          83
Swap:            2047          17        2030
pgfault 19056897
pgmajfault 17448
pswpin 49
pswpout 4384
===========================
RssAnon:	   78512 kB
===========================
===========================
RssFile:	  310012 kB
===========================
===========================
        TOTAL   157645    68924    31684        0    64015    44532    19482
===========================
else:  
===========================
MemTotal:        5578140 kB
MemFree:           80872 kB
MemAvailable:    2220884 kB
Cached:          2314324 kB
SwapCached:          232 kB
===========================
Starting: Intent { cmp=com.google.android.gm/.ConversationListActivityGmail }
Status: ok
LaunchState: COLD
Activity: com.google.android.gm/.ConversationListActivityGmail
TotalTime: 802
WaitTime: 804
Complete
end
		total        used        free      shared     buffers
Mem:             5447        5353          94          24           6
-/+ buffers/cache:           5347         100
Swap:            2047          28        2019
===========================
RssAnon:	   69828 kB
===========================
===========================
RssFile:	  310044 kB
===========================
===========================
        TOTAL   148250    60308    31460        0    63409    45202    18206
===========================
else:  
===========================
MemTotal:        5578140 kB
MemFree:           91168 kB
MemAvailable:    2142452 kB
Cached:          2226168 kB
SwapCached:          904 kB
===========================
Starting: Intent { cmp=com.instagram.android/.activity.MainTabActivity }
Status: ok
LaunchState: COLD
Activity: com.instagram.android/com.instagram.mainactivity.MainActivity
TotalTime: 969
WaitTime: 970
Complete
end
		total        used        free      shared     buffers
Mem:             5447        5338         109          24           2
-/+ buffers/cache:           5336         111
Swap:            2047         117        1930
===========================
RssAnon:	   69832 kB
===========================
===========================
RssFile:	  308728 kB
===========================
===========================
        TOTAL   182695    95500    31156        3    64342    48036    16305
===========================
else:  
===========================
MemTotal:        5578140 kB
MemFree:          104136 kB
MemAvailable:    1724744 kB
Cached:          1804604 kB
SwapCached:         1392 kB
===========================
Starting: Intent { cmp=com.supercell.clashroyale/com.supercell.titan.GameApp }
Status: ok
LaunchState: COLD
Activity: com.supercell.clashroyale/com.supercell.titan.GameApp
TotalTime: 721
WaitTime: 722
Complete
end
		total        used        free      shared     buffers
Mem:             5447        5366          80          25           0
-/+ buffers/cache:           5366          81
Swap:            2047         173        1874
===========================
RssAnon:	   66720 kB
===========================
===========================
RssFile:	  299656 kB
===========================
===========================
        TOTAL   188753   106182    25572     3223    65661    48484    17176
===========================
else:  
===========================
MemTotal:        5578140 kB
MemFree:           61768 kB
MemAvailable:    1385844 kB
Cached:          1514836 kB
SwapCached:         2764 kB
===========================
