1359         com.google.android.gms.persistent
  		total        used        free      shared     buffers
Mem:             5479        4951         527           3           0
-/+ buffers/cache:           4950         528
Swap:          309247           0      309247
Filename				Type		Size	Used	Priority
/dev/block/zram0                        partition	2097148	0	-2
/dev/nbd0                               partition	314572796	0	-3
Starting: Intent { cmp=com.google.android.apps.maps/com.google.android.maps.MapsActivity }
Status: ok
LaunchState: UNKNOWN (-1)
Activity: com.google.android.apps.maps/com.google.android.maps.MapsActivity
WaitTime: 662
Complete
end
		total        used        free      shared     buffers
Mem:             5479        5394          84           8           1
-/+ buffers/cache:           5392          86
Swap:          309247           0      309247
Filename				Type		Size	Used	Priority
/dev/block/zram0                        partition	2097148	0	-2
/dev/nbd0                               partition	314572796	0	-3
===========================
RssAnon:	   82708 kB
===========================
RssFile:	  320496 kB
===========================
===========================
        TOTAL   170540    73224    38652        0    71717    52923    18793
===========================
MemTotal:        5610708 kB
MemFree:           60452 kB
MemAvailable:    1147748 kB
Cached:          1275396 kB
SwapCached:            0 kB
===========================
Starting: Intent { cmp=com.google.android.youtube/com.google.android.apps.youtube.app.WatchWhileActivity }
Status: ok
LaunchState: COLD
Activity: com.google.android.youtube/com.google.android.apps.youtube.app.WatchWhileActivity
TotalTime: 1108
WaitTime: 1108
Complete
end
		total        used        free      shared     buffers
Mem:             5479        5361         118           8           4
-/+ buffers/cache:           5357         122
Swap:          309247          34      309213
Filename				Type		Size	Used	Priority
/dev/block/zram0                        partition	2097148	35584	-2
/dev/nbd0                               partition	314572796	0	-3
===========================
RssAnon:	   78504 kB
===========================
===========================
RssFile:	  300296 kB
===========================
===========================
        TOTAL   159193    69548    32008       16    70174    53004    17169
===========================
MemTotal:        5610708 kB
MemFree:          137064 kB
MemAvailable:    1108064 kB
Cached:          1157216 kB
SwapCached:          500 kB
===========================
Starting: Intent { cmp=com.king.candycrushsaga/.CandyCrushSagaActivity }
Status: ok
LaunchState: COLD
Activity: com.king.candycrushsaga/.CandyCrushSagaActivity
TotalTime: 635
WaitTime: 637
Complete
end
		total        used        free      shared     buffers
Mem:             5479        5389          89           9           0
-/+ buffers/cache:           5389          90
Swap:          309247         177      309070
Filename				Type		Size	Used	Priority
/dev/block/zram0                        partition	2097148	181248	-2
/dev/nbd0                               partition	314572796	0	-3
===========================
RssAnon:	   67776 kB
===========================
===========================
RssFile:	  274204 kB
===========================
===========================
        TOTAL   179447    93264    28084     3202    69531    53724    15806
===========================
MemTotal:        5610708 kB
MemFree:          106116 kB
MemAvailable:     661980 kB
Cached:           748748 kB
SwapCached:         1892 kB
===========================
Starting: Intent { cmp=com.android.chrome/com.google.android.apps.chrome.Main }
Status: ok
LaunchState: WARM
Activity: com.android.chrome/com.google.android.apps.chrome.Main
TotalTime: 410
WaitTime: 411
Complete
end
		total        used        free      shared     buffers
Mem:             5479        5398          80          24           1
-/+ buffers/cache:           5397          81
Swap:          309247         367      308880
Filename				Type		Size	Used	Priority
/dev/block/zram0                        partition	2097148	376064	-2
/dev/nbd0                               partition	314572796	0	-3
===========================
RssAnon:	   66244 kB
===========================
===========================
RssFile:	  260276 kB
===========================
===========================
        TOTAL   185415    91196    27232    14830    73438    56910    16527
===========================
MemTotal:        5610708 kB
MemFree:           86488 kB
MemAvailable:     507324 kB
Cached:           627748 kB
SwapCached:         7520 kB
===========================
Starting: Intent { cmp=com.twitter.android/com.twitter.app.main.MainActivity }
Status: ok
LaunchState: COLD
Activity: com.twitter.android/com.twitter.app.main.MainActivity
TotalTime: 1008
WaitTime: 1008
Complete
end
		total        used        free      shared     buffers
Mem:             5479        5355         123          16           0
-/+ buffers/cache:           5355         123
Swap:          309247         475      308772
Filename				Type		Size	Used	Priority
/dev/block/zram0                        partition	2097148	486656	-2
/dev/nbd0                               partition	314572796	0	-3
===========================
RssAnon:	   62348 kB
===========================
===========================
RssFile:	  244608 kB
===========================
===========================
        TOTAL   141623    56264    17372    16557    71724    53547    18176
===========================
MemTotal:        5610708 kB
MemFree:           85160 kB
MemAvailable:     526748 kB
Cached:           640204 kB
SwapCached:        10000 kB
===========================
pgfault 2894488
pgmajfault 28451
pswpin 4334
pswpout 123229
Starting: Intent { cmp=com.rovio.baba/com.unity3d.player.UnityPlayerActivity }
Status: ok
LaunchState: COLD
Activity: com.rovio.baba/com.unity3d.player.UnityPlayerActivity
TotalTime: 567
WaitTime: 567
Complete
end
		total        used        free      shared     buffers
Mem:             5479        5384          94           5           0
-/+ buffers/cache:           5383          95
Swap:          309247        1143      308104
Filename				Type		Size	Used	Priority
/dev/block/zram0                        partition	2097148	1164084	-2
/dev/nbd0                               partition	314572796	7136	-3
pgfault 3253885
pgmajfault 56694
pswpin 26275
pswpout 312967
===========================
RssAnon:	   37640 kB
===========================
===========================
RssFile:	  219580 kB
===========================
===========================
        TOTAL   132144    32592    17440    32881    68474    50294    18179
===========================
MemTotal:        5610708 kB
MemFree:           91324 kB
MemAvailable:     312424 kB
Cached:           408276 kB
SwapCached:        34680 kB
===========================
Starting: Intent { cmp=com.google.android.gm/.ConversationListActivityGmail }
Status: ok
LaunchState: COLD
Activity: com.google.android.gm/.ConversationListActivityGmail
TotalTime: 1786
WaitTime: 1789
Complete
end
		total        used        free      shared     buffers
Mem:             5479        5400          78           2           0
-/+ buffers/cache:           5400          79
Swap:          309247        1436      307811
Filename				Type		Size	Used	Priority
/dev/block/zram0                        partition	2097148	1456056	-2
/dev/nbd0                               partition	314572796	15008	-3
===========================
RssAnon:	   44364 kB
===========================
===========================
RssFile:	  228476 kB
===========================
===========================
        TOTAL   133185    41664    18228    22831    67645    49562    18082
===========================
MemTotal:        5610708 kB
MemFree:           66980 kB
MemAvailable:     345440 kB
Cached:           463784 kB
SwapCached:        89504 kB
===========================
Starting: Intent { cmp=com.instagram.android/.activity.MainTabActivity }
Status: ok
LaunchState: COLD
Activity: com.instagram.android/com.instagram.mainactivity.MainActivity
TotalTime: 1368
WaitTime: 1368
Complete
end
		total        used        free      shared     buffers
Mem:             5479        5389          89           2           0
-/+ buffers/cache:           5389          90
Swap:          309247        1501      307746
Filename				Type		Size	Used	Priority
/dev/block/zram0                        partition	2097148	1527152	-2
/dev/nbd0                               partition	314572796	10584	-3
===========================
RssAnon:	   52164 kB
===========================
===========================
RssFile:	  215936 kB
===========================
===========================
        TOTAL   138990    50016    16664    22160    69053    51444    17608
===========================
MemTotal:        5610708 kB
MemFree:           89580 kB
MemAvailable:     263448 kB
Cached:           358912 kB
SwapCached:        68768 kB
===========================
Starting: Intent { cmp=com.supercell.clashroyale/com.supercell.titan.GameApp }
Status: ok
LaunchState: COLD
Activity: com.supercell.clashroyale/com.supercell.titan.GameApp
TotalTime: 1020
WaitTime: 1024
Complete
end
		total        used        free      shared     buffers
Mem:             5479        5402          77           2           0
-/+ buffers/cache:           5401          77
Swap:          309247        1500      307747
Filename				Type		Size	Used	Priority
/dev/block/zram0                        partition	2097148	1510144	-2
/dev/nbd0                               partition	314572796	25920	-3
===========================
RssAnon:	   52524 kB
===========================
===========================
RssFile:	  204696 kB
===========================
===========================
        TOTAL   138767    50636    17768    21273    66997    49901    17095
===========================
MemTotal:        5610708 kB
MemFree:           76028 kB
MemAvailable:     304948 kB
Cached:           411684 kB
SwapCached:        77780 kB
===========================
