1360         com.google.android.gms.persistent
  Battery stats reset.
		total        used        free      shared     buffers
Mem:             5479        4991         487           3           0
-/+ buffers/cache:           4990         488
Swap:          309247           0      309247
Filename				Type		Size	Used	Priority
/dev/block/zram0                        partition	2097148	0	-2
/dev/nbd0                               partition	314572796	0	-3
Starting: Intent { cmp=com.google.android.apps.maps/com.google.android.maps.MapsActivity }
Status: ok
LaunchState: COLD
Activity: com.google.android.apps.maps/com.google.android.maps.MapsActivity
TotalTime: 746
WaitTime: 747
Complete
end
		total        used        free      shared     buffers
Mem:             5479        5396          82           8           1
-/+ buffers/cache:           5395          84
Swap:          309247           0      309247
Filename				Type		Size	Used	Priority
/dev/block/zram0                        partition	2097148	0	-2
/dev/nbd0                               partition	314572796	0	-3
===========================
RssAnon:	   76020 kB
===========================
RssFile:	  320520 kB
===========================
===========================
        TOTAL   163822    65844    39272        0    65360    47225    18134
===========================
MemTotal:        5610708 kB
MemFree:           67164 kB
MemAvailable:    1156288 kB
Cached:          1276400 kB
SwapCached:            0 kB
===========================
Starting: Intent { cmp=com.google.android.youtube/com.google.android.apps.youtube.app.WatchWhileActivity }
Status: ok
LaunchState: COLD
Activity: com.google.android.youtube/com.google.android.apps.youtube.app.WatchWhileActivity
TotalTime: 1131
WaitTime: 1132
Complete
end
		total        used        free      shared     buffers
Mem:             5479        5358         120           8           2
-/+ buffers/cache:           5356         122
Swap:          309247          37      309210
Filename				Type		Size	Used	Priority
/dev/block/zram0                        partition	2097148	38144	-2
/dev/nbd0                               partition	314572796	0	-3
===========================
RssAnon:	   77580 kB
===========================
===========================
RssFile:	  298140 kB
===========================
===========================
        TOTAL   158086    68228    32428        1    66867    48994    17872
===========================
MemTotal:        5610708 kB
MemFree:          147084 kB
MemAvailable:    1117580 kB
Cached:          1150792 kB
SwapCached:          260 kB
===========================
Starting: Intent { cmp=com.king.candycrushsaga/.CandyCrushSagaActivity }
Status: ok
LaunchState: COLD
Activity: com.king.candycrushsaga/.CandyCrushSagaActivity
TotalTime: 645
WaitTime: 646
Complete
end
		total        used        free      shared     buffers
Mem:             5479        5407          71           9           0
-/+ buffers/cache:           5407          72
Swap:          309247         167      309080
Filename				Type		Size	Used	Priority
/dev/block/zram0                        partition	2097148	171008	-2
/dev/nbd0                               partition	314572796	0	-3
===========================
RssAnon:	   69620 kB
===========================
===========================
RssFile:	  274104 kB
===========================
===========================
        TOTAL   176816    93856    28540       54    65608    49746    15861
===========================
MemTotal:        5610708 kB
MemFree:           66208 kB
MemAvailable:     669456 kB
Cached:           794408 kB
SwapCached:         1440 kB
===========================
Starting: Intent { cmp=com.android.chrome/com.google.android.apps.chrome.Main }
Status: ok
LaunchState: WARM
Activity: com.android.chrome/com.google.android.apps.chrome.Main
TotalTime: 444
WaitTime: 444
Complete
end
		total        used        free      shared     buffers
Mem:             5479        5397          81          27           0
-/+ buffers/cache:           5396          82
Swap:          309247         341      308906
Filename				Type		Size	Used	Priority
/dev/block/zram0                        partition	2097148	349440	-2
/dev/nbd0                               partition	314572796	0	-3
===========================
RssAnon:	   64856 kB
===========================
===========================
RssFile:	  258664 kB
===========================
===========================
        TOTAL   182626    90124    27892    12666    68527    52899    15627
===========================
MemTotal:        5610708 kB
MemFree:           80716 kB
MemAvailable:     527264 kB
Cached:           654524 kB
SwapCached:         6848 kB
===========================
Starting: Intent { cmp=com.twitter.android/com.twitter.app.main.MainActivity }
Status: ok
LaunchState: COLD
Activity: com.twitter.android/com.twitter.app.main.MainActivity
TotalTime: 1057
WaitTime: 1058
Complete
end
		total        used        free      shared     buffers
Mem:             5479        5360         118          18           0
-/+ buffers/cache:           5359         119
Swap:          309247         433      308814
Filename				Type		Size	Used	Priority
/dev/block/zram0                        partition	2097148	443904	-2
/dev/nbd0                               partition	314572796	0	-3
===========================
RssAnon:	   63000 kB
===========================
===========================
RssFile:	  247020 kB
===========================
===========================
        TOTAL   142364    56736    20168    13959    66496    51026    15469
===========================
MemTotal:        5610708 kB
MemFree:           93740 kB
MemAvailable:     552712 kB
Cached:           659088 kB
SwapCached:         9828 kB
===========================
pgfault 2814894
pgmajfault 26323
pswpin 5580
pswpout 114399
Starting: Intent { cmp=com.rovio.baba/com.unity3d.player.UnityPlayerActivity }
Status: ok
LaunchState: COLD
Activity: com.rovio.baba/com.unity3d.player.UnityPlayerActivity
TotalTime: 556
WaitTime: 557
Complete
end
		total        used        free      shared     buffers
Mem:             5479        5413          65           7           0
-/+ buffers/cache:           5412          66
Swap:          309247        1122      308125
Filename				Type		Size	Used	Priority
/dev/block/zram0                        partition	2097148	1144692	-2
/dev/nbd0                               partition	314572796	5104	-3
pgfault 3173816
pgmajfault 51666
pswpin 24783
pswpout 307859
===========================
RssAnon:	   35952 kB
===========================
===========================
RssFile:	  214180 kB
===========================
===========================
        TOTAL   130207    32560    17944    30607    65386    47721    17664
===========================
MemTotal:        5610708 kB
MemFree:           67748 kB
MemAvailable:     351132 kB
Cached:           472640 kB
SwapCached:        29376 kB
===========================
Starting: Intent { cmp=com.google.android.gm/.ConversationListActivityGmail }
Status: ok
LaunchState: COLD
Activity: com.google.android.gm/.ConversationListActivityGmail
TotalTime: 1597
WaitTime: 1598
Complete
end
		total        used        free      shared     buffers
Mem:             5479        5418          61           2           0
-/+ buffers/cache:           5417          61
Swap:          309247        1328      307919
Filename				Type		Size	Used	Priority
/dev/block/zram0                        partition	2097148	1345608	-2
/dev/nbd0                               partition	314572796	15936	-3
===========================
RssAnon:	   45544 kB
===========================
===========================
RssFile:	  230372 kB
===========================
===========================
        TOTAL   130836    42572    18440    19260    63008    46824    16183
===========================
MemTotal:        5610708 kB
MemFree:           75964 kB
MemAvailable:     364788 kB
Cached:           473404 kB
SwapCached:        73560 kB
===========================
Starting: Intent { cmp=com.instagram.android/.activity.MainTabActivity }
Status: ok
LaunchState: COLD
Activity: com.instagram.android/com.instagram.mainactivity.MainActivity
TotalTime: 1261
WaitTime: 1262
Complete
end
		total        used        free      shared     buffers
Mem:             5479        5417          62           3           0
-/+ buffers/cache:           5416          62
Swap:          309247        1427      307820
Filename				Type		Size	Used	Priority
/dev/block/zram0                        partition	2097148	1452940	-2
/dev/nbd0                               partition	314572796	8484	-3
===========================
RssAnon:	   53120 kB
===========================
===========================
RssFile:	  230356 kB
===========================
===========================
        TOTAL   138288    50912    17484    18859    65559    48660    16898
===========================
MemTotal:        5610708 kB
MemFree:           67044 kB
MemAvailable:     288672 kB
Cached:           406364 kB
SwapCached:        63372 kB
===========================
Starting: Intent { cmp=com.supercell.clashroyale/com.supercell.titan.GameApp }
Status: ok
LaunchState: COLD
Activity: com.supercell.clashroyale/com.supercell.titan.GameApp
TotalTime: 1043
WaitTime: 1044
Complete
end
		total        used        free      shared     buffers
Mem:             5479        5404          74           3           0
-/+ buffers/cache:           5404          75
Swap:          309247        1474      307773
Filename				Type		Size	Used	Priority
/dev/block/zram0                        partition	2097148	1496976	-2
/dev/nbd0                               partition	314572796	13388	-3
===========================
RssAnon:	   51864 kB
===========================
===========================
RssFile:	  208296 kB
===========================
===========================
        TOTAL   137579    50100    18480    19803    64007    48178    15828
===========================
MemTotal:        5610708 kB
MemFree:           70220 kB
MemAvailable:     349852 kB
Cached:           463080 kB
SwapCached:        80780 kB
===========================
