1362         com.google.android.gms.persistent
  Battery stats reset.
		total        used        free      shared     buffers
Mem:             5479        4104        1374           3           1
-/+ buffers/cache:           4103        1376
Swap:          309247           0      309247
Filename				Type		Size	Used	Priority
/dev/block/zram0                        partition	2097148	0	-2
/dev/nbd0                               partition	314572796	0	-3
Starting: Intent { cmp=com.google.android.apps.maps/com.google.android.maps.MapsActivity }
Status: ok
LaunchState: COLD
Activity: com.google.android.apps.maps/com.google.android.maps.MapsActivity
TotalTime: 732
WaitTime: 735
Complete
end
		total        used        free      shared     buffers
Mem:             5479        4491         987           8           1
-/+ buffers/cache:           4489         989
Swap:          309247           0      309247
Filename				Type		Size	Used	Priority
/dev/block/zram0                        partition	2097148	0	-2
/dev/nbd0                               partition	314572796	0	-3
===========================
RssAnon:	   75692 kB
===========================
RssFile:	  346604 kB
===========================
===========================
        TOTAL   177833    64432    50564        0    64935    50080    14854
===========================
MemTotal:        5610708 kB
MemFree:         1043796 kB
MemAvailable:    2210144 kB
Cached:          1355004 kB
SwapCached:            0 kB
===========================
Starting: Intent { cmp=com.google.android.youtube/com.google.android.apps.youtube.app.WatchWhileActivity }
Status: ok
LaunchState: COLD
Activity: com.google.android.youtube/com.google.android.apps.youtube.app.WatchWhileActivity
TotalTime: 1214
WaitTime: 1214
Complete
end
		total        used        free      shared     buffers
Mem:             5479        4776         703           8           2
-/+ buffers/cache:           4773         705
Swap:          309247           0      309247
Filename				Type		Size	Used	Priority
/dev/block/zram0                        partition	2097148	0	-2
/dev/nbd0                               partition	314572796	0	-3
===========================
RssAnon:	   76836 kB
===========================
===========================
RssFile:	  329736 kB
===========================
===========================
        TOTAL   165171    66152    39164        0    67038    49227    17810
===========================
MemTotal:        5610708 kB
MemFree:          732588 kB
MemAvailable:    2108344 kB
Cached:          1561188 kB
SwapCached:            0 kB
===========================
Starting: Intent { cmp=com.king.candycrushsaga/.CandyCrushSagaActivity }
Status: ok
LaunchState: COLD
Activity: com.king.candycrushsaga/.CandyCrushSagaActivity
TotalTime: 595
WaitTime: 596
Complete
end
		total        used        free      shared     buffers
Mem:             5479        5409          69           9           4
-/+ buffers/cache:           5405          73
Swap:          309247           0      309247
Filename				Type		Size	Used	Priority
/dev/block/zram0                        partition	2097148	0	-2
/dev/nbd0                               partition	314572796	0	-3
===========================
RssAnon:	   71824 kB
===========================
===========================
RssFile:	  343388 kB
===========================
===========================
        TOTAL   202024    92492    48676        0    65412    50573    14838
===========================
MemTotal:        5610708 kB
MemFree:           76008 kB
MemAvailable:    1701228 kB
Cached:          1802024 kB
SwapCached:            0 kB
===========================
Starting: Intent { cmp=com.android.chrome/com.google.android.apps.chrome.Main }
Status: ok
LaunchState: WARM
Activity: com.android.chrome/com.google.android.apps.chrome.Main
TotalTime: 324
WaitTime: 325
Complete
end
		total        used        free      shared     buffers
Mem:             5479        5334         144          27           4
-/+ buffers/cache:           5330         148
Swap:          309247          32      309215
Filename				Type		Size	Used	Priority
/dev/block/zram0                        partition	2097148	33024	-2
/dev/nbd0                               partition	314572796	0	-3
===========================
RssAnon:	   80460 kB
===========================
===========================
RssFile:	  315312 kB
===========================
===========================
        TOTAL   201659   101260    41724        0    67792    52677    15114
===========================
MemTotal:        5610708 kB
MemFree:          132384 kB
MemAvailable:    1422840 kB
Cached:          1492112 kB
SwapCached:          120 kB
===========================
Starting: Intent { cmp=com.twitter.android/com.twitter.app.main.MainActivity }
Status: ok
LaunchState: COLD
Activity: com.twitter.android/com.twitter.app.main.MainActivity
TotalTime: 1015
WaitTime: 1015
Complete
end
		total        used        free      shared     buffers
Mem:             5479        5333         145          18           4
-/+ buffers/cache:           5329         150
Swap:          309247          55      309192
Filename				Type		Size	Used	Priority
/dev/block/zram0                        partition	2097148	56832	-2
/dev/nbd0                               partition	314572796	0	-3
===========================
RssAnon:	   73252 kB
===========================
===========================
RssFile:	  304904 kB
===========================
===========================
        TOTAL   154041    63932    31936        6    65792    49707    16084
===========================
MemTotal:        5610708 kB
MemFree:          145412 kB
MemAvailable:    1403540 kB
Cached:          1452440 kB
SwapCached:          576 kB
===========================
pgfault 2476737
pgmajfault 17763
pswpin 238
pswpout 13929
Starting: Intent { cmp=com.rovio.baba/com.unity3d.player.UnityPlayerActivity }
Status: ok
LaunchState: COLD
Activity: com.rovio.baba/com.unity3d.player.UnityPlayerActivity
TotalTime: 464
WaitTime: 464
Complete
end
		total        used        free      shared     buffers
Mem:             5479        5395          83          19           0
-/+ buffers/cache:           5394          84
Swap:          309247         183      309064
Filename				Type		Size	Used	Priority
/dev/block/zram0                        partition	2097148	187392	-2
/dev/nbd0                               partition	314572796	0	-3
pgfault 2785496
pgmajfault 19177
pswpin 418
pswpout 46594
===========================
RssAnon:	   62008 kB
===========================
===========================
RssFile:	  267640 kB
===========================
===========================
        TOTAL   136116    55616    24772     4495    62693    46572    16120
===========================
MemTotal:        5610708 kB
MemFree:           72628 kB
MemAvailable:     933592 kB
Cached:          1060928 kB
SwapCached:         1032 kB
===========================
Starting: Intent { cmp=com.google.android.gm/.ConversationListActivityGmail }
Status: ok
LaunchState: COLD
Activity: com.google.android.gm/.ConversationListActivityGmail
TotalTime: 808
WaitTime: 809
Complete
end
		total        used        free      shared     buffers
Mem:             5479        5391          87          19           0
-/+ buffers/cache:           5390          88
Swap:          309247         220      309027
Filename				Type		Size	Used	Priority
/dev/block/zram0                        partition	2097148	226048	-2
/dev/nbd0                               partition	314572796	0	-3
===========================
RssAnon:	   60588 kB
===========================
===========================
RssFile:	  257560 kB
===========================
===========================
        TOTAL   129836    53348    19180     6773    63877    46207    17669
===========================
MemTotal:        5610708 kB
MemFree:           75264 kB
MemAvailable:     807580 kB
Cached:           932692 kB
SwapCached:         4552 kB
===========================
Starting: Intent { cmp=com.instagram.android/.activity.MainTabActivity }
Status: ok
LaunchState: COLD
Activity: com.instagram.android/com.instagram.mainactivity.MainActivity
TotalTime: 1062
WaitTime: 1063
Complete
end
		total        used        free      shared     buffers
Mem:             5479        5365         113          19           0
-/+ buffers/cache:           5364         114
Swap:          309247         270      308977
Filename				Type		Size	Used	Priority
/dev/block/zram0                        partition	2097148	276992	-2
/dev/nbd0                               partition	314572796	0	-3
===========================
RssAnon:	   66976 kB
===========================
===========================
RssFile:	  264060 kB
===========================
===========================
        TOTAL   178208    91000    27964     8583    64996    50374    14621
===========================
MemTotal:        5610708 kB
MemFree:           82692 kB
MemAvailable:     676720 kB
Cached:           789276 kB
SwapCached:         5300 kB
===========================
Starting: Intent { cmp=com.supercell.clashroyale/com.supercell.titan.GameApp }
Status: ok
LaunchState: COLD
Activity: com.supercell.clashroyale/com.supercell.titan.GameApp
TotalTime: 1004
WaitTime: 1005
Complete
end
		total        used        free      shared     buffers
Mem:             5479        5407          72          19           0
-/+ buffers/cache:           5406          72
Swap:          309247         481      308766
Filename				Type		Size	Used	Priority
/dev/block/zram0                        partition	2097148	493056	-2
/dev/nbd0                               partition	314572796	0	-3
===========================
RssAnon:	   64304 kB
===========================
===========================
RssFile:	  216120 kB
===========================
===========================
        TOTAL   135600    57892    17328    11244    64754    48457    16296
===========================
MemTotal:        5610708 kB
MemFree:           59424 kB
MemAvailable:     332336 kB
Cached:           471432 kB
SwapCached:         6940 kB
===========================
