1362         com.google.android.gms.persistent
  Battery stats reset.
		total        used        free      shared     buffers
Mem:             5479        4417        1061           3           0
-/+ buffers/cache:           4417        1062
Swap:          309247           0      309247
Filename				Type		Size	Used	Priority
/dev/block/zram0                        partition	2097148	0	-2
/dev/nbd0                               partition	314572796	0	-3
Starting: Intent { cmp=com.google.android.apps.maps/com.google.android.maps.MapsActivity }
Status: ok
LaunchState: UNKNOWN (-1)
Activity: com.google.android.apps.maps/com.google.android.maps.MapsActivity
WaitTime: 670
Complete
end
		total        used        free      shared     buffers
Mem:             5479        4909         569           8           1
-/+ buffers/cache:           4908         570
Swap:          309247           0      309247
Filename				Type		Size	Used	Priority
/dev/block/zram0                        partition	2097148	0	-2
/dev/nbd0                               partition	314572796	0	-3
===========================
RssAnon:	   76852 kB
===========================
RssFile:	  324760 kB
===========================
===========================
        TOTAL   164959    66624    38748        0    65785    50250    15534
===========================
MemTotal:        5610772 kB
MemFree:          516552 kB
MemAvailable:    1634644 kB
Cached:          1305072 kB
SwapCached:            0 kB
===========================
Starting: Intent { cmp=com.google.android.youtube/com.google.android.apps.youtube.app.WatchWhileActivity }
Status: ok
LaunchState: COLD
Activity: com.google.android.youtube/com.google.android.apps.youtube.app.WatchWhileActivity
TotalTime: 1064
WaitTime: 1064
Complete
end
		total        used        free      shared     buffers
Mem:             5479        5210         268           8           4
-/+ buffers/cache:           5206         272
Swap:          309247           0      309247
Filename				Type		Size	Used	Priority
/dev/block/zram0                        partition	2097148	0	-2
/dev/nbd0                               partition	314572796	0	-3
===========================
RssAnon:	   80112 kB
===========================
===========================
RssFile:	  328472 kB
===========================
===========================
        TOTAL   168781    70208    38844        0    68840    50776    18063
===========================
MemTotal:        5610772 kB
MemFree:          291548 kB
MemAvailable:    1572304 kB
Cached:          1458504 kB
SwapCached:            0 kB
===========================
Starting: Intent { cmp=com.king.candycrushsaga/.CandyCrushSagaActivity }
Status: ok
LaunchState: COLD
Activity: com.king.candycrushsaga/.CandyCrushSagaActivity
TotalTime: 612
WaitTime: 612
Complete
end
		total        used        free      shared     buffers
Mem:             5479        5411          67           8           4
-/+ buffers/cache:           5407          71
Swap:          309247          35      309212
Filename				Type		Size	Used	Priority
/dev/block/zram0                        partition	2097148	35840	-2
/dev/nbd0                               partition	314572796	0	-3
===========================
RssAnon:	   73040 kB
===========================
===========================
RssFile:	  313064 kB
===========================
===========================
        TOTAL   196176    94932    42204        0    66036    50499    15536
===========================
MemTotal:        5610772 kB
MemFree:           47248 kB
MemAvailable:    1168512 kB
Cached:          1306496 kB
SwapCached:          528 kB
===========================
Starting: Intent { cmp=com.android.chrome/com.google.android.apps.chrome.Main }
Status: ok
LaunchState: WARM
Activity: com.android.chrome/com.google.android.apps.chrome.Main
TotalTime: 301
WaitTime: 302
Complete
end
		total        used        free      shared     buffers
Mem:             5479        5395          84          29           0
-/+ buffers/cache:           5394          84
Swap:          309247         145      309102
Filename				Type		Size	Used	Priority
/dev/block/zram0                        partition	2097148	148480	-2
/dev/nbd0                               partition	314572796	0	-3
===========================
RssAnon:	   81176 kB
===========================
===========================
RssFile:	  290564 kB
===========================
===========================
        TOTAL   193588   103624    33952        4    69022    53227    15794
===========================
MemTotal:        5610772 kB
MemFree:           84572 kB
MemAvailable:     953332 kB
Cached:          1078928 kB
SwapCached:         3052 kB
===========================
Starting: Intent { cmp=com.twitter.android/com.twitter.app.main.MainActivity }
Status: ok
LaunchState: COLD
Activity: com.twitter.android/com.twitter.app.main.MainActivity
TotalTime: 917
WaitTime: 917
Complete
end
		total        used        free      shared     buffers
Mem:             5479        5349         129          18           0
-/+ buffers/cache:           5349         130
Swap:          309247         155      309092
Filename				Type		Size	Used	Priority
/dev/block/zram0                        partition	2097148	158976	-2
/dev/nbd0                               partition	314572796	0	-3
===========================
RssAnon:	   79708 kB
===========================
===========================
RssFile:	  257396 kB
===========================
===========================
        TOTAL   142512    71500    18200       23    68248    51072    17175
===========================
MemTotal:        5610772 kB
MemFree:          143288 kB
MemAvailable:     937740 kB
Cached:           992948 kB
SwapCached:         3956 kB
===========================
pgfault 2891778
pgmajfault 22337
pswpin 1575
pswpout 39722
Starting: Intent { cmp=com.rovio.baba/com.unity3d.player.UnityPlayerActivity }
Status: ok
LaunchState: COLD
Activity: com.rovio.baba/com.unity3d.player.UnityPlayerActivity
TotalTime: 455
WaitTime: 456
Complete
end
		total        used        free      shared     buffers
Mem:             5479        5412          66          18           0
-/+ buffers/cache:           5411          67
Swap:          309247         372      308875
Filename				Type		Size	Used	Priority
/dev/block/zram0                        partition	2097148	381440	-2
/dev/nbd0                               partition	314572796	0	-3
pgfault 3210759
pgmajfault 27127
pswpin 2492
pswpout 95903
===========================
RssAnon:	   55780 kB
===========================
===========================
RssFile:	  238236 kB
===========================
===========================
        TOTAL   129840    49448    17616    12720    64796    48660    16135
===========================
MemTotal:        5610772 kB
MemFree:           70612 kB
MemAvailable:     495396 kB
Cached:           624908 kB
SwapCached:         6464 kB
===========================
Starting: Intent { cmp=com.google.android.gm/.ConversationListActivityGmail }
Status: ok
LaunchState: COLD
Activity: com.google.android.gm/.ConversationListActivityGmail
TotalTime: 1152
WaitTime: 1153
Complete
end
		total        used        free      shared     buffers
Mem:             5479        5414          64          19           0
-/+ buffers/cache:           5414          65
Swap:          309247         513      308734
Filename				Type		Size	Used	Priority
/dev/block/zram0                        partition	2097148	525824	-2
/dev/nbd0                               partition	314572796	0	-3
===========================
RssAnon:	   55308 kB
===========================
===========================
RssFile:	  238948 kB
===========================
===========================
        TOTAL   133688    48752    20792    14058    63857    48821    15035
===========================
MemTotal:        5610772 kB
MemFree:           69604 kB
MemAvailable:     469780 kB
Cached:           600272 kB
SwapCached:        13568 kB
===========================
Starting: Intent { cmp=com.instagram.android/.activity.MainTabActivity }
Status: ok
LaunchState: COLD
Activity: com.instagram.android/com.instagram.mainactivity.MainActivity
TotalTime: 1146
WaitTime: 1146
Complete
end
		total        used        free      shared     buffers
Mem:             5479        5423          55          19           0
-/+ buffers/cache:           5422          56
Swap:          309247         621      308626
Filename				Type		Size	Used	Priority
/dev/block/zram0                        partition	2097148	636928	-2
/dev/nbd0                               partition	314572796	0	-3
===========================
RssAnon:	   62704 kB
===========================
===========================
RssFile:	  237932 kB
===========================
===========================
        TOTAL   138886    56228    18020    14293    66698    50331    16366
===========================
MemTotal:        5610772 kB
MemFree:           58776 kB
MemAvailable:     422184 kB
Cached:           562956 kB
SwapCached:        18684 kB
===========================
Starting: Intent { cmp=com.supercell.clashroyale/com.supercell.titan.GameApp }
Status: ok
LaunchState: COLD
Activity: com.supercell.clashroyale/com.supercell.titan.GameApp
TotalTime: 770
WaitTime: 771
Complete
end
		total        used        free      shared     buffers
Mem:             5479        5413          65          10           0
-/+ buffers/cache:           5412          66
Swap:          309247        1272      307975
Filename				Type		Size	Used	Priority
/dev/block/zram0                        partition	2097148	1302784	-2
/dev/nbd0                               partition	314572796	700	-3
===========================
RssAnon:	   46044 kB
===========================
===========================
RssFile:	  206796 kB
===========================
===========================
        TOTAL   176147    75188    26544    26351    66629    52021    14607
===========================
MemTotal:        5610772 kB
MemFree:           66032 kB
MemAvailable:     258396 kB
Cached:           384220 kB
SwapCached:        42892 kB
===========================
