1337         com.google.android.gms.persistent
  		total        used        free      shared     buffers
Mem:             5447        2533        2913           3           1
-/+ buffers/cache:           2532        2914
Swap:            2047           0        2047
Starting: Intent { cmp=com.google.android.apps.maps/com.google.android.maps.MapsActivity }
Status: ok
LaunchState: UNKNOWN (-1)
Activity: com.google.android.apps.maps/com.google.android.maps.MapsActivity
WaitTime: 1092
Complete
end
		total        used        free      shared     buffers
Mem:             5447        3144        2303           8           1
-/+ buffers/cache:           3142        2305
Swap:            2047           0        2047
===========================
RssAnon:	   79504 kB
===========================
===========================
RssFile:	  345360 kB
===========================
===========================
        TOTAL   184073    69324    53272        0    67786    52663    15122
===========================
else:  
===========================
MemTotal:        5578140 kB
MemFree:         2362432 kB
MemAvailable:    3587028 kB
Cached:          1415684 kB
SwapCached:            0 kB
===========================
Starting: Intent { cmp=com.google.android.youtube/com.google.android.apps.youtube.app.WatchWhileActivity }
Status: ok
LaunchState: COLD
Activity: com.google.android.youtube/com.google.android.apps.youtube.app.WatchWhileActivity
TotalTime: 701
WaitTime: 701
Complete
end
		total        used        free      shared     buffers
Mem:             5447        3330        2116           8           4
-/+ buffers/cache:           3326        2120
Swap:            2047           0        2047
===========================
RssAnon:	   72000 kB
===========================
===========================
RssFile:	  338256 kB
===========================
===========================
        TOTAL   203595    96048    47476        0    69267    53195    16071
===========================
else:  
===========================
MemTotal:        5578140 kB
MemFree:         2167156 kB
MemAvailable:    3571740 kB
Cached:          1585488 kB
SwapCached:            0 kB
===========================
Starting: Intent { cmp=com.king.candycrushsaga/.CandyCrushSagaActivity }
Status: ok
LaunchState: COLD
Activity: com.king.candycrushsaga/.CandyCrushSagaActivity
TotalTime: 578
WaitTime: 580
Complete
end
		total        used        free      shared     buffers
Mem:             5447        4027        1420           9           6
-/+ buffers/cache:           4021        1426
Swap:            2047           0        2047
===========================
RssAnon:	   73364 kB
===========================
===========================
RssFile:	  341844 kB
===========================
===========================
        TOTAL   204485   100228    43652        0    67802    51309    16492
===========================
else:  
===========================
MemTotal:        5578140 kB
MemFree:         1446792 kB
MemAvailable:    3118324 kB
Cached:          1843536 kB
SwapCached:            0 kB
===========================
Starting: Intent { cmp=com.android.chrome/com.google.android.apps.chrome.Main }
Status: ok
LaunchState: WARM
Activity: com.android.chrome/com.google.android.apps.chrome.Main
TotalTime: 234
WaitTime: 235
Complete
end
		total        used        free      shared     buffers
Mem:             5447        4524         922          26           6
-/+ buffers/cache:           4518         928
Swap:            2047           0        2047
===========================
RssAnon:	   78420 kB
===========================
===========================
RssFile:	  342472 kB
===========================
===========================
        TOTAL   209673   103456    45628        0    68671    53076    15594
===========================
else:  
===========================
MemTotal:        5578140 kB
MemFree:          935072 kB
MemAvailable:    2787684 kB
Cached:          2036768 kB
SwapCached:            0 kB
===========================
Starting: Intent { cmp=com.twitter.android/com.twitter.app.main.MainActivity }
Status: ok
LaunchState: COLD
Activity: com.twitter.android/com.twitter.app.main.MainActivity
TotalTime: 714
WaitTime: 716
Complete
end
		total        used        free      shared     buffers
Mem:             5447        4792         654          15           6
-/+ buffers/cache:           4786         660
Swap:            2047           0        2047
===========================
RssAnon:	   75104 kB
===========================
===========================
RssFile:	  342520 kB
===========================
===========================
        TOTAL   205708   101896    43756        0    69717    54034    15682
===========================
else:  
===========================
MemTotal:        5578140 kB
MemFree:          707672 kB
MemAvailable:    2684848 kB
Cached:          2148100 kB
SwapCached:            0 kB
===========================
pgfault 14721290
pgmajfault 16918
pswpin 0
pswpout 0
Starting: Intent { cmp=com.rovio.baba/com.unity3d.player.UnityPlayerActivity }
Status: ok
LaunchState: COLD
Activity: com.rovio.baba/com.unity3d.player.UnityPlayerActivity
TotalTime: 430
WaitTime: 430
Complete
end
		total        used        free      shared     buffers
Mem:             5447        5391          55          13           6
-/+ buffers/cache:           5385          62
Swap:            2047           0        2047
pgfault 15028917
pgmajfault 17650
pswpin 0
pswpout 2
===========================
RssAnon:	   74664 kB
===========================
===========================
RssFile:	  302492 kB
===========================
===========================
        TOTAL   152902    65348    32400        0    66640    48130    18509
===========================
else:  
===========================
MemTotal:        5578140 kB
MemFree:           72608 kB
MemAvailable:    2213944 kB
Cached:          2309440 kB
SwapCached:            0 kB
===========================
Starting: Intent { cmp=com.google.android.gm/.ConversationListActivityGmail }
Status: ok
LaunchState: COLD
Activity: com.google.android.gm/.ConversationListActivityGmail
TotalTime: 840
WaitTime: 841
Complete
end
		total        used        free      shared     buffers
Mem:             5447        5358          88          14           6
-/+ buffers/cache:           5352          95
Swap:            2047          17        2030
===========================
RssAnon:	   71448 kB
===========================
===========================
RssFile:	  301724 kB
===========================
===========================
        TOTAL   149565    62716    32220        0    66348    47976    18371
===========================
else:  
===========================
MemTotal:        5578140 kB
MemFree:           83300 kB
MemAvailable:    2076360 kB
Cached:          2162088 kB
SwapCached:          172 kB
===========================
Starting: Intent { cmp=com.instagram.android/.activity.MainTabActivity }
Status: ok
LaunchState: COLD
Activity: com.instagram.android/com.instagram.mainactivity.MainActivity
TotalTime: 974
WaitTime: 975
Complete
end
		total        used        free      shared     buffers
Mem:             5447        5346         100          14           6
-/+ buffers/cache:           5340         106
Swap:            2047          30        2017
===========================
RssAnon:	   74488 kB
===========================
===========================
RssFile:	  313656 kB
===========================
===========================
        TOTAL   193295    96640    41860        0    66769    50951    15817
===========================
else:  
===========================
MemTotal:        5578140 kB
MemFree:           76892 kB
MemAvailable:    1960652 kB
Cached:          2051072 kB
SwapCached:          424 kB
===========================
Starting: Intent { cmp=com.supercell.clashroyale/com.supercell.titan.GameApp }
Status: ok
LaunchState: COLD
Activity: com.supercell.clashroyale/com.supercell.titan.GameApp
TotalTime: 716
WaitTime: 717
Complete
end
		total        used        free      shared     buffers
Mem:             5447        5370          76          14           2
-/+ buffers/cache:           5368          79
Swap:            2047         144        1903
===========================
RssAnon:	   76368 kB
===========================
===========================
RssFile:	  301752 kB
===========================
===========================
        TOTAL   190270    99496    35448        1    66297    50287    16009
===========================
else: 1595660 143916
===========================
MemTotal:        5578140 kB
MemFree:           80824 kB
MemAvailable:    1673904 kB
Cached:          1776180 kB
SwapCached:          572 kB
===========================
