1339         com.google.android.gms.persistent
  		total        used        free      shared     buffers
Mem:             5447        4623         823           3           0
-/+ buffers/cache:           4622         824
Swap:          307199           0      307199
Starting: Intent { cmp=com.google.android.apps.maps/com.google.android.maps.MapsActivity }
Status: ok
LaunchState: UNKNOWN (-1)
Activity: com.google.android.apps.maps/com.google.android.maps.MapsActivity
WaitTime: 911
Complete
end
		total        used        free      shared     buffers
Mem:             5447        5251         195           8           2
-/+ buffers/cache:           5249         198
Swap:          307199           0      307199
===========================
RssAnon:	   75836 kB
===========================
===========================
RssFile:	  325988 kB
===========================
===========================
        TOTAL   162902    64376    38708        0    69116    50368    18747
===========================
else:  
===========================
MemTotal:        5578140 kB
MemFree:          177396 kB
MemAvailable:    1281840 kB
Cached:          1292780 kB
SwapCached:            0 kB
===========================
Starting: Intent { cmp=com.google.android.youtube/com.google.android.apps.youtube.app.WatchWhileActivity }
Status: ok
LaunchState: COLD
Activity: com.google.android.youtube/com.google.android.apps.youtube.app.WatchWhileActivity
TotalTime: 988
WaitTime: 989
Complete
end
		total        used        free      shared     buffers
Mem:             5447        5347          99           8           4
-/+ buffers/cache:           5343         103
Swap:          307199           0      307199
===========================
RssAnon:	   75068 kB
===========================
===========================
RssFile:	  323348 kB
===========================
===========================
        TOTAL   161827    64484    38428        0    66481    49975    16505
===========================
else:  
===========================
MemTotal:        5578140 kB
MemFree:          106780 kB
MemAvailable:    1297816 kB
Cached:          1375996 kB
SwapCached:            0 kB
===========================
Starting: Intent { cmp=com.king.candycrushsaga/.CandyCrushSagaActivity }
Status: ok
LaunchState: COLD
Activity: com.king.candycrushsaga/.CandyCrushSagaActivity
TotalTime: 629
WaitTime: 630
Complete
end
		total        used        free      shared     buffers
Mem:             5447        5338         108           9           4
-/+ buffers/cache:           5334         112
Swap:          307199          61      307138
===========================
RssAnon:	   75588 kB
===========================
===========================
RssFile:	  311892 kB
===========================
===========================
        TOTAL   195930    96112    41168        4    66754    50199    16554
===========================
else:  
===========================
MemTotal:        5578140 kB
MemFree:           88120 kB
MemAvailable:    1080860 kB
Cached:          1180536 kB
SwapCached:        11276 kB
===========================
Starting: Intent { cmp=com.android.chrome/com.google.android.apps.chrome.Main }
Status: ok
LaunchState: WARM
Activity: com.android.chrome/com.google.android.apps.chrome.Main
TotalTime: 426
WaitTime: 427
Complete
end
		total        used        free      shared     buffers
Mem:             5447        5350          96          27           0
-/+ buffers/cache:           5350          97
Swap:          307199         119      307080
===========================
RssAnon:	   77052 kB
===========================
===========================
RssFile:	  273208 kB
===========================
===========================
        TOTAL   180862    98772    27816        4    69826    53245    16580
===========================
else:  
===========================
MemTotal:        5578140 kB
MemFree:           97620 kB
MemAvailable:     790552 kB
Cached:           903668 kB
SwapCached:         7352 kB
===========================
Starting: Intent { cmp=com.twitter.android/com.twitter.app.main.MainActivity }
Status: ok
LaunchState: COLD
Activity: com.twitter.android/com.twitter.app.main.MainActivity
TotalTime: 1112
WaitTime: 1113
Complete
end
		total        used        free      shared     buffers
Mem:             5447        5358          88          13           0
-/+ buffers/cache:           5357          89
Swap:          307199         136      307063
===========================
RssAnon:	   74808 kB
===========================
===========================
RssFile:	  264668 kB
===========================
===========================
        TOTAL   137644    64808    18204        4    68607    50763    17843
===========================
else:  
===========================
MemTotal:        5578140 kB
MemFree:          121660 kB
MemAvailable:     785152 kB
Cached:           859016 kB
SwapCached:         1676 kB
===========================
pgfault 10980093
pgmajfault 18396
pswpin 511
pswpout 35418
Starting: Intent { cmp=com.rovio.baba/com.unity3d.player.UnityPlayerActivity }
Status: ok
LaunchState: COLD
Activity: com.rovio.baba/com.unity3d.player.UnityPlayerActivity
TotalTime: 537
WaitTime: 538
Complete
end
		total        used        free      shared     buffers
Mem:             5447        5389          57          13           0
-/+ buffers/cache:           5389          58
Swap:          307199         408      306791
pgfault 11321143
pgmajfault 25234
pswpin 1334
pswpout 104983
===========================
RssAnon:	   61424 kB
===========================
===========================
RssFile:	  230764 kB
===========================
===========================
        TOTAL   133522    53220    16964    13559    65049    48207    16841
===========================
else:  
===========================
MemTotal:        5578140 kB
MemFree:           63356 kB
MemAvailable:     452136 kB
Cached:           581876 kB
SwapCached:         4036 kB
===========================
Starting: Intent { cmp=com.google.android.gm/.ConversationListActivityGmail }
Status: ok
LaunchState: WARM
Activity: com.google.android.gm/.ConversationListActivityGmail
TotalTime: 1363
WaitTime: 1364
Complete
end
		total        used        free      shared     buffers
Mem:             5447        5387          59          13           0
-/+ buffers/cache:           5387          59
Swap:          307199         440      306759
===========================
RssAnon:	   56640 kB
===========================
===========================
RssFile:	  235532 kB
===========================
===========================
        TOTAL   131456    48324    18216    13631    66336    45678    20657
===========================
else:  
===========================
MemTotal:        5578140 kB
MemFree:           62452 kB
MemAvailable:     418300 kB
Cached:           553468 kB
SwapCached:        26828 kB
===========================
Starting: Intent { cmp=com.instagram.android/.activity.MainTabActivity }
Status: ok
LaunchState: COLD
Activity: com.instagram.android/com.instagram.mainactivity.MainActivity
TotalTime: 3106
WaitTime: 3106
Complete
end
		total        used        free      shared     buffers
Mem:             5447        5389          57           9           0
-/+ buffers/cache:           5389          58
Swap:          307199         541      306658
===========================
RssAnon:	   61316 kB
===========================
===========================
RssFile:	  234752 kB
===========================
===========================
        TOTAL   134505    54156    17344    12023    65611    47649    17961
===========================
else:  
===========================
MemTotal:        5578140 kB
MemFree:           64480 kB
MemAvailable:     365836 kB
Cached:           493024 kB
SwapCached:        30232 kB
===========================
Starting: Intent { cmp=com.supercell.clashroyale/com.supercell.titan.GameApp }
Status: ok
LaunchState: COLD
Activity: com.supercell.clashroyale/com.supercell.titan.GameApp
TotalTime: 1207
WaitTime: 1209
Complete
end
		total        used        free      shared     buffers
Mem:             5447        5420          26           7           0
-/+ buffers/cache:           5419          27
Swap:          307199         770      306429
===========================
RssAnon:	   61464 kB
===========================
===========================
RssFile:	  202624 kB
===========================
===========================
===========================
else: 3216642 476112
===========================
MemTotal:        5578140 kB
MemFree:           82200 kB
MemAvailable:     257268 kB
Cached:           364936 kB
SwapCached:        37640 kB
===========================
