1362           Battery stats reset.
		total        used        free      shared     buffers
Mem:             5479        4876         602           3           1
-/+ buffers/cache:           4875         603
Swap:          309247           0      309247
Filename				Type		Size	Used	Priority
/dev/block/zram0                        partition	2097148	0	-2
/dev/nbd0                               partition	314572796	0	-3
Starting: Intent { cmp=com.google.android.apps.maps/com.google.android.maps.MapsActivity }
Status: ok
LaunchState: UNKNOWN (-1)
Activity: com.google.android.apps.maps/com.google.android.maps.MapsActivity
WaitTime: 772
Complete
end
		total        used        free      shared     buffers
Mem:             5479        5295         184           8           1
-/+ buffers/cache:           5293         186
Swap:          309247           0      309247
Filename				Type		Size	Used	Priority
/dev/block/zram0                        partition	2097148	0	-2
/dev/nbd0                               partition	314572796	0	-3
===========================
RssAnon:	   74208 kB
===========================
RssFile:	  346712 kB
===========================
===========================
        TOTAL   178945    64372    53204        0    65055    50149    14905
===========================
MemTotal:        5610772 kB
MemFree:          197412 kB
MemAvailable:    1389624 kB
Cached:          1381428 kB
SwapCached:            0 kB
===========================
Starting: Intent { cmp=com.google.android.youtube/com.google.android.apps.youtube.app.WatchWhileActivity }
Status: ok
LaunchState: COLD
Activity: com.google.android.youtube/com.google.android.apps.youtube.app.WatchWhileActivity
TotalTime: 1068
WaitTime: 1068
Complete
end
		total        used        free      shared     buffers
Mem:             5479        5371         108           8           1
-/+ buffers/cache:           5369         109
Swap:          309247           0      309247
Filename				Type		Size	Used	Priority
/dev/block/zram0                        partition	2097148	256	-2
/dev/nbd0                               partition	314572796	0	-3
===========================
RssAnon:	   76580 kB
===========================
===========================
RssFile:	  305580 kB
===========================
===========================
        TOTAL   160189    66324    35824        0    65731    49387    16343
===========================
MemTotal:        5610772 kB
MemFree:           59240 kB
MemAvailable:    1339536 kB
Cached:          1468468 kB
SwapCached:            0 kB
===========================
Starting: Intent { cmp=com.king.candycrushsaga/.CandyCrushSagaActivity }
Status: ok
LaunchState: COLD
Activity: com.king.candycrushsaga/.CandyCrushSagaActivity
TotalTime: 617
WaitTime: 618
Complete
end
		total        used        free      shared     buffers
Mem:             5479        5407          72           8           2
-/+ buffers/cache:           5405          74
Swap:          309247         115      309132
Filename				Type		Size	Used	Priority
/dev/block/zram0                        partition	2097148	118528	-2
/dev/nbd0                               partition	314572796	0	-3
===========================
RssAnon:	   72132 kB
===========================
===========================
RssFile:	  302088 kB
===========================
===========================
        TOTAL   189581    95296    36276        2    67140    50981    16158
===========================
MemTotal:        5610772 kB
MemFree:           84096 kB
MemAvailable:     927044 kB
Cached:          1031548 kB
SwapCached:          652 kB
===========================
Starting: Intent { dat=http://m.naver.com/... cmp=com.android.chrome/com.google.android.apps.chrome.Main }
Status: ok
LaunchState: WARM
Activity: com.android.chrome/com.google.android.apps.chrome.Main
TotalTime: 402
WaitTime: 403
Complete
end
		total        used        free      shared     buffers
Mem:             5479        5421          58          25           0
-/+ buffers/cache:           5420          58
Swap:          309247         227      309020
Filename				Type		Size	Used	Priority
/dev/block/zram0                        partition	2097148	232448	-2
/dev/nbd0                               partition	314572796	0	-3
===========================
RssAnon:	   61828 kB
===========================
===========================
RssFile:	  266972 kB
===========================
===========================
        TOTAL   177513    87272    28792     8797    68003    52069    15933
===========================
MemTotal:        5610772 kB
MemFree:           61860 kB
MemAvailable:     652596 kB
Cached:           793244 kB
SwapCached:         4320 kB
===========================
Starting: Intent { cmp=com.twitter.android/com.twitter.app.main.MainActivity }
Status: ok
LaunchState: COLD
Activity: com.twitter.android/com.twitter.app.main.MainActivity
TotalTime: 970
WaitTime: 970
Complete
end
		total        used        free      shared     buffers
Mem:             5479        5353         126          16           0
-/+ buffers/cache:           5352         126
Swap:          309247         264      308983
Filename				Type		Size	Used	Priority
/dev/block/zram0                        partition	2097148	270592	-2
/dev/nbd0                               partition	314572796	0	-3
===========================
RssAnon:	   66092 kB
===========================
===========================
RssFile:	  257108 kB
===========================
===========================
        TOTAL   143448    60200    19324    10938    67016    51585    15430
===========================
MemTotal:        5610772 kB
MemFree:          156016 kB
MemAvailable:     663820 kB
Cached:           704020 kB
SwapCached:         7192 kB
===========================
pgfault 2682609
pgmajfault 22732
pswpin 2655
pswpout 67890
Starting: Intent { cmp=com.rovio.baba/com.unity3d.player.UnityPlayerActivity }
Status: ok
LaunchState: COLD
Activity: com.rovio.baba/com.unity3d.player.UnityPlayerActivity
TotalTime: 529
WaitTime: 531
Complete
end
		total        used        free      shared     buffers
Mem:             5479        5419          59          10           0
-/+ buffers/cache:           5419          60
Swap:          309247         794      308453
Filename				Type		Size	Used	Priority
/dev/block/zram0                        partition	2097148	813056	-2
/dev/nbd0                               partition	314572796	0	-3
pgfault 3028083
pgmajfault 36001
pswpin 9026
pswpout 208093
===========================
RssAnon:	   51276 kB
===========================
===========================
RssFile:	  228164 kB
===========================
===========================
        TOTAL   130058    46108    17324    17165    66307    47845    18461
===========================
MemTotal:        5610772 kB
MemFree:           61660 kB
MemAvailable:     399540 kB
Cached:           530792 kB
SwapCached:        20544 kB
===========================
Starting: Intent { cmp=com.google.android.gm/.ConversationListActivityGmail }
Status: ok
LaunchState: COLD
Activity: com.google.android.gm/.ConversationListActivityGmail
TotalTime: 1495
WaitTime: 1496
Complete
end
		total        used        free      shared     buffers
Mem:             5479        5422          56           8           0
-/+ buffers/cache:           5422          57
Swap:          309247        1080      308167
Filename				Type		Size	Used	Priority
/dev/block/zram0                        partition	2097148	1106440	-2
/dev/nbd0                               partition	314572796	912	-3
===========================
RssAnon:	   49748 kB
===========================
===========================
RssFile:	  232736 kB
===========================
===========================
        TOTAL   132016    45484    18676    17217    65012    48152    16859
===========================
MemTotal:        5610772 kB
MemFree:           76144 kB
MemAvailable:     430084 kB
Cached:           544796 kB
SwapCached:        48876 kB
===========================
Starting: Intent { cmp=com.instagram.android/.activity.MainTabActivity }
Status: ok
LaunchState: COLD
Activity: com.instagram.android/com.instagram.mainactivity.MainActivity
TotalTime: 1220
WaitTime: 1220
Complete
end
		total        used        free      shared     buffers
Mem:             5479        5390          88           5           0
-/+ buffers/cache:           5390          89
Swap:          309247        1207      308040
Filename				Type		Size	Used	Priority
/dev/block/zram0                        partition	2097148	1235216	-2
/dev/nbd0                               partition	314572796	952	-3
===========================
RssAnon:	   57128 kB
===========================
===========================
RssFile:	  235012 kB
===========================
===========================
        TOTAL   138572    53172    17512    16545    66012    49496    16515
===========================
MemTotal:        5610772 kB
MemFree:           73724 kB
MemAvailable:     372988 kB
Cached:           486100 kB
SwapCached:        49384 kB
===========================
Starting: Intent { cmp=com.supercell.clashroyale/com.supercell.titan.GameApp }
Status: ok
LaunchState: COLD
Activity: com.supercell.clashroyale/com.supercell.titan.GameApp
TotalTime: 879
WaitTime: 880
Complete
end
		total        used        free      shared     buffers
Mem:             5479        5381          98           2           0
-/+ buffers/cache:           5380          98
Swap:          309247        1735      307512
Filename				Type		Size	Used	Priority
/dev/block/zram0                        partition	2097148	1774632	-2
/dev/nbd0                               partition	314572796	2108	-3
===========================
RssAnon:	   27076 kB
===========================
===========================
RssFile:	  199328 kB
===========================
===========================
        TOTAL   127296    27200    17352    34062    63675    48422    15252
===========================
MemTotal:        5610772 kB
MemFree:           64708 kB
MemAvailable:     180884 kB
Cached:           300064 kB
SwapCached:        42612 kB
===========================
