1348           Battery stats reset.
		total        used        free      shared     buffers
Mem:             5479        2877        2602           3           6
-/+ buffers/cache:           2870        2608
Swap:            2047           0        2047
		total        used        free      shared     buffers
Mem:             5479        3485        1993           3           6
-/+ buffers/cache:           3479        1999
Swap:            2047           0        2047
===========================
RssAnon:	   69772 kB
===========================
RssFile:	  321308 kB
===========================
===========================
        TOTAL   157938    58088    39560        0    61253    47710    13542
===========================
MemTotal:        5610772 kB
MemFree:         1325360 kB
MemAvailable:    3708328 kB
Cached:          2537048 kB
SwapCached:            0 kB
===========================
		total        used        free      shared     buffers
Mem:             5479        4309        1169           4           6
-/+ buffers/cache:           4303        1175
Swap:            2047           0        2047
===========================
RssAnon:	   67644 kB
===========================
===========================
RssFile:	  319924 kB
===========================
===========================
        TOTAL   156015    57328    38924        0    63604    49463    14140
===========================
MemTotal:        5610772 kB
MemFree:         1215256 kB
MemAvailable:    3818156 kB
Cached:          2752212 kB
SwapCached:            0 kB
===========================
		total        used        free      shared     buffers
Mem:             5479        4227        1251           3           6
-/+ buffers/cache:           4220        1258
Swap:            2047           0        2047
===========================
RssAnon:	   72488 kB
===========================
===========================
RssFile:	  322528 kB
===========================
===========================
        TOTAL   161370    61584    38896        0    64374    48539    15834
===========================
MemTotal:        5610772 kB
MemFree:         1259172 kB
MemAvailable:    3890416 kB
Cached:          2779940 kB
SwapCached:            0 kB
===========================
		total        used        free      shared     buffers
Mem:             5479        4232        1246           3           6
-/+ buffers/cache:           4226        1253
Swap:            2047           0        2047
===========================
RssAnon:	   75608 kB
===========================
===========================
RssFile:	  322632 kB
===========================
===========================
        TOTAL   165042    64976    39000        0    64811    48954    15856
===========================
MemTotal:        5610772 kB
MemFree:         1252360 kB
MemAvailable:    3886652 kB
Cached:          2780976 kB
SwapCached:            0 kB
===========================
		total        used        free      shared     buffers
Mem:             5479        4307        1171           4           8
-/+ buffers/cache:           4298        1180
Swap:            2047           0        2047
===========================
RssAnon:	   72996 kB
===========================
===========================
RssFile:	  322632 kB
===========================
===========================
        TOTAL   162069    62852    38896        0    64004    48716    15287
===========================
MemTotal:        5610772 kB
MemFree:         1200216 kB
MemAvailable:    3836924 kB
Cached:          2783284 kB
SwapCached:            0 kB
===========================
		total        used        free      shared     buffers
Mem:             5479        4315        1163           4           8
-/+ buffers/cache:           4307        1171
Swap:            2047           0        2047
===========================
RssAnon:	   75632 kB
===========================
===========================
RssFile:	  322632 kB
===========================
===========================
        TOTAL   164989    65772    38896        0    63776    48370    15405
===========================
MemTotal:        5610772 kB
MemFree:         1181736 kB
MemAvailable:    3831764 kB
Cached:          2787312 kB
SwapCached:            0 kB
===========================
		total        used        free      shared     buffers
Mem:             5479        4333        1145           4           8
-/+ buffers/cache:           4325        1153
Swap:            2047           0        2047
===========================
RssAnon:	   77412 kB
===========================
===========================
RssFile:	  322696 kB
===========================
===========================
        TOTAL   166670    67632    38832        0    64587    49280    15306
===========================
MemTotal:        5610772 kB
MemFree:         1181608 kB
MemAvailable:    3832164 kB
Cached:          2787780 kB
SwapCached:            0 kB
===========================
		total        used        free      shared     buffers
Mem:             5479        4325        1153           4           8
-/+ buffers/cache:           4317        1162
Swap:            2047           0        2047
===========================
RssAnon:	   73864 kB
===========================
===========================
RssFile:	  322696 kB
===========================
===========================
        TOTAL   163106    63920    38832        0    64559    49012    15546
===========================
MemTotal:        5610772 kB
MemFree:         1182152 kB
MemAvailable:    3832768 kB
Cached:          2787892 kB
SwapCached:            0 kB
===========================
		total        used        free      shared     buffers
Mem:             5479        4325        1153           4           8
-/+ buffers/cache:           4316        1162
Swap:            2047           0        2047
===========================
RssAnon:	   73444 kB
===========================
===========================
RssFile:	  322696 kB
===========================
===========================
        TOTAL   162906    63720    38832        0    64548    48979    15568
===========================
MemTotal:        5610772 kB
MemFree:         1182020 kB
MemAvailable:    3833236 kB
Cached:          2788484 kB
SwapCached:            0 kB
===========================
