1348   7035  com.google.android.youtube
  7193  com.twitter.android
 6381  com.google.android.gm
8301  com.instagram.android
 Battery stats reset.
		total        used        free      shared     buffers
Mem:             5479        4378        1100           3           8
-/+ buffers/cache:           4370        1109
Swap:            2047           0        2047
		total        used        free      shared     buffers
Mem:             5479        4377        1101           3           8
-/+ buffers/cache:           4369        1110
Swap:            2047           0        2047
===========================
RssAnon:	   70832 kB
RssAnon:	   49136 kB
RssAnon:	   68300 kB
RssAnon:	   43532 kB
RssAnon:	   61256 kB
===========================
RssFile:	  322760 kB
===========================
===========================
        TOTAL   160336    61340    38728        0    62607    47552    15054
        TOTAL   148382    29520   114292        0    38541    26862    11678
        TOTAL   116020    48688    54880        0    32764    26136     6627
        TOTAL    63587    21920    36416        0    12787    10513     2273
        TOTAL    94799    41796    39928        0    30422    26010     4411
===========================
MemTotal:        5610772 kB
MemFree:         1130508 kB
MemAvailable:    3790828 kB
Cached:          2796896 kB
SwapCached:            0 kB
===========================
