1335         com.google.android.gms.persistent
  		total        used        free      shared     buffers
Mem:             5447        4566         880           3           0
-/+ buffers/cache:           4565         881
Swap:            2047           0        2047
Starting: Intent { cmp=com.google.android.apps.maps/com.google.android.maps.MapsActivity }
Status: ok
LaunchState: COLD
Activity: com.google.android.apps.maps/com.google.android.maps.MapsActivity
TotalTime: 1493
WaitTime: 1496
Complete
end
		total        used        free      shared     buffers
Mem:             5447        5114         333           8           1
-/+ buffers/cache:           5112         335
Swap:            2047           0        2047
===========================
RssAnon:	   77904 kB
===========================
===========================
RssFile:	  326056 kB
===========================
===========================
        TOTAL   166183    67916    38784        0    67732    50081    17650
===========================
else:  
===========================
MemTotal:        5578140 kB
MemFree:          374324 kB
MemAvailable:    1580200 kB
Cached:          1397764 kB
SwapCached:            0 kB
===========================
Starting: Intent { cmp=com.google.android.youtube/com.google.android.apps.youtube.app.WatchWhileActivity }
Status: ok
LaunchState: COLD
Activity: com.google.android.youtube/com.google.android.apps.youtube.app.WatchWhileActivity
TotalTime: 730
WaitTime: 730
Complete
end
		total        used        free      shared     buffers
Mem:             5447        5340         106           8           2
-/+ buffers/cache:           5338         108
Swap:            2047           0        2047
===========================
RssAnon:	   79468 kB
===========================
===========================
RssFile:	  339204 kB
===========================
===========================
        TOTAL   210012   104188    45896        0    70323    54209    16113
===========================
else:  
===========================
MemTotal:        5578140 kB
MemFree:          121860 kB
MemAvailable:    1484412 kB
Cached:          1551456 kB
SwapCached:            0 kB
===========================
Starting: Intent { cmp=com.king.candycrushsaga/.CandyCrushSagaActivity }
Status: ok
LaunchState: COLD
Activity: com.king.candycrushsaga/.CandyCrushSagaActivity
TotalTime: 582
WaitTime: 583
Complete
end
		total        used        free      shared     buffers
Mem:             5447        5385          61           9           4
-/+ buffers/cache:           5381          65
Swap:            2047          52        1995
===========================
RssAnon:	   76376 kB
===========================
===========================
RssFile:	  314640 kB
===========================
===========================
        TOTAL   199095    99252    41548        3    67411    51681    15729
===========================
else:  
===========================
MemTotal:        5578140 kB
MemFree:           60556 kB
MemAvailable:    1170368 kB
Cached:          1292132 kB
SwapCached:         1220 kB
===========================
Starting: Intent { cmp=com.android.chrome/com.google.android.apps.chrome.Main }
Status: ok
LaunchState: WARM
Activity: com.android.chrome/com.google.android.apps.chrome.Main
TotalTime: 305
WaitTime: 308
Complete
end
		total        used        free      shared     buffers
Mem:             5447        5363          83          26           0
-/+ buffers/cache:           5362          84
Swap:            2047         128        1919
===========================
RssAnon:	   74828 kB
===========================
===========================
RssFile:	  296936 kB
===========================
===========================
        TOTAL   188582    99464    31820        3    69001    52324    16676
===========================
else:  
===========================
MemTotal:        5578140 kB
MemFree:           87032 kB
MemAvailable:     933772 kB
Cached:          1054624 kB
SwapCached:         1988 kB
===========================
Starting: Intent { cmp=com.twitter.android/com.twitter.app.main.MainActivity }
Status: ok
LaunchState: COLD
Activity: com.twitter.android/com.twitter.app.main.MainActivity
TotalTime: 878
WaitTime: 879
Complete
end
		total        used        free      shared     buffers
Mem:             5447        5313         133          18           0
-/+ buffers/cache:           5313         134
Swap:            2047         146        1901
===========================
RssAnon:	   81056 kB
===========================
===========================
RssFile:	  273688 kB
===========================
===========================
        TOTAL   149605    72048    23724        3    67483    51486    15996
===========================
else:  
===========================
MemTotal:        5578140 kB
MemFree:          143516 kB
MemAvailable:     945180 kB
Cached:          1001928 kB
SwapCached:         2204 kB
===========================
pgfault 2779046
pgmajfault 17777
pswpin 842
pswpout 37362
Starting: Intent { cmp=com.rovio.baba/com.unity3d.player.UnityPlayerActivity }
Status: ok
LaunchState: COLD
Activity: com.rovio.baba/com.unity3d.player.UnityPlayerActivity
TotalTime: 477
WaitTime: 480
Complete
end
		total        used        free      shared     buffers
Mem:             5447        5385          62          18           0
-/+ buffers/cache:           5384          63
Swap:            2047         309        1738
pgfault 3097959
pgmajfault 21819
pswpin 1424
pswpout 79355
===========================
RssAnon:	   64572 kB
===========================
===========================
RssFile:	  241004 kB
===========================
===========================
        TOTAL   136522    58812    17092    10300    66391    47981    18409
===========================
else:  
===========================
MemTotal:        5578140 kB
MemFree:           78448 kB
MemAvailable:     568080 kB
Cached:           688064 kB
SwapCached:         3608 kB
===========================
Starting: Intent { cmp=com.google.android.gm/.ConversationListActivityGmail }
Status: ok
LaunchState: COLD
Activity: com.google.android.gm/.ConversationListActivityGmail
TotalTime: 1021
WaitTime: 1022
Complete
end
		total        used        free      shared     buffers
Mem:             5447        5375          72          17           0
-/+ buffers/cache:           5374          72
Swap:            2047         403        1644
===========================
RssAnon:	   57592 kB
===========================
===========================
RssFile:	  242376 kB
===========================
===========================
        TOTAL   133916    52068    20192    11326    65213    47133    18079
===========================
else:  
===========================
MemTotal:        5578140 kB
MemFree:           74252 kB
MemAvailable:     512744 kB
Cached:           635640 kB
SwapCached:         7528 kB
===========================
Starting: Intent { cmp=com.instagram.android/.activity.MainTabActivity }
Status: ok
LaunchState: COLD
Activity: com.instagram.android/com.instagram.mainactivity.MainActivity
TotalTime: 1129
WaitTime: 1131
Complete
end
		total        used        free      shared     buffers
Mem:             5447        5378          68          17           0
-/+ buffers/cache:           5378          69
Swap:            2047         471        1576
===========================
RssAnon:	   55056 kB
===========================
===========================
RssFile:	  242916 kB
===========================
===========================
        TOTAL   130887    49760    18792    11650    65697    48053    17643
===========================
else:  
===========================
MemTotal:        5578140 kB
MemFree:           64360 kB
MemAvailable:     447108 kB
Cached:           583700 kB
SwapCached:        11772 kB
===========================
Starting: Intent { cmp=com.supercell.clashroyale/com.supercell.titan.GameApp }
Status: ok
LaunchState: COLD
Activity: com.supercell.clashroyale/com.supercell.titan.GameApp
TotalTime: 809
WaitTime: 809
Complete
end
		total        used        free      shared     buffers
Mem:             5447        5377          69          10           0
-/+ buffers/cache:           5376          70
Swap:            2047         947        1100
===========================
RssAnon:	   55764 kB
===========================
===========================
RssFile:	  213756 kB
===========================
===========================
        TOTAL   172726    83672    26732    13487    65383    49856    15526
===========================
else: 3215750 558563
===========================
MemTotal:        5578140 kB
MemFree:           64204 kB
MemAvailable:     237644 kB
Cached:           366488 kB
SwapCached:        47340 kB
===========================
