1344         com.google.android.gms.persistent
  		total        used        free      shared     buffers
Mem:             5447        4654         793           3           0
-/+ buffers/cache:           4653         793
Swap:          307199           0      307199
Starting: Intent { cmp=com.google.android.apps.maps/com.google.android.maps.MapsActivity }
Status: ok
LaunchState: UNKNOWN (-1)
Activity: com.google.android.apps.maps/com.google.android.maps.MapsActivity
WaitTime: 785
Complete
end
		total        used        free      shared     buffers
Mem:             5447        5303         143           8           2
-/+ buffers/cache:           5301         146
Swap:          307199           0      307199
===========================
RssAnon:	   77768 kB
===========================
===========================
RssFile:	  325812 kB
===========================
===========================
        TOTAL   166099    67308    38488        0    68063    50184    17878
===========================
else:  
===========================
MemTotal:        5578140 kB
MemFree:          152004 kB
MemAvailable:    1291524 kB
Cached:          1329896 kB
SwapCached:            0 kB
===========================
Starting: Intent { cmp=com.google.android.youtube/com.google.android.apps.youtube.app.WatchWhileActivity }
Status: ok
LaunchState: COLD
Activity: com.google.android.youtube/com.google.android.apps.youtube.app.WatchWhileActivity
TotalTime: 1134
WaitTime: 1134
Complete
end
		total        used        free      shared     buffers
Mem:             5447        5359          87           8           4
-/+ buffers/cache:           5355          91
Swap:          307199           0      307199
===========================
RssAnon:	   74564 kB
===========================
===========================
RssFile:	  302416 kB
===========================
===========================
        TOTAL   156935    64256    34492        0    68921    49866    19054
===========================
else:  
===========================
MemTotal:        5578140 kB
MemFree:           92736 kB
MemAvailable:    1274712 kB
Cached:          1367228 kB
SwapCached:           36 kB
===========================
Starting: Intent { cmp=com.king.candycrushsaga/.CandyCrushSagaActivity }
Status: ok
LaunchState: COLD
Activity: com.king.candycrushsaga/.CandyCrushSagaActivity
TotalTime: 630
WaitTime: 631
Complete
end
		total        used        free      shared     buffers
Mem:             5447        5371          76           8           6
-/+ buffers/cache:           5365          82
Swap:          307199          17      307182
===========================
RssAnon:	   72232 kB
===========================
===========================
RssFile:	  311552 kB
===========================
===========================
        TOTAL   194815    93380    41372        0    66234    50531    15702
===========================
else:  
===========================
MemTotal:        5578140 kB
MemFree:           71696 kB
MemAvailable:    1139168 kB
Cached:          1250468 kB
SwapCached:           84 kB
===========================
Starting: Intent { cmp=com.android.chrome/com.google.android.apps.chrome.Main }
Status: ok
LaunchState: WARM
Activity: com.android.chrome/com.google.android.apps.chrome.Main
TotalTime: 284
WaitTime: 284
Complete
end
		total        used        free      shared     buffers
Mem:             5447        5389          58          26           2
-/+ buffers/cache:           5387          60
Swap:          307199          83      307116
===========================
RssAnon:	   72404 kB
===========================
===========================
RssFile:	  297912 kB
===========================
===========================
        TOTAL   188086    95056    33556        1    68755    53140    15614
===========================
else:  
===========================
MemTotal:        5578140 kB
MemFree:           68916 kB
MemAvailable:     868192 kB
Cached:          1005580 kB
SwapCached:        12392 kB
===========================
Starting: Intent { cmp=com.twitter.android/com.twitter.app.main.MainActivity }
Status: ok
LaunchState: COLD
Activity: com.twitter.android/com.twitter.app.main.MainActivity
TotalTime: 1021
WaitTime: 1021
Complete
end
		total        used        free      shared     buffers
Mem:             5447        5341         106          14           0
-/+ buffers/cache:           5340         106
Swap:          307199          95      307104
===========================
RssAnon:	   72736 kB
===========================
===========================
RssFile:	  278788 kB
===========================
===========================
        TOTAL   144316    63212    23888        1    67413    50566    16846
===========================
else:  
===========================
MemTotal:        5578140 kB
MemFree:          105044 kB
MemAvailable:     875824 kB
Cached:           966164 kB
SwapCached:         4396 kB
===========================
pgfault 10774523
pgmajfault 16494
pswpin 236
pswpout 24196
Starting: Intent { cmp=com.rovio.baba/com.unity3d.player.UnityPlayerActivity }
Status: ok
LaunchState: COLD
Activity: com.rovio.baba/com.unity3d.player.UnityPlayerActivity
TotalTime: 467
WaitTime: 468
Complete
end
		total        used        free      shared     buffers
Mem:             5447        5377          70          14           0
-/+ buffers/cache:           5376          71
Swap:          307199         233      306966
pgfault 11101833
pgmajfault 20097
pswpin 362
pswpout 59632
===========================
RssAnon:	   64464 kB
===========================
===========================
RssFile:	  213836 kB
===========================
===========================
        TOTAL   132936    57916    17140     8138    65361    48234    17126
===========================
else:  
===========================
MemTotal:        5578140 kB
MemFree:           69248 kB
MemAvailable:     482168 kB
Cached:           606880 kB
SwapCached:         2292 kB
===========================
Starting: Intent { cmp=com.google.android.gm/.ConversationListActivityGmail }
Status: ok
LaunchState: COLD
Activity: com.google.android.gm/.ConversationListActivityGmail
TotalTime: 2565
WaitTime: 2567
Complete
end
		total        used        free      shared     buffers
Mem:             5447        5388          58          15           0
-/+ buffers/cache:           5388          59
Swap:          307199         282      306917
===========================
RssAnon:	   59168 kB
===========================
===========================
RssFile:	  240436 kB
===========================
===========================
        TOTAL   131450    52536    18852     9118    64406    48795    15610
===========================
else:  
===========================
MemTotal:        5578140 kB
MemFree:           58720 kB
MemAvailable:     417496 kB
Cached:           552528 kB
SwapCached:         4600 kB
===========================
Starting: Intent { cmp=com.instagram.android/.activity.MainTabActivity }
Status: ok
LaunchState: COLD
Activity: com.instagram.android/com.instagram.mainactivity.MainActivity
TotalTime: 1803
WaitTime: 1805
Complete
end
		total        used        free      shared     buffers
Mem:             5447        5389          58          15           0
-/+ buffers/cache:           5388          58
Swap:          307199         399      306800
===========================
RssAnon:	   62540 kB
===========================
===========================
RssFile:	  236736 kB
===========================
===========================
        TOTAL   135729    55824    17800    11752    66062    50450    15611
===========================
else:  
===========================
MemTotal:        5578140 kB
MemFree:           71268 kB
MemAvailable:     354380 kB
Cached:           481056 kB
SwapCached:         7548 kB
===========================
Starting: Intent { cmp=com.supercell.clashroyale/com.supercell.titan.GameApp }
Status: ok
LaunchState: COLD
Activity: com.supercell.clashroyale/com.supercell.titan.GameApp
TotalTime: 826
WaitTime: 826
Complete
end
		total        used        free      shared     buffers
Mem:             5447        5383          63           8           0
-/+ buffers/cache:           5383          64
Swap:          307199         770      306429
===========================
RssAnon:	   61008 kB
===========================
===========================
RssFile:	  200216 kB
===========================
===========================
        TOTAL   133435    54692    16912    13254    66047    50147    15899
===========================
else: 3200186 425659
===========================
MemTotal:        5578140 kB
MemFree:           70212 kB
MemAvailable:     270816 kB
Cached:           386640 kB
SwapCached:         7040 kB
===========================
